Java HotSpot(TM) 64-Bit Server VM (25.171-b11) for windows-amd64 JRE (1.8.0_171-b11), built on Mar 28 2018 16:06:12 by "java_re" with MS VC++ 10.0 (VS2010)
Memory: 4k page, physical 16628416k(9554324k free), swap 19905216k(12933048k free)
CommandLine flags: -XX:InitialHeapSize=536870912 -XX:InitialTenuringThreshold=1 -XX:MaxHeapSize=629145600 -XX:MaxNewSize=1048576 -XX:MaxTenuringThreshold=1 -XX:NewSize=1048576 -XX:PretenureSizeThreshold=50 -XX:+PrintGC -XX:+PrintGCDetails -XX:+PrintGCTimeStamps -XX:+UseCompressedClassPointers -XX:+UseCompressedOops -XX:-UseLargePagesIndividualAllocation -XX:+UseSerialGC 
0.276: [GC (Allocation Failure) 0.276: [DefNew: 896K->63K(960K), 0.0020065 secs] 1093K->709K(524224K), 0.0021432 secs] [Times: user=0.00 sys=0.00, real=0.00 secs] 
0.344: [GC (Allocation Failure) 0.344: [DefNew: 959K->63K(960K), 0.0015160 secs] 1939K->1398K(524224K), 0.0015745 secs] [Times: user=0.01 sys=0.00, real=0.00 secs] 
0.350: [GC (Allocation Failure) 0.350: [DefNew: 959K->63K(960K), 0.0014201 secs] 2380K->2247K(524224K), 0.0014714 secs] [Times: user=0.00 sys=0.00, real=0.00 secs] 
0.353: [GC (Allocation Failure) 0.353: [DefNew: 959K->64K(960K), 0.0010183 secs] 3233K->2970K(524224K), 0.0010686 secs] [Times: user=0.00 sys=0.00, real=0.00 secs] 
0.357: [GC (Allocation Failure) 0.357: [DefNew: 960K->64K(960K), 0.0017709 secs] 3928K->3812K(524224K), 0.0018298 secs] [Times: user=0.00 sys=0.00, real=0.00 secs] 
0.361: [GC (Allocation Failure) 0.361: [DefNew: 960K->64K(960K), 0.0017935 secs] 4727K->4611K(524224K), 0.0018675 secs] [Times: user=0.05 sys=0.00, real=0.00 secs] 
0.373: [GC (Allocation Failure) 0.373: [DefNew: 960K->63K(960K), 0.0018924 secs] 5598K->5467K(524224K), 0.0019521 secs] [Times: user=0.00 sys=0.00, real=0.00 secs] 
0.377: [GC (Allocation Failure) 0.377: [DefNew: 959K->64K(960K), 0.0016266 secs] 6377K->6162K(524224K), 0.0016878 secs] [Times: user=0.00 sys=0.00, real=0.00 secs] 
0.381: [GC (Allocation Failure) 0.381: [DefNew: 960K->64K(960K), 0.0017931 secs] 7112K->6946K(524224K), 0.0018656 secs] [Times: user=0.00 sys=0.00, real=0.00 secs] 
0.386: [GC (Allocation Failure) 0.386: [DefNew: 960K->64K(960K), 0.0022466 secs] 7848K->7676K(524224K), 0.0023399 secs] [Times: user=0.00 sys=0.00, real=0.00 secs] 
0.394: [GC (Allocation Failure) 0.394: [DefNew: 960K->63K(960K), 0.0024671 secs] 8705K->8588K(524224K), 0.0025366 secs] [Times: user=0.00 sys=0.00, real=0.00 secs] 
0.398: [GC (Allocation Failure) 0.398: [DefNew: 959K->63K(960K), 0.0016625 secs] 9511K->9262K(524224K), 0.0017271 secs] [Times: user=0.00 sys=0.00, real=0.00 secs] 
0.402: [GC (Allocation Failure) 0.402: [DefNew: 959K->63K(960K), 0.0021756 secs] 10158K->10072K(524224K), 0.0022360 secs] [Times: user=0.00 sys=0.00, real=0.00 secs] 
0.406: [GC (Allocation Failure) 0.406: [DefNew: 959K->64K(960K), 0.0021118 secs] 10968K->10898K(524224K), 0.0021805 secs] [Times: user=0.02 sys=0.00, real=0.00 secs] 
0.412: [GC (Allocation Failure) 0.412: [DefNew: 960K->64K(960K), 0.0018199 secs] 11804K->11653K(524224K), 0.0018770 secs] [Times: user=0.00 sys=0.00, real=0.00 secs] 
0.416: [GC (Allocation Failure) 0.416: [DefNew: 960K->64K(960K), 0.0019540 secs] 12554K->12418K(524224K), 0.0020246 secs] [Times: user=0.00 sys=0.00, real=0.00 secs] 
0.421: [GC (Allocation Failure) 0.421: [DefNew: 960K->63K(960K), 0.0023202 secs] 13328K->13147K(524224K), 0.0023965 secs] [Times: user=0.00 sys=0.02, real=0.00 secs] 
0.425: [GC (Allocation Failure) 0.425: [DefNew: 959K->63K(960K), 0.0021749 secs] 14065K->13883K(524224K), 0.0022477 secs] [Times: user=0.00 sys=0.00, real=0.00 secs] 
0.430: [GC (Allocation Failure) 0.430: [DefNew: 959K->63K(960K), 0.0021783 secs] 14795K->14558K(524224K), 0.0022451 secs] [Times: user=0.00 sys=0.00, real=0.00 secs] 
0.434: [GC (Allocation Failure) 0.434: [DefNew: 959K->64K(960K), 0.0014945 secs] 15473K->15138K(524224K), 0.0015587 secs] [Times: user=0.00 sys=0.00, real=0.00 secs] 
0.443: [GC (Allocation Failure) 0.443: [DefNew: 960K->63K(960K), 0.0035999 secs] 16326K->16146K(524224K), 0.0036682 secs] [Times: user=0.00 sys=0.00, real=0.00 secs] 
0.449: [GC (Allocation Failure) 0.449: [DefNew: 959K->63K(960K), 0.0033031 secs] 17069K->16922K(524224K), 0.0033827 secs] [Times: user=0.00 sys=0.00, real=0.00 secs] 
0.455: [GC (Allocation Failure) 0.455: [DefNew: 959K->64K(960K), 0.0021892 secs] 17835K->17722K(524224K), 0.0022662 secs] [Times: user=0.00 sys=0.00, real=0.00 secs] 
0.460: [GC (Allocation Failure) 0.460: [DefNew: 960K->63K(960K), 0.0021715 secs] 18656K->18482K(524224K), 0.0022413 secs] [Times: user=0.00 sys=0.00, real=0.00 secs] 
0.464: [GC (Allocation Failure) 0.464: [DefNew: 959K->63K(960K), 0.0023795 secs] 19410K->19256K(524224K), 0.0024528 secs] [Times: user=0.00 sys=0.00, real=0.00 secs] 
0.482: [GC (Allocation Failure) 0.482: [DefNew: 959K->63K(960K), 0.0022866 secs] 20193K->20002K(524224K), 0.0023538 secs] [Times: user=0.00 sys=0.00, real=0.00 secs] 
0.485: [GC (Allocation Failure) 0.485: [DefNew: 959K->63K(960K), 0.0023301 secs] 20936K->20752K(524224K), 0.0024041 secs] [Times: user=0.02 sys=0.00, real=0.00 secs] 
0.491: [GC (Allocation Failure) 0.491: [DefNew: 959K->63K(960K), 0.0035379 secs] 21684K->21500K(524224K), 0.0036067 secs] [Times: user=0.00 sys=0.00, real=0.00 secs] 
0.497: [GC (Allocation Failure) 0.497: [DefNew: 959K->63K(960K), 0.0023595 secs] 22417K->22296K(524224K), 0.0024316 secs] [Times: user=0.00 sys=0.00, real=0.00 secs] 
0.501: [GC (Allocation Failure) 0.501: [DefNew: 959K->64K(960K), 0.0023625 secs] 23227K->23051K(524224K), 0.0024358 secs] [Times: user=0.01 sys=0.00, real=0.00 secs] 
0.506: [GC (Allocation Failure) 0.506: [DefNew: 960K->63K(960K), 0.0027156 secs] 23979K->23818K(524224K), 0.0027779 secs] [Times: user=0.00 sys=0.00, real=0.00 secs] 
0.510: [GC (Allocation Failure) 0.510: [DefNew: 959K->63K(960K), 0.0023176 secs] 24727K->24523K(524224K), 0.0023924 secs] [Times: user=0.00 sys=0.00, real=0.00 secs] 
0.516: [GC (Allocation Failure) 0.516: [DefNew: 959K->64K(960K), 0.0029251 secs] 25427K->25374K(524224K), 0.0030029 secs] [Times: user=0.02 sys=0.00, real=0.00 secs] 
0.521: [GC (Allocation Failure) 0.521: [DefNew: 960K->64K(960K), 0.0027926 secs] 26290K->26149K(524224K), 0.0028711 secs] [Times: user=0.00 sys=0.00, real=0.00 secs] 
0.526: [GC (Allocation Failure) 0.526: [DefNew: 960K->63K(960K), 0.0024365 secs] 27070K->26913K(524224K), 0.0025034 secs] [Times: user=0.00 sys=0.00, real=0.00 secs] 
0.531: [GC (Allocation Failure) 0.531: [DefNew: 959K->63K(960K), 0.0037634 secs] 27832K->27698K(524224K), 0.0038543 secs] [Times: user=0.02 sys=0.00, real=0.00 secs] 
0.538: [GC (Allocation Failure) 0.538: [DefNew: 959K->63K(960K), 0.0025687 secs] 28610K->28501K(524224K), 0.0026306 secs] [Times: user=0.00 sys=0.00, real=0.00 secs] 
0.542: [GC (Allocation Failure) 0.542: [DefNew: 959K->63K(960K), 0.0025026 secs] 29418K->29277K(524224K), 0.0025676 secs] [Times: user=0.00 sys=0.00, real=0.00 secs] 
0.550: [GC (Allocation Failure) 0.550: [DefNew: 959K->63K(960K), 0.0035968 secs] 30704K->30593K(524224K), 0.0036769 secs] [Times: user=0.00 sys=0.00, real=0.00 secs] 
0.556: [GC (Allocation Failure) 0.556: [DefNew: 959K->64K(960K), 0.0024584 secs] 31526K->31341K(524224K), 0.0025200 secs] [Times: user=0.00 sys=0.00, real=0.00 secs] 
0.560: [GC (Allocation Failure) 0.560: [DefNew: 960K->64K(960K), 0.0025321 secs] 32256K->31958K(524224K), 0.0025827 secs] [Times: user=0.00 sys=0.00, real=0.00 secs] 
0.565: [GC (Allocation Failure) 0.565: [DefNew: 960K->63K(960K), 0.0014348 secs] 32856K->32354K(524224K), 0.0014854 secs] [Times: user=0.00 sys=0.00, real=0.00 secs] 
0.567: [GC (Allocation Failure) 0.567: [DefNew: 959K->64K(960K), 0.0010346 secs] 33250K->32575K(524224K), 0.0010678 secs] [Times: user=0.00 sys=0.00, real=0.00 secs] 
0.570: [GC (Allocation Failure) 0.570: [DefNew: 960K->64K(960K), 0.0008835 secs] 33471K->32847K(524224K), 0.0009217 secs] [Times: user=0.00 sys=0.00, real=0.00 secs] 
0.572: [GC (Allocation Failure) 0.572: [DefNew: 960K->64K(960K), 0.0015764 secs] 33743K->33208K(524224K), 0.0016323 secs] [Times: user=0.00 sys=0.00, real=0.00 secs] 
0.576: [GC (Allocation Failure) 0.576: [DefNew: 960K->63K(960K), 0.0014386 secs] 34104K->33635K(524224K), 0.0015126 secs] [Times: user=0.00 sys=0.00, real=0.00 secs] 
0.579: [GC (Allocation Failure) 0.579: [DefNew: 959K->64K(960K), 0.0010478 secs] 34532K->33859K(524224K), 0.0010825 secs] [Times: user=0.02 sys=0.00, real=0.00 secs] 
0.581: [GC (Allocation Failure) 0.581: [DefNew: 960K->63K(960K), 0.0011180 secs] 34756K->34199K(524224K), 0.0011592 secs] [Times: user=0.00 sys=0.00, real=0.00 secs] 
0.585: [GC (Allocation Failure) 0.585: [DefNew: 959K->63K(960K), 0.0019332 secs] 35097K->34579K(524224K), 0.0019902 secs] [Times: user=0.00 sys=0.00, real=0.00 secs] 
0.588: [GC (Allocation Failure) 0.588: [DefNew: 959K->64K(960K), 0.0015088 secs] 35476K->34927K(524224K), 0.0015700 secs] [Times: user=0.00 sys=0.00, real=0.00 secs] 
0.592: [GC (Allocation Failure) 0.592: [DefNew: 960K->64K(960K), 0.0013597 secs] 35823K->35342K(524224K), 0.0014167 secs] [Times: user=0.00 sys=0.00, real=0.00 secs] 
0.594: [GC (Allocation Failure) 0.594: [DefNew: 960K->63K(960K), 0.0010334 secs] 36239K->35574K(524224K), 0.0010754 secs] [Times: user=0.02 sys=0.00, real=0.00 secs] 
0.598: [GC (Allocation Failure) 0.598: [DefNew: 959K->63K(960K), 0.0014020 secs] 36470K->35900K(524224K), 0.0014488 secs] [Times: user=0.00 sys=0.00, real=0.00 secs] 
0.601: [GC (Allocation Failure) 0.601: [DefNew: 959K->64K(960K), 0.0012211 secs] 36797K->36149K(524224K), 0.0012732 secs] [Times: user=0.00 sys=0.00, real=0.00 secs] 
0.604: [GC (Allocation Failure) 0.604: [DefNew: 960K->63K(960K), 0.0012785 secs] 37046K->36574K(524224K), 0.0013223 secs] [Times: user=0.00 sys=0.00, real=0.00 secs] 
0.607: [GC (Allocation Failure) 0.607: [DefNew: 959K->63K(960K), 0.0017123 secs] 37471K->36958K(524224K), 0.0017671 secs] [Times: user=0.00 sys=0.00, real=0.00 secs] 
0.610: [GC (Allocation Failure) 0.610: [DefNew: 959K->63K(960K), 0.0015420 secs] 37854K->37349K(524224K), 0.0015889 secs] [Times: user=0.01 sys=0.00, real=0.00 secs] 
0.614: [GC (Allocation Failure) 0.614: [DefNew: 959K->64K(960K), 0.0012966 secs] 38245K->37598K(524224K), 0.0013351 secs] [Times: user=0.00 sys=0.00, real=0.00 secs] 
0.616: [GC (Allocation Failure) 0.616: [DefNew: 960K->64K(960K), 0.0009704 secs] 38495K->37836K(524224K), 0.0010078 secs] [Times: user=0.00 sys=0.00, real=0.00 secs] 
0.619: [GC (Allocation Failure) 0.619: [DefNew: 960K->63K(960K), 0.0009979 secs] 38733K->38108K(524224K), 0.0010353 secs] [Times: user=0.00 sys=0.00, real=0.00 secs] 
0.621: [GC (Allocation Failure) 0.621: [DefNew: 959K->63K(960K), 0.0009708 secs] 39004K->38338K(524224K), 0.0010059 secs] [Times: user=0.00 sys=0.00, real=0.00 secs] 
0.624: [GC (Allocation Failure) 0.624: [DefNew: 959K->63K(960K), 0.0016410 secs] 39234K->38763K(524224K), 0.0016987 secs] [Times: user=0.00 sys=0.00, real=0.00 secs] 
0.628: [GC (Allocation Failure) 0.628: [DefNew: 959K->63K(960K), 0.0019434 secs] 39660K->39193K(524224K), 0.0019978 secs] [Times: user=0.00 sys=0.00, real=0.00 secs] 
0.632: [GC (Allocation Failure) 0.632: [DefNew: 959K->64K(960K), 0.0017527 secs] 40090K->39501K(524224K), 0.0018052 secs] [Times: user=0.00 sys=0.00, real=0.00 secs] 
0.636: [GC (Allocation Failure) 0.636: [DefNew: 960K->64K(960K), 0.0019642 secs] 40397K->39865K(524224K), 0.0020303 secs] [Times: user=0.00 sys=0.00, real=0.00 secs] 
0.639: [GC (Allocation Failure) 0.639: [DefNew: 960K->63K(960K), 0.0011520 secs] 40762K->40189K(524224K), 0.0011988 secs] [Times: user=0.00 sys=0.00, real=0.00 secs] 
0.642: [GC (Allocation Failure) 0.642: [DefNew: 959K->64K(960K), 0.0012585 secs] 41086K->40451K(524224K), 0.0013061 secs] [Times: user=0.01 sys=0.00, real=0.00 secs] 
0.645: [GC (Allocation Failure) 0.645: [DefNew: 960K->63K(960K), 0.0014971 secs] 41349K->40880K(524224K), 0.0015462 secs] [Times: user=0.00 sys=0.00, real=0.00 secs] 
0.648: [GC (Allocation Failure) 0.648: [DefNew: 959K->64K(960K), 0.0014548 secs] 41777K->41298K(524224K), 0.0014982 secs] [Times: user=0.00 sys=0.00, real=0.00 secs] 
0.651: [GC (Allocation Failure) 0.651: [DefNew: 960K->63K(960K), 0.0019842 secs] 42196K->41656K(524224K), 0.0020337 secs] [Times: user=0.00 sys=0.00, real=0.00 secs] 
0.655: [GC (Allocation Failure) 0.655: [DefNew: 959K->63K(960K), 0.0014291 secs] 42568K->42097K(524224K), 0.0014775 secs] [Times: user=0.00 sys=0.00, real=0.00 secs] 
0.659: [GC (Allocation Failure) 0.659: [DefNew: 959K->64K(960K), 0.0013563 secs] 43013K->42375K(524224K), 0.0014133 secs] [Times: user=0.00 sys=0.00, real=0.00 secs] 
0.661: [GC (Allocation Failure) 0.661: [DefNew: 960K->63K(960K), 0.0011456 secs] 43301K->42639K(524224K), 0.0011935 secs] [Times: user=0.00 sys=0.00, real=0.00 secs] 
0.664: [GC (Allocation Failure) 0.664: [DefNew: 959K->64K(960K), 0.0011429 secs] 43567K->42912K(524224K), 0.0011947 secs] [Times: user=0.00 sys=0.00, real=0.00 secs] 
0.667: [GC (Allocation Failure) 0.667: [DefNew: 960K->63K(960K), 0.0014669 secs] 43823K->43227K(524224K), 0.0015334 secs] [Times: user=0.00 sys=0.00, real=0.00 secs] 
0.670: [GC (Allocation Failure) 0.670: [DefNew: 959K->63K(960K), 0.0015681 secs] 44137K->43558K(524224K), 0.0016357 secs] [Times: user=0.00 sys=0.00, real=0.00 secs] 
0.674: [GC (Allocation Failure) 0.674: [DefNew: 959K->63K(960K), 0.0015439 secs] 44468K->43885K(524224K), 0.0016093 secs] [Times: user=0.00 sys=0.00, real=0.00 secs] 
0.677: [GC (Allocation Failure) 0.677: [DefNew: 959K->64K(960K), 0.0015420 secs] 44799K->44215K(524224K), 0.0016070 secs] [Times: user=0.00 sys=0.00, real=0.00 secs] 
0.681: [GC (Allocation Failure) 0.681: [DefNew: 960K->64K(960K), 0.0016043 secs] 45131K->44538K(524224K), 0.0016610 secs] [Times: user=0.00 sys=0.00, real=0.00 secs] 
0.684: [GC (Allocation Failure) 0.685: [DefNew: 960K->63K(960K), 0.0016810 secs] 45448K->44879K(524224K), 0.0017365 secs] [Times: user=0.00 sys=0.00, real=0.00 secs] 
0.688: [GC (Allocation Failure) 0.688: [DefNew: 959K->63K(960K), 0.0016285 secs] 45789K->45222K(524224K), 0.0016991 secs] [Times: user=0.02 sys=0.00, real=0.00 secs] 
0.692: [GC (Allocation Failure) 0.692: [DefNew: 959K->63K(960K), 0.0015994 secs] 46134K->45552K(524224K), 0.0016723 secs] [Times: user=0.00 sys=0.00, real=0.00 secs] 
0.695: [GC (Allocation Failure) 0.695: [DefNew: 959K->63K(960K), 0.0016130 secs] 46458K->45908K(524224K), 0.0016817 secs] [Times: user=0.00 sys=0.00, real=0.00 secs] 
0.699: [GC (Allocation Failure) 0.699: [DefNew: 959K->64K(960K), 0.0011950 secs] 46817K->46250K(524224K), 0.0012422 secs] [Times: user=0.00 sys=0.00, real=0.00 secs] 
0.702: [GC (Allocation Failure) 0.702: [DefNew: 960K->64K(960K), 0.0017195 secs] 47154K->46607K(524224K), 0.0018041 secs] [Times: user=0.00 sys=0.00, real=0.00 secs] 
0.706: [GC (Allocation Failure) 0.706: [DefNew: 960K->64K(960K), 0.0014805 secs] 47514K->46923K(524224K), 0.0015432 secs] [Times: user=0.00 sys=0.00, real=0.00 secs] 
0.709: [GC (Allocation Failure) 0.709: [DefNew: 960K->64K(960K), 0.0014839 secs] 47830K->47248K(524224K), 0.0015334 secs] [Times: user=0.00 sys=0.00, real=0.00 secs] 
0.712: [GC (Allocation Failure) 0.712: [DefNew: 960K->64K(960K), 0.0015787 secs] 48167K->47559K(524224K), 0.0016361 secs] [Times: user=0.00 sys=0.00, real=0.00 secs] 
0.715: [GC (Allocation Failure) 0.715: [DefNew: 960K->63K(960K), 0.0017293 secs] 48465K->47911K(524224K), 0.0017799 secs] [Times: user=0.00 sys=0.00, real=0.00 secs] 
0.719: [GC (Allocation Failure) 0.719: [DefNew: 959K->63K(960K), 0.0010897 secs] 48842K->48175K(524224K), 0.0011278 secs] [Times: user=0.02 sys=0.00, real=0.00 secs] 
0.721: [GC (Allocation Failure) 0.721: [DefNew: 959K->63K(960K), 0.0014110 secs] 49104K->48457K(524224K), 0.0014711 secs] [Times: user=0.00 sys=0.00, real=0.00 secs] 
0.725: [GC (Allocation Failure) 0.725: [DefNew: 959K->63K(960K), 0.0015043 secs] 49366K->48797K(524224K), 0.0015756 secs] [Times: user=0.00 sys=0.00, real=0.00 secs] 
0.728: [GC (Allocation Failure) 0.728: [DefNew: 959K->63K(960K), 0.0015553 secs] 49723K->49096K(524224K), 0.0016266 secs] [Times: user=0.00 sys=0.00, real=0.00 secs] 
0.735: [GC (Allocation Failure) 0.735: [DefNew: 959K->64K(960K), 0.0016972 secs] 50005K->49445K(524224K), 0.0017633 secs] [Times: user=0.02 sys=0.00, real=0.00 secs] 
0.739: [GC (Allocation Failure) 0.739: [DefNew: 960K->63K(960K), 0.0016810 secs] 50356K->49787K(524224K), 0.0018086 secs] [Times: user=0.00 sys=0.00, real=0.00 secs] 
0.742: [GC (Allocation Failure) 0.742: [DefNew: 959K->63K(960K), 0.0016598 secs] 50697K->50128K(524224K), 0.0017172 secs] [Times: user=0.00 sys=0.00, real=0.00 secs] 
0.746: [GC (Allocation Failure) 0.746: [DefNew: 959K->63K(960K), 0.0013589 secs] 51054K->50433K(524224K), 0.0014148 secs] [Times: user=0.00 sys=0.00, real=0.00 secs] 
0.749: [GC (Allocation Failure) 0.749: [DefNew: 959K->64K(960K), 0.0010920 secs] 51360K->50739K(524224K), 0.0011271 secs] [Times: user=0.00 sys=0.00, real=0.00 secs] 
0.752: [GC (Allocation Failure) 0.752: [DefNew: 960K->64K(960K), 0.0014514 secs] 51648K->51097K(524224K), 0.0015020 secs] [Times: user=0.00 sys=0.00, real=0.00 secs] 
0.755: [GC (Allocation Failure) 0.755: [DefNew: 960K->63K(960K), 0.0017297 secs] 52022K->51402K(524224K), 0.0017954 secs] [Times: user=0.00 sys=0.00, real=0.00 secs] 
0.758: [GC (Allocation Failure) 0.758: [DefNew: 959K->63K(960K), 0.0011920 secs] 52318K->51724K(524224K), 0.0012336 secs] [Times: user=0.00 sys=0.00, real=0.00 secs] 
0.762: [GC (Allocation Failure) 0.762: [DefNew: 959K->63K(960K), 0.0012438 secs] 52644K->52054K(524224K), 0.0012894 secs] [Times: user=0.00 sys=0.00, real=0.00 secs] 
0.764: [GC (Allocation Failure) 0.764: [DefNew: 959K->63K(960K), 0.0015462 secs] 52959K->52421K(524224K), 0.0015945 secs] [Times: user=0.00 sys=0.00, real=0.00 secs] 
0.768: [GC (Allocation Failure) 0.768: [DefNew: 959K->64K(960K), 0.0016002 secs] 53338K->52722K(524224K), 0.0016583 secs] [Times: user=0.00 sys=0.00, real=0.00 secs] 
0.772: [GC (Allocation Failure) 0.772: [DefNew: 960K->63K(960K), 0.0014967 secs] 53642K->53013K(524224K), 0.0015534 secs] [Times: user=0.00 sys=0.00, real=0.00 secs] 
0.774: [GC (Allocation Failure) 0.774: [DefNew: 959K->64K(960K), 0.0015194 secs] 53932K->53364K(524224K), 0.0015666 secs] [Times: user=0.00 sys=0.00, real=0.00 secs] 
0.778: [GC (Allocation Failure) 0.778: [DefNew: 960K->63K(960K), 0.0015224 secs] 54293K->53661K(524224K), 0.0015745 secs] [Times: user=0.00 sys=0.00, real=0.00 secs] 
0.781: [GC (Allocation Failure) 0.781: [DefNew: 959K->63K(960K), 0.0014586 secs] 54587K->53960K(524224K), 0.0015183 secs] [Times: user=0.02 sys=0.00, real=0.00 secs] 
0.784: [GC (Allocation Failure) 0.784: [DefNew: 959K->63K(960K), 0.0016580 secs] 54865K->54323K(524224K), 0.0017123 secs] [Times: user=0.00 sys=0.00, real=0.00 secs] 
0.788: [GC (Allocation Failure) 0.788: [DefNew: 959K->63K(960K), 0.0012366 secs] 55248K->54625K(524224K), 0.0012876 secs] [Times: user=0.00 sys=0.00, real=0.00 secs] 
0.791: [GC (Allocation Failure) 0.791: [DefNew: 959K->64K(960K), 0.0017373 secs] 55531K->54980K(524224K), 0.0017996 secs] [Times: user=0.00 sys=0.00, real=0.00 secs] 
0.795: [GC (Allocation Failure) 0.796: [DefNew: 960K->63K(960K), 0.0018181 secs] 55884K->55331K(524224K), 0.0018902 secs] [Times: user=0.00 sys=0.00, real=0.00 secs] 
0.798: [GC (Allocation Failure) 0.798: [DefNew: 959K->64K(960K), 0.0019374 secs] 56234K->55690K(524224K), 0.0020004 secs] [Times: user=0.00 sys=0.00, real=0.00 secs] 
0.807: [GC (Allocation Failure) 0.807: [DefNew: 960K->63K(960K), 0.0022413 secs] 56595K->56078K(524224K), 0.0023146 secs] [Times: user=0.00 sys=0.00, real=0.00 secs] 
0.811: [GC (Allocation Failure) 0.811: [DefNew: 959K->64K(960K), 0.0025947 secs] 56988K->56599K(524224K), 0.0026635 secs] [Times: user=0.00 sys=0.01, real=0.00 secs] 
0.815: [GC (Allocation Failure) 0.815: [DefNew: 960K->64K(960K), 0.0017195 secs] 57518K->56967K(524224K), 0.0017743 secs] [Times: user=0.00 sys=0.00, real=0.00 secs] 
0.819: [GC (Allocation Failure) 0.819: [DefNew: 960K->63K(960K), 0.0017467 secs] 57866K->57329K(524224K), 0.0018101 secs] [Times: user=0.00 sys=0.00, real=0.00 secs] 
0.827: [GC (Allocation Failure) 0.827: [DefNew: 959K->63K(960K), 0.0017301 secs] 58228K->57670K(524224K), 0.0017905 secs] [Times: user=0.00 sys=0.00, real=0.00 secs] 
0.831: [GC (Allocation Failure) 0.831: [DefNew: 959K->63K(960K), 0.0024214 secs] 58573K->58097K(524224K), 0.0025309 secs] [Times: user=0.00 sys=0.00, real=0.00 secs] 
0.839: [GC (Allocation Failure) 0.839: [DefNew: 959K->64K(960K), 0.0046695 secs] 60024K->59456K(524224K), 0.0047303 secs] [Times: user=0.00 sys=0.00, real=0.01 secs] 
0.845: [GC (Allocation Failure) 0.845: [DefNew: 960K->63K(960K), 0.0019162 secs] 60356K->59808K(524224K), 0.0019751 secs] [Times: user=0.02 sys=0.00, real=0.00 secs] 
0.849: [GC (Allocation Failure) 0.849: [DefNew: 959K->64K(960K), 0.0015141 secs] 60716K->60100K(524224K), 0.0015681 secs] [Times: user=0.00 sys=0.00, real=0.00 secs] 
0.852: [GC (Allocation Failure) 0.852: [DefNew: 960K->63K(960K), 0.0016644 secs] 61004K->60422K(524224K), 0.0017271 secs] [Times: user=0.00 sys=0.00, real=0.00 secs] 
0.856: [GC (Allocation Failure) 0.856: [DefNew: 959K->63K(960K), 0.0015024 secs] 61323K->60777K(524224K), 0.0015624 secs] [Times: user=0.00 sys=0.00, real=0.00 secs] 
0.858: [GC (Allocation Failure) 0.858: [DefNew: 959K->63K(960K), 0.0022477 secs] 61674K->61127K(524224K), 0.0023214 secs] [Times: user=0.00 sys=0.00, real=0.00 secs] 
0.863: [GC (Allocation Failure) 0.863: [DefNew: 959K->63K(960K), 0.0015016 secs] 62027K->61410K(524224K), 0.0015507 secs] [Times: user=0.00 sys=0.00, real=0.00 secs] 
0.867: [GC (Allocation Failure) 0.867: [DefNew: 959K->63K(960K), 0.0017863 secs] 62308K->61714K(524224K), 0.0018437 secs] [Times: user=0.00 sys=0.00, real=0.00 secs] 
0.870: [GC (Allocation Failure) 0.870: [DefNew: 959K->63K(960K), 0.0021462 secs] 62611K->62070K(524224K), 0.0022145 secs] [Times: user=0.00 sys=0.00, real=0.00 secs] 
0.875: [GC (Allocation Failure) 0.875: [DefNew: 959K->64K(960K), 0.0014805 secs] 62968K->62401K(524224K), 0.0015375 secs] [Times: user=0.00 sys=0.00, real=0.00 secs] 
0.877: [GC (Allocation Failure) 0.877: [DefNew: 960K->63K(960K), 0.0013483 secs] 63310K->62625K(524224K), 0.0013959 secs] [Times: user=0.00 sys=0.00, real=0.00 secs] 
0.881: [GC (Allocation Failure) 0.881: [DefNew: 959K->64K(960K), 0.0016300 secs] 63523K->62954K(524224K), 0.0016840 secs] [Times: user=0.00 sys=0.00, real=0.00 secs] 
0.885: [GC (Allocation Failure) 0.885: [DefNew: 960K->64K(960K), 0.0020786 secs] 63850K->63299K(524224K), 0.0021356 secs] [Times: user=0.00 sys=0.00, real=0.00 secs] 
0.888: [GC (Allocation Failure) 0.888: [DefNew: 960K->63K(960K), 0.0016417 secs] 64196K->63589K(524224K), 0.0017014 secs] [Times: user=0.00 sys=0.00, real=0.00 secs] 
0.892: [GC (Allocation Failure) 0.892: [DefNew: 959K->64K(960K), 0.0019559 secs] 64486K->63935K(524224K), 0.0020095 secs] [Times: user=0.01 sys=0.00, real=0.00 secs] 
0.895: [GC (Allocation Failure) 0.895: [DefNew: 960K->64K(960K), 0.0012747 secs] 64842K->64192K(524224K), 0.0013283 secs] [Times: user=0.00 sys=0.00, real=0.00 secs] 
0.898: [GC (Allocation Failure) 0.898: [DefNew: 960K->64K(960K), 0.0014869 secs] 65094K->64497K(524224K), 0.0015417 secs] [Times: user=0.00 sys=0.00, real=0.00 secs] 
0.901: [GC (Allocation Failure) 0.901: [DefNew: 960K->63K(960K), 0.0016398 secs] 65394K->64858K(524224K), 0.0016919 secs] [Times: user=0.00 sys=0.00, real=0.00 secs] 
0.905: [GC (Allocation Failure) 0.905: [DefNew: 959K->63K(960K), 0.0015201 secs] 65767K->65137K(524224K), 0.0015738 secs] [Times: user=0.00 sys=0.00, real=0.00 secs] 
0.909: [GC (Allocation Failure) 0.909: [DefNew: 959K->64K(960K), 0.0015228 secs] 66039K->65466K(524224K), 0.0015787 secs] [Times: user=0.00 sys=0.00, real=0.00 secs] 
0.912: [GC (Allocation Failure) 0.912: [DefNew: 960K->63K(960K), 0.0014488 secs] 66378K->65728K(524224K), 0.0014986 secs] [Times: user=0.00 sys=0.00, real=0.00 secs] 
0.915: [GC (Allocation Failure) 0.915: [DefNew: 959K->63K(960K), 0.0016183 secs] 66631K->66032K(524224K), 0.0016700 secs] [Times: user=0.00 sys=0.00, real=0.00 secs] 
0.918: [GC (Allocation Failure) 0.918: [DefNew: 959K->64K(960K), 0.0016353 secs] 66933K->66398K(524224K), 0.0016878 secs] [Times: user=0.00 sys=0.00, real=0.00 secs] 
0.922: [GC (Allocation Failure) 0.922: [DefNew: 960K->63K(960K), 0.0017546 secs] 67305K->66727K(524224K), 0.0018128 secs] [Times: user=0.02 sys=0.00, real=0.00 secs] 
0.926: [GC (Allocation Failure) 0.926: [DefNew: 959K->64K(960K), 0.0016870 secs] 67630K->67051K(524224K), 0.0017482 secs] [Times: user=0.00 sys=0.00, real=0.00 secs] 
0.929: [GC (Allocation Failure) 0.929: [DefNew: 960K->64K(960K), 0.0021107 secs] 67950K->67383K(524224K), 0.0021658 secs] [Times: user=0.00 sys=0.00, real=0.00 secs] 
0.934: [GC (Allocation Failure) 0.934: [DefNew: 960K->63K(960K), 0.0011237 secs] 68295K->67634K(524224K), 0.0011716 secs] [Times: user=0.00 sys=0.00, real=0.00 secs] 
0.936: [GC (Allocation Failure) 0.936: [DefNew: 959K->64K(960K), 0.0010153 secs] 68562K->67887K(524224K), 0.0010516 secs] [Times: user=0.00 sys=0.00, real=0.00 secs] 
0.939: [GC (Allocation Failure) 0.939: [DefNew: 960K->63K(960K), 0.0013295 secs] 68809K->68159K(524224K), 0.0013835 secs] [Times: user=0.01 sys=0.00, real=0.00 secs] 
0.942: [GC (Allocation Failure) 0.942: [DefNew: 959K->63K(960K), 0.0018067 secs] 69078K->68452K(524224K), 0.0018747 secs] [Times: user=0.00 sys=0.00, real=0.00 secs] 
0.945: [GC (Allocation Failure) 0.945: [DefNew: 959K->63K(960K), 0.0017252 secs] 69355K->68796K(524224K), 0.0017977 secs] [Times: user=0.00 sys=0.00, real=0.00 secs] 
0.949: [GC (Allocation Failure) 0.949: [DefNew: 959K->63K(960K), 0.0018588 secs] 69699K->69113K(524224K), 0.0019208 secs] [Times: user=0.00 sys=0.00, real=0.00 secs] 
0.952: [GC (Allocation Failure) 0.952: [DefNew: 959K->63K(960K), 0.0012128 secs] 70020K->69405K(524224K), 0.0012585 secs] [Times: user=0.00 sys=0.00, real=0.00 secs] 
0.956: [GC (Allocation Failure) 0.956: [DefNew: 959K->64K(960K), 0.0012030 secs] 70320K->69707K(524224K), 0.0012528 secs] [Times: user=0.00 sys=0.00, real=0.00 secs] 
0.959: [GC (Allocation Failure) 0.959: [DefNew: 960K->63K(960K), 0.0016542 secs] 70636K->69982K(524224K), 0.0017082 secs] [Times: user=0.00 sys=0.00, real=0.00 secs] 
0.962: [GC (Allocation Failure) 0.962: [DefNew: 959K->63K(960K), 0.0010599 secs] 70917K->70249K(524224K), 0.0011040 secs] [Times: user=0.00 sys=0.00, real=0.00 secs] 
0.965: [GC (Allocation Failure) 0.965: [DefNew: 959K->64K(960K), 0.0010304 secs] 71192K->70506K(524224K), 0.0010716 secs] [Times: user=0.00 sys=0.00, real=0.00 secs] 
0.968: [GC (Allocation Failure) 0.968: [DefNew: 960K->63K(960K), 0.0019608 secs] 71420K->70830K(524224K), 0.0020159 secs] [Times: user=0.00 sys=0.02, real=0.00 secs] 
0.971: [GC (Allocation Failure) 0.971: [DefNew: 959K->63K(960K), 0.0018003 secs] 71770K->71093K(524224K), 0.0018766 secs] [Times: user=0.00 sys=0.00, real=0.00 secs] 
0.978: [GC (Allocation Failure) 0.978: [DefNew: 959K->63K(960K), 0.0018475 secs] 72008K->71420K(524224K), 0.0019083 secs] [Times: user=0.00 sys=0.00, real=0.00 secs] 
0.982: [GC (Allocation Failure) 0.982: [DefNew: 959K->63K(960K), 0.0017844 secs] 72350K->71714K(524224K), 0.0018403 secs] [Times: user=0.00 sys=0.00, real=0.00 secs] 
0.986: [GC (Allocation Failure) 0.986: [DefNew: 959K->63K(960K), 0.0011176 secs] 72654K->71991K(524224K), 0.0011573 secs] [Times: user=0.00 sys=0.00, real=0.00 secs] 
0.989: [GC (Allocation Failure) 0.989: [DefNew: 959K->63K(960K), 0.0011924 secs] 72922K->72288K(524224K), 0.0012438 secs] [Times: user=0.00 sys=0.00, real=0.00 secs] 
0.991: [GC (Allocation Failure) 0.991: [DefNew: 959K->64K(960K), 0.0014322 secs] 73231K->72553K(524224K), 0.0014786 secs] [Times: user=0.00 sys=0.00, real=0.00 secs] 
0.995: [GC (Allocation Failure) 0.995: [DefNew: 960K->63K(960K), 0.0014371 secs] 73485K->72848K(524224K), 0.0015016 secs] [Times: user=0.00 sys=0.00, real=0.00 secs] 
0.998: [GC (Allocation Failure) 0.998: [DefNew: 959K->63K(960K), 0.0014333 secs] 73775K->73155K(524224K), 0.0014979 secs] [Times: user=0.00 sys=0.00, real=0.00 secs] 
1.001: [GC (Allocation Failure) 1.001: [DefNew: 959K->63K(960K), 0.0018067 secs] 74056K->73548K(524224K), 0.0018679 secs] [Times: user=0.02 sys=0.00, real=0.00 secs] 
1.005: [GC (Allocation Failure) 1.005: [DefNew: 959K->64K(960K), 0.0012857 secs] 74456K->73858K(524224K), 0.0013427 secs] [Times: user=0.00 sys=0.00, real=0.00 secs] 
1.007: [GC (Allocation Failure) 1.007: [DefNew: 960K->64K(960K), 0.0019664 secs] 74759K->74210K(524224K), 0.0020287 secs] [Times: user=0.00 sys=0.00, real=0.00 secs] 
1.011: [GC (Allocation Failure) 1.011: [DefNew: 960K->63K(960K), 0.0013442 secs] 75132K->74465K(524224K), 0.0014008 secs] [Times: user=0.00 sys=0.00, real=0.00 secs] 
1.015: [GC (Allocation Failure) 1.015: [DefNew: 959K->64K(960K), 0.0012237 secs] 75384K->74776K(524224K), 0.0012774 secs] [Times: user=0.00 sys=0.00, real=0.00 secs] 
1.017: [GC (Allocation Failure) 1.017: [DefNew: 960K->63K(960K), 0.0011935 secs] 75700K->75064K(524224K), 0.0012381 secs] [Times: user=0.00 sys=0.00, real=0.00 secs] 
1.021: [GC (Allocation Failure) 1.021: [DefNew: 959K->63K(960K), 0.0014027 secs] 75968K->75416K(524224K), 0.0014597 secs] [Times: user=0.00 sys=0.00, real=0.00 secs] 
1.023: [GC (Allocation Failure) 1.023: [DefNew: 959K->64K(960K), 0.0011543 secs] 76349K->75676K(524224K), 0.0011943 secs] [Times: user=0.00 sys=0.00, real=0.00 secs] 
1.026: [GC (Allocation Failure) 1.026: [DefNew: 960K->64K(960K), 0.0011588 secs] 76611K->75951K(524224K), 0.0012064 secs] [Times: user=0.00 sys=0.00, real=0.00 secs] 
1.030: [GC (Allocation Failure) 1.030: [DefNew: 960K->64K(960K), 0.0011309 secs] 76883K->76241K(524224K), 0.0011735 secs] [Times: user=0.00 sys=0.00, real=0.00 secs] 
1.032: [GC (Allocation Failure) 1.032: [DefNew: 960K->63K(960K), 0.0012404 secs] 77160K->76556K(524224K), 0.0012955 secs] [Times: user=0.02 sys=0.00, real=0.00 secs] 
1.036: [GC (Allocation Failure) 1.036: [DefNew: 959K->63K(960K), 0.0018543 secs] 77488K->76843K(524224K), 0.0019381 secs] [Times: user=0.00 sys=0.00, real=0.00 secs] 
1.039: [GC (Allocation Failure) 1.039: [DefNew: 959K->63K(960K), 0.0016946 secs] 77762K->77171K(524224K), 0.0017425 secs] [Times: user=0.00 sys=0.00, real=0.00 secs] 
1.043: [GC (Allocation Failure) 1.043: [DefNew: 959K->64K(960K), 0.0012860 secs] 78115K->77435K(524224K), 0.0013476 secs] [Times: user=0.00 sys=0.00, real=0.00 secs] 
1.046: [GC (Allocation Failure) 1.046: [DefNew: 960K->63K(960K), 0.0011082 secs] 78370K->77710K(524224K), 0.0011554 secs] [Times: user=0.00 sys=0.00, real=0.00 secs] 
1.049: [GC (Allocation Failure) 1.049: [DefNew: 959K->63K(960K), 0.0018449 secs] 78637K->78017K(524224K), 0.0019045 secs] [Times: user=0.00 sys=0.00, real=0.00 secs] 
1.054: [GC (Allocation Failure) 1.054: [DefNew: 959K->64K(960K), 0.0018003 secs] 78935K->78361K(524224K), 0.0018653 secs] [Times: user=0.00 sys=0.00, real=0.00 secs] 
1.057: [GC (Allocation Failure) 1.058: [DefNew: 960K->64K(960K), 0.0012702 secs] 79279K->78683K(524224K), 0.0013223 secs] [Times: user=0.00 sys=0.00, real=0.00 secs] 
1.060: [GC (Allocation Failure) 1.060: [DefNew: 960K->63K(960K), 0.0015515 secs] 79584K->79052K(524224K), 0.0016153 secs] [Times: user=0.00 sys=0.00, real=0.00 secs] 
1.063: [GC (Allocation Failure) 1.064: [DefNew: 959K->63K(960K), 0.0013264 secs] 79960K->79371K(524224K), 0.0013838 secs] [Times: user=0.02 sys=0.00, real=0.00 secs] 
1.067: [GC (Allocation Failure) 1.067: [DefNew: 959K->63K(960K), 0.0015534 secs] 80307K->79626K(524224K), 0.0016198 secs] [Times: user=0.00 sys=0.00, real=0.00 secs] 
1.070: [GC (Allocation Failure) 1.070: [DefNew: 959K->64K(960K), 0.0019192 secs] 80542K->79932K(524224K), 0.0019891 secs] [Times: user=0.00 sys=0.00, real=0.00 secs] 
1.074: [GC (Allocation Failure) 1.074: [DefNew: 960K->64K(960K), 0.0013891 secs] 80839K->80300K(524224K), 0.0014518 secs] [Times: user=0.00 sys=0.00, real=0.00 secs] 
1.076: [GC (Allocation Failure) 1.076: [DefNew: 960K->64K(960K), 0.0018045 secs] 81208K->80693K(524224K), 0.0018645 secs] [Times: user=0.00 sys=0.00, real=0.00 secs] 
1.080: [GC (Allocation Failure) 1.080: [DefNew: 960K->63K(960K), 0.0012985 secs] 81621K->80998K(524224K), 0.0013446 secs] [Times: user=0.00 sys=0.00, real=0.00 secs] 
1.083: [GC (Allocation Failure) 1.083: [DefNew: 959K->63K(960K), 0.0016995 secs] 81899K->81378K(524224K), 0.0017663 secs] [Times: user=0.00 sys=0.00, real=0.00 secs] 
1.087: [GC (Allocation Failure) 1.087: [DefNew: 959K->63K(960K), 0.0014144 secs] 82285K->81704K(524224K), 0.0014669 secs] [Times: user=0.00 sys=0.00, real=0.00 secs] 
1.091: [GC (Allocation Failure) 1.091: [DefNew: 959K->64K(960K), 0.0016210 secs] 82621K->82007K(524224K), 0.0016863 secs] [Times: user=0.00 sys=0.00, real=0.00 secs] 
1.094: [GC (Allocation Failure) 1.094: [DefNew: 960K->63K(960K), 0.0011365 secs] 82938K->82276K(524224K), 0.0011833 secs] [Times: user=0.00 sys=0.00, real=0.00 secs] 
1.097: [GC (Allocation Failure) 1.097: [DefNew: 959K->64K(960K), 0.0017584 secs] 83210K->82594K(524224K), 0.0018233 secs] [Times: user=0.00 sys=0.00, real=0.00 secs] 
1.101: [GC (Allocation Failure) 1.101: [DefNew: 960K->63K(960K), 0.0013872 secs] 83509K->82925K(524224K), 0.0014420 secs] [Times: user=0.00 sys=0.00, real=0.00 secs] 
1.103: [GC (Allocation Failure) 1.103: [DefNew: 959K->63K(960K), 0.0013978 secs] 83865K->83196K(524224K), 0.0014412 secs] [Times: user=0.00 sys=0.00, real=0.00 secs] 
1.107: [GC (Allocation Failure) 1.107: [DefNew: 959K->63K(960K), 0.0012573 secs] 84133K->83471K(524224K), 0.0013076 secs] [Times: user=0.00 sys=0.00, real=0.00 secs] 
1.109: [GC (Allocation Failure) 1.109: [DefNew: 959K->63K(960K), 0.0010965 secs] 84411K->83740K(524224K), 0.0011403 secs] [Times: user=0.00 sys=0.00, real=0.00 secs] 
1.112: [GC (Allocation Failure) 1.112: [DefNew: 959K->63K(960K), 0.0014004 secs] 84666K->84035K(524224K), 0.0014575 secs] [Times: user=0.00 sys=0.00, real=0.00 secs] 
1.116: [GC (Allocation Failure) 1.116: [DefNew: 959K->64K(960K), 0.0016187 secs] 84974K->84321K(524224K), 0.0016750 secs] [Times: user=0.00 sys=0.00, real=0.00 secs] 
1.119: [GC (Allocation Failure) 1.119: [DefNew: 960K->63K(960K), 0.0016206 secs] 85236K->84645K(524224K), 0.0016708 secs] [Times: user=0.00 sys=0.00, real=0.00 secs] 
1.123: [GC (Allocation Failure) 1.123: [DefNew: 959K->64K(960K), 0.0017595 secs] 85556K->84989K(524224K), 0.0018128 secs] [Times: user=0.00 sys=0.00, real=0.00 secs] 
1.127: [GC (Allocation Failure) 1.127: [DefNew: 960K->64K(960K), 0.0015768 secs] 85901K->85318K(524224K), 0.0016289 secs] [Times: user=0.00 sys=0.00, real=0.00 secs] 
1.129: [GC (Allocation Failure) 1.129: [DefNew: 960K->63K(960K), 0.0021129 secs] 86229K->85673K(524224K), 0.0021745 secs] [Times: user=0.00 sys=0.00, real=0.00 secs] 
1.134: [GC (Allocation Failure) 1.134: [DefNew: 959K->64K(960K), 0.0018686 secs] 86583K->86033K(524224K), 0.0019325 secs] [Times: user=0.00 sys=0.00, real=0.00 secs] 
1.138: [GC (Allocation Failure) 1.138: [DefNew: 960K->63K(960K), 0.0018241 secs] 86938K->86375K(524224K), 0.0018973 secs] [Times: user=0.00 sys=0.00, real=0.00 secs] 
1.142: [GC (Allocation Failure) 1.142: [DefNew: 959K->63K(960K), 0.0017727 secs] 87284K->86694K(524224K), 0.0018392 secs] [Times: user=0.02 sys=0.00, real=0.00 secs] 
1.146: [GC (Allocation Failure) 1.146: [DefNew: 959K->64K(960K), 0.0018041 secs] 87601K->87036K(524224K), 0.0018781 secs] [Times: user=0.00 sys=0.00, real=0.00 secs] 
1.149: [GC (Allocation Failure) 1.149: [DefNew: 960K->63K(960K), 0.0015288 secs] 87956K->87326K(524224K), 0.0015896 secs] [Times: user=0.00 sys=0.00, real=0.00 secs] 
1.153: [GC (Allocation Failure) 1.153: [DefNew: 959K->63K(960K), 0.0016999 secs] 88238K->87636K(524224K), 0.0017701 secs] [Times: user=0.00 sys=0.00, real=0.00 secs] 
1.156: [GC (Allocation Failure) 1.156: [DefNew: 959K->63K(960K), 0.0016878 secs] 88542K->87951K(524224K), 0.0017659 secs] [Times: user=0.02 sys=0.00, real=0.00 secs] 
1.160: [GC (Allocation Failure) 1.160: [DefNew: 959K->64K(960K), 0.0017637 secs] 88853K->88293K(524224K), 0.0018328 secs] [Times: user=0.00 sys=0.00, real=0.00 secs] 
1.163: [GC (Allocation Failure) 1.163: [DefNew: 960K->63K(960K), 0.0016606 secs] 89196K->88603K(524224K), 0.0017308 secs] [Times: user=0.00 sys=0.00, real=0.00 secs] 
1.167: [GC (Allocation Failure) 1.167: [DefNew: 959K->64K(960K), 0.0016293 secs] 89506K->88920K(524224K), 0.0016972 secs] [Times: user=0.00 sys=0.00, real=0.00 secs] 
1.171: [GC (Allocation Failure) 1.171: [DefNew: 960K->63K(960K), 0.0014318 secs] 89823K->89228K(524224K), 0.0014911 secs] [Times: user=0.00 sys=0.00, real=0.00 secs] 
1.173: [GC (Allocation Failure) 1.173: [DefNew: 959K->63K(960K), 0.0015432 secs] 90139K->89533K(524224K), 0.0015975 secs] [Times: user=0.00 sys=0.00, real=0.00 secs] 
1.177: [GC (Allocation Failure) 1.177: [DefNew: 959K->64K(960K), 0.0013521 secs] 90436K->89864K(524224K), 0.0013982 secs] [Times: user=0.00 sys=0.00, real=0.00 secs] 
1.179: [GC (Allocation Failure) 1.179: [DefNew: 960K->64K(960K), 0.0011192 secs] 90785K->90114K(524224K), 0.0011592 secs] [Times: user=0.00 sys=0.00, real=0.00 secs] 
1.182: [GC (Allocation Failure) 1.182: [DefNew: 960K->63K(960K), 0.0011101 secs] 91043K->90371K(524224K), 0.0011524 secs] [Times: user=0.00 sys=0.00, real=0.00 secs] 
1.186: [GC (Allocation Failure) 1.186: [DefNew: 959K->63K(960K), 0.0013695 secs] 91299K->90641K(524224K), 0.0014223 secs] [Times: user=0.00 sys=0.00, real=0.00 secs] 
1.188: [GC (Allocation Failure) 1.189: [DefNew: 959K->63K(960K), 0.0015938 secs] 91558K->90945K(524224K), 0.0016455 secs] [Times: user=0.01 sys=0.00, real=0.00 secs] 
1.192: [GC (Allocation Failure) 1.192: [DefNew: 959K->64K(960K), 0.0015806 secs] 91854K->91282K(524224K), 0.0016345 secs] [Times: user=0.00 sys=0.00, real=0.00 secs] 
1.196: [GC (Allocation Failure) 1.196: [DefNew: 960K->64K(960K), 0.0017040 secs] 92211K->91571K(524224K), 0.0017618 secs] [Times: user=0.00 sys=0.00, real=0.00 secs] 
1.199: [GC (Allocation Failure) 1.199: [DefNew: 960K->63K(960K), 0.0012003 secs] 92510K->91847K(524224K), 0.0012528 secs] [Times: user=0.00 sys=0.00, real=0.00 secs] 
1.202: [GC (Allocation Failure) 1.202: [DefNew: 959K->64K(960K), 0.0013676 secs] 92781K->92131K(524224K), 0.0014190 secs] [Times: user=0.00 sys=0.00, real=0.00 secs] 
1.205: [GC (Allocation Failure) 1.205: [DefNew: 960K->64K(960K), 0.0014801 secs] 93052K->92459K(524224K), 0.0015254 secs] [Times: user=0.00 sys=0.00, real=0.00 secs] 
1.208: [GC (Allocation Failure) 1.208: [DefNew: 960K->63K(960K), 0.0011796 secs] 93395K->92732K(524224K), 0.0012215 secs] [Times: user=0.00 sys=0.00, real=0.00 secs] 
1.212: [GC (Allocation Failure) 1.212: [DefNew: 959K->63K(960K), 0.0011905 secs] 93659K->93038K(524224K), 0.0012354 secs] [Times: user=0.00 sys=0.00, real=0.00 secs] 
1.215: [GC (Allocation Failure) 1.215: [DefNew: 959K->63K(960K), 0.0018637 secs] 93945K->93405K(524224K), 0.0019192 secs] [Times: user=0.00 sys=0.00, real=0.00 secs] 
1.218: [GC (Allocation Failure) 1.219: [DefNew: 959K->63K(960K), 0.0013453 secs] 94322K->93722K(524224K), 0.0013933 secs] [Times: user=0.00 sys=0.00, real=0.00 secs] 
1.221: [GC (Allocation Failure) 1.221: [DefNew: 959K->63K(960K), 0.0016342 secs] 94633K->94056K(524224K), 0.0016953 secs] [Times: user=0.00 sys=0.00, real=0.00 secs] 
1.225: [GC (Allocation Failure) 1.225: [DefNew: 959K->64K(960K), 0.0016731 secs] 94981K->94357K(524224K), 0.0017316 secs] [Times: user=0.00 sys=0.00, real=0.00 secs] 
1.229: [GC (Allocation Failure) 1.229: [DefNew: 960K->64K(960K), 0.0012007 secs] 95294K->94635K(524224K), 0.0012422 secs] [Times: user=0.00 sys=0.00, real=0.00 secs] 
1.232: [GC (Allocation Failure) 1.232: [DefNew: 960K->63K(960K), 0.0015828 secs] 95549K->94978K(524224K), 0.0016429 secs] [Times: user=0.00 sys=0.00, real=0.00 secs] 
1.235: [GC (Allocation Failure) 1.236: [DefNew: 959K->64K(960K), 0.0017667 secs] 95891K->95308K(524224K), 0.0018248 secs] [Times: user=0.02 sys=0.00, real=0.00 secs] 
1.239: [GC (Allocation Failure) 1.239: [DefNew: 960K->63K(960K), 0.0015156 secs] 96220K->95642K(524224K), 0.0015628 secs] [Times: user=0.00 sys=0.00, real=0.00 secs] 
1.242: [GC (Allocation Failure) 1.242: [DefNew: 959K->64K(960K), 0.0017373 secs] 96564K->95955K(524224K), 0.0017946 secs] [Times: user=0.00 sys=0.00, real=0.00 secs] 
1.246: [GC (Allocation Failure) 1.246: [DefNew: 960K->64K(960K), 0.0015485 secs] 96867K->96296K(524224K), 0.0016009 secs] [Times: user=0.00 sys=0.00, real=0.00 secs] 
1.249: [GC (Allocation Failure) 1.249: [DefNew: 960K->63K(960K), 0.0014186 secs] 97221K->96601K(524224K), 0.0014620 secs] [Times: user=0.00 sys=0.00, real=0.00 secs] 
1.252: [GC (Allocation Failure) 1.252: [DefNew: 959K->63K(960K), 0.0016708 secs] 97512K->96945K(524224K), 0.0017459 secs] [Times: user=0.00 sys=0.00, real=0.00 secs] 
1.256: [GC (Allocation Failure) 1.256: [DefNew: 959K->63K(960K), 0.0017867 secs] 97865K->97258K(524224K), 0.0018471 secs] [Times: user=0.00 sys=0.00, real=0.00 secs] 
1.259: [GC (Allocation Failure) 1.259: [DefNew: 959K->63K(960K), 0.0016885 secs] 98180K->97562K(524224K), 0.0017501 secs] [Times: user=0.00 sys=0.00, real=0.00 secs] 
1.263: [GC (Allocation Failure) 1.263: [DefNew: 959K->63K(960K), 0.0014756 secs] 98486K->97867K(524224K), 0.0015220 secs] [Times: user=0.00 sys=0.00, real=0.00 secs] 
1.266: [GC (Allocation Failure) 1.266: [DefNew: 959K->64K(960K), 0.0011958 secs] 98806K->98149K(524224K), 0.0012449 secs] [Times: user=0.00 sys=0.00, real=0.00 secs] 
1.269: [GC (Allocation Failure) 1.269: [DefNew: 960K->63K(960K), 0.0011754 secs] 99082K->98446K(524224K), 0.0012151 secs] [Times: user=0.00 sys=0.00, real=0.00 secs] 
1.273: [GC (Allocation Failure) 1.273: [DefNew: 959K->64K(960K), 0.0016734 secs] 99363K->98769K(524224K), 0.0017274 secs] [Times: user=0.00 sys=0.00, real=0.00 secs] 
1.276: [GC (Allocation Failure) 1.276: [DefNew: 960K->63K(960K), 0.0011630 secs] 99707K->99043K(524224K), 0.0012135 secs] [Times: user=0.00 sys=0.00, real=0.00 secs] 
1.279: [GC (Allocation Failure) 1.279: [DefNew: 959K->64K(960K), 0.0011962 secs] 99970K->99343K(524224K), 0.0012460 secs] [Times: user=0.00 sys=0.00, real=0.00 secs] 
1.282: [GC (Allocation Failure) 1.282: [DefNew: 960K->63K(960K), 0.0015590 secs] 100270K->99647K(524224K), 0.0016168 secs] [Times: user=0.02 sys=0.00, real=0.00 secs] 
1.285: [GC (Allocation Failure) 1.285: [DefNew: 959K->63K(960K), 0.0020223 secs] 100552K->100041K(524224K), 0.0020839 secs] [Times: user=0.00 sys=0.00, real=0.00 secs] 
1.289: [GC (Allocation Failure) 1.289: [DefNew: 959K->63K(960K), 0.0020152 secs] 100945K->100406K(524224K), 0.0020710 secs] [Times: user=0.00 sys=0.00, real=0.00 secs] 
1.292: [GC (Allocation Failure) 1.292: [DefNew: 959K->64K(960K), 0.0017471 secs] 101308K->100750K(524224K), 0.0017943 secs] [Times: user=0.00 sys=0.00, real=0.00 secs] 
1.297: [GC (Allocation Failure) 1.297: [DefNew: 960K->63K(960K), 0.0020586 secs] 101654K->101081K(524224K), 0.0021163 secs] [Times: user=0.02 sys=0.00, real=0.00 secs] 
1.303: [GC (Allocation Failure) 1.304: [DefNew: 959K->63K(960K), 0.0020371 secs] 101980K->101466K(524224K), 0.0028976 secs] [Times: user=0.00 sys=0.00, real=0.00 secs] 
1.308: [GC (Allocation Failure) 1.308: [DefNew: 959K->64K(960K), 0.0014261 secs] 102366K->101817K(524224K), 0.0014665 secs] [Times: user=0.00 sys=0.00, real=0.00 secs] 
1.311: [GC (Allocation Failure) 1.311: [DefNew: 960K->63K(960K), 0.0014190 secs] 102718K->102118K(524224K), 0.0014609 secs] [Times: user=0.00 sys=0.00, real=0.00 secs] 
1.314: [GC (Allocation Failure) 1.314: [DefNew: 959K->63K(960K), 0.0014246 secs] 103026K->102381K(524224K), 0.0014729 secs] [Times: user=0.02 sys=0.00, real=0.00 secs] 
1.317: [GC (Allocation Failure) 1.317: [DefNew: 959K->63K(960K), 0.0013178 secs] 103285K->102710K(524224K), 0.0013616 secs] [Times: user=0.00 sys=0.00, real=0.00 secs] 
1.320: [GC (Allocation Failure) 1.320: [DefNew: 959K->63K(960K), 0.0016515 secs] 103614K->103072K(524224K), 0.0017052 secs] [Times: user=0.00 sys=0.00, real=0.00 secs] 
1.324: [GC (Allocation Failure) 1.324: [DefNew: 959K->63K(960K), 0.0016791 secs] 103992K->103351K(524224K), 0.0017339 secs] [Times: user=0.00 sys=0.00, real=0.00 secs] 
1.328: [GC (Allocation Failure) 1.328: [DefNew: 959K->64K(960K), 0.0016047 secs] 104265K->103654K(524224K), 0.0020423 secs] [Times: user=0.02 sys=0.00, real=0.00 secs] 
1.331: [GC (Allocation Failure) 1.331: [DefNew: 960K->63K(960K), 0.0015881 secs] 104569K->103986K(524224K), 0.0016315 secs] [Times: user=0.00 sys=0.00, real=0.00 secs] 
1.334: [GC (Allocation Failure) 1.334: [DefNew: 959K->63K(960K), 0.0013204 secs] 104909K->104280K(524224K), 0.0013684 secs] [Times: user=0.00 sys=0.00, real=0.00 secs] 
1.338: [GC (Allocation Failure) 1.338: [DefNew: 959K->63K(960K), 0.0014839 secs] 105210K->104565K(524224K), 0.0015326 secs] [Times: user=0.00 sys=0.00, real=0.00 secs] 
1.341: [GC (Allocation Failure) 1.341: [DefNew: 959K->63K(960K), 0.0019253 secs] 105471K->104923K(524224K), 0.0019883 secs] [Times: user=0.00 sys=0.00, real=0.00 secs] 
1.345: [GC (Allocation Failure) 1.345: [DefNew: 959K->64K(960K), 0.0019302 secs] 105833K->105257K(524224K), 0.0020084 secs] [Times: user=0.02 sys=0.00, real=0.00 secs] 
1.348: [GC (Allocation Failure) 1.348: [DefNew: 960K->64K(960K), 0.0018751 secs] 106162K->105601K(524224K), 0.0019374 secs] [Times: user=0.00 sys=0.00, real=0.00 secs] 
1.352: [GC (Allocation Failure) 1.352: [DefNew: 960K->63K(960K), 0.0021141 secs] 106501K->105979K(524224K), 0.0021870 secs] [Times: user=0.00 sys=0.00, real=0.00 secs] 
1.356: [GC (Allocation Failure) 1.356: [DefNew: 959K->63K(960K), 0.0019680 secs] 106883K->106332K(524224K), 0.0020246 secs] [Times: user=0.00 sys=0.00, real=0.00 secs] 
1.360: [GC (Allocation Failure) 1.360: [DefNew: 959K->63K(960K), 0.0018887 secs] 107236K->106679K(524224K), 0.0019544 secs] [Times: user=0.01 sys=0.00, real=0.00 secs] 
1.364: [GC (Allocation Failure) 1.364: [DefNew: 959K->63K(960K), 0.0018739 secs] 107581K->107034K(524224K), 0.0019366 secs] [Times: user=0.00 sys=0.00, real=0.00 secs] 
1.367: [GC (Allocation Failure) 1.367: [DefNew: 959K->63K(960K), 0.0018554 secs] 107933K->107364K(524224K), 0.0019140 secs] [Times: user=0.00 sys=0.00, real=0.00 secs] 
1.371: [GC (Allocation Failure) 1.371: [DefNew: 959K->64K(960K), 0.0019411 secs] 108264K->107716K(524224K), 0.0020008 secs] [Times: user=0.00 sys=0.00, real=0.00 secs] 
1.374: [GC (Allocation Failure) 1.374: [DefNew: 960K->64K(960K), 0.0018917 secs] 108615K->108053K(524224K), 0.0019491 secs] [Times: user=0.00 sys=0.01, real=0.00 secs] 
1.378: [GC (Allocation Failure) 1.378: [DefNew: 960K->64K(960K), 0.0019895 secs] 108950K->108405K(524224K), 0.0020472 secs] [Times: user=0.00 sys=0.00, real=0.00 secs] 
1.381: [GC (Allocation Failure) 1.382: [DefNew: 960K->64K(960K), 0.0019812 secs] 109306K->108765K(524224K), 0.0020423 secs] [Times: user=0.00 sys=0.00, real=0.00 secs] 
1.385: [GC (Allocation Failure) 1.385: [DefNew: 960K->64K(960K), 0.0020567 secs] 109663K->109135K(524224K), 0.0021179 secs] [Times: user=0.00 sys=0.00, real=0.00 secs] 
1.390: [GC (Allocation Failure) 1.390: [DefNew: 960K->64K(960K), 0.0017225 secs] 110036K->109503K(524224K), 0.0017777 secs] [Times: user=0.00 sys=0.00, real=0.00 secs] 
1.393: [GC (Allocation Failure) 1.393: [DefNew: 960K->63K(960K), 0.0020136 secs] 110401K->109868K(524224K), 0.0020707 secs] [Times: user=0.00 sys=0.00, real=0.00 secs] 
1.397: [GC (Allocation Failure) 1.397: [DefNew: 959K->64K(960K), 0.0014620 secs] 110769K->110197K(524224K), 0.0015107 secs] [Times: user=0.00 sys=0.00, real=0.00 secs] 
1.400: [GC (Allocation Failure) 1.400: [DefNew: 960K->63K(960K), 0.0018060 secs] 111101K->110522K(524224K), 0.0018664 secs] [Times: user=0.00 sys=0.00, real=0.00 secs] 
1.404: [GC (Allocation Failure) 1.404: [DefNew: 959K->63K(960K), 0.0018751 secs] 111426K->110861K(524224K), 0.0019321 secs] [Times: user=0.00 sys=0.00, real=0.00 secs] 
1.408: [GC (Allocation Failure) 1.408: [DefNew: 959K->63K(960K), 0.0019672 secs] 111760K->111211K(524224K), 0.0020235 secs] [Times: user=0.00 sys=0.00, real=0.00 secs] 
1.411: [GC (Allocation Failure) 1.411: [DefNew: 959K->63K(960K), 0.0016568 secs] 112110K->111553K(524224K), 0.0017082 secs] [Times: user=0.00 sys=0.00, real=0.00 secs] 
1.415: [GC (Allocation Failure) 1.415: [DefNew: 959K->63K(960K), 0.0019668 secs] 112453K->111933K(524224K), 0.0020208 secs] [Times: user=0.00 sys=0.00, real=0.00 secs] 
1.418: [GC (Allocation Failure) 1.418: [DefNew: 959K->64K(960K), 0.0019653 secs] 112831K->112275K(524224K), 0.0020216 secs] [Times: user=0.00 sys=0.00, real=0.00 secs] 
1.422: [GC (Allocation Failure) 1.422: [DefNew: 960K->63K(960K), 0.0019808 secs] 113171K->112642K(524224K), 0.0020382 secs] [Times: user=0.01 sys=0.00, real=0.00 secs] 
1.426: [GC (Allocation Failure) 1.426: [DefNew: 959K->63K(960K), 0.0020646 secs] 113553K->113038K(524224K), 0.0021345 secs] [Times: user=0.00 sys=0.00, real=0.00 secs] 
1.430: [GC (Allocation Failure) 1.430: [DefNew: 959K->63K(960K), 0.0020386 secs] 113936K->113408K(524224K), 0.0020997 secs] [Times: user=0.00 sys=0.00, real=0.00 secs] 
1.434: [GC (Allocation Failure) 1.434: [DefNew: 959K->63K(960K), 0.0018732 secs] 114306K->113761K(524224K), 0.0019321 secs] [Times: user=0.00 sys=0.00, real=0.00 secs] 
1.437: [GC (Allocation Failure) 1.437: [DefNew: 959K->64K(960K), 0.0016055 secs] 114658K->114118K(524224K), 0.0016685 secs] [Times: user=0.00 sys=0.00, real=0.00 secs] 
1.441: [GC (Allocation Failure) 1.441: [DefNew: 960K->64K(960K), 0.0021488 secs] 115023K->114501K(524224K), 0.0022266 secs] [Times: user=0.00 sys=0.00, real=0.00 secs] 
1.445: [GC (Allocation Failure) 1.445: [DefNew: 960K->63K(960K), 0.0019664 secs] 115398K->114848K(524224K), 0.0020352 secs] [Times: user=0.00 sys=0.00, real=0.00 secs] 
1.449: [GC (Allocation Failure) 1.449: [DefNew: 959K->64K(960K), 0.0020801 secs] 115747K->115191K(524224K), 0.0021401 secs] [Times: user=0.00 sys=0.00, real=0.00 secs] 
1.453: [GC (Allocation Failure) 1.453: [DefNew: 960K->64K(960K), 0.0020956 secs] 116095K->115590K(524224K), 0.0021617 secs] [Times: user=0.02 sys=0.00, real=0.00 secs] 
1.465: [GC (Allocation Failure) 1.465: [DefNew: 960K->63K(960K), 0.0068795 secs] 118535K->117983K(524224K), 0.0069430 secs] [Times: user=0.02 sys=0.00, real=0.01 secs] 
1.474: [GC (Allocation Failure) 1.474: [DefNew: 959K->63K(960K), 0.0017040 secs] 118889K->118292K(524224K), 0.0017682 secs] [Times: user=0.00 sys=0.00, real=0.00 secs] 
1.477: [GC (Allocation Failure) 1.477: [DefNew: 959K->63K(960K), 0.0011214 secs] 119222K->118545K(524224K), 0.0011618 secs] [Times: user=0.00 sys=0.00, real=0.00 secs] 
1.480: [GC (Allocation Failure) 1.480: [DefNew: 959K->63K(960K), 0.0010859 secs] 119470K->118817K(524224K), 0.0011252 secs] [Times: user=0.00 sys=0.00, real=0.00 secs] 
1.483: [GC (Allocation Failure) 1.483: [DefNew: 959K->63K(960K), 0.0012101 secs] 119741K->119100K(524224K), 0.0012558 secs] [Times: user=0.00 sys=0.00, real=0.00 secs] 
1.485: [GC (Allocation Failure) 1.485: [DefNew: 959K->64K(960K), 0.0011558 secs] 120042K->119361K(524224K), 0.0011924 secs] [Times: user=0.02 sys=0.00, real=0.00 secs] 
1.488: [GC (Allocation Failure) 1.488: [DefNew: 960K->63K(960K), 0.0016293 secs] 120285K->119655K(524224K), 0.0016840 secs] [Times: user=0.00 sys=0.00, real=0.00 secs] 
1.491: [GC (Allocation Failure) 1.491: [DefNew: 959K->63K(960K), 0.0016210 secs] 120587K->119938K(524224K), 0.0016738 secs] [Times: user=0.00 sys=0.00, real=0.00 secs] 
1.495: [GC (Allocation Failure) 1.495: [DefNew: 959K->64K(960K), 0.0014884 secs] 120858K->120257K(524224K), 0.0015379 secs] [Times: user=0.00 sys=0.00, real=0.00 secs] 
1.498: [GC (Allocation Failure) 1.498: [DefNew: 960K->63K(960K), 0.0017497 secs] 121184K->120558K(524224K), 0.0018052 secs] [Times: user=0.00 sys=0.00, real=0.00 secs] 
1.501: [GC (Allocation Failure) 1.501: [DefNew: 959K->63K(960K), 0.0018192 secs] 121474K->120887K(524224K), 0.0018702 secs] [Times: user=0.02 sys=0.00, real=0.00 secs] 
1.505: [GC (Allocation Failure) 1.505: [DefNew: 959K->64K(960K), 0.0012135 secs] 121812K->121186K(524224K), 0.0012536 secs] [Times: user=0.00 sys=0.00, real=0.00 secs] 
1.509: [GC (Allocation Failure) 1.509: [DefNew: 960K->63K(960K), 0.0014624 secs] 122100K->121515K(524224K), 0.0015103 secs] [Times: user=0.00 sys=0.00, real=0.00 secs] 
1.511: [GC (Allocation Failure) 1.511: [DefNew: 959K->64K(960K), 0.0016663 secs] 122449K->121792K(524224K), 0.0017237 secs] [Times: user=0.00 sys=0.00, real=0.00 secs] 
1.515: [GC (Allocation Failure) 1.515: [DefNew: 960K->63K(960K), 0.0020080 secs] 122708K->122106K(524224K), 0.0020642 secs] [Times: user=0.01 sys=0.00, real=0.00 secs] 
1.518: [GC (Allocation Failure) 1.518: [DefNew: 959K->63K(960K), 0.0020291 secs] 123022K->122424K(524224K), 0.0020922 secs] [Times: user=0.00 sys=0.00, real=0.00 secs] 
1.522: [GC (Allocation Failure) 1.522: [DefNew: 959K->64K(960K), 0.0017346 secs] 123344K->122731K(524224K), 0.0017943 secs] [Times: user=0.00 sys=0.00, real=0.00 secs] 
1.526: [GC (Allocation Failure) 1.526: [DefNew: 960K->64K(960K), 0.0019540 secs] 123650K->123051K(524224K), 0.0020110 secs] [Times: user=0.00 sys=0.00, real=0.00 secs] 
1.529: [GC (Allocation Failure) 1.529: [DefNew: 960K->63K(960K), 0.0015704 secs] 123967K->123375K(524224K), 0.0016176 secs] [Times: user=0.00 sys=0.00, real=0.00 secs] 
1.533: [GC (Allocation Failure) 1.533: [DefNew: 959K->63K(960K), 0.0016353 secs] 124300K->123671K(524224K), 0.0016984 secs] [Times: user=0.00 sys=0.00, real=0.00 secs] 
1.536: [GC (Allocation Failure) 1.536: [DefNew: 959K->63K(960K), 0.0014069 secs] 124606K->123948K(524224K), 0.0014578 secs] [Times: user=0.00 sys=0.00, real=0.00 secs] 
1.539: [GC (Allocation Failure) 1.539: [DefNew: 959K->63K(960K), 0.0015923 secs] 124867K->124266K(524224K), 0.0016568 secs] [Times: user=0.00 sys=0.00, real=0.00 secs] 
1.543: [GC (Allocation Failure) 1.543: [DefNew: 959K->64K(960K), 0.0017063 secs] 125180K->124592K(524224K), 0.0017731 secs] [Times: user=0.00 sys=0.00, real=0.00 secs] 
1.546: [GC (Allocation Failure) 1.546: [DefNew: 960K->64K(960K), 0.0017780 secs] 125502K->124932K(524224K), 0.0018388 secs] [Times: user=0.02 sys=0.00, real=0.00 secs] 
1.550: [GC (Allocation Failure) 1.550: [DefNew: 960K->63K(960K), 0.0018849 secs] 125845K->125268K(524224K), 0.0019438 secs] [Times: user=0.00 sys=0.00, real=0.00 secs] 
1.553: [GC (Allocation Failure) 1.554: [DefNew: 959K->63K(960K), 0.0020174 secs] 126177K->125607K(524224K), 0.0020926 secs] [Times: user=0.00 sys=0.00, real=0.00 secs] 
1.557: [GC (Allocation Failure) 1.557: [DefNew: 959K->63K(960K), 0.0018381 secs] 126522K->125924K(524224K), 0.0019041 secs] [Times: user=0.00 sys=0.00, real=0.00 secs] 
1.561: [GC (Allocation Failure) 1.561: [DefNew: 959K->63K(960K), 0.0017452 secs] 126835K->126257K(524224K), 0.0018150 secs] [Times: user=0.00 sys=0.00, real=0.00 secs] 
1.564: [GC (Allocation Failure) 1.564: [DefNew: 959K->64K(960K), 0.0017508 secs] 127169K->126588K(524224K), 0.0018116 secs] [Times: user=0.00 sys=0.00, real=0.00 secs] 
1.568: [GC (Allocation Failure) 1.568: [DefNew: 960K->64K(960K), 0.0017240 secs] 127496K->126935K(524224K), 0.0017844 secs] [Times: user=0.00 sys=0.00, real=0.00 secs] 
1.571: [GC (Allocation Failure) 1.572: [DefNew: 960K->63K(960K), 0.0015628 secs] 127864K->127228K(524224K), 0.0016149 secs] [Times: user=0.00 sys=0.00, real=0.00 secs] 
1.575: [GC (Allocation Failure) 1.575: [DefNew: 959K->64K(960K), 0.0017773 secs] 128139K->127567K(524224K), 0.0018430 secs] [Times: user=0.00 sys=0.00, real=0.00 secs] 
1.579: [GC (Allocation Failure) 1.579: [DefNew: 960K->63K(960K), 0.0018973 secs] 128477K->127898K(524224K), 0.0019502 secs] [Times: user=0.01 sys=0.00, real=0.00 secs] 
1.582: [GC (Allocation Failure) 1.582: [DefNew: 959K->64K(960K), 0.0017924 secs] 128811K->128228K(524224K), 0.0018543 secs] [Times: user=0.00 sys=0.00, real=0.00 secs] 
1.586: [GC (Allocation Failure) 1.586: [DefNew: 960K->63K(960K), 0.0015919 secs] 129153K->128535K(524224K), 0.0016485 secs] [Times: user=0.00 sys=0.00, real=0.00 secs] 
1.589: [GC (Allocation Failure) 1.589: [DefNew: 959K->63K(960K), 0.0017448 secs] 129450K->128860K(524224K), 0.0018075 secs] [Times: user=0.00 sys=0.00, real=0.00 secs] 
1.593: [GC (Allocation Failure) 1.593: [DefNew: 959K->63K(960K), 0.0018014 secs] 129771K->129192K(524224K), 0.0018766 secs] [Times: user=0.00 sys=0.00, real=0.00 secs] 
1.598: [GC (Allocation Failure) 1.598: [DefNew: 959K->64K(960K), 0.0017709 secs] 130106K->129512K(524224K), 0.0018547 secs] [Times: user=0.00 sys=0.00, real=0.00 secs] 
1.601: [GC (Allocation Failure) 1.601: [DefNew: 960K->64K(960K), 0.0017992 secs] 130426K->129837K(524224K), 0.0018770 secs] [Times: user=0.00 sys=0.00, real=0.00 secs] 
1.604: [GC (Allocation Failure) 1.605: [DefNew: 960K->63K(960K), 0.0017656 secs] 130746K->130174K(524224K), 0.0018464 secs] [Times: user=0.00 sys=0.00, real=0.00 secs] 
1.608: [GC (Allocation Failure) 1.608: [DefNew: 959K->64K(960K), 0.0018192 secs] 131087K->130510K(524224K), 0.0018887 secs] [Times: user=0.00 sys=0.00, real=0.00 secs] 
1.612: [GC (Allocation Failure) 1.612: [DefNew: 960K->63K(960K), 0.0017833 secs] 131422K->130832K(524224K), 0.0018596 secs] [Times: user=0.00 sys=0.00, real=0.00 secs] 
1.616: [GC (Allocation Failure) 1.616: [DefNew: 959K->63K(960K), 0.0017690 secs] 131740K->131180K(524224K), 0.0018471 secs] [Times: user=0.00 sys=0.00, real=0.00 secs] 
1.623: [GC (Allocation Failure) 1.623: [DefNew: 959K->64K(960K), 0.0017750 secs] 132095K->131496K(524224K), 0.0018486 secs] [Times: user=0.00 sys=0.00, real=0.00 secs] 
1.627: [GC (Allocation Failure) 1.627: [DefNew: 960K->63K(960K), 0.0017565 secs] 132411K->131819K(524224K), 0.0018309 secs] [Times: user=0.00 sys=0.00, real=0.00 secs] 
1.632: [GC (Allocation Failure) 1.632: [DefNew: 959K->64K(960K), 0.0018966 secs] 132733K->132147K(524224K), 0.0019778 secs] [Times: user=0.00 sys=0.00, real=0.00 secs] 
1.636: [GC (Allocation Failure) 1.636: [DefNew: 960K->63K(960K), 0.0018494 secs] 133061K->132472K(524224K), 0.0019200 secs] [Times: user=0.00 sys=0.00, real=0.00 secs] 
1.642: [GC (Allocation Failure) 1.642: [DefNew: 959K->63K(960K), 0.0017535 secs] 133387K->132795K(524224K), 0.0018181 secs] [Times: user=0.00 sys=0.00, real=0.00 secs] 
1.645: [GC (Allocation Failure) 1.645: [DefNew: 959K->64K(960K), 0.0016478 secs] 133713K->133103K(524224K), 0.0017146 secs] [Times: user=0.00 sys=0.00, real=0.00 secs] 
1.656: [GC (Allocation Failure) 1.656: [DefNew: 960K->63K(960K), 0.0016795 secs] 134021K->133420K(524224K), 0.0017433 secs] [Times: user=0.02 sys=0.00, real=0.00 secs] 
1.661: [GC (Allocation Failure) 1.661: [DefNew: 959K->63K(960K), 0.0018113 secs] 134337K->133749K(524224K), 0.0018834 secs] [Times: user=0.00 sys=0.00, real=0.00 secs] 
1.666: [GC (Allocation Failure) 1.666: [DefNew: 959K->63K(960K), 0.0017127 secs] 134665K->134064K(524224K), 0.0017890 secs] [Times: user=0.00 sys=0.00, real=0.00 secs] 
1.673: [GC (Allocation Failure) 1.673: [DefNew: 959K->63K(960K), 0.0016833 secs] 134984K->134380K(524224K), 0.0017512 secs] [Times: user=0.02 sys=0.00, real=0.00 secs] 
1.678: [GC (Allocation Failure) 1.678: [DefNew: 959K->64K(960K), 0.0017954 secs] 135295K->134702K(524224K), 0.0018664 secs] [Times: user=0.00 sys=0.00, real=0.00 secs] 
1.684: [GC (Allocation Failure) 1.684: [DefNew: 960K->64K(960K), 0.0017897 secs] 135622K->135017K(524224K), 0.0018475 secs] [Times: user=0.00 sys=0.00, real=0.00 secs] 
1.688: [GC (Allocation Failure) 1.688: [DefNew: 960K->63K(960K), 0.0017550 secs] 135930K->135339K(524224K), 0.0018199 secs] [Times: user=0.02 sys=0.00, real=0.00 secs] 
1.691: [GC (Allocation Failure) 1.691: [DefNew: 959K->63K(960K), 0.0018226 secs] 136246K->135691K(524224K), 0.0018875 secs] [Times: user=0.00 sys=0.00, real=0.00 secs] 
1.695: [GC (Allocation Failure) 1.695: [DefNew: 959K->63K(960K), 0.0017388 secs] 136605K->136012K(524224K), 0.0017980 secs] [Times: user=0.00 sys=0.00, real=0.00 secs] 
1.698: [GC (Allocation Failure) 1.698: [DefNew: 959K->63K(960K), 0.0017595 secs] 136928K->136330K(524224K), 0.0018279 secs] [Times: user=0.00 sys=0.00, real=0.00 secs] 
1.702: [GC (Allocation Failure) 1.702: [DefNew: 959K->63K(960K), 0.0017146 secs] 137246K->136657K(524224K), 0.0017777 secs] [Times: user=0.00 sys=0.00, real=0.00 secs] 
1.706: [GC (Allocation Failure) 1.706: [DefNew: 959K->63K(960K), 0.0018592 secs] 137572K->136979K(524224K), 0.0019343 secs] [Times: user=0.00 sys=0.00, real=0.00 secs] 
1.710: [GC (Allocation Failure) 1.710: [DefNew: 959K->63K(960K), 0.0017909 secs] 137894K->137308K(524224K), 0.0018781 secs] [Times: user=0.00 sys=0.00, real=0.00 secs] 
1.714: [GC (Allocation Failure) 1.714: [DefNew: 959K->64K(960K), 0.0017648 secs] 138227K->137619K(524224K), 0.0018294 secs] [Times: user=0.00 sys=0.00, real=0.00 secs] 
1.717: [GC (Allocation Failure) 1.717: [DefNew: 960K->63K(960K), 0.0018675 secs] 138534K->137947K(524224K), 0.0019279 secs] [Times: user=0.00 sys=0.00, real=0.00 secs] 
1.722: [GC (Allocation Failure) 1.722: [DefNew: 959K->63K(960K), 0.0018713 secs] 138863K->138271K(524224K), 0.0019310 secs] [Times: user=0.00 sys=0.00, real=0.00 secs] 
1.726: [GC (Allocation Failure) 1.726: [DefNew: 959K->64K(960K), 0.0018856 secs] 139189K->138592K(524224K), 0.0019532 secs] [Times: user=0.00 sys=0.00, real=0.00 secs] 
1.729: [GC (Allocation Failure) 1.729: [DefNew: 960K->63K(960K), 0.0018354 secs] 139507K->138921K(524224K), 0.0018989 secs] [Times: user=0.00 sys=0.00, real=0.00 secs] 
1.734: [GC (Allocation Failure) 1.734: [DefNew: 959K->64K(960K), 0.0018535 secs] 139838K->139242K(524224K), 0.0019181 secs] [Times: user=0.02 sys=0.00, real=0.00 secs] 
1.739: [GC (Allocation Failure) 1.739: [DefNew: 960K->63K(960K), 0.0017890 secs] 140154K->139570K(524224K), 0.0018475 secs] [Times: user=0.00 sys=0.00, real=0.00 secs] 
1.744: [GC (Allocation Failure) 1.744: [DefNew: 959K->63K(960K), 0.0017777 secs] 140485K->139892K(524224K), 0.0018456 secs] [Times: user=0.00 sys=0.00, real=0.00 secs] 
1.748: [GC (Allocation Failure) 1.748: [DefNew: 959K->63K(960K), 0.0019325 secs] 140801K->140243K(524224K), 0.0019944 secs] [Times: user=0.00 sys=0.00, real=0.00 secs] 
1.751: [GC (Allocation Failure) 1.751: [DefNew: 959K->63K(960K), 0.0018237 secs] 141155K->140574K(524224K), 0.0018864 secs] [Times: user=0.02 sys=0.00, real=0.00 secs] 
1.757: [GC (Allocation Failure) 1.757: [DefNew: 959K->64K(960K), 0.0018622 secs] 141492K->140899K(524224K), 0.0019321 secs] [Times: user=0.00 sys=0.00, real=0.00 secs] 
1.760: [GC (Allocation Failure) 1.760: [DefNew: 960K->63K(960K), 0.0019276 secs] 141807K->141250K(524224K), 0.0019959 secs] [Times: user=0.00 sys=0.00, real=0.00 secs] 
1.765: [GC (Allocation Failure) 1.765: [DefNew: 959K->64K(960K), 0.0018581 secs] 142162K->141571K(524224K), 0.0019208 secs] [Times: user=0.00 sys=0.00, real=0.00 secs] 
1.769: [GC (Allocation Failure) 1.769: [DefNew: 960K->63K(960K), 0.0016953 secs] 142486K->141881K(524224K), 0.0017629 secs] [Times: user=0.00 sys=0.00, real=0.00 secs] 
1.772: [GC (Allocation Failure) 1.772: [DefNew: 959K->63K(960K), 0.0017746 secs] 142795K->142202K(524224K), 0.0018441 secs] [Times: user=0.00 sys=0.00, real=0.00 secs] 
1.776: [GC (Allocation Failure) 1.776: [DefNew: 959K->63K(960K), 0.0017184 secs] 143119K->142524K(524224K), 0.0017803 secs] [Times: user=0.00 sys=0.00, real=0.00 secs] 
1.779: [GC (Allocation Failure) 1.779: [DefNew: 959K->63K(960K), 0.0017773 secs] 143437K->142844K(524224K), 0.0018407 secs] [Times: user=0.00 sys=0.00, real=0.00 secs] 
1.783: [GC (Allocation Failure) 1.783: [DefNew: 959K->63K(960K), 0.0017618 secs] 143763K->143153K(524224K), 0.0018248 secs] [Times: user=0.00 sys=0.00, real=0.00 secs] 
1.787: [GC (Allocation Failure) 1.787: [DefNew: 959K->64K(960K), 0.0023965 secs] 144067K->143471K(524224K), 0.0024743 secs] [Times: user=0.00 sys=0.00, real=0.00 secs] 
1.791: [GC (Allocation Failure) 1.791: [DefNew: 960K->63K(960K), 0.0019136 secs] 144382K->143818K(524224K), 0.0019714 secs] [Times: user=0.00 sys=0.00, real=0.00 secs] 
1.795: [GC (Allocation Failure) 1.795: [DefNew: 959K->63K(960K), 0.0018894 secs] 144734K->144140K(524224K), 0.0019574 secs] [Times: user=0.00 sys=0.00, real=0.00 secs] 
1.798: [GC (Allocation Failure) 1.798: [DefNew: 959K->64K(960K), 0.0016946 secs] 145065K->144437K(524224K), 0.0017535 secs] [Times: user=0.01 sys=0.00, real=0.00 secs] 
1.803: [GC (Allocation Failure) 1.803: [DefNew: 960K->63K(960K), 0.0018373 secs] 145351K->144764K(524224K), 0.0019091 secs] [Times: user=0.00 sys=0.00, real=0.00 secs] 
1.807: [GC (Allocation Failure) 1.807: [DefNew: 959K->63K(960K), 0.0019230 secs] 145677K->145105K(524224K), 0.0019823 secs] [Times: user=0.00 sys=0.00, real=0.00 secs] 
1.810: [GC (Allocation Failure) 1.810: [DefNew: 959K->63K(960K), 0.0018845 secs] 146024K->145423K(524224K), 0.0019438 secs] [Times: user=0.00 sys=0.00, real=0.00 secs] 
1.814: [GC (Allocation Failure) 1.814: [DefNew: 959K->63K(960K), 0.0018547 secs] 146338K->145739K(524224K), 0.0019162 secs] [Times: user=0.00 sys=0.00, real=0.00 secs] 
1.818: [GC (Allocation Failure) 1.818: [DefNew: 959K->63K(960K), 0.0017002 secs] 146655K->146057K(524224K), 0.0017735 secs] [Times: user=0.00 sys=0.00, real=0.00 secs] 
1.822: [GC (Allocation Failure) 1.822: [DefNew: 959K->63K(960K), 0.0018441 secs] 146973K->146382K(524224K), 0.0019109 secs] [Times: user=0.00 sys=0.00, real=0.00 secs] 
1.826: [GC (Allocation Failure) 1.826: [DefNew: 959K->63K(960K), 0.0018622 secs] 147295K->146710K(524224K), 0.0019283 secs] [Times: user=0.00 sys=0.00, real=0.00 secs] 
1.829: [GC (Allocation Failure) 1.829: [DefNew: 959K->63K(960K), 0.0017803 secs] 147633K->147014K(524224K), 0.0018434 secs] [Times: user=0.02 sys=0.00, real=0.00 secs] 
1.833: [GC (Allocation Failure) 1.833: [DefNew: 959K->64K(960K), 0.0019910 secs] 147922K->147349K(524224K), 0.0020616 secs] [Times: user=0.00 sys=0.00, real=0.00 secs] 
1.836: [GC (Allocation Failure) 1.836: [DefNew: 960K->63K(960K), 0.0019060 secs] 148259K->147687K(524224K), 0.0019695 secs] [Times: user=0.00 sys=0.00, real=0.00 secs] 
1.840: [GC (Allocation Failure) 1.840: [DefNew: 959K->63K(960K), 0.0018577 secs] 148597K->148025K(524224K), 0.0019336 secs] [Times: user=0.00 sys=0.00, real=0.00 secs] 
1.846: [GC (Allocation Failure) 1.846: [DefNew: 959K->63K(960K), 0.0019389 secs] 148935K->148365K(524224K), 0.0020329 secs] [Times: user=0.00 sys=0.00, real=0.00 secs] 
1.855: [GC (Allocation Failure) 1.855: [DefNew: 959K->63K(960K), 0.0019498 secs] 149276K->148714K(524224K), 0.0020144 secs] [Times: user=0.00 sys=0.00, real=0.00 secs] 
1.859: [GC (Allocation Failure) 1.859: [DefNew: 959K->63K(960K), 0.0018653 secs] 149626K->149051K(524224K), 0.0019328 secs] [Times: user=0.01 sys=0.00, real=0.00 secs] 
1.879: [GC (Allocation Failure) 1.879: [DefNew: 959K->63K(960K), 0.0019487 secs] 149961K->149387K(524224K), 0.0020084 secs] [Times: user=0.00 sys=0.00, real=0.00 secs] 
1.886: [GC (Allocation Failure) 1.886: [DefNew: 959K->63K(960K), 0.0017996 secs] 150303K->149700K(524224K), 0.0018724 secs] [Times: user=0.00 sys=0.00, real=0.00 secs] 
1.893: [GC (Allocation Failure) 1.893: [DefNew: 959K->64K(960K), 0.0019574 secs] 150613K->150051K(524224K), 0.0020219 secs] [Times: user=0.00 sys=0.00, real=0.00 secs] 
1.903: [GC (Allocation Failure) 1.903: [DefNew: 960K->63K(960K), 0.0019393 secs] 150964K->150388K(524224K), 0.0020016 secs] [Times: user=0.00 sys=0.00, real=0.00 secs] 
1.908: [GC (Allocation Failure) 1.908: [DefNew: 959K->63K(960K), 0.0019657 secs] 151301K->150722K(524224K), 0.0020476 secs] [Times: user=0.00 sys=0.00, real=0.00 secs] 
1.912: [GC (Allocation Failure) 1.912: [DefNew: 959K->63K(960K), 0.0018350 secs] 151637K->151042K(524224K), 0.0019049 secs] [Times: user=0.00 sys=0.00, real=0.00 secs] 
1.918: [GC (Allocation Failure) 1.918: [DefNew: 959K->63K(960K), 0.0018600 secs] 151951K->151395K(524224K), 0.0019268 secs] [Times: user=0.00 sys=0.00, real=0.00 secs] 
1.922: [GC (Allocation Failure) 1.922: [DefNew: 959K->63K(960K), 0.0020778 secs] 152306K->151746K(524224K), 0.0021439 secs] [Times: user=0.02 sys=0.00, real=0.00 secs] 
1.925: [GC (Allocation Failure) 1.925: [DefNew: 959K->63K(960K), 0.0019464 secs] 152661K->152075K(524224K), 0.0020046 secs] [Times: user=0.00 sys=0.00, real=0.00 secs] 
1.929: [GC (Allocation Failure) 1.929: [DefNew: 959K->64K(960K), 0.0018577 secs] 152991K->152405K(524224K), 0.0019242 secs] [Times: user=0.00 sys=0.00, real=0.00 secs] 
1.933: [GC (Allocation Failure) 1.933: [DefNew: 960K->64K(960K), 0.0019094 secs] 153312K->152742K(524224K), 0.0019680 secs] [Times: user=0.00 sys=0.00, real=0.00 secs] 
1.937: [GC (Allocation Failure) 1.937: [DefNew: 960K->63K(960K), 0.0018977 secs] 153649K->153073K(524224K), 0.0019630 secs] [Times: user=0.02 sys=0.00, real=0.00 secs] 
1.942: [GC (Allocation Failure) 1.942: [DefNew: 959K->63K(960K), 0.0018301 secs] 153983K->153399K(524224K), 0.0018939 secs] [Times: user=0.00 sys=0.00, real=0.00 secs] 
1.946: [GC (Allocation Failure) 1.946: [DefNew: 959K->63K(960K), 0.0020480 secs] 154301K->153753K(524224K), 0.0021171 secs] [Times: user=0.00 sys=0.00, real=0.00 secs] 
1.950: [GC (Allocation Failure) 1.950: [DefNew: 959K->64K(960K), 0.0018834 secs] 154660K->154077K(524224K), 0.0019457 secs] [Times: user=0.00 sys=0.00, real=0.00 secs] 
1.953: [GC (Allocation Failure) 1.954: [DefNew: 960K->63K(960K), 0.0019087 secs] 154985K->154408K(524224K), 0.0019815 secs] [Times: user=0.02 sys=0.00, real=0.00 secs] 
1.959: [GC (Allocation Failure) 1.959: [DefNew: 959K->63K(960K), 0.0019011 secs] 155314K->154749K(524224K), 0.0019600 secs] [Times: user=0.00 sys=0.00, real=0.00 secs] 
1.963: [GC (Allocation Failure) 1.963: [DefNew: 959K->63K(960K), 0.0018702 secs] 155658K->155061K(524224K), 0.0019393 secs] [Times: user=0.00 sys=0.00, real=0.00 secs] 
1.966: [GC (Allocation Failure) 1.966: [DefNew: 959K->63K(960K), 0.0018169 secs] 155968K->155378K(524224K), 0.0018819 secs] [Times: user=0.00 sys=0.00, real=0.00 secs] 
1.970: [GC (Allocation Failure) 1.970: [DefNew: 959K->63K(960K), 0.0029920 secs] 156287K->155692K(524224K), 0.0030848 secs] [Times: user=0.00 sys=0.00, real=0.00 secs] 
1.975: [GC (Allocation Failure) 1.975: [DefNew: 959K->63K(960K), 0.0018467 secs] 156599K->156015K(524224K), 0.0019053 secs] [Times: user=0.00 sys=0.00, real=0.00 secs] 
1.979: [GC (Allocation Failure) 1.979: [DefNew: 959K->63K(960K), 0.0017686 secs] 156922K->156333K(524224K), 0.0018286 secs] [Times: user=0.00 sys=0.00, real=0.00 secs] 
1.982: [GC (Allocation Failure) 1.982: [DefNew: 959K->63K(960K), 0.0018018 secs] 157238K->156654K(524224K), 0.0018653 secs] [Times: user=0.00 sys=0.00, real=0.00 secs] 
1.987: [GC (Allocation Failure) 1.987: [DefNew: 959K->63K(960K), 0.0020068 secs] 157556K->157003K(524224K), 0.0020646 secs] [Times: user=0.00 sys=0.00, real=0.00 secs] 
1.990: [GC (Allocation Failure) 1.990: [DefNew: 959K->63K(960K), 0.0019827 secs] 157902K->157329K(524224K), 0.0020337 secs] [Times: user=0.00 sys=0.00, real=0.00 secs] 
1.994: [GC (Allocation Failure) 1.994: [DefNew: 959K->64K(960K), 0.0014752 secs] 158232K->157610K(524224K), 0.0015281 secs] [Times: user=0.00 sys=0.00, real=0.00 secs] 
1.997: [GC (Allocation Failure) 1.997: [DefNew: 960K->64K(960K), 0.0013891 secs] 158507K->157936K(524224K), 0.0014495 secs] [Times: user=0.00 sys=0.00, real=0.00 secs] 
2.000: [GC (Allocation Failure) 2.000: [DefNew: 960K->63K(960K), 0.0011739 secs] 158847K->158156K(524224K), 0.0012132 secs] [Times: user=0.00 sys=0.00, real=0.00 secs] 
2.003: [GC (Allocation Failure) 2.003: [DefNew: 959K->63K(960K), 0.0015330 secs] 159057K->158462K(524224K), 0.0015960 secs] [Times: user=0.00 sys=0.00, real=0.00 secs] 
2.006: [GC (Allocation Failure) 2.006: [DefNew: 959K->63K(960K), 0.0012955 secs] 159373K->158741K(524224K), 0.0013442 secs] [Times: user=0.00 sys=0.00, real=0.00 secs] 
2.009: [GC (Allocation Failure) 2.009: [DefNew: 959K->63K(960K), 0.0011656 secs] 159655K->159022K(524224K), 0.0012139 secs] [Times: user=0.00 sys=0.00, real=0.00 secs] 
2.012: [GC (Allocation Failure) 2.012: [DefNew: 959K->63K(960K), 0.0015677 secs] 159923K->159353K(524224K), 0.0016387 secs] [Times: user=0.00 sys=0.00, real=0.00 secs] 
2.015: [GC (Allocation Failure) 2.015: [DefNew: 959K->64K(960K), 0.0018403 secs] 160255K->159686K(524224K), 0.0018966 secs] [Times: user=0.02 sys=0.00, real=0.00 secs] 
2.019: [GC (Allocation Failure) 2.019: [DefNew: 960K->64K(960K), 0.0015447 secs] 160588K->160030K(524224K), 0.0016021 secs] [Times: user=0.00 sys=0.00, real=0.00 secs] 
2.022: [GC (Allocation Failure) 2.022: [DefNew: 960K->63K(960K), 0.0016746 secs] 160927K->160420K(524224K), 0.0017237 secs] [Times: user=0.00 sys=0.00, real=0.00 secs] 
2.026: [GC (Allocation Failure) 2.026: [DefNew: 959K->63K(960K), 0.0014178 secs] 161329K->160691K(524224K), 0.0014635 secs] [Times: user=0.00 sys=0.00, real=0.00 secs] 
2.029: [GC (Allocation Failure) 2.029: [DefNew: 959K->63K(960K), 0.0012910 secs] 161599K->160980K(524224K), 0.0013370 secs] [Times: user=0.00 sys=0.00, real=0.00 secs] 
2.033: [GC (Allocation Failure) 2.033: [DefNew: 959K->63K(960K), 0.0021160 secs] 161885K->161296K(524224K), 0.0021903 secs] [Times: user=0.00 sys=0.00, real=0.00 secs] 
2.037: [GC (Allocation Failure) 2.037: [DefNew: 959K->64K(960K), 0.0018517 secs] 162202K->161617K(524224K), 0.0019140 secs] [Times: user=0.00 sys=0.00, real=0.00 secs] 
2.040: [GC (Allocation Failure) 2.040: [DefNew: 960K->63K(960K), 0.0018690 secs] 162521K->161936K(524224K), 0.0019294 secs] [Times: user=0.00 sys=0.00, real=0.00 secs] 
2.044: [GC (Allocation Failure) 2.044: [DefNew: 959K->64K(960K), 0.0014979 secs] 162840K->162248K(524224K), 0.0015545 secs] [Times: user=0.00 sys=0.00, real=0.00 secs] 
2.049: [GC (Allocation Failure) 2.049: [DefNew: 960K->63K(960K), 0.0019230 secs] 163153K->162565K(524224K), 0.0019929 secs] [Times: user=0.00 sys=0.00, real=0.00 secs] 
2.052: [GC (Allocation Failure) 2.052: [DefNew: 959K->64K(960K), 0.0017146 secs] 163469K->162869K(524224K), 0.0017795 secs] [Times: user=0.00 sys=0.00, real=0.00 secs] 
2.056: [GC (Allocation Failure) 2.056: [DefNew: 960K->63K(960K), 0.0018282 secs] 163769K->163179K(524224K), 0.0018996 secs] [Times: user=0.00 sys=0.00, real=0.00 secs] 
2.059: [GC (Allocation Failure) 2.059: [DefNew: 959K->63K(960K), 0.0019049 secs] 164077K->163495K(524224K), 0.0019634 secs] [Times: user=0.00 sys=0.00, real=0.00 secs] 
2.063: [GC (Allocation Failure) 2.063: [DefNew: 959K->63K(960K), 0.0019721 secs] 164394K->163846K(524224K), 0.0020325 secs] [Times: user=0.01 sys=0.00, real=0.00 secs] 
2.067: [GC (Allocation Failure) 2.067: [DefNew: 959K->64K(960K), 0.0020484 secs] 164744K->164147K(524224K), 0.0021050 secs] [Times: user=0.00 sys=0.00, real=0.00 secs] 
2.071: [GC (Allocation Failure) 2.071: [DefNew: 960K->64K(960K), 0.0018400 secs] 165045K->164463K(524224K), 0.0019113 secs] [Times: user=0.00 sys=0.00, real=0.00 secs] 
2.075: [GC (Allocation Failure) 2.075: [DefNew: 960K->63K(960K), 0.0017697 secs] 165360K->164773K(524224K), 0.0018400 secs] [Times: user=0.00 sys=0.00, real=0.00 secs] 
2.078: [GC (Allocation Failure) 2.078: [DefNew: 959K->64K(960K), 0.0018097 secs] 165671K->165075K(524224K), 0.0018686 secs] [Times: user=0.02 sys=0.00, real=0.00 secs] 
2.083: [GC (Allocation Failure) 2.083: [DefNew: 960K->64K(960K), 0.0017928 secs] 165971K->165412K(524224K), 0.0018543 secs] [Times: user=0.00 sys=0.00, real=0.00 secs] 
2.089: [GC (Allocation Failure) 2.089: [DefNew: 960K->64K(960K), 0.0013363 secs] 166313K->165694K(524224K), 0.0013857 secs] [Times: user=0.00 sys=0.00, real=0.00 secs] 
2.092: [GC (Allocation Failure) 2.092: [DefNew: 960K->63K(960K), 0.0015251 secs] 166600K->165958K(524224K), 0.0015953 secs] [Times: user=0.00 sys=0.00, real=0.00 secs] 
2.107: [GC (Allocation Failure) 2.107: [DefNew: 959K->63K(960K), 0.0016829 secs] 166856K->166272K(524224K), 0.0017580 secs] [Times: user=0.00 sys=0.00, real=0.00 secs] 
2.110: [GC (Allocation Failure) 2.110: [DefNew: 959K->63K(960K), 0.0018690 secs] 167175K->166620K(524224K), 0.0019498 secs] [Times: user=0.01 sys=0.00, real=0.00 secs] 
2.114: [GC (Allocation Failure) 2.114: [DefNew: 959K->64K(960K), 0.0018720 secs] 167517K->166946K(524224K), 0.0019393 secs] [Times: user=0.00 sys=0.00, real=0.00 secs] 
2.117: [GC (Allocation Failure) 2.117: [DefNew: 960K->63K(960K), 0.0017863 secs] 167846K->167273K(524224K), 0.0018467 secs] [Times: user=0.00 sys=0.00, real=0.00 secs] 
2.121: [GC (Allocation Failure) 2.121: [DefNew: 959K->64K(960K), 0.0018668 secs] 168170K->167588K(524224K), 0.0019317 secs] [Times: user=0.00 sys=0.00, real=0.00 secs] 
2.124: [GC (Allocation Failure) 2.125: [DefNew: 960K->63K(960K), 0.0019242 secs] 168487K->167920K(524224K), 0.0019857 secs] [Times: user=0.02 sys=0.00, real=0.00 secs] 
2.128: [GC (Allocation Failure) 2.128: [DefNew: 959K->63K(960K), 0.0019559 secs] 168818K->168267K(524224K), 0.0020106 secs] [Times: user=0.00 sys=0.00, real=0.00 secs] 
2.133: [GC (Allocation Failure) 2.133: [DefNew: 959K->63K(960K), 0.0020008 secs] 169165K->168599K(524224K), 0.0020616 secs] [Times: user=0.00 sys=0.00, real=0.00 secs] 
2.136: [GC (Allocation Failure) 2.136: [DefNew: 959K->64K(960K), 0.0019411 secs] 169495K->168941K(524224K), 0.0020053 secs] [Times: user=0.00 sys=0.00, real=0.00 secs] 
2.140: [GC (Allocation Failure) 2.140: [DefNew: 960K->63K(960K), 0.0015409 secs] 169841K->169235K(524224K), 0.0015960 secs] [Times: user=0.00 sys=0.00, real=0.00 secs] 
2.143: [GC (Allocation Failure) 2.143: [DefNew: 959K->63K(960K), 0.0015405 secs] 170133K->169542K(524224K), 0.0016168 secs] [Times: user=0.00 sys=0.00, real=0.00 secs] 
2.147: [GC (Allocation Failure) 2.147: [DefNew: 959K->63K(960K), 0.0018770 secs] 170441K->169850K(524224K), 0.0019400 secs] [Times: user=0.00 sys=0.00, real=0.00 secs] 
2.151: [GC (Allocation Failure) 2.151: [DefNew: 959K->63K(960K), 0.0018581 secs] 170746K->170192K(524224K), 0.0019177 secs] [Times: user=0.00 sys=0.00, real=0.00 secs] 
2.154: [GC (Allocation Failure) 2.155: [DefNew: 959K->63K(960K), 0.0013551 secs] 171094K->170467K(524224K), 0.0014065 secs] [Times: user=0.00 sys=0.00, real=0.00 secs] 
2.158: [GC (Allocation Failure) 2.158: [DefNew: 959K->63K(960K), 0.0015964 secs] 171372K->170698K(524224K), 0.0016602 secs] [Times: user=0.00 sys=0.00, real=0.00 secs] 
2.161: [GC (Allocation Failure) 2.161: [DefNew: 959K->63K(960K), 0.0017384 secs] 171601K->171028K(524224K), 0.0017980 secs] [Times: user=0.00 sys=0.00, real=0.00 secs] 
2.165: [GC (Allocation Failure) 2.165: [DefNew: 959K->63K(960K), 0.0016980 secs] 171927K->171423K(524224K), 0.0017486 secs] [Times: user=0.00 sys=0.00, real=0.00 secs] 
2.169: [GC (Allocation Failure) 2.169: [DefNew: 959K->63K(960K), 0.0017848 secs] 172337K->171686K(524224K), 0.0018400 secs] [Times: user=0.00 sys=0.00, real=0.00 secs] 
2.172: [GC (Allocation Failure) 2.173: [DefNew: 959K->64K(960K), 0.0012166 secs] 172605K->171958K(524224K), 0.0012623 secs] [Times: user=0.02 sys=0.00, real=0.00 secs] 
2.176: [GC (Allocation Failure) 2.176: [DefNew: 960K->64K(960K), 0.0019544 secs] 172862K->172287K(524224K), 0.0020106 secs] [Times: user=0.00 sys=0.00, real=0.00 secs] 
2.180: [GC (Allocation Failure) 2.180: [DefNew: 960K->63K(960K), 0.0018902 secs] 173188K->172630K(524224K), 0.0019479 secs] [Times: user=0.00 sys=0.00, real=0.00 secs] 
2.184: [GC (Allocation Failure) 2.184: [DefNew: 959K->63K(960K), 0.0017965 secs] 173542K->172920K(524224K), 0.0018573 secs] [Times: user=0.00 sys=0.00, real=0.00 secs] 
2.187: [GC (Allocation Failure) 2.187: [DefNew: 959K->63K(960K), 0.0018248 secs] 173825K->173259K(524224K), 0.0018811 secs] [Times: user=0.00 sys=0.00, real=0.00 secs] 
2.191: [GC (Allocation Failure) 2.191: [DefNew: 959K->64K(960K), 0.0019487 secs] 174165K->173582K(524224K), 0.0020178 secs] [Times: user=0.00 sys=0.00, real=0.00 secs] 
2.195: [GC (Allocation Failure) 2.195: [DefNew: 960K->63K(960K), 0.0019562 secs] 174483K->173925K(524224K), 0.0020170 secs] [Times: user=0.00 sys=0.00, real=0.00 secs] 
2.198: [GC (Allocation Failure) 2.198: [DefNew: 959K->63K(960K), 0.0018841 secs] 174823K->174241K(524224K), 0.0019487 secs] [Times: user=0.00 sys=0.00, real=0.00 secs] 
2.203: [GC (Allocation Failure) 2.203: [DefNew: 959K->64K(960K), 0.0017848 secs] 175139K->174574K(524224K), 0.0018460 secs] [Times: user=0.00 sys=0.02, real=0.00 secs] 
2.206: [GC (Allocation Failure) 2.206: [DefNew: 960K->63K(960K), 0.0018981 secs] 175473K->174901K(524224K), 0.0019612 secs] [Times: user=0.00 sys=0.00, real=0.00 secs] 
2.210: [GC (Allocation Failure) 2.210: [DefNew: 959K->63K(960K), 0.0019064 secs] 175800K->175235K(524224K), 0.0019627 secs] [Times: user=0.00 sys=0.00, real=0.00 secs] 
2.213: [GC (Allocation Failure) 2.213: [DefNew: 959K->63K(960K), 0.0018011 secs] 176132K->175543K(524224K), 0.0018566 secs] [Times: user=0.00 sys=0.00, real=0.00 secs] 
2.217: [GC (Allocation Failure) 2.217: [DefNew: 959K->63K(960K), 0.0017909 secs] 176445K->175875K(524224K), 0.0018475 secs] [Times: user=0.00 sys=0.00, real=0.00 secs] 
2.221: [GC (Allocation Failure) 2.221: [DefNew: 959K->63K(960K), 0.0018373 secs] 176775K->176207K(524224K), 0.0019045 secs] [Times: user=0.00 sys=0.00, real=0.00 secs] 
2.224: [GC (Allocation Failure) 2.224: [DefNew: 959K->64K(960K), 0.0018271 secs] 177104K->176509K(524224K), 0.0018796 secs] [Times: user=0.00 sys=0.00, real=0.00 secs] 
2.228: [GC (Allocation Failure) 2.228: [DefNew: 960K->63K(960K), 0.0017727 secs] 177408K->176826K(524224K), 0.0018335 secs] [Times: user=0.00 sys=0.00, real=0.00 secs] 
2.231: [GC (Allocation Failure) 2.231: [DefNew: 959K->63K(960K), 0.0019075 secs] 177723K->177134K(524224K), 0.0019917 secs] [Times: user=0.00 sys=0.00, real=0.00 secs] 
2.235: [GC (Allocation Failure) 2.235: [DefNew: 959K->64K(960K), 0.0020605 secs] 178038K->177508K(524224K), 0.0021179 secs] [Times: user=0.02 sys=0.00, real=0.00 secs] 
2.240: [GC (Allocation Failure) 2.240: [DefNew: 960K->63K(960K), 0.0018758 secs] 178405K->177824K(524224K), 0.0019321 secs] [Times: user=0.00 sys=0.00, real=0.00 secs] 
2.243: [GC (Allocation Failure) 2.243: [DefNew: 959K->64K(960K), 0.0019721 secs] 178723K->178146K(524224K), 0.0020299 secs] [Times: user=0.00 sys=0.00, real=0.00 secs] 
2.247: [GC (Allocation Failure) 2.247: [DefNew: 960K->64K(960K), 0.0022912 secs] 179054K->178571K(524224K), 0.0023482 secs] [Times: user=0.00 sys=0.00, real=0.00 secs] 
2.251: [GC (Allocation Failure) 2.251: [DefNew: 960K->64K(960K), 0.0022723 secs] 179468K->178924K(524224K), 0.0023267 secs] [Times: user=0.02 sys=0.00, real=0.00 secs] 
2.255: [GC (Allocation Failure) 2.255: [DefNew: 960K->63K(960K), 0.0019717 secs] 179823K->179241K(524224K), 0.0020318 secs] [Times: user=0.00 sys=0.00, real=0.00 secs] 
2.259: [GC (Allocation Failure) 2.259: [DefNew: 959K->63K(960K), 0.0019079 secs] 180137K->179567K(524224K), 0.0019657 secs] [Times: user=0.00 sys=0.00, real=0.00 secs] 
2.263: [GC (Allocation Failure) 2.263: [DefNew: 959K->64K(960K), 0.0019687 secs] 180468K->179919K(524224K), 0.0020367 secs] [Times: user=0.00 sys=0.00, real=0.00 secs] 
2.267: [GC (Allocation Failure) 2.267: [DefNew: 960K->64K(960K), 0.0019325 secs] 180817K->180263K(524224K), 0.0019963 secs] [Times: user=0.02 sys=0.00, real=0.00 secs] 
2.270: [GC (Allocation Failure) 2.270: [DefNew: 960K->63K(960K), 0.0021194 secs] 181161K->180597K(524224K), 0.0021854 secs] [Times: user=0.00 sys=0.00, real=0.00 secs] 
2.274: [GC (Allocation Failure) 2.274: [DefNew: 959K->64K(960K), 0.0017905 secs] 181493K->180907K(524224K), 0.0018558 secs] [Times: user=0.00 sys=0.00, real=0.00 secs] 
2.277: [GC (Allocation Failure) 2.277: [DefNew: 960K->63K(960K), 0.0017535 secs] 181805K->181239K(524224K), 0.0018101 secs] [Times: user=0.00 sys=0.00, real=0.00 secs] 
2.281: [GC (Allocation Failure) 2.281: [DefNew: 959K->64K(960K), 0.0020027 secs] 182140K->181625K(524224K), 0.0020605 secs] [Times: user=0.01 sys=0.00, real=0.00 secs] 
2.286: [GC (Allocation Failure) 2.286: [DefNew: 960K->64K(960K), 0.0022942 secs] 182525K->181965K(524224K), 0.0023648 secs] [Times: user=0.00 sys=0.00, real=0.00 secs] 
2.290: [GC (Allocation Failure) 2.290: [DefNew: 960K->64K(960K), 0.0023682 secs] 182870K->182385K(524224K), 0.0024282 secs] [Times: user=0.00 sys=0.00, real=0.00 secs] 
2.294: [GC (Allocation Failure) 2.294: [DefNew: 960K->64K(960K), 0.0022217 secs] 183284K->182743K(524224K), 0.0022889 secs] [Times: user=0.00 sys=0.00, real=0.00 secs] 
2.298: [GC (Allocation Failure) 2.298: [DefNew: 960K->64K(960K), 0.0024041 secs] 183648K->183098K(524224K), 0.0024667 secs] [Times: user=0.02 sys=0.00, real=0.00 secs] 
2.303: [GC (Allocation Failure) 2.303: [DefNew: 960K->63K(960K), 0.0023244 secs] 183999K->183444K(524224K), 0.0023863 secs] [Times: user=0.00 sys=0.00, real=0.00 secs] 
2.306: [GC (Allocation Failure) 2.307: [DefNew: 959K->64K(960K), 0.0026552 secs] 184346K->183851K(524224K), 0.0027186 secs] [Times: user=0.00 sys=0.00, real=0.00 secs] 
2.311: [GC (Allocation Failure) 2.311: [DefNew: 960K->64K(960K), 0.0020050 secs] 184750K->184206K(524224K), 0.0020737 secs] [Times: user=0.00 sys=0.00, real=0.00 secs] 
2.321: [GC (Allocation Failure) 2.321: [DefNew: 960K->63K(960K), 0.0019445 secs] 185105K->184548K(524224K), 0.0020121 secs] [Times: user=0.00 sys=0.00, real=0.00 secs] 
2.327: [GC (Allocation Failure) 2.327: [DefNew: 959K->64K(960K), 0.0017172 secs] 185449K->184893K(524224K), 0.0017807 secs] [Times: user=0.00 sys=0.00, real=0.00 secs] 
2.330: [GC (Allocation Failure) 2.330: [DefNew: 960K->64K(960K), 0.0017036 secs] 185805K->185165K(524224K), 0.0017648 secs] [Times: user=0.00 sys=0.00, real=0.00 secs] 
2.334: [GC (Allocation Failure) 2.334: [DefNew: 960K->63K(960K), 0.0019521 secs] 186066K->185514K(524224K), 0.0020235 secs] [Times: user=0.00 sys=0.00, real=0.00 secs] 
2.338: [GC (Allocation Failure) 2.338: [DefNew: 959K->64K(960K), 0.0021148 secs] 186414K->185905K(524224K), 0.0021700 secs] [Times: user=0.00 sys=0.00, real=0.00 secs] 
2.342: [GC (Allocation Failure) 2.342: [DefNew: 960K->64K(960K), 0.0019604 secs] 186810K->186214K(524224K), 0.0020212 secs] [Times: user=0.00 sys=0.00, real=0.00 secs] 
2.345: [GC (Allocation Failure) 2.345: [DefNew: 960K->63K(960K), 0.0021688 secs] 187120K->186521K(524224K), 0.0022202 secs] [Times: user=0.00 sys=0.00, real=0.00 secs] 
2.350: [GC (Allocation Failure) 2.350: [DefNew: 959K->63K(960K), 0.0019751 secs] 187424K->186851K(524224K), 0.0020438 secs] [Times: user=0.00 sys=0.00, real=0.00 secs] 
2.353: [GC (Allocation Failure) 2.353: [DefNew: 959K->63K(960K), 0.0021390 secs] 187752K->187212K(524224K), 0.0021994 secs] [Times: user=0.00 sys=0.00, real=0.00 secs] 
2.358: [GC (Allocation Failure) 2.358: [DefNew: 959K->63K(960K), 0.0020744 secs] 188113K->187562K(524224K), 0.0021348 secs] [Times: user=0.00 sys=0.00, real=0.00 secs] 
2.361: [GC (Allocation Failure) 2.361: [DefNew: 959K->63K(960K), 0.0019517 secs] 188460K->187893K(524224K), 0.0020129 secs] [Times: user=0.00 sys=0.00, real=0.00 secs] 
2.366: [GC (Allocation Failure) 2.366: [DefNew: 959K->63K(960K), 0.0020367 secs] 188796K->188261K(524224K), 0.0020982 secs] [Times: user=0.00 sys=0.00, real=0.00 secs] 
2.370: [GC (Allocation Failure) 2.370: [DefNew: 959K->64K(960K), 0.0020008 secs] 189158K->188589K(524224K), 0.0020657 secs] [Times: user=0.00 sys=0.00, real=0.00 secs] 
2.374: [GC (Allocation Failure) 2.374: [DefNew: 960K->63K(960K), 0.0019993 secs] 189487K->188941K(524224K), 0.0020654 secs] [Times: user=0.00 sys=0.00, real=0.00 secs] 
2.378: [GC (Allocation Failure) 2.378: [DefNew: 959K->63K(960K), 0.0020167 secs] 189837K->189298K(524224K), 0.0020778 secs] [Times: user=0.00 sys=0.00, real=0.00 secs] 
2.382: [GC (Allocation Failure) 2.382: [DefNew: 959K->64K(960K), 0.0019804 secs] 190195K->189638K(524224K), 0.0020408 secs] [Times: user=0.00 sys=0.00, real=0.00 secs] 
2.386: [GC (Allocation Failure) 2.386: [DefNew: 960K->63K(960K), 0.0019038 secs] 190538K->189994K(524224K), 0.0019612 secs] [Times: user=0.00 sys=0.00, real=0.00 secs] 
2.389: [GC (Allocation Failure) 2.389: [DefNew: 959K->63K(960K), 0.0013317 secs] 190905K->190252K(524224K), 0.0013827 secs] [Times: user=0.00 sys=0.00, real=0.00 secs] 
2.393: [GC (Allocation Failure) 2.393: [DefNew: 959K->64K(960K), 0.0018248 secs] 191152K->190595K(524224K), 0.0018868 secs] [Times: user=0.00 sys=0.00, real=0.00 secs] 
2.397: [GC (Allocation Failure) 2.397: [DefNew: 960K->63K(960K), 0.0017380 secs] 191500K->190887K(524224K), 0.0018052 secs] [Times: user=0.00 sys=0.00, real=0.00 secs] 
2.400: [GC (Allocation Failure) 2.400: [DefNew: 959K->63K(960K), 0.0019664 secs] 191787K->191237K(524224K), 0.0020355 secs] [Times: user=0.00 sys=0.00, real=0.00 secs] 
2.404: [GC (Allocation Failure) 2.404: [DefNew: 959K->63K(960K), 0.0020016 secs] 192134K->191566K(524224K), 0.0020620 secs] [Times: user=0.00 sys=0.00, real=0.00 secs] 
2.408: [GC (Allocation Failure) 2.408: [DefNew: 959K->63K(960K), 0.0019215 secs] 192463K->191912K(524224K), 0.0019876 secs] [Times: user=0.00 sys=0.00, real=0.00 secs] 
2.412: [GC (Allocation Failure) 2.412: [DefNew: 959K->63K(960K), 0.0018026 secs] 192810K->192220K(524224K), 0.0018660 secs] [Times: user=0.00 sys=0.00, real=0.00 secs] 
2.417: [GC (Allocation Failure) 2.417: [DefNew: 959K->64K(960K), 0.0018653 secs] 193121K->192542K(524224K), 0.0019230 secs] [Times: user=0.00 sys=0.00, real=0.00 secs] 
2.420: [GC (Allocation Failure) 2.420: [DefNew: 960K->63K(960K), 0.0019147 secs] 193441K->192880K(524224K), 0.0019729 secs] [Times: user=0.00 sys=0.00, real=0.00 secs] 
2.424: [GC (Allocation Failure) 2.424: [DefNew: 959K->64K(960K), 0.0020253 secs] 193781K->193204K(524224K), 0.0020873 secs] [Times: user=0.00 sys=0.00, real=0.00 secs] 
2.428: [GC (Allocation Failure) 2.428: [DefNew: 960K->63K(960K), 0.0019880 secs] 194107K->193569K(524224K), 0.0020488 secs] [Times: user=0.00 sys=0.00, real=0.00 secs] 
2.432: [GC (Allocation Failure) 2.432: [DefNew: 959K->64K(960K), 0.0023550 secs] 194468K->193943K(524224K), 0.0024097 secs] [Times: user=0.00 sys=0.00, real=0.00 secs] 
2.437: [GC (Allocation Failure) 2.437: [DefNew: 960K->64K(960K), 0.0023863 secs] 194841K->194349K(524224K), 0.0024456 secs] [Times: user=0.00 sys=0.02, real=0.00 secs] 
2.441: [GC (Allocation Failure) 2.441: [DefNew: 960K->63K(960K), 0.0020846 secs] 195248K->194691K(524224K), 0.0021439 secs] [Times: user=0.00 sys=0.00, real=0.00 secs] 
2.447: [GC (Allocation Failure) 2.447: [DefNew: 959K->64K(960K), 0.0022742 secs] 195588K->195035K(524224K), 0.0023282 secs] [Times: user=0.00 sys=0.00, real=0.00 secs] 
2.451: [GC (Allocation Failure) 2.451: [DefNew: 960K->63K(960K), 0.0022130 secs] 195935K->195385K(524224K), 0.0022738 secs] [Times: user=0.00 sys=0.00, real=0.00 secs] 
2.456: [GC (Allocation Failure) 2.456: [DefNew: 959K->63K(960K), 0.0022923 secs] 196295K->195814K(524224K), 0.0023516 secs] [Times: user=0.00 sys=0.00, real=0.00 secs] 
2.460: [GC (Allocation Failure) 2.460: [DefNew: 959K->64K(960K), 0.0023395 secs] 196720K->196166K(524224K), 0.0023988 secs] [Times: user=0.00 sys=0.00, real=0.00 secs] 
2.464: [GC (Allocation Failure) 2.464: [DefNew: 960K->63K(960K), 0.0025532 secs] 197072K->196542K(524224K), 0.0026114 secs] [Times: user=0.00 sys=0.00, real=0.00 secs] 
2.469: [GC (Allocation Failure) 2.469: [DefNew: 959K->64K(960K), 0.0027292 secs] 197451K->196976K(524224K), 0.0028005 secs] [Times: user=0.01 sys=0.00, real=0.00 secs] 
2.474: [GC (Allocation Failure) 2.474: [DefNew: 960K->63K(960K), 0.0026691 secs] 197878K->197341K(524224K), 0.0027360 secs] [Times: user=0.00 sys=0.00, real=0.00 secs] 
2.479: [GC (Allocation Failure) 2.479: [DefNew: 959K->64K(960K), 0.0027409 secs] 198240K->197747K(524224K), 0.0028043 secs] [Times: user=0.00 sys=0.00, real=0.00 secs] 
2.483: [GC (Allocation Failure) 2.483: [DefNew: 960K->63K(960K), 0.0014850 secs] 198652K->198056K(524224K), 0.0015360 secs] [Times: user=0.00 sys=0.00, real=0.00 secs] 
2.487: [GC (Allocation Failure) 2.487: [DefNew: 959K->64K(960K), 0.0013166 secs] 198969K->198337K(524224K), 0.0013793 secs] [Times: user=0.00 sys=0.00, real=0.00 secs] 
2.489: [GC (Allocation Failure) 2.489: [DefNew: 960K->64K(960K), 0.0012951 secs] 199256K->198639K(524224K), 0.0013385 secs] [Times: user=0.00 sys=0.00, real=0.00 secs] 
2.493: [GC (Allocation Failure) 2.493: [DefNew: 960K->63K(960K), 0.0014167 secs] 199549K->198969K(524224K), 0.0014726 secs] [Times: user=0.00 sys=0.00, real=0.00 secs] 
2.496: [GC (Allocation Failure) 2.496: [DefNew: 959K->63K(960K), 0.0012441 secs] 199902K->199240K(524224K), 0.0012857 secs] [Times: user=0.00 sys=0.00, real=0.00 secs] 
2.499: [GC (Allocation Failure) 2.499: [DefNew: 959K->63K(960K), 0.0011694 secs] 200173K->199518K(524224K), 0.0012094 secs] [Times: user=0.00 sys=0.00, real=0.00 secs] 
2.502: [GC (Allocation Failure) 2.502: [DefNew: 959K->64K(960K), 0.0012649 secs] 200452K->199797K(524224K), 0.0013200 secs] [Times: user=0.00 sys=0.00, real=0.00 secs] 
2.506: [GC (Allocation Failure) 2.506: [DefNew: 960K->64K(960K), 0.0015330 secs] 200712K->200144K(524224K), 0.0015949 secs] [Times: user=0.00 sys=0.00, real=0.00 secs] 
2.508: [GC (Allocation Failure) 2.508: [DefNew: 960K->63K(960K), 0.0015462 secs] 201051K->200488K(524224K), 0.0016089 secs] [Times: user=0.00 sys=0.00, real=0.00 secs] 
2.512: [GC (Allocation Failure) 2.512: [DefNew: 959K->63K(960K), 0.0015069 secs] 201419K->200771K(524224K), 0.0015621 secs] [Times: user=0.00 sys=0.00, real=0.00 secs] 
2.515: [GC (Allocation Failure) 2.515: [DefNew: 959K->63K(960K), 0.0019910 secs] 201691K->201264K(524224K), 0.0020635 secs] [Times: user=0.02 sys=0.00, real=0.00 secs] 
2.519: [GC (Allocation Failure) 2.519: [DefNew: 959K->64K(960K), 0.0019211 secs] 202174K->201608K(524224K), 0.0019763 secs] [Times: user=0.00 sys=0.00, real=0.00 secs] 
2.523: [GC (Allocation Failure) 2.523: [DefNew: 960K->63K(960K), 0.0018939 secs] 202516K->201951K(524224K), 0.0019604 secs] [Times: user=0.00 sys=0.00, real=0.00 secs] 
2.527: [GC (Allocation Failure) 2.527: [DefNew: 959K->63K(960K), 0.0020352 secs] 202855K->202348K(524224K), 0.0020978 secs] [Times: user=0.00 sys=0.00, real=0.00 secs] 
2.531: [GC (Allocation Failure) 2.531: [DefNew: 959K->64K(960K), 0.0025834 secs] 203252K->202846K(524224K), 0.0026536 secs] [Times: user=0.02 sys=0.00, real=0.00 secs] 
2.535: [GC (Allocation Failure) 2.535: [DefNew: 960K->63K(960K), 0.0022409 secs] 203751K->203223K(524224K), 0.0022949 secs] [Times: user=0.00 sys=0.00, real=0.00 secs] 
2.540: [GC (Allocation Failure) 2.540: [DefNew: 959K->63K(960K), 0.0019982 secs] 204128K->203592K(524224K), 0.0020744 secs] [Times: user=0.00 sys=0.00, real=0.00 secs] 
2.544: [GC (Allocation Failure) 2.544: [DefNew: 959K->63K(960K), 0.0017943 secs] 204509K->203920K(524224K), 0.0018645 secs] [Times: user=0.00 sys=0.00, real=0.00 secs] 
2.547: [GC (Allocation Failure) 2.547: [DefNew: 959K->63K(960K), 0.0017089 secs] 204836K->204259K(524224K), 0.0017727 secs] [Times: user=0.02 sys=0.00, real=0.00 secs] 
2.551: [GC (Allocation Failure) 2.551: [DefNew: 959K->64K(960K), 0.0015651 secs] 205183K->204559K(524224K), 0.0016228 secs] [Times: user=0.00 sys=0.00, real=0.00 secs] 
2.554: [GC (Allocation Failure) 2.554: [DefNew: 960K->63K(960K), 0.0014065 secs] 205494K->204880K(524224K), 0.0014488 secs] [Times: user=0.00 sys=0.00, real=0.00 secs] 
2.557: [GC (Allocation Failure) 2.557: [DefNew: 959K->63K(960K), 0.0014057 secs] 205811K->205236K(524224K), 0.0014465 secs] [Times: user=0.00 sys=0.00, real=0.00 secs] 
2.561: [GC (Allocation Failure) 2.561: [DefNew: 959K->63K(960K), 0.0015050 secs] 206167K->205632K(524224K), 0.0015409 secs] [Times: user=0.00 sys=0.00, real=0.00 secs] 
2.563: [GC (Allocation Failure) 2.563: [DefNew: 959K->63K(960K), 0.0017916 secs] 206562K->205974K(524224K), 0.0018381 secs] [Times: user=0.02 sys=0.00, real=0.00 secs] 
2.567: [GC (Allocation Failure) 2.567: [DefNew: 959K->63K(960K), 0.0015658 secs] 206900K->206325K(524224K), 0.0016160 secs] [Times: user=0.00 sys=0.00, real=0.00 secs] 
2.570: [GC (Allocation Failure) 2.570: [DefNew: 959K->64K(960K), 0.0015383 secs] 207239K->206661K(524224K), 0.0015953 secs] [Times: user=0.00 sys=0.00, real=0.00 secs] 
2.573: [GC (Allocation Failure) 2.573: [DefNew: 960K->63K(960K), 0.0014473 secs] 207573K->207017K(524224K), 0.0014941 secs] [Times: user=0.00 sys=0.00, real=0.00 secs] 
2.577: [GC (Allocation Failure) 2.577: [DefNew: 959K->63K(960K), 0.0013355 secs] 207947K->207317K(524224K), 0.0013808 secs] [Times: user=0.00 sys=0.00, real=0.00 secs] 
2.580: [GC (Allocation Failure) 2.580: [DefNew: 959K->63K(960K), 0.0013204 secs] 208242K->207639K(524224K), 0.0013608 secs] [Times: user=0.00 sys=0.00, real=0.00 secs] 
2.583: [GC (Allocation Failure) 2.583: [DefNew: 959K->63K(960K), 0.0013389 secs] 208570K->207976K(524224K), 0.0013729 secs] [Times: user=0.00 sys=0.00, real=0.00 secs] 
2.587: [GC (Allocation Failure) 2.587: [DefNew: 959K->63K(960K), 0.0013533 secs] 208910K->208340K(524224K), 0.0013823 secs] [Times: user=0.00 sys=0.00, real=0.00 secs] 
2.589: [GC (Allocation Failure) 2.589: [DefNew: 959K->63K(960K), 0.0013015 secs] 209279K->208666K(524224K), 0.0013347 secs] [Times: user=0.00 sys=0.00, real=0.00 secs] 
2.593: [GC (Allocation Failure) 2.593: [DefNew: 959K->63K(960K), 0.0013355 secs] 209603K->209014K(524224K), 0.0013680 secs] [Times: user=0.00 sys=0.00, real=0.00 secs] 
2.597: [GC (Allocation Failure) 2.597: [DefNew: 959K->63K(960K), 0.0016251 secs] 209950K->209347K(524224K), 0.0016825 secs] [Times: user=0.00 sys=0.00, real=0.00 secs] 
2.601: [GC (Allocation Failure) 2.601: [DefNew: 959K->64K(960K), 0.0015107 secs] 210276K->209642K(524224K), 0.0015719 secs] [Times: user=0.00 sys=0.00, real=0.00 secs] 
2.605: [GC (Allocation Failure) 2.605: [DefNew: 960K->63K(960K), 0.0013476 secs] 210572K->209944K(524224K), 0.0014035 secs] [Times: user=0.00 sys=0.00, real=0.00 secs] 
2.607: [GC (Allocation Failure) 2.607: [DefNew: 959K->63K(960K), 0.0013113 secs] 210872K->210279K(524224K), 0.0013468 secs] [Times: user=0.00 sys=0.00, real=0.00 secs] 
2.611: [GC (Allocation Failure) 2.611: [DefNew: 959K->63K(960K), 0.0015224 secs] 211209K->210654K(524224K), 0.0015749 secs] [Times: user=0.02 sys=0.00, real=0.00 secs] 
2.615: [GC (Allocation Failure) 2.615: [DefNew: 959K->63K(960K), 0.0015198 secs] 211575K->211018K(524224K), 0.0015704 secs] [Times: user=0.00 sys=0.00, real=0.00 secs] 
2.618: [GC (Allocation Failure) 2.618: [DefNew: 959K->63K(960K), 0.0012977 secs] 211952K->211325K(524224K), 0.0013381 secs] [Times: user=0.00 sys=0.00, real=0.00 secs] 
2.622: [GC (Allocation Failure) 2.622: [DefNew: 959K->63K(960K), 0.0013597 secs] 212253K->211697K(524224K), 0.0013952 secs] [Times: user=0.00 sys=0.00, real=0.00 secs] 
2.626: [GC (Allocation Failure) 2.626: [DefNew: 959K->63K(960K), 0.0013178 secs] 212632K->212033K(524224K), 0.0013514 secs] [Times: user=0.01 sys=0.00, real=0.00 secs] 
2.629: [GC (Allocation Failure) 2.629: [DefNew: 959K->64K(960K), 0.0012830 secs] 212967K->212355K(524224K), 0.0013110 secs] [Times: user=0.00 sys=0.00, real=0.00 secs] 
2.633: [GC (Allocation Failure) 2.633: [DefNew: 960K->63K(960K), 0.0014998 secs] 213273K->212720K(524224K), 0.0015496 secs] [Times: user=0.00 sys=0.00, real=0.00 secs] 
2.636: [GC (Allocation Failure) 2.636: [DefNew: 959K->63K(960K), 0.0014314 secs] 213653K->213038K(524224K), 0.0014722 secs] [Times: user=0.00 sys=0.00, real=0.00 secs] 
2.641: [GC (Allocation Failure) 2.641: [DefNew: 959K->63K(960K), 0.0014273 secs] 213964K->213407K(524224K), 0.0014695 secs] [Times: user=0.02 sys=0.00, real=0.00 secs] 
2.645: [GC (Allocation Failure) 2.645: [DefNew: 959K->63K(960K), 0.0014994 secs] 214330K->213772K(524224K), 0.0015360 secs] [Times: user=0.00 sys=0.00, real=0.00 secs] 
2.648: [GC (Allocation Failure) 2.648: [DefNew: 959K->64K(960K), 0.0013978 secs] 214705K->214119K(524224K), 0.0014307 secs] [Times: user=0.00 sys=0.00, real=0.00 secs] 
2.653: [GC (Allocation Failure) 2.653: [DefNew: 960K->63K(960K), 0.0014522 secs] 215050K->214412K(524224K), 0.0015164 secs] [Times: user=0.00 sys=0.00, real=0.00 secs] 
2.658: [GC (Allocation Failure) 2.658: [DefNew: 959K->64K(960K), 0.0015704 secs] 215342K->214714K(524224K), 0.0016417 secs] [Times: user=0.00 sys=0.00, real=0.00 secs] 
2.661: [GC (Allocation Failure) 2.661: [DefNew: 960K->63K(960K), 0.0013336 secs] 215640K->215021K(524224K), 0.0013910 secs] [Times: user=0.00 sys=0.00, real=0.00 secs] 
2.666: [GC (Allocation Failure) 2.666: [DefNew: 959K->64K(960K), 0.0012751 secs] 215953K->215307K(524224K), 0.0013317 secs] [Times: user=0.00 sys=0.00, real=0.00 secs] 
2.669: [GC (Allocation Failure) 2.669: [DefNew: 960K->63K(960K), 0.0012566 secs] 216239K->215596K(524224K), 0.0013136 secs] [Times: user=0.00 sys=0.00, real=0.00 secs] 
2.673: [GC (Allocation Failure) 2.673: [DefNew: 959K->64K(960K), 0.0012430 secs] 216526K->215887K(524224K), 0.0012974 secs] [Times: user=0.01 sys=0.00, real=0.00 secs] 
2.677: [GC (Allocation Failure) 2.677: [DefNew: 960K->63K(960K), 0.0012826 secs] 216811K->216203K(524224K), 0.0013363 secs] [Times: user=0.00 sys=0.00, real=0.00 secs] 
2.680: [GC (Allocation Failure) 2.680: [DefNew: 959K->63K(960K), 0.0013314 secs] 217135K->216485K(524224K), 0.0013884 secs] [Times: user=0.00 sys=0.00, real=0.00 secs] 
2.684: [GC (Allocation Failure) 2.684: [DefNew: 959K->64K(960K), 0.0012543 secs] 217411K->216778K(524224K), 0.0013106 secs] [Times: user=0.00 sys=0.00, real=0.00 secs] 
2.688: [GC (Allocation Failure) 2.688: [DefNew: 960K->63K(960K), 0.0012464 secs] 217705K->217079K(524224K), 0.0060949 secs] [Times: user=0.02 sys=0.00, real=0.01 secs] 
2.695: [GC (Allocation Failure) 2.695: [DefNew: 959K->63K(960K), 0.0012385 secs] 218012K->217361K(524224K), 0.0012781 secs] [Times: user=0.00 sys=0.00, real=0.00 secs] 
2.698: [GC (Allocation Failure) 2.699: [DefNew: 959K->63K(960K), 0.0014061 secs] 218279K->217696K(524224K), 0.0014650 secs] [Times: user=0.00 sys=0.00, real=0.00 secs] 
2.702: [GC (Allocation Failure) 2.702: [DefNew: 959K->64K(960K), 0.0014424 secs] 218622K->217987K(524224K), 0.0014986 secs] [Times: user=0.00 sys=0.00, real=0.00 secs] 
2.707: [GC (Allocation Failure) 2.707: [DefNew: 960K->64K(960K), 0.0014344 secs] 218910K->218321K(524224K), 0.0014922 secs] [Times: user=0.00 sys=0.00, real=0.00 secs] 
2.711: [GC (Allocation Failure) 2.711: [DefNew: 960K->64K(960K), 0.0014359 secs] 219237K->218653K(524224K), 0.0014850 secs] [Times: user=0.00 sys=0.00, real=0.00 secs] 
2.714: [GC (Allocation Failure) 2.714: [DefNew: 960K->64K(960K), 0.0014850 secs] 219586K->218939K(524224K), 0.0015424 secs] [Times: user=0.00 sys=0.00, real=0.00 secs] 
2.719: [GC (Allocation Failure) 2.719: [DefNew: 960K->63K(960K), 0.0012724 secs] 219866K->219238K(524224K), 0.0013287 secs] [Times: user=0.02 sys=0.00, real=0.00 secs] 
2.723: [GC (Allocation Failure) 2.723: [DefNew: 959K->63K(960K), 0.0021718 secs] 220162K->219542K(524224K), 0.0022640 secs] [Times: user=0.00 sys=0.00, real=0.00 secs] 
2.728: [GC (Allocation Failure) 2.728: [DefNew: 959K->63K(960K), 0.0013042 secs] 220471K->219839K(524224K), 0.0013642 secs] [Times: user=0.00 sys=0.00, real=0.00 secs] 
2.732: [GC (Allocation Failure) 2.732: [DefNew: 959K->63K(960K), 0.0014140 secs] 220766K->220141K(524224K), 0.0014714 secs] [Times: user=0.00 sys=0.00, real=0.00 secs] 
2.735: [GC (Allocation Failure) 2.735: [DefNew: 959K->63K(960K), 0.0012959 secs] 221068K->220437K(524224K), 0.0013578 secs] [Times: user=0.02 sys=0.00, real=0.00 secs] 
2.739: [GC (Allocation Failure) 2.739: [DefNew: 959K->64K(960K), 0.0015118 secs] 221348K->220798K(524224K), 0.0015821 secs] [Times: user=0.00 sys=0.00, real=0.00 secs] 
2.743: [GC (Allocation Failure) 2.743: [DefNew: 960K->63K(960K), 0.0014280 secs] 221724K->221115K(524224K), 0.0015001 secs] [Times: user=0.00 sys=0.00, real=0.00 secs] 
2.746: [GC (Allocation Failure) 2.746: [DefNew: 959K->63K(960K), 0.0013019 secs] 222051K->221396K(524224K), 0.0013582 secs] [Times: user=0.00 sys=0.00, real=0.00 secs] 
2.750: [GC (Allocation Failure) 2.750: [DefNew: 959K->63K(960K), 0.0014661 secs] 222307K->221763K(524224K), 0.0015213 secs] [Times: user=0.00 sys=0.02, real=0.00 secs] 
2.753: [GC (Allocation Failure) 2.753: [DefNew: 959K->64K(960K), 0.0014314 secs] 222695K->222050K(524224K), 0.0014926 secs] [Times: user=0.00 sys=0.00, real=0.00 secs] 
2.757: [GC (Allocation Failure) 2.757: [DefNew: 960K->63K(960K), 0.0016025 secs] 222972K->222385K(524224K), 0.0016761 secs] [Times: user=0.00 sys=0.00, real=0.00 secs] 
2.762: [GC (Allocation Failure) 2.762: [DefNew: 959K->64K(960K), 0.0014080 secs] 223310K->222690K(524224K), 0.0014684 secs] [Times: user=0.00 sys=0.00, real=0.00 secs] 
2.765: [GC (Allocation Failure) 2.765: [DefNew: 960K->63K(960K), 0.0015020 secs] 223607K->223067K(524224K), 0.0015688 secs] [Times: user=0.00 sys=0.00, real=0.00 secs] 
2.770: [GC (Allocation Failure) 2.770: [DefNew: 959K->63K(960K), 0.0015968 secs] 223987K->223387K(524224K), 0.0016716 secs] [Times: user=0.00 sys=0.00, real=0.00 secs] 
2.775: [GC (Allocation Failure) 2.775: [DefNew: 959K->63K(960K), 0.0013559 secs] 224317K->223702K(524224K), 0.0014186 secs] [Times: user=0.00 sys=0.00, real=0.00 secs] 
2.778: [GC (Allocation Failure) 2.779: [DefNew: 959K->63K(960K), 0.0013310 secs] 224632K->223989K(524224K), 0.0013869 secs] [Times: user=0.00 sys=0.00, real=0.00 secs] 
2.784: [GC (Allocation Failure) 2.784: [DefNew: 959K->64K(960K), 0.0014673 secs] 224906K->224319K(524224K), 0.0015152 secs] [Times: user=0.00 sys=0.00, real=0.00 secs] 
2.786: [GC (Allocation Failure) 2.787: [DefNew: 960K->63K(960K), 0.0013801 secs] 225251K->224604K(524224K), 0.0014393 secs] [Times: user=0.00 sys=0.00, real=0.00 secs] 
2.791: [GC (Allocation Failure) 2.791: [DefNew: 959K->63K(960K), 0.0014692 secs] 225516K->224958K(524224K), 0.0015277 secs] [Times: user=0.00 sys=0.00, real=0.00 secs] 
2.796: [GC (Allocation Failure) 2.796: [DefNew: 959K->63K(960K), 0.0015907 secs] 225886K->225261K(524224K), 0.0016572 secs] [Times: user=0.00 sys=0.00, real=0.00 secs] 
2.800: [GC (Allocation Failure) 2.800: [DefNew: 959K->64K(960K), 0.0017671 secs] 226173K->225647K(524224K), 0.0018373 secs] [Times: user=0.00 sys=0.00, real=0.00 secs] 
2.805: [GC (Allocation Failure) 2.805: [DefNew: 960K->64K(960K), 0.0016572 secs] 226566K->225968K(524224K), 0.0017154 secs] [Times: user=0.00 sys=0.00, real=0.00 secs] 
2.808: [GC (Allocation Failure) 2.808: [DefNew: 960K->63K(960K), 0.0013816 secs] 226898K->226262K(524224K), 0.0014356 secs] [Times: user=0.00 sys=0.00, real=0.00 secs] 
2.813: [GC (Allocation Failure) 2.813: [DefNew: 959K->64K(960K), 0.0013676 secs] 227187K->226575K(524224K), 0.0014193 secs] [Times: user=0.02 sys=0.00, real=0.00 secs] 
2.818: [GC (Allocation Failure) 2.818: [DefNew: 960K->64K(960K), 0.0013329 secs] 227504K->226887K(524224K), 0.0013906 secs] [Times: user=0.00 sys=0.00, real=0.00 secs] 
2.821: [GC (Allocation Failure) 2.821: [DefNew: 960K->64K(960K), 0.0013657 secs] 227804K->227212K(524224K), 0.0014148 secs] [Times: user=0.00 sys=0.00, real=0.00 secs] 
2.826: [GC (Allocation Failure) 2.826: [DefNew: 960K->64K(960K), 0.0014303 secs] 228131K->227537K(524224K), 0.0014775 secs] [Times: user=0.00 sys=0.00, real=0.00 secs] 
2.830: [GC (Allocation Failure) 2.830: [DefNew: 960K->64K(960K), 0.0016685 secs] 228464K->227833K(524224K), 0.0017342 secs] [Times: user=0.00 sys=0.00, real=0.00 secs] 
2.834: [GC (Allocation Failure) 2.834: [DefNew: 960K->63K(960K), 0.0013785 secs] 228766K->228127K(524224K), 0.0014408 secs] [Times: user=0.00 sys=0.00, real=0.00 secs] 
2.839: [GC (Allocation Failure) 2.839: [DefNew: 959K->63K(960K), 0.0013378 secs] 229050K->228445K(524224K), 0.0013925 secs] [Times: user=0.00 sys=0.00, real=0.00 secs] 
2.841: [GC (Allocation Failure) 2.841: [DefNew: 959K->63K(960K), 0.0013638 secs] 229373K->228748K(524224K), 0.0014223 secs] [Times: user=0.00 sys=0.00, real=0.00 secs] 
2.847: [GC (Allocation Failure) 2.847: [DefNew: 959K->64K(960K), 0.0015926 secs] 229672K->229057K(524224K), 0.0016463 secs] [Times: user=0.00 sys=0.00, real=0.00 secs] 
2.851: [GC (Allocation Failure) 2.851: [DefNew: 960K->63K(960K), 0.0014341 secs] 229981K->229370K(524224K), 0.0014971 secs] [Times: user=0.00 sys=0.00, real=0.00 secs] 
2.854: [GC (Allocation Failure) 2.854: [DefNew: 959K->63K(960K), 0.0013015 secs] 230299K->229664K(524224K), 0.0013638 secs] [Times: user=0.00 sys=0.00, real=0.00 secs] 
2.859: [GC (Allocation Failure) 2.859: [DefNew: 959K->63K(960K), 0.0013412 secs] 230586K->229984K(524224K), 0.0014129 secs] [Times: user=0.00 sys=0.00, real=0.00 secs] 
2.863: [GC (Allocation Failure) 2.863: [DefNew: 959K->64K(960K), 0.0015711 secs] 230904K->230319K(524224K), 0.0016315 secs] [Times: user=0.00 sys=0.00, real=0.00 secs] 
2.879: [GC (Allocation Failure) 2.880: [DefNew: 960K->63K(960K), 0.0105625 secs] 235347K->234700K(524224K), 0.0106180 secs] [Times: user=0.00 sys=0.00, real=0.01 secs] 
2.893: [GC (Allocation Failure) 2.893: [DefNew: 959K->63K(960K), 0.0013461 secs] 235630K->234991K(524224K), 0.0014027 secs] [Times: user=0.00 sys=0.00, real=0.00 secs] 
2.897: [GC (Allocation Failure) 2.897: [DefNew: 959K->63K(960K), 0.0012392 secs] 235933K->235258K(524224K), 0.0012989 secs] [Times: user=0.00 sys=0.00, real=0.00 secs] 
2.901: [GC (Allocation Failure) 2.901: [DefNew: 959K->63K(960K), 0.0014393 secs] 236184K->235552K(524224K), 0.0015145 secs] [Times: user=0.00 sys=0.00, real=0.00 secs] 
2.905: [GC (Allocation Failure) 2.905: [DefNew: 959K->63K(960K), 0.0011981 secs] 236490K->235834K(524224K), 0.0012404 secs] [Times: user=0.00 sys=0.00, real=0.00 secs] 
2.908: [GC (Allocation Failure) 2.908: [DefNew: 959K->64K(960K), 0.0014405 secs] 236765K->236131K(524224K), 0.0014975 secs] [Times: user=0.00 sys=0.00, real=0.00 secs] 
2.913: [GC (Allocation Failure) 2.913: [DefNew: 960K->64K(960K), 0.0012449 secs] 237055K->236432K(524224K), 0.0013000 secs] [Times: user=0.00 sys=0.00, real=0.00 secs] 
2.918: [GC (Allocation Failure) 2.918: [DefNew: 960K->63K(960K), 0.0012668 secs] 237362K->236727K(524224K), 0.0013268 secs] [Times: user=0.00 sys=0.00, real=0.00 secs] 
2.921: [GC (Allocation Failure) 2.921: [DefNew: 959K->63K(960K), 0.0011886 secs] 237667K->237002K(524224K), 0.0012472 secs] [Times: user=0.00 sys=0.00, real=0.00 secs] 
2.925: [GC (Allocation Failure) 2.925: [DefNew: 959K->64K(960K), 0.0012215 secs] 237934K->237291K(524224K), 0.0012830 secs] [Times: user=0.00 sys=0.00, real=0.00 secs] 
2.929: [GC (Allocation Failure) 2.929: [DefNew: 960K->63K(960K), 0.0015213 secs] 238212K->237607K(524224K), 0.0015855 secs] [Times: user=0.00 sys=0.00, real=0.00 secs] 
2.932: [GC (Allocation Failure) 2.932: [DefNew: 959K->63K(960K), 0.0012989 secs] 238541K->237888K(524224K), 0.0013510 secs] [Times: user=0.00 sys=0.00, real=0.00 secs] 
2.936: [GC (Allocation Failure) 2.936: [DefNew: 959K->64K(960K), 0.0014767 secs] 238820K->238178K(524224K), 0.0015235 secs] [Times: user=0.00 sys=0.00, real=0.00 secs] 
2.939: [GC (Allocation Failure) 2.939: [DefNew: 960K->63K(960K), 0.0016708 secs] 239098K->238490K(524224K), 0.0017157 secs] [Times: user=0.01 sys=0.00, real=0.00 secs] 
2.943: [GC (Allocation Failure) 2.943: [DefNew: 959K->63K(960K), 0.0013899 secs] 239410K->238797K(524224K), 0.0014424 secs] [Times: user=0.00 sys=0.00, real=0.00 secs] 
2.947: [GC (Allocation Failure) 2.947: [DefNew: 959K->63K(960K), 0.0013906 secs] 239745K->239056K(524224K), 0.0014424 secs] [Times: user=0.00 sys=0.00, real=0.00 secs] 
2.949: [GC (Allocation Failure) 2.949: [DefNew: 959K->63K(960K), 0.0013978 secs] 240001K->239315K(524224K), 0.0014442 secs] [Times: user=0.00 sys=0.00, real=0.00 secs] 
2.953: [GC (Allocation Failure) 2.953: [DefNew: 959K->63K(960K), 0.0013499 secs] 240232K->239634K(524224K), 0.0014004 secs] [Times: user=0.00 sys=0.00, real=0.00 secs] 
2.957: [GC (Allocation Failure) 2.957: [DefNew: 959K->63K(960K), 0.0014375 secs] 240563K->239929K(524224K), 0.0014907 secs] [Times: user=0.00 sys=0.00, real=0.00 secs] 
2.959: [GC (Allocation Failure) 2.959: [DefNew: 959K->64K(960K), 0.0011048 secs] 240876K->240192K(524224K), 0.0011456 secs] [Times: user=0.00 sys=0.00, real=0.00 secs] 
2.962: [GC (Allocation Failure) 2.962: [DefNew: 960K->63K(960K), 0.0011116 secs] 241140K->240449K(524224K), 0.0011494 secs] [Times: user=0.00 sys=0.00, real=0.00 secs] 
2.967: [GC (Allocation Failure) 2.967: [DefNew: 959K->63K(960K), 0.0012449 secs] 241385K->240727K(524224K), 0.0013008 secs] [Times: user=0.00 sys=0.00, real=0.00 secs] 
2.971: [GC (Allocation Failure) 2.971: [DefNew: 959K->63K(960K), 0.0013706 secs] 241674K->240989K(524224K), 0.0014439 secs] [Times: user=0.00 sys=0.00, real=0.00 secs] 
2.975: [GC (Allocation Failure) 2.975: [DefNew: 959K->64K(960K), 0.0013529 secs] 241913K->241295K(524224K), 0.0014095 secs] [Times: user=0.00 sys=0.00, real=0.00 secs] 
2.977: [GC (Allocation Failure) 2.977: [DefNew: 960K->64K(960K), 0.0010316 secs] 242250K->241545K(524224K), 0.0010652 secs] [Times: user=0.00 sys=0.00, real=0.00 secs] 
2.982: [GC (Allocation Failure) 2.982: [DefNew: 960K->63K(960K), 0.0011660 secs] 242481K->241824K(524224K), 0.0012343 secs] [Times: user=0.00 sys=0.00, real=0.00 secs] 
2.986: [GC (Allocation Failure) 2.986: [DefNew: 959K->64K(960K), 0.0011713 secs] 242767K->242085K(524224K), 0.0012283 secs] [Times: user=0.00 sys=0.00, real=0.00 secs] 
2.989: [GC (Allocation Failure) 2.989: [DefNew: 960K->63K(960K), 0.0011618 secs] 243013K->242385K(524224K), 0.0012083 secs] [Times: user=0.00 sys=0.00, real=0.00 secs] 
2.994: [GC (Allocation Failure) 2.994: [DefNew: 959K->63K(960K), 0.0012774 secs] 243324K->242658K(524224K), 0.0013329 secs] [Times: user=0.00 sys=0.00, real=0.00 secs] 
2.998: [GC (Allocation Failure) 2.998: [DefNew: 959K->64K(960K), 0.0011860 secs] 243598K->242929K(524224K), 0.0012407 secs] [Times: user=0.00 sys=0.00, real=0.00 secs] 
3.001: [GC (Allocation Failure) 3.001: [DefNew: 960K->63K(960K), 0.0011845 secs] 243869K->243196K(524224K), 0.0012524 secs] [Times: user=0.02 sys=0.00, real=0.00 secs] 
3.005: [GC (Allocation Failure) 3.005: [DefNew: 959K->63K(960K), 0.0013491 secs] 244118K->243500K(524224K), 0.0014069 secs] [Times: user=0.00 sys=0.00, real=0.00 secs] 
3.010: [GC (Allocation Failure) 3.010: [DefNew: 959K->64K(960K), 0.0012490 secs] 244434K->243797K(524224K), 0.0013045 secs] [Times: user=0.00 sys=0.00, real=0.00 secs] 
3.012: [GC (Allocation Failure) 3.012: [DefNew: 960K->63K(960K), 0.0012079 secs] 244747K->244058K(524224K), 0.0012555 secs] [Times: user=0.00 sys=0.00, real=0.00 secs] 
3.017: [GC (Allocation Failure) 3.017: [DefNew: 959K->64K(960K), 0.0011875 secs] 245001K->244331K(524224K), 0.0012426 secs] [Times: user=0.01 sys=0.00, real=0.00 secs] 
3.021: [GC (Allocation Failure) 3.021: [DefNew: 960K->64K(960K), 0.0011788 secs] 245270K->244608K(524224K), 0.0012422 secs] [Times: user=0.00 sys=0.00, real=0.00 secs] 
3.024: [GC (Allocation Failure) 3.024: [DefNew: 960K->64K(960K), 0.0013091 secs] 245531K->244936K(524224K), 0.0013672 secs] [Times: user=0.00 sys=0.00, real=0.00 secs] 
3.030: [GC (Allocation Failure) 3.030: [DefNew: 960K->63K(960K), 0.0013219 secs] 245871K->245221K(524224K), 0.0013789 secs] [Times: user=0.00 sys=0.00, real=0.00 secs] 
3.034: [GC (Allocation Failure) 3.034: [DefNew: 959K->63K(960K), 0.0015024 secs] 246165K->245484K(524224K), 0.0015768 secs] [Times: user=0.00 sys=0.00, real=0.00 secs] 
3.038: [GC (Allocation Failure) 3.038: [DefNew: 959K->63K(960K), 0.0013030 secs] 246418K->245767K(524224K), 0.0013582 secs] [Times: user=0.00 sys=0.00, real=0.00 secs] 
3.043: [GC (Allocation Failure) 3.043: [DefNew: 959K->63K(960K), 0.0013098 secs] 246699K->246059K(524224K), 0.0013672 secs] [Times: user=0.00 sys=0.00, real=0.00 secs] 
3.047: [GC (Allocation Failure) 3.047: [DefNew: 959K->63K(960K), 0.0012400 secs] 246999K->246327K(524224K), 0.0012951 secs] [Times: user=0.00 sys=0.00, real=0.00 secs] 
3.051: [GC (Allocation Failure) 3.051: [DefNew: 959K->63K(960K), 0.0012600 secs] 247267K->246602K(524224K), 0.0013189 secs] [Times: user=0.00 sys=0.00, real=0.00 secs] 
3.055: [GC (Allocation Failure) 3.055: [DefNew: 959K->64K(960K), 0.0011207 secs] 247541K->246873K(524224K), 0.0011648 secs] [Times: user=0.00 sys=0.00, real=0.00 secs] 
3.058: [GC (Allocation Failure) 3.058: [DefNew: 960K->63K(960K), 0.0012966 secs] 247810K->247146K(524224K), 0.0013551 secs] [Times: user=0.00 sys=0.00, real=0.00 secs] 
3.063: [GC (Allocation Failure) 3.063: [DefNew: 959K->63K(960K), 0.0012385 secs] 248084K->247419K(524224K), 0.0012894 secs] [Times: user=0.00 sys=0.00, real=0.00 secs] 
3.067: [GC (Allocation Failure) 3.067: [DefNew: 959K->64K(960K), 0.0015798 secs] 248340K->247740K(524224K), 0.0016546 secs] [Times: user=0.00 sys=0.00, real=0.00 secs] 
3.070: [GC (Allocation Failure) 3.070: [DefNew: 960K->64K(960K), 0.0013064 secs] 248676K->248018K(524224K), 0.0013502 secs] [Times: user=0.00 sys=0.00, real=0.00 secs] 
3.075: [GC (Allocation Failure) 3.075: [DefNew: 960K->63K(960K), 0.0014514 secs] 248953K->248321K(524224K), 0.0015284 secs] [Times: user=0.00 sys=0.00, real=0.00 secs] 
3.081: [GC (Allocation Failure) 3.081: [DefNew: 959K->64K(960K), 0.0012336 secs] 249264K->248589K(524224K), 0.0012879 secs] [Times: user=0.00 sys=0.00, real=0.00 secs] 
3.083: [GC (Allocation Failure) 3.083: [DefNew: 960K->63K(960K), 0.0013042 secs] 249526K->248867K(524224K), 0.0013714 secs] [Times: user=0.00 sys=0.00, real=0.00 secs] 
3.089: [GC (Allocation Failure) 3.089: [DefNew: 959K->63K(960K), 0.0012883 secs] 249806K->249144K(524224K), 0.0013449 secs] [Times: user=0.00 sys=0.00, real=0.00 secs] 
3.093: [GC (Allocation Failure) 3.093: [DefNew: 959K->63K(960K), 0.0012638 secs] 250084K->249416K(524224K), 0.0013204 secs] [Times: user=0.00 sys=0.00, real=0.00 secs] 
3.096: [GC (Allocation Failure) 3.096: [DefNew: 959K->63K(960K), 0.0013185 secs] 250354K->249699K(524224K), 0.0013759 secs] [Times: user=0.00 sys=0.00, real=0.00 secs] 
3.101: [GC (Allocation Failure) 3.101: [DefNew: 959K->64K(960K), 0.0014420 secs] 250636K->249985K(524224K), 0.0015005 secs] [Times: user=0.00 sys=0.00, real=0.00 secs] 
3.103: [GC (Allocation Failure) 3.103: [DefNew: 960K->63K(960K), 0.0013110 secs] 250928K->250251K(524224K), 0.0013668 secs] [Times: user=0.00 sys=0.00, real=0.00 secs] 
3.108: [GC (Allocation Failure) 3.108: [DefNew: 959K->63K(960K), 0.0012570 secs] 251191K->250527K(524224K), 0.0013098 secs] [Times: user=0.00 sys=0.00, real=0.00 secs] 
3.113: [GC (Allocation Failure) 3.113: [DefNew: 959K->64K(960K), 0.0011275 secs] 251465K->250811K(524224K), 0.0011694 secs] [Times: user=0.00 sys=0.00, real=0.00 secs] 
3.116: [GC (Allocation Failure) 3.116: [DefNew: 960K->63K(960K), 0.0010806 secs] 251756K->251068K(524224K), 0.0011195 secs] [Times: user=0.00 sys=0.00, real=0.00 secs] 
3.119: [GC (Allocation Failure) 3.119: [DefNew: 959K->63K(960K), 0.0011641 secs] 252005K->251348K(524224K), 0.0012166 secs] [Times: user=0.00 sys=0.00, real=0.00 secs] 
3.123: [GC (Allocation Failure) 3.123: [DefNew: 959K->63K(960K), 0.0011327 secs] 252288K->251624K(524224K), 0.0011852 secs] [Times: user=0.00 sys=0.00, real=0.00 secs] 
3.125: [GC (Allocation Failure) 3.125: [DefNew: 959K->64K(960K), 0.0011641 secs] 252565K->251893K(524224K), 0.0012219 secs] [Times: user=0.02 sys=0.00, real=0.00 secs] 
3.129: [GC (Allocation Failure) 3.129: [DefNew: 960K->63K(960K), 0.0012581 secs] 252831K->252166K(524224K), 0.0013113 secs] [Times: user=0.00 sys=0.00, real=0.00 secs] 
3.132: [GC (Allocation Failure) 3.132: [DefNew: 959K->64K(960K), 0.0011335 secs] 253105K->252437K(524224K), 0.0011935 secs] [Times: user=0.00 sys=0.00, real=0.00 secs] 
3.136: [GC (Allocation Failure) 3.136: [DefNew: 960K->63K(960K), 0.0012985 secs] 253373K->252718K(524224K), 0.0013551 secs] [Times: user=0.00 sys=0.00, real=0.00 secs] 
3.140: [GC (Allocation Failure) 3.140: [DefNew: 959K->64K(960K), 0.0012268 secs] 253654K->252999K(524224K), 0.0012842 secs] [Times: user=0.00 sys=0.00, real=0.00 secs] 
3.145: [GC (Allocation Failure) 3.145: [DefNew: 960K->63K(960K), 0.0012018 secs] 253938K->253286K(524224K), 0.0012600 secs] [Times: user=0.00 sys=0.00, real=0.00 secs] 
3.148: [GC (Allocation Failure) 3.148: [DefNew: 959K->63K(960K), 0.0012645 secs] 254213K->253582K(524224K), 0.0013212 secs] [Times: user=0.00 sys=0.00, real=0.00 secs] 
3.153: [GC (Allocation Failure) 3.153: [DefNew: 959K->63K(960K), 0.0012479 secs] 254513K->253868K(524224K), 0.0013053 secs] [Times: user=0.00 sys=0.00, real=0.00 secs] 
3.157: [GC (Allocation Failure) 3.157: [DefNew: 959K->63K(960K), 0.0012800 secs] 254805K->254145K(524224K), 0.0013415 secs] [Times: user=0.02 sys=0.00, real=0.00 secs] 
3.161: [GC (Allocation Failure) 3.161: [DefNew: 959K->63K(960K), 0.0012853 secs] 255072K->254447K(524224K), 0.0013412 secs] [Times: user=0.00 sys=0.00, real=0.00 secs] 
3.166: [GC (Allocation Failure) 3.166: [DefNew: 959K->63K(960K), 0.0014465 secs] 255381K->254733K(524224K), 0.0014998 secs] [Times: user=0.00 sys=0.00, real=0.00 secs] 
3.168: [GC (Allocation Failure) 3.168: [DefNew: 959K->63K(960K), 0.0011792 secs] 255676K->255000K(524224K), 0.0012158 secs] [Times: user=0.00 sys=0.00, real=0.00 secs] 
3.173: [GC (Allocation Failure) 3.173: [DefNew: 959K->64K(960K), 0.0013162 secs] 255935K->255292K(524224K), 0.0013721 secs] [Times: user=0.02 sys=0.00, real=0.00 secs] 
3.178: [GC (Allocation Failure) 3.178: [DefNew: 960K->63K(960K), 0.0013196 secs] 256228K->255567K(524224K), 0.0013835 secs] [Times: user=0.00 sys=0.00, real=0.00 secs] 
3.181: [GC (Allocation Failure) 3.181: [DefNew: 959K->64K(960K), 0.0013128 secs] 256507K->255838K(524224K), 0.0013706 secs] [Times: user=0.00 sys=0.00, real=0.00 secs] 
3.186: [GC (Allocation Failure) 3.186: [DefNew: 960K->63K(960K), 0.0011686 secs] 256782K->256105K(524224K), 0.0012260 secs] [Times: user=0.00 sys=0.00, real=0.00 secs] 
3.190: [GC (Allocation Failure) 3.190: [DefNew: 959K->63K(960K), 0.0011286 secs] 257042K->256381K(524224K), 0.0011833 secs] [Times: user=0.00 sys=0.00, real=0.00 secs] 
3.193: [GC (Allocation Failure) 3.193: [DefNew: 959K->64K(960K), 0.0010735 secs] 257327K->256642K(524224K), 0.0011116 secs] [Times: user=0.00 sys=0.00, real=0.00 secs] 
3.196: [GC (Allocation Failure) 3.196: [DefNew: 960K->63K(960K), 0.0011456 secs] 257581K->256915K(524224K), 0.0012030 secs] [Times: user=0.00 sys=0.00, real=0.00 secs] 
3.200: [GC (Allocation Failure) 3.200: [DefNew: 959K->63K(960K), 0.0013789 secs] 257836K->257231K(524224K), 0.0014367 secs] [Times: user=0.00 sys=0.00, real=0.00 secs] 
3.203: [GC (Allocation Failure) 3.203: [DefNew: 959K->63K(960K), 0.0012691 secs] 258172K->257501K(524224K), 0.0013287 secs] [Times: user=0.00 sys=0.00, real=0.00 secs] 
3.207: [GC (Allocation Failure) 3.207: [DefNew: 959K->63K(960K), 0.0014492 secs] 258438K->257785K(524224K), 0.0015054 secs] [Times: user=0.00 sys=0.00, real=0.00 secs] 
3.211: [GC (Allocation Failure) 3.211: [DefNew: 959K->63K(960K), 0.0013287 secs] 258716K->258079K(524224K), 0.0013869 secs] [Times: user=0.00 sys=0.00, real=0.00 secs] 
3.215: [GC (Allocation Failure) 3.215: [DefNew: 959K->64K(960K), 0.0011901 secs] 259015K->258370K(524224K), 0.0012468 secs] [Times: user=0.00 sys=0.00, real=0.00 secs] 
3.219: [GC (Allocation Failure) 3.219: [DefNew: 960K->64K(960K), 0.0012253 secs] 259314K->258633K(524224K), 0.0012951 secs] [Times: user=0.00 sys=0.02, real=0.00 secs] 
3.222: [GC (Allocation Failure) 3.222: [DefNew: 960K->63K(960K), 0.0014446 secs] 259564K->258928K(524224K), 0.0015160 secs] [Times: user=0.00 sys=0.00, real=0.00 secs] 
3.227: [GC (Allocation Failure) 3.227: [DefNew: 959K->63K(960K), 0.0012339 secs] 259859K->259229K(524224K), 0.0012940 secs] [Times: user=0.00 sys=0.00, real=0.00 secs] 
3.231: [GC (Allocation Failure) 3.231: [DefNew: 959K->63K(960K), 0.0012483 secs] 260168K->259503K(524224K), 0.0013117 secs] [Times: user=0.00 sys=0.00, real=0.00 secs] 
3.235: [GC (Allocation Failure) 3.235: [DefNew: 959K->63K(960K), 0.0012649 secs] 260448K->259766K(524224K), 0.0013264 secs] [Times: user=0.01 sys=0.00, real=0.00 secs] 
3.240: [GC (Allocation Failure) 3.240: [DefNew: 959K->63K(960K), 0.0012664 secs] 260692K->260063K(524224K), 0.0013212 secs] [Times: user=0.00 sys=0.00, real=0.00 secs] 
3.245: [GC (Allocation Failure) 3.245: [DefNew: 959K->63K(960K), 0.0013347 secs] 260997K->260347K(524224K), 0.0013899 secs] [Times: user=0.00 sys=0.00, real=0.00 secs] 
3.248: [GC (Allocation Failure) 3.248: [DefNew: 959K->63K(960K), 0.0012683 secs] 261291K->260611K(524224K), 0.0013227 secs] [Times: user=0.00 sys=0.00, real=0.00 secs] 
3.252: [GC (Allocation Failure) 3.252: [DefNew: 959K->64K(960K), 0.0014733 secs] 261549K->260882K(524224K), 0.0015247 secs] [Times: user=0.00 sys=0.00, real=0.00 secs] 
3.256: [GC (Allocation Failure) 3.256: [DefNew: 960K->63K(960K), 0.0013763 secs] 261811K->261184K(524224K), 0.0014476 secs] [Times: user=0.00 sys=0.00, real=0.00 secs] 
3.260: [GC (Allocation Failure) 3.260: [DefNew: 959K->64K(960K), 0.0013257 secs] 262108K->261492K(524224K), 0.0013812 secs] [Times: user=0.00 sys=0.00, real=0.00 secs] 
3.264: [GC (Allocation Failure) 3.264: [DefNew: 960K->63K(960K), 0.0015858 secs] 262419K->261796K(524224K), 0.0016429 secs] [Times: user=0.00 sys=0.00, real=0.00 secs] 
3.267: [GC (Allocation Failure) 3.267: [DefNew: 959K->63K(960K), 0.0012128 secs] 262740K->262062K(524224K), 0.0012675 secs] [Times: user=0.02 sys=0.00, real=0.00 secs] 
3.271: [GC (Allocation Failure) 3.271: [DefNew: 959K->64K(960K), 0.0015602 secs] 262969K->262432K(524224K), 0.0016142 secs] [Times: user=0.00 sys=0.00, real=0.00 secs] 
3.275: [GC (Allocation Failure) 3.275: [DefNew: 960K->64K(960K), 0.0014265 secs] 263357K->262746K(524224K), 0.0014695 secs] [Times: user=0.00 sys=0.00, real=0.00 secs] 
3.278: [GC (Allocation Failure) 3.278: [DefNew: 960K->63K(960K), 0.0011475 secs] 263686K->263019K(524224K), 0.0011845 secs] [Times: user=0.00 sys=0.00, real=0.00 secs] 
3.282: [GC (Allocation Failure) 3.282: [DefNew: 959K->63K(960K), 0.0012487 secs] 263960K->263286K(524224K), 0.0013223 secs] [Times: user=0.01 sys=0.00, real=0.00 secs] 
3.286: [GC (Allocation Failure) 3.286: [DefNew: 959K->63K(960K), 0.0011475 secs] 264229K->263554K(524224K), 0.0012139 secs] [Times: user=0.00 sys=0.00, real=0.00 secs] 
3.289: [GC (Allocation Failure) 3.289: [DefNew: 959K->63K(960K), 0.0011297 secs] 264503K->263812K(524224K), 0.0011867 secs] [Times: user=0.00 sys=0.00, real=0.00 secs] 
3.293: [GC (Allocation Failure) 3.293: [DefNew: 959K->63K(960K), 0.0012415 secs] 264752K->264086K(524224K), 0.0012974 secs] [Times: user=0.00 sys=0.00, real=0.00 secs] 
3.297: [GC (Allocation Failure) 3.297: [DefNew: 959K->64K(960K), 0.0013329 secs] 265027K->264357K(524224K), 0.0013944 secs] [Times: user=0.00 sys=0.02, real=0.00 secs] 
3.299: [GC (Allocation Failure) 3.299: [DefNew: 960K->63K(960K), 0.0015065 secs] 265290K->264639K(524224K), 0.0015594 secs] [Times: user=0.00 sys=0.00, real=0.00 secs] 
3.303: [GC (Allocation Failure) 3.304: [DefNew: 959K->63K(960K), 0.0073636 secs] 265557K->264962K(524224K), 0.0074266 secs] [Times: user=0.00 sys=0.00, real=0.01 secs] 
3.313: [GC (Allocation Failure) 3.313: [DefNew: 959K->64K(960K), 0.0019302 secs] 265872K->265308K(524224K), 0.0019936 secs] [Times: user=0.02 sys=0.00, real=0.00 secs] 
3.317: [GC (Allocation Failure) 3.317: [DefNew: 960K->64K(960K), 0.0020019 secs] 266220K->265646K(524224K), 0.0020688 secs] [Times: user=0.00 sys=0.00, real=0.00 secs] 
3.321: [GC (Allocation Failure) 3.321: [DefNew: 960K->64K(960K), 0.0017154 secs] 266564K->265962K(524224K), 0.0017754 secs] [Times: user=0.00 sys=0.00, real=0.00 secs] 
3.324: [GC (Allocation Failure) 3.324: [DefNew: 960K->63K(960K), 0.0016115 secs] 266892K->266253K(524224K), 0.0016598 secs] [Times: user=0.00 sys=0.00, real=0.00 secs] 
3.329: [GC (Allocation Failure) 3.329: [DefNew: 959K->63K(960K), 0.0012607 secs] 267194K->266522K(524224K), 0.0013125 secs] [Times: user=0.02 sys=0.00, real=0.00 secs] 
3.333: [GC (Allocation Failure) 3.333: [DefNew: 959K->63K(960K), 0.0013551 secs] 267439K->266855K(524224K), 0.0014129 secs] [Times: user=0.00 sys=0.00, real=0.00 secs] 
3.337: [GC (Allocation Failure) 3.337: [DefNew: 959K->63K(960K), 0.0013785 secs] 267795K->267122K(524224K), 0.0014341 secs] [Times: user=0.00 sys=0.00, real=0.00 secs] 
3.341: [GC (Allocation Failure) 3.341: [DefNew: 959K->64K(960K), 0.0013053 secs] 268055K->267412K(524224K), 0.0013604 secs] [Times: user=0.00 sys=0.00, real=0.00 secs] 
3.345: [GC (Allocation Failure) 3.345: [DefNew: 960K->64K(960K), 0.0016164 secs] 268354K->267683K(524224K), 0.0017033 secs] [Times: user=0.02 sys=0.00, real=0.00 secs] 
3.349: [GC (Allocation Failure) 3.349: [DefNew: 960K->63K(960K), 0.0011188 secs] 268622K->267953K(524224K), 0.0011630 secs] [Times: user=0.00 sys=0.00, real=0.00 secs] 
3.353: [GC (Allocation Failure) 3.353: [DefNew: 959K->63K(960K), 0.0013778 secs] 268875K->268264K(524224K), 0.0014378 secs] [Times: user=0.00 sys=0.00, real=0.00 secs] 
3.357: [GC (Allocation Failure) 3.357: [DefNew: 959K->64K(960K), 0.0012438 secs] 269206K->268535K(524224K), 0.0013008 secs] [Times: user=0.00 sys=0.00, real=0.00 secs] 
3.360: [GC (Allocation Failure) 3.360: [DefNew: 960K->64K(960K), 0.0014680 secs] 269471K->268815K(524224K), 0.0015277 secs] [Times: user=0.02 sys=0.00, real=0.00 secs] 
3.365: [GC (Allocation Failure) 3.365: [DefNew: 960K->63K(960K), 0.0013393 secs] 269753K->269092K(524224K), 0.0014088 secs] [Times: user=0.00 sys=0.00, real=0.00 secs] 
3.369: [GC (Allocation Failure) 3.369: [DefNew: 959K->63K(960K), 0.0013019 secs] 270034K->269357K(524224K), 0.0013597 secs] [Times: user=0.00 sys=0.00, real=0.00 secs] 
3.373: [GC (Allocation Failure) 3.373: [DefNew: 959K->64K(960K), 0.0012215 secs] 270298K->269624K(524224K), 0.0012762 secs] [Times: user=0.00 sys=0.00, real=0.00 secs] 
3.378: [GC (Allocation Failure) 3.378: [DefNew: 960K->63K(960K), 0.0016867 secs] 270543K->269957K(524224K), 0.0017542 secs] [Times: user=0.00 sys=0.00, real=0.00 secs] 
3.382: [GC (Allocation Failure) 3.382: [DefNew: 959K->63K(960K), 0.0013876 secs] 270889K->270238K(524224K), 0.0014639 secs] [Times: user=0.00 sys=0.00, real=0.00 secs] 
3.386: [GC (Allocation Failure) 3.386: [DefNew: 959K->63K(960K), 0.0012351 secs] 271185K->270504K(524224K), 0.0012951 secs] [Times: user=0.00 sys=0.00, real=0.00 secs] 
3.390: [GC (Allocation Failure) 3.390: [DefNew: 959K->63K(960K), 0.0011539 secs] 271443K->270776K(524224K), 0.0012120 secs] [Times: user=0.00 sys=0.00, real=0.00 secs] 
3.393: [GC (Allocation Failure) 3.393: [DefNew: 959K->64K(960K), 0.0012283 secs] 271719K->271043K(524224K), 0.0012830 secs] [Times: user=0.00 sys=0.00, real=0.00 secs] 
3.397: [GC (Allocation Failure) 3.397: [DefNew: 960K->64K(960K), 0.0012857 secs] 271970K->271353K(524224K), 0.0013419 secs] [Times: user=0.00 sys=0.00, real=0.00 secs] 
3.400: [GC (Allocation Failure) 3.400: [DefNew: 960K->64K(960K), 0.0013317 secs] 272294K->271621K(524224K), 0.0013884 secs] [Times: user=0.00 sys=0.00, real=0.00 secs] 
3.405: [GC (Allocation Failure) 3.405: [DefNew: 960K->63K(960K), 0.0013914 secs] 272543K->271933K(524224K), 0.0014465 secs] [Times: user=0.00 sys=0.00, real=0.00 secs] 
3.409: [GC (Allocation Failure) 3.409: [DefNew: 959K->63K(960K), 0.0016727 secs] 272871K->272215K(524224K), 0.0017448 secs] [Times: user=0.00 sys=0.00, real=0.00 secs] 
3.413: [GC (Allocation Failure) 3.413: [DefNew: 959K->63K(960K), 0.0012396 secs] 273155K->272489K(524224K), 0.0012970 secs] [Times: user=0.00 sys=0.00, real=0.00 secs] 
3.418: [GC (Allocation Failure) 3.418: [DefNew: 959K->63K(960K), 0.0012453 secs] 273415K->272795K(524224K), 0.0013140 secs] [Times: user=0.00 sys=0.00, real=0.00 secs] 
3.423: [GC (Allocation Failure) 3.423: [DefNew: 959K->63K(960K), 0.0012302 secs] 273735K->273072K(524224K), 0.0012936 secs] [Times: user=0.00 sys=0.00, real=0.00 secs] 
3.426: [GC (Allocation Failure) 3.426: [DefNew: 959K->63K(960K), 0.0013431 secs] 274009K->273353K(524224K), 0.0014020 secs] [Times: user=0.00 sys=0.00, real=0.00 secs] 
3.431: [GC (Allocation Failure) 3.431: [DefNew: 959K->64K(960K), 0.0011592 secs] 274294K->273619K(524224K), 0.0012128 secs] [Times: user=0.00 sys=0.00, real=0.00 secs] 
3.435: [GC (Allocation Failure) 3.435: [DefNew: 960K->64K(960K), 0.0012052 secs] 274557K->273895K(524224K), 0.0012604 secs] [Times: user=0.00 sys=0.00, real=0.00 secs] 
3.439: [GC (Allocation Failure) 3.439: [DefNew: 960K->64K(960K), 0.0012959 secs] 274832K->274176K(524224K), 0.0013510 secs] [Times: user=0.02 sys=0.00, real=0.00 secs] 
3.443: [GC (Allocation Failure) 3.443: [DefNew: 960K->63K(960K), 0.0012449 secs] 275101K->274474K(524224K), 0.0013023 secs] [Times: user=0.00 sys=0.00, real=0.00 secs] 
3.446: [GC (Allocation Failure) 3.446: [DefNew: 959K->63K(960K), 0.0012751 secs] 275412K->274761K(524224K), 0.0013381 secs] [Times: user=0.00 sys=0.00, real=0.00 secs] 
3.451: [GC (Allocation Failure) 3.451: [DefNew: 959K->63K(960K), 0.0012751 secs] 275696K->275039K(524224K), 0.0013306 secs] [Times: user=0.00 sys=0.00, real=0.00 secs] 
3.456: [GC (Allocation Failure) 3.456: [DefNew: 959K->63K(960K), 0.0016500 secs] 275954K->275387K(524224K), 0.0017142 secs] [Times: user=0.00 sys=0.00, real=0.00 secs] 
3.460: [GC (Allocation Failure) 3.460: [DefNew: 959K->63K(960K), 0.0014741 secs] 276315K->275677K(524224K), 0.0015488 secs] [Times: user=0.00 sys=0.00, real=0.00 secs] 
3.465: [GC (Allocation Failure) 3.465: [DefNew: 959K->64K(960K), 0.0012570 secs] 276614K->275958K(524224K), 0.0013212 secs] [Times: user=0.00 sys=0.00, real=0.00 secs] 
3.469: [GC (Allocation Failure) 3.469: [DefNew: 960K->64K(960K), 0.0012706 secs] 276885K->276259K(524224K), 0.0013212 secs] [Times: user=0.00 sys=0.00, real=0.00 secs] 
3.472: [GC (Allocation Failure) 3.472: [DefNew: 960K->63K(960K), 0.0014004 secs] 277202K->276525K(524224K), 0.0014575 secs] [Times: user=0.00 sys=0.00, real=0.00 secs] 
3.476: [GC (Allocation Failure) 3.476: [DefNew: 959K->63K(960K), 0.0014926 secs] 277432K->276895K(524224K), 0.0015439 secs] [Times: user=0.00 sys=0.00, real=0.00 secs] 
3.480: [GC (Allocation Failure) 3.480: [DefNew: 959K->64K(960K), 0.0012864 secs] 277837K->277166K(524224K), 0.0013495 secs] [Times: user=0.00 sys=0.00, real=0.00 secs] 
3.483: [GC (Allocation Failure) 3.483: [DefNew: 960K->63K(960K), 0.0012011 secs] 278100K->277462K(524224K), 0.0012570 secs] [Times: user=0.00 sys=0.00, real=0.00 secs] 
3.487: [GC (Allocation Failure) 3.487: [DefNew: 959K->63K(960K), 0.0011724 secs] 278404K->277727K(524224K), 0.0012290 secs] [Times: user=0.00 sys=0.00, real=0.00 secs] 
3.490: [GC (Allocation Failure) 3.490: [DefNew: 959K->63K(960K), 0.0013212 secs] 278647K->278065K(524224K), 0.0013816 secs] [Times: user=0.00 sys=0.00, real=0.00 secs] 
3.494: [GC (Allocation Failure) 3.494: [DefNew: 959K->64K(960K), 0.0013117 secs] 279001K->278341K(524224K), 0.0013695 secs] [Times: user=0.00 sys=0.00, real=0.00 secs] 
3.498: [GC (Allocation Failure) 3.498: [DefNew: 960K->63K(960K), 0.0013110 secs] 279281K->278610K(524224K), 0.0013638 secs] [Times: user=0.00 sys=0.00, real=0.00 secs] 
3.502: [GC (Allocation Failure) 3.502: [DefNew: 959K->64K(960K), 0.0013752 secs] 279540K->278928K(524224K), 0.0014390 secs] [Times: user=0.00 sys=0.00, real=0.00 secs] 
3.506: [GC (Allocation Failure) 3.506: [DefNew: 960K->64K(960K), 0.0016296 secs] 279855K->279250K(524224K), 0.0017116 secs] [Times: user=0.00 sys=0.00, real=0.00 secs] 
3.511: [GC (Allocation Failure) 3.511: [DefNew: 960K->63K(960K), 0.0015617 secs] 280185K->279527K(524224K), 0.0016187 secs] [Times: user=0.00 sys=0.00, real=0.00 secs] 
3.514: [GC (Allocation Failure) 3.514: [DefNew: 959K->64K(960K), 0.0011894 secs] 280471K->279799K(524224K), 0.0012483 secs] [Times: user=0.00 sys=0.00, real=0.00 secs] 
3.519: [GC (Allocation Failure) 3.519: [DefNew: 960K->63K(960K), 0.0013106 secs] 280736K->280075K(524224K), 0.0013710 secs] [Times: user=0.00 sys=0.00, real=0.00 secs] 
3.524: [GC (Allocation Failure) 3.524: [DefNew: 959K->63K(960K), 0.0013011 secs] 281008K->280363K(524224K), 0.0013600 secs] [Times: user=0.00 sys=0.00, real=0.00 secs] 
3.528: [GC (Allocation Failure) 3.528: [DefNew: 959K->64K(960K), 0.0012728 secs] 281306K->280629K(524224K), 0.0013280 secs] [Times: user=0.00 sys=0.00, real=0.00 secs] 
3.533: [GC (Allocation Failure) 3.533: [DefNew: 960K->64K(960K), 0.0014118 secs] 281563K->280910K(524224K), 0.0014646 secs] [Times: user=0.00 sys=0.00, real=0.00 secs] 
3.536: [GC (Allocation Failure) 3.536: [DefNew: 960K->63K(960K), 0.0013461 secs] 281849K->281177K(524224K), 0.0014035 secs] [Times: user=0.00 sys=0.00, real=0.00 secs] 
3.541: [GC (Allocation Failure) 3.541: [DefNew: 959K->64K(960K), 0.0013744 secs] 282108K->281469K(524224K), 0.0014333 secs] [Times: user=0.00 sys=0.00, real=0.00 secs] 
3.546: [GC (Allocation Failure) 3.546: [DefNew: 960K->63K(960K), 0.0012551 secs] 282410K->281734K(524224K), 0.0013113 secs] [Times: user=0.00 sys=0.00, real=0.00 secs] 
3.549: [GC (Allocation Failure) 3.549: [DefNew: 959K->63K(960K), 0.0015149 secs] 282655K->282042K(524224K), 0.0015722 secs] [Times: user=0.00 sys=0.00, real=0.00 secs] 
3.554: [GC (Allocation Failure) 3.554: [DefNew: 959K->63K(960K), 0.0013770 secs] 282968K->282342K(524224K), 0.0014359 secs] [Times: user=0.00 sys=0.00, real=0.00 secs] 
3.559: [GC (Allocation Failure) 3.559: [DefNew: 959K->63K(960K), 0.0012966 secs] 283283K->282613K(524224K), 0.0013521 secs] [Times: user=0.00 sys=0.00, real=0.00 secs] 
3.562: [GC (Allocation Failure) 3.562: [DefNew: 959K->63K(960K), 0.0012249 secs] 283555K->282885K(524224K), 0.0012860 secs] [Times: user=0.00 sys=0.00, real=0.00 secs] 
3.567: [GC (Allocation Failure) 3.567: [DefNew: 959K->63K(960K), 0.0012989 secs] 283810K->283187K(524224K), 0.0013453 secs] [Times: user=0.00 sys=0.00, real=0.00 secs] 
3.572: [GC (Allocation Failure) 3.572: [DefNew: 959K->63K(960K), 0.0012222 secs] 284135K->283454K(524224K), 0.0012762 secs] [Times: user=0.00 sys=0.00, real=0.00 secs] 
3.575: [GC (Allocation Failure) 3.575: [DefNew: 959K->64K(960K), 0.0016489 secs] 284381K->283766K(524224K), 0.0017097 secs] [Times: user=0.00 sys=0.00, real=0.00 secs] 
3.580: [GC (Allocation Failure) 3.580: [DefNew: 960K->64K(960K), 0.0013385 secs] 284683K->284095K(524224K), 0.0013914 secs] [Times: user=0.00 sys=0.00, real=0.00 secs] 
3.583: [GC (Allocation Failure) 3.583: [DefNew: 960K->63K(960K), 0.0013283 secs] 285041K->284362K(524224K), 0.0013831 secs] [Times: user=0.00 sys=0.00, real=0.00 secs] 
3.587: [GC (Allocation Failure) 3.587: [DefNew: 959K->63K(960K), 0.0011913 secs] 285302K->284634K(524224K), 0.0012483 secs] [Times: user=0.00 sys=0.00, real=0.00 secs] 
3.592: [GC (Allocation Failure) 3.592: [DefNew: 959K->63K(960K), 0.0012411 secs] 285562K->284930K(524224K), 0.0013087 secs] [Times: user=0.00 sys=0.00, real=0.00 secs] 
3.595: [GC (Allocation Failure) 3.595: [DefNew: 959K->63K(960K), 0.0015964 secs] 285855K->285232K(524224K), 0.0016621 secs] [Times: user=0.00 sys=0.00, real=0.00 secs] 
3.600: [GC (Allocation Failure) 3.600: [DefNew: 959K->63K(960K), 0.0013687 secs] 286173K->285503K(524224K), 0.0014322 secs] [Times: user=0.00 sys=0.00, real=0.00 secs] 
3.605: [GC (Allocation Failure) 3.605: [DefNew: 959K->64K(960K), 0.0013997 secs] 286436K->285783K(524224K), 0.0014601 secs] [Times: user=0.00 sys=0.00, real=0.00 secs] 
3.607: [GC (Allocation Failure) 3.607: [DefNew: 960K->63K(960K), 0.0013004 secs] 286719K->286062K(524224K), 0.0013665 secs] [Times: user=0.00 sys=0.00, real=0.00 secs] 
3.612: [GC (Allocation Failure) 3.612: [DefNew: 959K->63K(960K), 0.0015749 secs] 286995K->286352K(524224K), 0.0016519 secs] [Times: user=0.00 sys=0.00, real=0.00 secs] 
3.616: [GC (Allocation Failure) 3.616: [DefNew: 959K->64K(960K), 0.0014775 secs] 287284K->286639K(524224K), 0.0015451 secs] [Times: user=0.00 sys=0.00, real=0.00 secs] 
3.620: [GC (Allocation Failure) 3.620: [DefNew: 960K->64K(960K), 0.0012724 secs] 287577K->286921K(524224K), 0.0013276 secs] [Times: user=0.00 sys=0.00, real=0.00 secs] 
3.625: [GC (Allocation Failure) 3.625: [DefNew: 960K->64K(960K), 0.0012245 secs] 287860K->287190K(524224K), 0.0012819 secs] [Times: user=0.00 sys=0.00, real=0.00 secs] 
3.628: [GC (Allocation Failure) 3.628: [DefNew: 960K->64K(960K), 0.0014303 secs] 288111K->287535K(524224K), 0.0015024 secs] [Times: user=0.00 sys=0.00, real=0.00 secs] 
3.632: [GC (Allocation Failure) 3.632: [DefNew: 960K->63K(960K), 0.0014446 secs] 288468K->287824K(524224K), 0.0015043 secs] [Times: user=0.00 sys=0.00, real=0.00 secs] 
3.637: [GC (Allocation Failure) 3.637: [DefNew: 959K->63K(960K), 0.0013903 secs] 288764K->288098K(524224K), 0.0014484 secs] [Times: user=0.00 sys=0.00, real=0.00 secs] 
3.640: [GC (Allocation Failure) 3.640: [DefNew: 959K->63K(960K), 0.0013053 secs] 289034K->288383K(524224K), 0.0013736 secs] [Times: user=0.00 sys=0.00, real=0.00 secs] 
3.645: [GC (Allocation Failure) 3.645: [DefNew: 959K->64K(960K), 0.0014850 secs] 289309K->288698K(524224K), 0.0015651 secs] [Times: user=0.00 sys=0.00, real=0.00 secs] 
3.650: [GC (Allocation Failure) 3.650: [DefNew: 960K->63K(960K), 0.0012966 secs] 289639K->288966K(524224K), 0.0013525 secs] [Times: user=0.00 sys=0.00, real=0.00 secs] 
3.654: [GC (Allocation Failure) 3.654: [DefNew: 959K->63K(960K), 0.0011758 secs] 289900K->289246K(524224K), 0.0012351 secs] [Times: user=0.00 sys=0.00, real=0.00 secs] 
3.657: [GC (Allocation Failure) 3.657: [DefNew: 959K->63K(960K), 0.0012449 secs] 290191K->289513K(524224K), 0.0013095 secs] [Times: user=0.01 sys=0.00, real=0.00 secs] 
3.662: [GC (Allocation Failure) 3.662: [DefNew: 959K->64K(960K), 0.0012396 secs] 290446K->289812K(524224K), 0.0012985 secs] [Times: user=0.00 sys=0.00, real=0.00 secs] 
3.665: [GC (Allocation Failure) 3.665: [DefNew: 960K->63K(960K), 0.0012015 secs] 290754K->290082K(524224K), 0.0012596 secs] [Times: user=0.00 sys=0.00, real=0.00 secs] 
3.668: [GC (Allocation Failure) 3.668: [DefNew: 959K->63K(960K), 0.0013057 secs] 291012K->290388K(524224K), 0.0013536 secs] [Times: user=0.00 sys=0.00, real=0.00 secs] 
3.673: [GC (Allocation Failure) 3.673: [DefNew: 959K->63K(960K), 0.0012483 secs] 291330K->290660K(524224K), 0.0013011 secs] [Times: user=0.02 sys=0.00, real=0.00 secs] 
3.675: [GC (Allocation Failure) 3.675: [DefNew: 959K->64K(960K), 0.0011562 secs] 291593K->290941K(524224K), 0.0011890 secs] [Times: user=0.00 sys=0.00, real=0.00 secs] 
3.679: [GC (Allocation Failure) 3.679: [DefNew: 960K->63K(960K), 0.0016006 secs] 291858K->291258K(524224K), 0.0016470 secs] [Times: user=0.00 sys=0.00, real=0.00 secs] 
3.682: [GC (Allocation Failure) 3.682: [DefNew: 959K->63K(960K), 0.0012921 secs] 292191K->291545K(524224K), 0.0013483 secs] [Times: user=0.00 sys=0.00, real=0.00 secs] 
3.687: [GC (Allocation Failure) 3.687: [DefNew: 959K->63K(960K), 0.0012524 secs] 292476K->291836K(524224K), 0.0013106 secs] [Times: user=0.00 sys=0.00, real=0.00 secs] 
3.692: [GC (Allocation Failure) 3.692: [DefNew: 959K->63K(960K), 0.0012524 secs] 292777K->292105K(524224K), 0.0013200 secs] [Times: user=0.00 sys=0.00, real=0.00 secs] 
3.696: [GC (Allocation Failure) 3.696: [DefNew: 959K->64K(960K), 0.0015390 secs] 293032K->292427K(524224K), 0.0016289 secs] [Times: user=0.00 sys=0.00, real=0.00 secs] 
3.701: [GC (Allocation Failure) 3.701: [DefNew: 960K->64K(960K), 0.0014269 secs] 293360K->292705K(524224K), 0.0014839 secs] [Times: user=0.00 sys=0.00, real=0.00 secs] 
3.706: [GC (Allocation Failure) 3.706: [DefNew: 960K->63K(960K), 0.0013948 secs] 293637K->292995K(524224K), 0.0014695 secs] [Times: user=0.00 sys=0.00, real=0.00 secs] 
3.709: [GC (Allocation Failure) 3.709: [DefNew: 959K->64K(960K), 0.0013287 secs] 293935K->293272K(524224K), 0.0013861 secs] [Times: user=0.00 sys=0.00, real=0.00 secs] 
3.713: [GC (Allocation Failure) 3.713: [DefNew: 960K->63K(960K), 0.0013336 secs] 294198K->293560K(524224K), 0.0013884 secs] [Times: user=0.00 sys=0.00, real=0.00 secs] 
3.717: [GC (Allocation Failure) 3.717: [DefNew: 959K->64K(960K), 0.0016402 secs] 294494K->293844K(524224K), 0.0016961 secs] [Times: user=0.00 sys=0.00, real=0.00 secs] 
3.720: [GC (Allocation Failure) 3.720: [DefNew: 960K->63K(960K), 0.0015296 secs] 294787K->294116K(524224K), 0.0016093 secs] [Times: user=0.01 sys=0.00, real=0.00 secs] 
3.725: [GC (Allocation Failure) 3.725: [DefNew: 959K->64K(960K), 0.0013389 secs] 295043K->294427K(524224K), 0.0014054 secs] [Times: user=0.00 sys=0.00, real=0.00 secs] 
3.727: [GC (Allocation Failure) 3.727: [DefNew: 960K->63K(960K), 0.0012800 secs] 295366K->294698K(524224K), 0.0013378 secs] [Times: user=0.00 sys=0.00, real=0.00 secs] 
3.732: [GC (Allocation Failure) 3.732: [DefNew: 959K->63K(960K), 0.0013963 secs] 295626K->295009K(524224K), 0.0014529 secs] [Times: user=0.00 sys=0.00, real=0.00 secs] 
3.737: [GC (Allocation Failure) 3.737: [DefNew: 959K->64K(960K), 0.0014820 secs] 295950K->295280K(524224K), 0.0015409 secs] [Times: user=0.00 sys=0.00, real=0.00 secs] 
3.741: [GC (Allocation Failure) 3.741: [DefNew: 960K->64K(960K), 0.0014386 secs] 296224K->295545K(524224K), 0.0015028 secs] [Times: user=0.00 sys=0.00, real=0.00 secs] 
3.746: [GC (Allocation Failure) 3.746: [DefNew: 960K->64K(960K), 0.0012785 secs] 296483K->295818K(524224K), 0.0013351 secs] [Times: user=0.00 sys=0.00, real=0.00 secs] 
3.752: [GC (Allocation Failure) 3.752: [DefNew: 960K->63K(960K), 0.0014862 secs] 296752K->296106K(524224K), 0.0015541 secs] [Times: user=0.00 sys=0.00, real=0.00 secs] 
3.755: [GC (Allocation Failure) 3.755: [DefNew: 959K->63K(960K), 0.0012339 secs] 297049K->296371K(524224K), 0.0012925 secs] [Times: user=0.00 sys=0.00, real=0.00 secs] 
3.758: [GC (Allocation Failure) 3.758: [DefNew: 959K->64K(960K), 0.0014072 secs] 297307K->296649K(524224K), 0.0014605 secs] [Times: user=0.00 sys=0.00, real=0.00 secs] 
3.763: [GC (Allocation Failure) 3.763: [DefNew: 960K->64K(960K), 0.0014193 secs] 297560K->296991K(524224K), 0.0014627 secs] [Times: user=0.00 sys=0.00, real=0.00 secs] 
3.765: [GC (Allocation Failure) 3.765: [DefNew: 960K->64K(960K), 0.0013238 secs] 297921K->297294K(524224K), 0.0013631 secs] [Times: user=0.00 sys=0.00, real=0.00 secs] 
3.769: [GC (Allocation Failure) 3.769: [DefNew: 960K->63K(960K), 0.0014986 secs] 298211K->297626K(524224K), 0.0015417 secs] [Times: user=0.00 sys=0.00, real=0.00 secs] 
3.772: [GC (Allocation Failure) 3.772: [DefNew: 959K->63K(960K), 0.0022296 secs] 298557K->297908K(524224K), 0.0022915 secs] [Times: user=0.00 sys=0.00, real=0.00 secs] 
3.776: [GC (Allocation Failure) 3.776: [DefNew: 959K->63K(960K), 0.0012528 secs] 298846K->298189K(524224K), 0.0012955 secs] [Times: user=0.00 sys=0.00, real=0.00 secs] 
3.780: [GC (Allocation Failure) 3.780: [DefNew: 959K->63K(960K), 0.0014091 secs] 299134K->298456K(524224K), 0.0014575 secs] [Times: user=0.00 sys=0.00, real=0.00 secs] 
3.783: [GC (Allocation Failure) 3.783: [DefNew: 959K->63K(960K), 0.0016149 secs] 299390K->298737K(524224K), 0.0016663 secs] [Times: user=0.02 sys=0.00, real=0.00 secs] 
3.786: [GC (Allocation Failure) 3.786: [DefNew: 959K->63K(960K), 0.0012049 secs] 299676K->299009K(524224K), 0.0012490 secs] [Times: user=0.00 sys=0.00, real=0.00 secs] 
3.790: [GC (Allocation Failure) 3.790: [DefNew: 959K->63K(960K), 0.0011524 secs] 299948K->299279K(524224K), 0.0011977 secs] [Times: user=0.00 sys=0.00, real=0.00 secs] 
3.792: [GC (Allocation Failure) 3.792: [DefNew: 959K->63K(960K), 0.0013030 secs] 300202K->299604K(524224K), 0.0013457 secs] [Times: user=0.00 sys=0.00, real=0.00 secs] 
3.796: [GC (Allocation Failure) 3.796: [DefNew: 959K->63K(960K), 0.0012441 secs] 300548K->299870K(524224K), 0.0012830 secs] [Times: user=0.00 sys=0.00, real=0.00 secs] 
3.799: [GC (Allocation Failure) 3.799: [DefNew: 959K->63K(960K), 0.0013378 secs] 300787K->300203K(524224K), 0.0013967 secs] [Times: user=0.00 sys=0.00, real=0.00 secs] 
3.802: [GC (Allocation Failure) 3.802: [DefNew: 959K->63K(960K), 0.0015194 secs] 301142K->300474K(524224K), 0.0015738 secs] [Times: user=0.00 sys=0.00, real=0.00 secs] 
3.806: [GC (Allocation Failure) 3.806: [DefNew: 959K->64K(960K), 0.0014008 secs] 301399K->300776K(524224K), 0.0014627 secs] [Times: user=0.00 sys=0.00, real=0.00 secs] 
3.808: [GC (Allocation Failure) 3.808: [DefNew: 960K->64K(960K), 0.0019808 secs] 301694K->301104K(524224K), 0.0020352 secs] [Times: user=0.00 sys=0.00, real=0.00 secs] 
3.813: [GC (Allocation Failure) 3.813: [DefNew: 960K->64K(960K), 0.0020986 secs] 302015K->301451K(524224K), 0.0021628 secs] [Times: user=0.02 sys=0.00, real=0.00 secs] 
3.818: [GC (Allocation Failure) 3.818: [DefNew: 960K->64K(960K), 0.0014831 secs] 302382K->301737K(524224K), 0.0015303 secs] [Times: user=0.00 sys=0.00, real=0.00 secs] 
3.821: [GC (Allocation Failure) 3.821: [DefNew: 960K->64K(960K), 0.0020763 secs] 302662K->302050K(524224K), 0.0021439 secs] [Times: user=0.00 sys=0.00, real=0.00 secs] 
3.826: [GC (Allocation Failure) 3.826: [DefNew: 960K->63K(960K), 0.0012691 secs] 302981K->302341K(524224K), 0.0013155 secs] [Times: user=0.00 sys=0.00, real=0.00 secs] 
3.829: [GC (Allocation Failure) 3.829: [DefNew: 959K->63K(960K), 0.0016670 secs] 303279K->302615K(524224K), 0.0017248 secs] [Times: user=0.02 sys=0.00, real=0.00 secs] 
3.832: [GC (Allocation Failure) 3.832: [DefNew: 959K->63K(960K), 0.0019721 secs] 303533K->302938K(524224K), 0.0020242 secs] [Times: user=0.00 sys=0.00, real=0.00 secs] 
3.837: [GC (Allocation Failure) 3.837: [DefNew: 959K->64K(960K), 0.0013393 secs] 303874K->303220K(524224K), 0.0013944 secs] [Times: user=0.00 sys=0.00, real=0.00 secs] 
3.841: [GC (Allocation Failure) 3.841: [DefNew: 960K->63K(960K), 0.0012694 secs] 304160K->303491K(524224K), 0.0013264 secs] [Times: user=0.00 sys=0.00, real=0.00 secs] 
3.845: [GC (Allocation Failure) 3.845: [DefNew: 959K->64K(960K), 0.0016674 secs] 304424K->303777K(524224K), 0.0017425 secs] [Times: user=0.00 sys=0.00, real=0.00 secs] 
3.850: [GC (Allocation Failure) 3.850: [DefNew: 960K->63K(960K), 0.0013019 secs] 304706K->304071K(524224K), 0.0013646 secs] [Times: user=0.00 sys=0.00, real=0.00 secs] 
3.853: [GC (Allocation Failure) 3.853: [DefNew: 959K->63K(960K), 0.0013321 secs] 305011K->304344K(524224K), 0.0013899 secs] [Times: user=0.00 sys=0.00, real=0.00 secs] 
3.858: [GC (Allocation Failure) 3.858: [DefNew: 959K->63K(960K), 0.0012755 secs] 305279K->304624K(524224K), 0.0013340 secs] [Times: user=0.00 sys=0.00, real=0.00 secs] 
3.864: [GC (Allocation Failure) 3.864: [DefNew: 959K->63K(960K), 0.0014601 secs] 305556K->304912K(524224K), 0.0015186 secs] [Times: user=0.00 sys=0.00, real=0.00 secs] 
3.867: [GC (Allocation Failure) 3.867: [DefNew: 959K->63K(960K), 0.0012449 secs] 305849K->305187K(524224K), 0.0012947 secs] [Times: user=0.00 sys=0.00, real=0.00 secs] 
3.870: [GC (Allocation Failure) 3.870: [DefNew: 959K->64K(960K), 0.0012490 secs] 306121K->305471K(524224K), 0.0013072 secs] [Times: user=0.00 sys=0.00, real=0.00 secs] 
3.874: [GC (Allocation Failure) 3.874: [DefNew: 960K->63K(960K), 0.0012581 secs] 306411K->305738K(524224K), 0.0013204 secs] [Times: user=0.00 sys=0.00, real=0.00 secs] 
3.877: [GC (Allocation Failure) 3.877: [DefNew: 959K->63K(960K), 0.0013544 secs] 306677K->306024K(524224K), 0.0014114 secs] [Times: user=0.00 sys=0.00, real=0.00 secs] 
3.882: [GC (Allocation Failure) 3.882: [DefNew: 959K->63K(960K), 0.0013378 secs] 306948K->306331K(524224K), 0.0013918 secs] [Times: user=0.00 sys=0.00, real=0.00 secs] 
3.885: [GC (Allocation Failure) 3.885: [DefNew: 959K->63K(960K), 0.0013110 secs] 307271K->306608K(524224K), 0.0013665 secs] [Times: user=0.00 sys=0.00, real=0.00 secs] 
3.889: [GC (Allocation Failure) 3.889: [DefNew: 959K->63K(960K), 0.0013415 secs] 307532K->306907K(524224K), 0.0014023 secs] [Times: user=0.00 sys=0.00, real=0.00 secs] 
3.893: [GC (Allocation Failure) 3.893: [DefNew: 959K->63K(960K), 0.0014828 secs] 307839K->307202K(524224K), 0.0015439 secs] [Times: user=0.00 sys=0.00, real=0.00 secs] 
3.896: [GC (Allocation Failure) 3.896: [DefNew: 959K->63K(960K), 0.0013381 secs] 308141K->307479K(524224K), 0.0013978 secs] [Times: user=0.00 sys=0.00, real=0.00 secs] 
3.900: [GC (Allocation Failure) 3.901: [DefNew: 959K->63K(960K), 0.0013011 secs] 308415K->307759K(524224K), 0.0013616 secs] [Times: user=0.00 sys=0.00, real=0.00 secs] 
3.905: [GC (Allocation Failure) 3.905: [DefNew: 959K->63K(960K), 0.0013098 secs] 308697K->308033K(524224K), 0.0013502 secs] [Times: user=0.00 sys=0.00, real=0.00 secs] 
3.908: [GC (Allocation Failure) 3.908: [DefNew: 959K->63K(960K), 0.0013808 secs] 308966K->308337K(524224K), 0.0014548 secs] [Times: user=0.00 sys=0.00, real=0.00 secs] 
3.913: [GC (Allocation Failure) 3.913: [DefNew: 959K->64K(960K), 0.0013880 secs] 309264K->308636K(524224K), 0.0014518 secs] [Times: user=0.00 sys=0.00, real=0.00 secs] 
3.918: [GC (Allocation Failure) 3.918: [DefNew: 960K->63K(960K), 0.0013517 secs] 309567K->308925K(524224K), 0.0014076 secs] [Times: user=0.00 sys=0.00, real=0.00 secs] 
3.921: [GC (Allocation Failure) 3.921: [DefNew: 959K->63K(960K), 0.0013181 secs] 309864K->309206K(524224K), 0.0013759 secs] [Times: user=0.00 sys=0.00, real=0.00 secs] 
3.927: [GC (Allocation Failure) 3.927: [DefNew: 959K->63K(960K), 0.0014737 secs] 310113K->309569K(524224K), 0.0015360 secs] [Times: user=0.00 sys=0.00, real=0.00 secs] 
3.930: [GC (Allocation Failure) 3.930: [DefNew: 959K->64K(960K), 0.0013389 secs] 310509K->309844K(524224K), 0.0013857 secs] [Times: user=0.00 sys=0.00, real=0.00 secs] 
3.935: [GC (Allocation Failure) 3.935: [DefNew: 960K->63K(960K), 0.0013257 secs] 310768K->310154K(524224K), 0.0013842 secs] [Times: user=0.00 sys=0.00, real=0.00 secs] 
3.939: [GC (Allocation Failure) 3.939: [DefNew: 959K->64K(960K), 0.0013079 secs] 311085K->310442K(524224K), 0.0013733 secs] [Times: user=0.00 sys=0.00, real=0.00 secs] 
3.943: [GC (Allocation Failure) 3.943: [DefNew: 960K->63K(960K), 0.0014941 secs] 311370K->310740K(524224K), 0.0015553 secs] [Times: user=0.00 sys=0.00, real=0.00 secs] 
3.948: [GC (Allocation Failure) 3.948: [DefNew: 959K->63K(960K), 0.0012864 secs] 311672K->311026K(524224K), 0.0013453 secs] [Times: user=0.00 sys=0.00, real=0.00 secs] 
3.952: [GC (Allocation Failure) 3.952: [DefNew: 959K->64K(960K), 0.0013438 secs] 311960K->311307K(524224K), 0.0014008 secs] [Times: user=0.00 sys=0.00, real=0.00 secs] 
3.956: [GC (Allocation Failure) 3.956: [DefNew: 960K->63K(960K), 0.0014767 secs] 312240K->311593K(524224K), 0.0015360 secs] [Times: user=0.00 sys=0.00, real=0.00 secs] 
3.960: [GC (Allocation Failure) 3.960: [DefNew: 959K->63K(960K), 0.0013389 secs] 312530K->311870K(524224K), 0.0013967 secs] [Times: user=0.00 sys=0.00, real=0.00 secs] 
3.965: [GC (Allocation Failure) 3.965: [DefNew: 959K->63K(960K), 0.0014020 secs] 312796K->312170K(524224K), 0.0014748 secs] [Times: user=0.00 sys=0.00, real=0.00 secs] 
3.969: [GC (Allocation Failure) 3.969: [DefNew: 959K->63K(960K), 0.0013457 secs] 313103K->312453K(524224K), 0.0014023 secs] [Times: user=0.00 sys=0.00, real=0.00 secs] 
3.973: [GC (Allocation Failure) 3.973: [DefNew: 959K->64K(960K), 0.0015685 secs] 313390K->312731K(524224K), 0.0016364 secs] [Times: user=0.00 sys=0.00, real=0.00 secs] 
3.976: [GC (Allocation Failure) 3.976: [DefNew: 960K->63K(960K), 0.0013468 secs] 313649K->313068K(524224K), 0.0014050 secs] [Times: user=0.00 sys=0.00, real=0.00 secs] 
3.981: [GC (Allocation Failure) 3.981: [DefNew: 959K->63K(960K), 0.0015326 secs] 313981K->313421K(524224K), 0.0015934 secs] [Times: user=0.00 sys=0.00, real=0.00 secs] 
3.986: [GC (Allocation Failure) 3.986: [DefNew: 959K->63K(960K), 0.0014552 secs] 314359K->313695K(524224K), 0.0015122 secs] [Times: user=0.00 sys=0.00, real=0.00 secs] 
3.989: [GC (Allocation Failure) 3.989: [DefNew: 959K->63K(960K), 0.0014254 secs] 314634K->313970K(524224K), 0.0014824 secs] [Times: user=0.00 sys=0.00, real=0.00 secs] 
3.993: [GC (Allocation Failure) 3.993: [DefNew: 959K->64K(960K), 0.0013865 secs] 314888K->314289K(524224K), 0.0014439 secs] [Times: user=0.00 sys=0.00, real=0.00 secs] 
3.998: [GC (Allocation Failure) 3.998: [DefNew: 960K->63K(960K), 0.0012434 secs] 315226K->314569K(524224K), 0.0013064 secs] [Times: user=0.00 sys=0.00, real=0.00 secs] 
4.000: [GC (Allocation Failure) 4.000: [DefNew: 959K->63K(960K), 0.0013827 secs] 315494K->314884K(524224K), 0.0014299 secs] [Times: user=0.02 sys=0.00, real=0.00 secs] 
4.005: [GC (Allocation Failure) 4.005: [DefNew: 959K->64K(960K), 0.0014424 secs] 315811K->315184K(524224K), 0.0014907 secs] [Times: user=0.00 sys=0.00, real=0.00 secs] 
4.007: [GC (Allocation Failure) 4.007: [DefNew: 960K->63K(960K), 0.0014110 secs] 316113K->315483K(524224K), 0.0014643 secs] [Times: user=0.00 sys=0.00, real=0.00 secs] 
4.012: [GC (Allocation Failure) 4.012: [DefNew: 959K->63K(960K), 0.0013774 secs] 316402K->315801K(524224K), 0.0014363 secs] [Times: user=0.00 sys=0.00, real=0.00 secs] 
4.016: [GC (Allocation Failure) 4.016: [DefNew: 959K->64K(960K), 0.0014269 secs] 316718K->316132K(524224K), 0.0014873 secs] [Times: user=0.02 sys=0.00, real=0.00 secs] 
4.020: [GC (Allocation Failure) 4.020: [DefNew: 960K->63K(960K), 0.0016013 secs] 317062K->316437K(524224K), 0.0016674 secs] [Times: user=0.00 sys=0.00, real=0.00 secs] 
4.025: [GC (Allocation Failure) 4.025: [DefNew: 959K->63K(960K), 0.0012962 secs] 317370K->316728K(524224K), 0.0013600 secs] [Times: user=0.00 sys=0.00, real=0.00 secs] 
4.030: [GC (Allocation Failure) 4.030: [DefNew: 959K->64K(960K), 0.0014027 secs] 317667K->317001K(524224K), 0.0014729 secs] [Times: user=0.00 sys=0.00, real=0.00 secs] 
4.033: [GC (Allocation Failure) 4.033: [DefNew: 960K->63K(960K), 0.0015130 secs] 317936K->317293K(524224K), 0.0015964 secs] [Times: user=0.00 sys=0.00, real=0.00 secs] 
4.037: [GC (Allocation Failure) 4.037: [DefNew: 959K->63K(960K), 0.0014084 secs] 318224K->317579K(524224K), 0.0014646 secs] [Times: user=0.00 sys=0.00, real=0.00 secs] 
4.040: [GC (Allocation Failure) 4.040: [DefNew: 959K->64K(960K), 0.0012094 secs] 318522K->317849K(524224K), 0.0012513 secs] [Times: user=0.00 sys=0.00, real=0.00 secs] 
4.045: [GC (Allocation Failure) 4.045: [DefNew: 960K->64K(960K), 0.0012438 secs] 318784K->318134K(524224K), 0.0012989 secs] [Times: user=0.00 sys=0.00, real=0.00 secs] 
4.049: [GC (Allocation Failure) 4.049: [DefNew: 960K->63K(960K), 0.0014461 secs] 319065K->318432K(524224K), 0.0069887 secs] [Times: user=0.00 sys=0.00, real=0.01 secs] 
4.058: [GC (Allocation Failure) 4.058: [DefNew: 959K->63K(960K), 0.0013789 secs] 319359K->318728K(524224K), 0.0014431 secs] [Times: user=0.00 sys=0.00, real=0.00 secs] 
4.062: [GC (Allocation Failure) 4.062: [DefNew: 959K->64K(960K), 0.0013212 secs] 319657K->319019K(524224K), 0.0013801 secs] [Times: user=0.00 sys=0.00, real=0.00 secs] 
4.066: [GC (Allocation Failure) 4.066: [DefNew: 960K->64K(960K), 0.0015632 secs] 319954K->319311K(524224K), 0.0016379 secs] [Times: user=0.00 sys=0.00, real=0.00 secs] 
4.069: [GC (Allocation Failure) 4.069: [DefNew: 960K->63K(960K), 0.0012490 secs] 320245K->319598K(524224K), 0.0012996 secs] [Times: user=0.00 sys=0.00, real=0.00 secs] 
4.075: [GC (Allocation Failure) 4.075: [DefNew: 959K->63K(960K), 0.0014242 secs] 320525K->319907K(524224K), 0.0015001 secs] [Times: user=0.00 sys=0.00, real=0.00 secs] 
4.079: [GC (Allocation Failure) 4.079: [DefNew: 959K->64K(960K), 0.0016361 secs] 320836K->320218K(524224K), 0.0017127 secs] [Times: user=0.00 sys=0.01, real=0.00 secs] 
4.083: [GC (Allocation Failure) 4.083: [DefNew: 960K->63K(960K), 0.0015073 secs] 321148K->320540K(524224K), 0.0015813 secs] [Times: user=0.00 sys=0.00, real=0.00 secs] 
4.087: [GC (Allocation Failure) 4.087: [DefNew: 959K->63K(960K), 0.0013412 secs] 321462K->320855K(524224K), 0.0014004 secs] [Times: user=0.00 sys=0.00, real=0.00 secs] 
4.090: [GC (Allocation Failure) 4.090: [DefNew: 959K->63K(960K), 0.0013159 secs] 321795K->321127K(524224K), 0.0013725 secs] [Times: user=0.00 sys=0.00, real=0.00 secs] 
4.095: [GC (Allocation Failure) 4.095: [DefNew: 959K->63K(960K), 0.0015840 secs] 322061K->321415K(524224K), 0.0016444 secs] [Times: user=0.01 sys=0.00, real=0.00 secs] 
4.099: [GC (Allocation Failure) 4.099: [DefNew: 959K->64K(960K), 0.0013208 secs] 322342K->321708K(524224K), 0.0013793 secs] [Times: user=0.00 sys=0.00, real=0.00 secs] 
4.102: [GC (Allocation Failure) 4.102: [DefNew: 960K->63K(960K), 0.0013385 secs] 322638K->322005K(524224K), 0.0013948 secs] [Times: user=0.00 sys=0.00, real=0.00 secs] 
4.107: [GC (Allocation Failure) 4.107: [DefNew: 959K->63K(960K), 0.0013076 secs] 322946K->322275K(524224K), 0.0013631 secs] [Times: user=0.00 sys=0.00, real=0.00 secs] 
4.113: [GC (Allocation Failure) 4.113: [DefNew: 959K->63K(960K), 0.0013789 secs] 323209K->322565K(524224K), 0.0014560 secs] [Times: user=0.00 sys=0.00, real=0.00 secs] 
4.115: [GC (Allocation Failure) 4.115: [DefNew: 959K->63K(960K), 0.0015096 secs] 323491K->322896K(524224K), 0.0015866 secs] [Times: user=0.00 sys=0.00, real=0.00 secs] 
4.119: [GC (Allocation Failure) 4.119: [DefNew: 959K->63K(960K), 0.0013982 secs] 323819K->323207K(524224K), 0.0014560 secs] [Times: user=0.00 sys=0.00, real=0.00 secs] 
4.123: [GC (Allocation Failure) 4.123: [DefNew: 959K->63K(960K), 0.0013034 secs] 324147K->323480K(524224K), 0.0013612 secs] [Times: user=0.00 sys=0.00, real=0.00 secs] 
4.127: [GC (Allocation Failure) 4.128: [DefNew: 959K->63K(960K), 0.0011735 secs] 324421K->323750K(524224K), 0.0012309 secs] [Times: user=0.00 sys=0.00, real=0.00 secs] 
4.132: [GC (Allocation Failure) 4.132: [DefNew: 959K->63K(960K), 0.0013608 secs] 324682K->324036K(524224K), 0.0014201 secs] [Times: user=0.00 sys=0.00, real=0.00 secs] 
4.135: [GC (Allocation Failure) 4.135: [DefNew: 959K->63K(960K), 0.0013170 secs] 324974K->324322K(524224K), 0.0013597 secs] [Times: user=0.00 sys=0.00, real=0.00 secs] 
4.140: [GC (Allocation Failure) 4.140: [DefNew: 959K->64K(960K), 0.0014556 secs] 325241K->324651K(524224K), 0.0015111 secs] [Times: user=0.00 sys=0.00, real=0.00 secs] 
4.145: [GC (Allocation Failure) 4.145: [DefNew: 960K->63K(960K), 0.0016833 secs] 325581K->324947K(524224K), 0.0017542 secs] [Times: user=0.00 sys=0.00, real=0.00 secs] 
4.148: [GC (Allocation Failure) 4.148: [DefNew: 959K->63K(960K), 0.0013672 secs] 325869K->325271K(524224K), 0.0014099 secs] [Times: user=0.00 sys=0.00, real=0.00 secs] 
4.152: [GC (Allocation Failure) 4.152: [DefNew: 959K->64K(960K), 0.0013321 secs] 326204K->325558K(524224K), 0.0013933 secs] [Times: user=0.00 sys=0.00, real=0.00 secs] 
4.157: [GC (Allocation Failure) 4.157: [DefNew: 960K->64K(960K), 0.0013661 secs] 326490K->325844K(524224K), 0.0014254 secs] [Times: user=0.02 sys=0.00, real=0.00 secs] 
4.160: [GC (Allocation Failure) 4.160: [DefNew: 960K->63K(960K), 0.0013132 secs] 326775K->326131K(524224K), 0.0013646 secs] [Times: user=0.00 sys=0.00, real=0.00 secs] 
4.165: [GC (Allocation Failure) 4.165: [DefNew: 959K->63K(960K), 0.0013325 secs] 327060K->326441K(524224K), 0.0013880 secs] [Times: user=0.00 sys=0.00, real=0.00 secs] 
4.169: [GC (Allocation Failure) 4.169: [DefNew: 959K->64K(960K), 0.0013593 secs] 327371K->326736K(524224K), 0.0014178 secs] [Times: user=0.00 sys=0.00, real=0.00 secs] 
4.173: [GC (Allocation Failure) 4.173: [DefNew: 960K->63K(960K), 0.0012928 secs] 327661K->327037K(524224K), 0.0013487 secs] [Times: user=0.01 sys=0.00, real=0.00 secs] 
4.178: [GC (Allocation Failure) 4.178: [DefNew: 959K->63K(960K), 0.0014998 secs] 327975K->327318K(524224K), 0.0015749 secs] [Times: user=0.00 sys=0.00, real=0.00 secs] 
4.181: [GC (Allocation Failure) 4.181: [DefNew: 959K->64K(960K), 0.0013321 secs] 328257K->327593K(524224K), 0.0013982 secs] [Times: user=0.00 sys=0.00, real=0.00 secs] 
4.185: [GC (Allocation Failure) 4.185: [DefNew: 960K->63K(960K), 0.0013616 secs] 328518K->327893K(524224K), 0.0014227 secs] [Times: user=0.00 sys=0.00, real=0.00 secs] 
4.190: [GC (Allocation Failure) 4.190: [DefNew: 959K->64K(960K), 0.0012600 secs] 328831K->328171K(524224K), 0.0013178 secs] [Times: user=0.00 sys=0.00, real=0.00 secs] 
4.193: [GC (Allocation Failure) 4.193: [DefNew: 960K->63K(960K), 0.0013461 secs] 329093K->328483K(524224K), 0.0014008 secs] [Times: user=0.00 sys=0.00, real=0.00 secs] 
4.198: [GC (Allocation Failure) 4.198: [DefNew: 959K->64K(960K), 0.0014680 secs] 329403K->328801K(524224K), 0.0015296 secs] [Times: user=0.00 sys=0.00, real=0.00 secs] 
4.201: [GC (Allocation Failure) 4.201: [DefNew: 960K->63K(960K), 0.0013816 secs] 329737K->329083K(524224K), 0.0014416 secs] [Times: user=0.00 sys=0.00, real=0.00 secs] 
4.206: [GC (Allocation Failure) 4.206: [DefNew: 959K->64K(960K), 0.0015035 secs] 329998K->329435K(524224K), 0.0015560 secs] [Times: user=0.00 sys=0.00, real=0.00 secs] 
4.211: [GC (Allocation Failure) 4.211: [DefNew: 960K->63K(960K), 0.0013566 secs] 330370K->329717K(524224K), 0.0014140 secs] [Times: user=0.00 sys=0.00, real=0.00 secs] 
4.214: [GC (Allocation Failure) 4.214: [DefNew: 959K->63K(960K), 0.0013287 secs] 330658K->329993K(524224K), 0.0013884 secs] [Times: user=0.00 sys=0.00, real=0.00 secs] 
4.219: [GC (Allocation Failure) 4.219: [DefNew: 959K->63K(960K), 0.0013347 secs] 330924K->330278K(524224K), 0.0013910 secs] [Times: user=0.02 sys=0.00, real=0.00 secs] 
4.224: [GC (Allocation Failure) 4.224: [DefNew: 959K->64K(960K), 0.0015039 secs] 331196K->330640K(524224K), 0.0015602 secs] [Times: user=0.00 sys=0.00, real=0.00 secs] 
4.227: [GC (Allocation Failure) 4.227: [DefNew: 960K->64K(960K), 0.0012940 secs] 331587K->330903K(524224K), 0.0013502 secs] [Times: user=0.00 sys=0.00, real=0.00 secs] 
4.231: [GC (Allocation Failure) 4.232: [DefNew: 960K->64K(960K), 0.0012732 secs] 331839K->331178K(524224K), 0.0013306 secs] [Times: user=0.00 sys=0.00, real=0.00 secs] 
4.236: [GC (Allocation Failure) 4.236: [DefNew: 960K->63K(960K), 0.0013385 secs] 332114K->331457K(524224K), 0.0013959 secs] [Times: user=0.00 sys=0.00, real=0.00 secs] 
4.239: [GC (Allocation Failure) 4.239: [DefNew: 959K->63K(960K), 0.0013132 secs] 332384K->331768K(524224K), 0.0013563 secs] [Times: user=0.00 sys=0.00, real=0.00 secs] 
4.244: [GC (Allocation Failure) 4.244: [DefNew: 959K->63K(960K), 0.0013982 secs] 332702K->332053K(524224K), 0.0014503 secs] [Times: user=0.00 sys=0.00, real=0.00 secs] 
4.246: [GC (Allocation Failure) 4.246: [DefNew: 959K->64K(960K), 0.0017376 secs] 332970K->332383K(524224K), 0.0017965 secs] [Times: user=0.00 sys=0.00, real=0.00 secs] 
4.251: [GC (Allocation Failure) 4.251: [DefNew: 960K->63K(960K), 0.0024392 secs] 333308K->332688K(524224K), 0.0024977 secs] [Times: user=0.02 sys=0.00, real=0.00 secs] 
4.255: [GC (Allocation Failure) 4.255: [DefNew: 959K->63K(960K), 0.0021511 secs] 333587K->333079K(524224K), 0.0022194 secs] [Times: user=0.00 sys=0.00, real=0.00 secs] 
4.259: [GC (Allocation Failure) 4.259: [DefNew: 959K->63K(960K), 0.0021265 secs] 333978K->333461K(524224K), 0.0021953 secs] [Times: user=0.00 sys=0.00, real=0.00 secs] 
4.263: [GC (Allocation Failure) 4.263: [DefNew: 959K->63K(960K), 0.0015341 secs] 334362K->333788K(524224K), 0.0015817 secs] [Times: user=0.00 sys=0.00, real=0.00 secs] 
4.266: [GC (Allocation Failure) 4.266: [DefNew: 959K->63K(960K), 0.0012607 secs] 334700K->334038K(524224K), 0.0013113 secs] [Times: user=0.02 sys=0.00, real=0.00 secs] 
4.270: [GC (Allocation Failure) 4.270: [DefNew: 959K->63K(960K), 0.0015130 secs] 334943K->334343K(524224K), 0.0015651 secs] [Times: user=0.00 sys=0.00, real=0.00 secs] 
4.275: [GC (Allocation Failure) 4.275: [DefNew: 959K->63K(960K), 0.0014307 secs] 335264K->334614K(524224K), 0.0014835 secs] [Times: user=0.00 sys=0.00, real=0.00 secs] 
4.277: [GC (Allocation Failure) 4.277: [DefNew: 959K->63K(960K), 0.0012687 secs] 335543K->334878K(524224K), 0.0013212 secs] [Times: user=0.00 sys=0.00, real=0.00 secs] 
4.282: [GC (Allocation Failure) 4.282: [DefNew: 959K->64K(960K), 0.0013680 secs] 335801K->335159K(524224K), 0.0014295 secs] [Times: user=0.02 sys=0.00, real=0.00 secs] 
4.284: [GC (Allocation Failure) 4.284: [DefNew: 960K->63K(960K), 0.0013604 secs] 336089K->335425K(524224K), 0.0014106 secs] [Times: user=0.00 sys=0.00, real=0.00 secs] 
4.289: [GC (Allocation Failure) 4.289: [DefNew: 959K->63K(960K), 0.0013378 secs] 336341K->335732K(524224K), 0.0013925 secs] [Times: user=0.00 sys=0.00, real=0.00 secs] 
4.293: [GC (Allocation Failure) 4.293: [DefNew: 959K->63K(960K), 0.0013268 secs] 336655K->336033K(524224K), 0.0013846 secs] [Times: user=0.00 sys=0.00, real=0.00 secs] 
4.297: [GC (Allocation Failure) 4.297: [DefNew: 959K->64K(960K), 0.0013227 secs] 336969K->336314K(524224K), 0.0013831 secs] [Times: user=0.00 sys=0.00, real=0.00 secs] 
4.301: [GC (Allocation Failure) 4.301: [DefNew: 960K->63K(960K), 0.0016455 secs] 337235K->336621K(524224K), 0.0017074 secs] [Times: user=0.00 sys=0.00, real=0.00 secs] 
4.305: [GC (Allocation Failure) 4.305: [DefNew: 959K->63K(960K), 0.0014835 secs] 337527K->336972K(524224K), 0.0015296 secs] [Times: user=0.00 sys=0.00, real=0.00 secs] 
4.308: [GC (Allocation Failure) 4.308: [DefNew: 959K->64K(960K), 0.0015537 secs] 337891K->337289K(524224K), 0.0016111 secs] [Times: user=0.00 sys=0.00, real=0.00 secs] 
4.313: [GC (Allocation Failure) 4.313: [DefNew: 960K->63K(960K), 0.0013495 secs] 338215K->337576K(524224K), 0.0014197 secs] [Times: user=0.02 sys=0.00, real=0.00 secs] 
4.316: [GC (Allocation Failure) 4.316: [DefNew: 959K->63K(960K), 0.0014027 secs] 338491K->337895K(524224K), 0.0014590 secs] [Times: user=0.00 sys=0.00, real=0.00 secs] 
4.321: [GC (Allocation Failure) 4.321: [DefNew: 959K->63K(960K), 0.0013582 secs] 338829K->338176K(524224K), 0.0014144 secs] [Times: user=0.00 sys=0.00, real=0.00 secs] 
4.326: [GC (Allocation Failure) 4.326: [DefNew: 959K->63K(960K), 0.0013438 secs] 339102K->338486K(524224K), 0.0013967 secs] [Times: user=0.00 sys=0.00, real=0.00 secs] 
4.329: [GC (Allocation Failure) 4.329: [DefNew: 959K->63K(960K), 0.0017576 secs] 339417K->338788K(524224K), 0.0018218 secs] [Times: user=0.01 sys=0.00, real=0.00 secs] 
4.335: [GC (Allocation Failure) 4.335: [DefNew: 959K->63K(960K), 0.0012921 secs] 339721K->339080K(524224K), 0.0013491 secs] [Times: user=0.00 sys=0.00, real=0.00 secs] 
4.339: [GC (Allocation Failure) 4.339: [DefNew: 959K->64K(960K), 0.0012717 secs] 340014K->339368K(524224K), 0.0013268 secs] [Times: user=0.00 sys=0.00, real=0.00 secs] 
4.343: [GC (Allocation Failure) 4.343: [DefNew: 960K->63K(960K), 0.0012977 secs] 340305K->339648K(524224K), 0.0013536 secs] [Times: user=0.00 sys=0.00, real=0.00 secs] 
4.348: [GC (Allocation Failure) 4.348: [DefNew: 959K->63K(960K), 0.0014148 secs] 340562K->339991K(524224K), 0.0014760 secs] [Times: user=0.00 sys=0.00, real=0.00 secs] 
4.351: [GC (Allocation Failure) 4.351: [DefNew: 959K->63K(960K), 0.0013816 secs] 340922K->340279K(524224K), 0.0014435 secs] [Times: user=0.00 sys=0.00, real=0.00 secs] 
4.356: [GC (Allocation Failure) 4.356: [DefNew: 959K->63K(960K), 0.0013699 secs] 341207K->340572K(524224K), 0.0014261 secs] [Times: user=0.00 sys=0.00, real=0.00 secs] 
4.361: [GC (Allocation Failure) 4.361: [DefNew: 959K->64K(960K), 0.0015575 secs] 341505K->340860K(524224K), 0.0016410 secs] [Times: user=0.00 sys=0.00, real=0.00 secs] 
4.364: [GC (Allocation Failure) 4.364: [DefNew: 960K->63K(960K), 0.0014265 secs] 341798K->341133K(524224K), 0.0014831 secs] [Times: user=0.00 sys=0.00, real=0.00 secs] 
4.369: [GC (Allocation Failure) 4.369: [DefNew: 959K->63K(960K), 0.0013657 secs] 342071K->341416K(524224K), 0.0014231 secs] [Times: user=0.00 sys=0.00, real=0.00 secs] 
4.374: [GC (Allocation Failure) 4.374: [DefNew: 959K->63K(960K), 0.0013657 secs] 342341K->341717K(524224K), 0.0014231 secs] [Times: user=0.00 sys=0.00, real=0.00 secs] 
4.378: [GC (Allocation Failure) 4.378: [DefNew: 959K->63K(960K), 0.0013642 secs] 342649K->342012K(524224K), 0.0014242 secs] [Times: user=0.00 sys=0.00, real=0.00 secs] 
4.383: [GC (Allocation Failure) 4.383: [DefNew: 959K->64K(960K), 0.0016244 secs] 342924K->342370K(524224K), 0.0016912 secs] [Times: user=0.00 sys=0.00, real=0.00 secs] 
4.386: [GC (Allocation Failure) 4.386: [DefNew: 960K->63K(960K), 0.0014948 secs] 343305K->342651K(524224K), 0.0015545 secs] [Times: user=0.00 sys=0.00, real=0.00 secs] 
4.391: [GC (Allocation Failure) 4.391: [DefNew: 959K->64K(960K), 0.0013517 secs] 343584K->342934K(524224K), 0.0014103 secs] [Times: user=0.00 sys=0.00, real=0.00 secs] 
4.396: [GC (Allocation Failure) 4.396: [DefNew: 960K->63K(960K), 0.0016395 secs] 343864K->343236K(524224K), 0.0017086 secs] [Times: user=0.00 sys=0.00, real=0.00 secs] 
4.400: [GC (Allocation Failure) 4.400: [DefNew: 959K->64K(960K), 0.0013691 secs] 344169K->343525K(524224K), 0.0014231 secs] [Times: user=0.00 sys=0.00, real=0.00 secs] 
4.405: [GC (Allocation Failure) 4.405: [DefNew: 960K->63K(960K), 0.0014567 secs] 344446K->343842K(524224K), 0.0015145 secs] [Times: user=0.00 sys=0.00, real=0.00 secs] 
4.410: [GC (Allocation Failure) 4.410: [DefNew: 959K->64K(960K), 0.0017826 secs] 344767K->344146K(524224K), 0.0018653 secs] [Times: user=0.00 sys=0.00, real=0.00 secs] 
4.413: [GC (Allocation Failure) 4.413: [DefNew: 960K->63K(960K), 0.0015005 secs] 345087K->344437K(524224K), 0.0015613 secs] [Times: user=0.00 sys=0.00, real=0.00 secs] 
4.417: [GC (Allocation Failure) 4.417: [DefNew: 959K->63K(960K), 0.0013483 secs] 345357K->344757K(524224K), 0.0013944 secs] [Times: user=0.00 sys=0.00, real=0.00 secs] 
4.421: [GC (Allocation Failure) 4.421: [DefNew: 959K->63K(960K), 0.0013076 secs] 345696K->345041K(524224K), 0.0013631 secs] [Times: user=0.00 sys=0.00, real=0.00 secs] 
4.425: [GC (Allocation Failure) 4.425: [DefNew: 959K->63K(960K), 0.0013072 secs] 345966K->345347K(524224K), 0.0013631 secs] [Times: user=0.00 sys=0.00, real=0.00 secs] 
4.429: [GC (Allocation Failure) 4.429: [DefNew: 959K->63K(960K), 0.0013944 secs] 346273K->345663K(524224K), 0.0014526 secs] [Times: user=0.00 sys=0.00, real=0.00 secs] 
4.432: [GC (Allocation Failure) 4.432: [DefNew: 959K->63K(960K), 0.0013151 secs] 346600K->345945K(524224K), 0.0013578 secs] [Times: user=0.00 sys=0.00, real=0.00 secs] 
4.436: [GC (Allocation Failure) 4.436: [DefNew: 959K->64K(960K), 0.0013638 secs] 346882K->346213K(524224K), 0.0014208 secs] [Times: user=0.00 sys=0.00, real=0.00 secs] 
4.441: [GC (Allocation Failure) 4.441: [DefNew: 960K->63K(960K), 0.0014250 secs] 347129K->346545K(524224K), 0.0014828 secs] [Times: user=0.00 sys=0.00, real=0.00 secs] 
4.444: [GC (Allocation Failure) 4.444: [DefNew: 959K->63K(960K), 0.0013646 secs] 347481K->346824K(524224K), 0.0014212 secs] [Times: user=0.00 sys=0.00, real=0.00 secs] 
4.447: [GC (Allocation Failure) 4.447: [DefNew: 959K->63K(960K), 0.0013446 secs] 347739K->347173K(524224K), 0.0013872 secs] [Times: user=0.00 sys=0.00, real=0.00 secs] 
4.451: [GC (Allocation Failure) 4.451: [DefNew: 959K->63K(960K), 0.0014273 secs] 348100K->347484K(524224K), 0.0014763 secs] [Times: user=0.00 sys=0.00, real=0.00 secs] 
4.455: [GC (Allocation Failure) 4.455: [DefNew: 959K->63K(960K), 0.0013514 secs] 348410K->347776K(524224K), 0.0014239 secs] [Times: user=0.02 sys=0.00, real=0.00 secs] 
4.458: [GC (Allocation Failure) 4.458: [DefNew: 959K->63K(960K), 0.0012649 secs] 348702K->348069K(524224K), 0.0013215 secs] [Times: user=0.00 sys=0.00, real=0.00 secs] 
4.461: [GC (Allocation Failure) 4.462: [DefNew: 959K->63K(960K), 0.0013068 secs] 349008K->348341K(524224K), 0.0013676 secs] [Times: user=0.00 sys=0.00, real=0.00 secs] 
4.466: [GC (Allocation Failure) 4.466: [DefNew: 959K->64K(960K), 0.0014631 secs] 349252K->348695K(524224K), 0.0015194 secs] [Times: user=0.00 sys=0.00, real=0.00 secs] 
4.471: [GC (Allocation Failure) 4.471: [DefNew: 960K->64K(960K), 0.0014076 secs] 349631K->348972K(524224K), 0.0014741 secs] [Times: user=0.00 sys=0.00, real=0.00 secs] 
4.473: [GC (Allocation Failure) 4.473: [DefNew: 960K->63K(960K), 0.0015734 secs] 349888K->349307K(524224K), 0.0016478 secs] [Times: user=0.00 sys=0.00, real=0.00 secs] 
4.479: [GC (Allocation Failure) 4.479: [DefNew: 959K->63K(960K), 0.0015522 secs] 350225K->349625K(524224K), 0.0016221 secs] [Times: user=0.00 sys=0.00, real=0.00 secs] 
4.483: [GC (Allocation Failure) 4.483: [DefNew: 959K->64K(960K), 0.0013736 secs] 350558K->349910K(524224K), 0.0014333 secs] [Times: user=0.00 sys=0.00, real=0.00 secs] 
4.487: [GC (Allocation Failure) 4.487: [DefNew: 960K->63K(960K), 0.0013461 secs] 350848K->350192K(524224K), 0.0014031 secs] [Times: user=0.00 sys=0.00, real=0.00 secs] 
4.491: [GC (Allocation Failure) 4.491: [DefNew: 959K->63K(960K), 0.0013095 secs] 351126K->350470K(524224K), 0.0013710 secs] [Times: user=0.00 sys=0.00, real=0.00 secs] 
4.494: [GC (Allocation Failure) 4.494: [DefNew: 959K->63K(960K), 0.0014771 secs] 351394K->350831K(524224K), 0.0015171 secs] [Times: user=0.00 sys=0.00, real=0.00 secs] 
4.499: [GC (Allocation Failure) 4.499: [DefNew: 959K->64K(960K), 0.0015141 secs] 351758K->351137K(524224K), 0.0015726 secs] [Times: user=0.00 sys=0.00, real=0.00 secs] 
4.503: [GC (Allocation Failure) 4.503: [DefNew: 960K->64K(960K), 0.0013891 secs] 352061K->351448K(524224K), 0.0014612 secs] [Times: user=0.00 sys=0.00, real=0.00 secs] 
4.506: [GC (Allocation Failure) 4.507: [DefNew: 960K->64K(960K), 0.0013623 secs] 352386K->351727K(524224K), 0.0014193 secs] [Times: user=0.00 sys=0.00, real=0.00 secs] 
4.512: [GC (Allocation Failure) 4.512: [DefNew: 960K->64K(960K), 0.0015224 secs] 352651K->352047K(524224K), 0.0015843 secs] [Times: user=0.00 sys=0.00, real=0.00 secs] 
4.517: [GC (Allocation Failure) 4.517: [DefNew: 960K->64K(960K), 0.0014061 secs] 352969K->352370K(524224K), 0.0014650 secs] [Times: user=0.01 sys=0.00, real=0.00 secs] 
4.520: [GC (Allocation Failure) 4.520: [DefNew: 960K->63K(960K), 0.0012823 secs] 353303K->352665K(524224K), 0.0013302 secs] [Times: user=0.00 sys=0.00, real=0.00 secs] 
4.525: [GC (Allocation Failure) 4.525: [DefNew: 959K->64K(960K), 0.0013264 secs] 353595K->352970K(524224K), 0.0013835 secs] [Times: user=0.00 sys=0.00, real=0.00 secs] 
4.528: [GC (Allocation Failure) 4.528: [DefNew: 960K->63K(960K), 0.0013008 secs] 353905K->353260K(524224K), 0.0013582 secs] [Times: user=0.00 sys=0.00, real=0.00 secs] 
4.533: [GC (Allocation Failure) 4.533: [DefNew: 959K->64K(960K), 0.0012777 secs] 354187K->353561K(524224K), 0.0013212 secs] [Times: user=0.00 sys=0.00, real=0.00 secs] 
4.538: [GC (Allocation Failure) 4.538: [DefNew: 960K->64K(960K), 0.0013952 secs] 354486K->353861K(524224K), 0.0014703 secs] [Times: user=0.00 sys=0.00, real=0.00 secs] 
4.541: [GC (Allocation Failure) 4.541: [DefNew: 960K->63K(960K), 0.0013582 secs] 354797K->354140K(524224K), 0.0014152 secs] [Times: user=0.00 sys=0.00, real=0.00 secs] 
4.546: [GC (Allocation Failure) 4.546: [DefNew: 959K->63K(960K), 0.0013566 secs] 355075K->354421K(524224K), 0.0014140 secs] [Times: user=0.00 sys=0.00, real=0.00 secs] 
4.550: [GC (Allocation Failure) 4.550: [DefNew: 959K->63K(960K), 0.0014038 secs] 355348K->354732K(524224K), 0.0014495 secs] [Times: user=0.00 sys=0.00, real=0.00 secs] 
4.553: [GC (Allocation Failure) 4.553: [DefNew: 959K->64K(960K), 0.0013465 secs] 355673K->355002K(524224K), 0.0014027 secs] [Times: user=0.00 sys=0.00, real=0.00 secs] 
4.557: [GC (Allocation Failure) 4.557: [DefNew: 960K->63K(960K), 0.0012823 secs] 355923K->355308K(524224K), 0.0013397 secs] [Times: user=0.00 sys=0.00, real=0.00 secs] 
4.561: [GC (Allocation Failure) 4.561: [DefNew: 959K->63K(960K), 0.0013793 secs] 356238K->355603K(524224K), 0.0014397 secs] [Times: user=0.00 sys=0.00, real=0.00 secs] 
4.566: [GC (Allocation Failure) 4.566: [DefNew: 959K->64K(960K), 0.0017697 secs] 356519K->355938K(524224K), 0.0018381 secs] [Times: user=0.00 sys=0.00, real=0.00 secs] 
4.570: [GC (Allocation Failure) 4.570: [DefNew: 960K->63K(960K), 0.0016610 secs] 356869K->356243K(524224K), 0.0017108 secs] [Times: user=0.00 sys=0.00, real=0.00 secs] 
4.573: [GC (Allocation Failure) 4.573: [DefNew: 959K->64K(960K), 0.0013559 secs] 357170K->356543K(524224K), 0.0013963 secs] [Times: user=0.00 sys=0.00, real=0.00 secs] 
4.577: [GC (Allocation Failure) 4.577: [DefNew: 960K->63K(960K), 0.0016757 secs] 357449K->356901K(524224K), 0.0017225 secs] [Times: user=0.00 sys=0.00, real=0.00 secs] 
4.582: [GC (Allocation Failure) 4.582: [DefNew: 959K->64K(960K), 0.0017814 secs] 357838K->357189K(524224K), 0.0018517 secs] [Times: user=0.00 sys=0.00, real=0.00 secs] 
4.585: [GC (Allocation Failure) 4.585: [DefNew: 960K->64K(960K), 0.0014035 secs] 358128K->357462K(524224K), 0.0014484 secs] [Times: user=0.00 sys=0.00, real=0.00 secs] 
4.589: [GC (Allocation Failure) 4.589: [DefNew: 960K->64K(960K), 0.0012313 secs] 358397K->357758K(524224K), 0.0012747 secs] [Times: user=0.00 sys=0.00, real=0.00 secs] 
4.593: [GC (Allocation Failure) 4.593: [DefNew: 960K->63K(960K), 0.0013653 secs] 358687K->358058K(524224K), 0.0014220 secs] [Times: user=0.00 sys=0.00, real=0.00 secs] 
4.596: [GC (Allocation Failure) 4.596: [DefNew: 959K->63K(960K), 0.0015001 secs] 359001K->358331K(524224K), 0.0015647 secs] [Times: user=0.00 sys=0.00, real=0.00 secs] 
4.601: [GC (Allocation Failure) 4.602: [DefNew: 959K->64K(960K), 0.0014873 secs] 359251K->358652K(524224K), 0.0015462 secs] [Times: user=0.00 sys=0.00, real=0.00 secs] 
4.605: [GC (Allocation Failure) 4.605: [DefNew: 960K->63K(960K), 0.0014333 secs] 359586K->358931K(524224K), 0.0014760 secs] [Times: user=0.00 sys=0.00, real=0.00 secs] 
4.609: [GC (Allocation Failure) 4.609: [DefNew: 959K->64K(960K), 0.0015065 secs] 359863K->359223K(524224K), 0.0015632 secs] [Times: user=0.02 sys=0.00, real=0.00 secs] 
4.614: [GC (Allocation Failure) 4.614: [DefNew: 960K->63K(960K), 0.0014612 secs] 360138K->359564K(524224K), 0.0015171 secs] [Times: user=0.00 sys=0.00, real=0.00 secs] 
4.617: [GC (Allocation Failure) 4.617: [DefNew: 959K->64K(960K), 0.0014514 secs] 360491K->359862K(524224K), 0.0015115 secs] [Times: user=0.00 sys=0.00, real=0.00 secs] 
4.621: [GC (Allocation Failure) 4.621: [DefNew: 960K->64K(960K), 0.0013721 secs] 360791K->360152K(524224K), 0.0014265 secs] [Times: user=0.00 sys=0.00, real=0.00 secs] 
4.626: [GC (Allocation Failure) 4.626: [DefNew: 960K->64K(960K), 0.0012464 secs] 361090K->360429K(524224K), 0.0013053 secs] [Times: user=0.02 sys=0.00, real=0.00 secs] 
4.629: [GC (Allocation Failure) 4.629: [DefNew: 960K->63K(960K), 0.0011950 secs] 361371K->360701K(524224K), 0.0012513 secs] [Times: user=0.00 sys=0.00, real=0.00 secs] 
4.633: [GC (Allocation Failure) 4.633: [DefNew: 959K->64K(960K), 0.0014186 secs] 361613K->361075K(524224K), 0.0014646 secs] [Times: user=0.00 sys=0.00, real=0.00 secs] 
4.635: [GC (Allocation Failure) 4.636: [DefNew: 960K->63K(960K), 0.0015624 secs] 362002K->361375K(524224K), 0.0016225 secs] [Times: user=0.00 sys=0.00, real=0.00 secs] 
4.640: [GC (Allocation Failure) 4.640: [DefNew: 959K->63K(960K), 0.0014367 secs] 362298K->361680K(524224K), 0.0014941 secs] [Times: user=0.00 sys=0.00, real=0.00 secs] 
4.644: [GC (Allocation Failure) 4.644: [DefNew: 959K->64K(960K), 0.0015541 secs] 362607K->361985K(524224K), 0.0016119 secs] [Times: user=0.00 sys=0.00, real=0.00 secs] 
4.647: [GC (Allocation Failure) 4.647: [DefNew: 960K->63K(960K), 0.0015330 secs] 362905K->362331K(524224K), 0.0015991 secs] [Times: user=0.00 sys=0.00, real=0.00 secs] 
4.652: [GC (Allocation Failure) 4.652: [DefNew: 959K->64K(960K), 0.0014129 secs] 363253K->362642K(524224K), 0.0014760 secs] [Times: user=0.00 sys=0.00, real=0.00 secs] 
4.657: [GC (Allocation Failure) 4.657: [DefNew: 960K->63K(960K), 0.0014805 secs] 363573K->362937K(524224K), 0.0015481 secs] [Times: user=0.02 sys=0.00, real=0.00 secs] 
4.661: [GC (Allocation Failure) 4.661: [DefNew: 959K->63K(960K), 0.0013529 secs] 363868K->363226K(524224K), 0.0014125 secs] [Times: user=0.00 sys=0.00, real=0.00 secs] 
4.666: [GC (Allocation Failure) 4.666: [DefNew: 959K->63K(960K), 0.0013718 secs] 364155K->363517K(524224K), 0.0014265 secs] [Times: user=0.00 sys=0.00, real=0.00 secs] 
4.670: [GC (Allocation Failure) 4.670: [DefNew: 959K->63K(960K), 0.0013227 secs] 364451K->363808K(524224K), 0.0013801 secs] [Times: user=0.00 sys=0.00, real=0.00 secs] 
4.675: [GC (Allocation Failure) 4.675: [DefNew: 959K->64K(960K), 0.0013408 secs] 364736K->364104K(524224K), 0.0013974 secs] [Times: user=0.00 sys=0.00, real=0.00 secs] 
4.679: [GC (Allocation Failure) 4.679: [DefNew: 960K->64K(960K), 0.0014242 secs] 365022K->364420K(524224K), 0.0014646 secs] [Times: user=0.00 sys=0.00, real=0.00 secs] 
4.682: [GC (Allocation Failure) 4.682: [DefNew: 960K->63K(960K), 0.0015039 secs] 365340K->364758K(524224K), 0.0015515 secs] [Times: user=0.00 sys=0.00, real=0.00 secs] 
4.685: [GC (Allocation Failure) 4.685: [DefNew: 959K->64K(960K), 0.0015840 secs] 365692K->365040K(524224K), 0.0016293 secs] [Times: user=0.00 sys=0.00, real=0.00 secs] 
4.689: [GC (Allocation Failure) 4.689: [DefNew: 960K->63K(960K), 0.0013212 secs] 365954K->365357K(524224K), 0.0013616 secs] [Times: user=0.02 sys=0.00, real=0.00 secs] 
4.691: [GC (Allocation Failure) 4.691: [DefNew: 959K->63K(960K), 0.0020299 secs] 366264K->365704K(524224K), 0.0020816 secs] [Times: user=0.00 sys=0.00, real=0.00 secs] 
4.696: [GC (Allocation Failure) 4.696: [DefNew: 959K->63K(960K), 0.0013619 secs] 366635K->365989K(524224K), 0.0014076 secs] [Times: user=0.00 sys=0.00, real=0.00 secs] 
4.698: [GC (Allocation Failure) 4.698: [DefNew: 959K->63K(960K), 0.0013865 secs] 366914K->366296K(524224K), 0.0014299 secs] [Times: user=0.00 sys=0.00, real=0.00 secs] 
4.702: [GC (Allocation Failure) 4.702: [DefNew: 959K->64K(960K), 0.0013314 secs] 367226K->366589K(524224K), 0.0013831 secs] [Times: user=0.00 sys=0.00, real=0.00 secs] 
4.705: [GC (Allocation Failure) 4.705: [DefNew: 960K->64K(960K), 0.0015228 secs] 367525K->366879K(524224K), 0.0015802 secs] [Times: user=0.00 sys=0.00, real=0.00 secs] 
4.708: [GC (Allocation Failure) 4.708: [DefNew: 960K->63K(960K), 0.0016093 secs] 367814K->367162K(524224K), 0.0016542 secs] [Times: user=0.00 sys=0.00, real=0.00 secs] 
4.712: [GC (Allocation Failure) 4.712: [DefNew: 959K->64K(960K), 0.0015473 secs] 368088K->367471K(524224K), 0.0016089 secs] [Times: user=0.00 sys=0.00, real=0.00 secs] 
4.715: [GC (Allocation Failure) 4.715: [DefNew: 960K->63K(960K), 0.0019562 secs] 368382K->367828K(524224K), 0.0020114 secs] [Times: user=0.00 sys=0.00, real=0.00 secs] 
4.719: [GC (Allocation Failure) 4.719: [DefNew: 959K->64K(960K), 0.0016210 secs] 368750K->368147K(524224K), 0.0016833 secs] [Times: user=0.00 sys=0.02, real=0.00 secs] 
4.723: [GC (Allocation Failure) 4.723: [DefNew: 960K->63K(960K), 0.0020522 secs] 369056K->368517K(524224K), 0.0021145 secs] [Times: user=0.00 sys=0.00, real=0.00 secs] 
4.726: [GC (Allocation Failure) 4.726: [DefNew: 959K->63K(960K), 0.0015477 secs] 369421K->368866K(524224K), 0.0015907 secs] [Times: user=0.00 sys=0.00, real=0.00 secs] 
4.730: [GC (Allocation Failure) 4.730: [DefNew: 959K->63K(960K), 0.0012732 secs] 369790K->369142K(524224K), 0.0013106 secs] [Times: user=0.00 sys=0.00, real=0.00 secs] 
4.732: [GC (Allocation Failure) 4.732: [DefNew: 959K->63K(960K), 0.0012158 secs] 370063K->369427K(524224K), 0.0012611 secs] [Times: user=0.00 sys=0.00, real=0.00 secs] 
4.736: [GC (Allocation Failure) 4.736: [DefNew: 959K->63K(960K), 0.0016531 secs] 370355K->369719K(524224K), 0.0017093 secs] [Times: user=0.00 sys=0.00, real=0.00 secs] 
4.740: [GC (Allocation Failure) 4.740: [DefNew: 959K->63K(960K), 0.0016527 secs] 370646K->370030K(524224K), 0.0017172 secs] [Times: user=0.00 sys=0.00, real=0.00 secs] 
4.743: [GC (Allocation Failure) 4.743: [DefNew: 959K->63K(960K), 0.0014050 secs] 370941K->370377K(524224K), 0.0014473 secs] [Times: user=0.00 sys=0.00, real=0.00 secs] 
4.747: [GC (Allocation Failure) 4.747: [DefNew: 959K->63K(960K), 0.0013895 secs] 371305K->370684K(524224K), 0.0014295 secs] [Times: user=0.00 sys=0.00, real=0.00 secs] 
4.751: [GC (Allocation Failure) 4.751: [DefNew: 959K->64K(960K), 0.0018290 secs] 371608K->370999K(524224K), 0.0018811 secs] [Times: user=0.02 sys=0.00, real=0.00 secs] 
4.754: [GC (Allocation Failure) 4.754: [DefNew: 960K->64K(960K), 0.0013967 secs] 371933K->371280K(524224K), 0.0014386 secs] [Times: user=0.00 sys=0.00, real=0.00 secs] 
4.758: [GC (Allocation Failure) 4.758: [DefNew: 960K->64K(960K), 0.0014737 secs] 372212K->371583K(524224K), 0.0015269 secs] [Times: user=0.00 sys=0.00, real=0.00 secs] 
4.762: [GC (Allocation Failure) 4.762: [DefNew: 960K->64K(960K), 0.0014069 secs] 372522K->371859K(524224K), 0.0014590 secs] [Times: user=0.00 sys=0.00, real=0.00 secs] 
4.764: [GC (Allocation Failure) 4.765: [DefNew: 960K->63K(960K), 0.0019634 secs] 372764K->372234K(524224K), 0.0020189 secs] [Times: user=0.00 sys=0.00, real=0.00 secs] 
4.769: [GC (Allocation Failure) 4.769: [DefNew: 959K->63K(960K), 0.0020250 secs] 373146K->372556K(524224K), 0.0020820 secs] [Times: user=0.00 sys=0.00, real=0.00 secs] 
4.772: [GC (Allocation Failure) 4.772: [DefNew: 959K->63K(960K), 0.0014541 secs] 373476K->372869K(524224K), 0.0014982 secs] [Times: user=0.00 sys=0.00, real=0.00 secs] 
4.776: [GC (Allocation Failure) 4.776: [DefNew: 959K->63K(960K), 0.0015322 secs] 373780K->373213K(524224K), 0.0015768 secs] [Times: user=0.00 sys=0.00, real=0.00 secs] 
4.779: [GC (Allocation Failure) 4.779: [DefNew: 959K->63K(960K), 0.0014299 secs] 374144K->373507K(524224K), 0.0014692 secs] [Times: user=0.00 sys=0.00, real=0.00 secs] 
4.782: [GC (Allocation Failure) 4.783: [DefNew: 959K->64K(960K), 0.0017108 secs] 374431K->373824K(524224K), 0.0017795 secs] [Times: user=0.01 sys=0.00, real=0.00 secs] 
4.786: [GC (Allocation Failure) 4.786: [DefNew: 960K->63K(960K), 0.0018335 secs] 374750K->374136K(524224K), 0.0018909 secs] [Times: user=0.00 sys=0.00, real=0.00 secs] 
4.790: [GC (Allocation Failure) 4.790: [DefNew: 959K->63K(960K), 0.0018494 secs] 375055K->374454K(524224K), 0.0019064 secs] [Times: user=0.00 sys=0.00, real=0.00 secs] 
4.793: [GC (Allocation Failure) 4.794: [DefNew: 959K->64K(960K), 0.0013661 secs] 375372K->374774K(524224K), 0.0014080 secs] [Times: user=0.00 sys=0.00, real=0.00 secs] 
4.797: [GC (Allocation Failure) 4.797: [DefNew: 960K->64K(960K), 0.0017928 secs] 375704K->375066K(524224K), 0.0018566 secs] [Times: user=0.02 sys=0.00, real=0.00 secs] 
4.800: [GC (Allocation Failure) 4.800: [DefNew: 960K->64K(960K), 0.0016957 secs] 375995K->375362K(524224K), 0.0017588 secs] [Times: user=0.00 sys=0.00, real=0.00 secs] 
4.804: [GC (Allocation Failure) 4.804: [DefNew: 960K->63K(960K), 0.0015307 secs] 376269K->375713K(524224K), 0.0016327 secs] [Times: user=0.00 sys=0.00, real=0.00 secs] 
4.807: [GC (Allocation Failure) 4.807: [DefNew: 959K->63K(960K), 0.0013204 secs] 376652K->375989K(524224K), 0.0013570 secs] [Times: user=0.00 sys=0.00, real=0.00 secs] 
4.810: [GC (Allocation Failure) 4.810: [DefNew: 959K->64K(960K), 0.0012993 secs] 376923K->376279K(524224K), 0.0013461 secs] [Times: user=0.00 sys=0.00, real=0.00 secs] 
4.814: [GC (Allocation Failure) 4.814: [DefNew: 960K->63K(960K), 0.0014790 secs] 377210K->376568K(524224K), 0.0015269 secs] [Times: user=0.00 sys=0.00, real=0.00 secs] 
4.817: [GC (Allocation Failure) 4.817: [DefNew: 959K->63K(960K), 0.0012234 secs] 377501K->376850K(524224K), 0.0012585 secs] [Times: user=0.00 sys=0.00, real=0.00 secs] 
4.820: [GC (Allocation Failure) 4.820: [DefNew: 959K->63K(960K), 0.0013397 secs] 377769K->377166K(524224K), 0.0013921 secs] [Times: user=0.00 sys=0.00, real=0.00 secs] 
4.824: [GC (Allocation Failure) 4.824: [DefNew: 959K->63K(960K), 0.0018165 secs] 378080K->377502K(524224K), 0.0018607 secs] [Times: user=0.00 sys=0.00, real=0.00 secs] 
4.827: [GC (Allocation Failure) 4.827: [DefNew: 959K->64K(960K), 0.0012917 secs] 378442K->377782K(524224K), 0.0013347 secs] [Times: user=0.00 sys=0.00, real=0.00 secs] 
4.830: [GC (Allocation Failure) 4.830: [DefNew: 960K->63K(960K), 0.0014035 secs] 378720K->378059K(524224K), 0.0014488 secs] [Times: user=0.00 sys=0.00, real=0.00 secs] 
4.834: [GC (Allocation Failure) 4.834: [DefNew: 959K->63K(960K), 0.0012339 secs] 378994K->378339K(524224K), 0.0012781 secs] [Times: user=0.00 sys=0.00, real=0.00 secs] 
4.837: [GC (Allocation Failure) 4.837: [DefNew: 959K->64K(960K), 0.0012438 secs] 379269K->378640K(524224K), 0.0012804 secs] [Times: user=0.00 sys=0.00, real=0.00 secs] 
4.840: [GC (Allocation Failure) 4.840: [DefNew: 960K->64K(960K), 0.0015247 secs] 379558K->378963K(524224K), 0.0015764 secs] [Times: user=0.00 sys=0.00, real=0.00 secs] 
4.843: [GC (Allocation Failure) 4.843: [DefNew: 960K->63K(960K), 0.0016553 secs] 379879K->379293K(524224K), 0.0017172 secs] [Times: user=0.00 sys=0.00, real=0.00 secs] 
4.847: [GC (Allocation Failure) 4.847: [DefNew: 959K->64K(960K), 0.0015609 secs] 380208K->379628K(524224K), 0.0016293 secs] [Times: user=0.00 sys=0.00, real=0.00 secs] 
4.851: [GC (Allocation Failure) 4.851: [DefNew: 960K->64K(960K), 0.0015149 secs] 380568K->379908K(524224K), 0.0015673 secs] [Times: user=0.00 sys=0.00, real=0.00 secs] 
4.853: [GC (Allocation Failure) 4.853: [DefNew: 960K->63K(960K), 0.0013770 secs] 380843K->380195K(524224K), 0.0014239 secs] [Times: user=0.00 sys=0.00, real=0.00 secs] 
4.857: [GC (Allocation Failure) 4.857: [DefNew: 959K->63K(960K), 0.0012906 secs] 381124K->380485K(524224K), 0.0013517 secs] [Times: user=0.00 sys=0.00, real=0.00 secs] 
4.861: [GC (Allocation Failure) 4.861: [DefNew: 959K->63K(960K), 0.0015303 secs] 381408K->380811K(524224K), 0.0015809 secs] [Times: user=0.01 sys=0.00, real=0.00 secs] 
4.863: [GC (Allocation Failure) 4.863: [DefNew: 959K->63K(960K), 0.0013616 secs] 381744K->381092K(524224K), 0.0014133 secs] [Times: user=0.00 sys=0.00, real=0.00 secs] 
4.867: [GC (Allocation Failure) 4.867: [DefNew: 959K->63K(960K), 0.0014261 secs] 382011K->381421K(524224K), 0.0014903 secs] [Times: user=0.00 sys=0.00, real=0.00 secs] 
4.869: [GC (Allocation Failure) 4.869: [DefNew: 959K->63K(960K), 0.0014273 secs] 382353K->381726K(524224K), 0.0014752 secs] [Times: user=0.00 sys=0.00, real=0.00 secs] 
4.873: [GC (Allocation Failure) 4.873: [DefNew: 959K->63K(960K), 0.0018264 secs] 382642K->382052K(524224K), 0.0018943 secs] [Times: user=0.00 sys=0.00, real=0.00 secs] 
4.877: [GC (Allocation Failure) 4.877: [DefNew: 959K->63K(960K), 0.0014922 secs] 382965K->382407K(524224K), 0.0015432 secs] [Times: user=0.00 sys=0.00, real=0.00 secs] 
4.880: [GC (Allocation Failure) 4.881: [DefNew: 959K->63K(960K), 0.0017565 secs] 383328K->382743K(524224K), 0.0018233 secs] [Times: user=0.00 sys=0.00, real=0.00 secs] 
4.885: [GC (Allocation Failure) 4.885: [DefNew: 959K->63K(960K), 0.0015568 secs] 383655K->383092K(524224K), 0.0016179 secs] [Times: user=0.00 sys=0.00, real=0.00 secs] 
4.887: [GC (Allocation Failure) 4.887: [DefNew: 959K->63K(960K), 0.0013974 secs] 384025K->383375K(524224K), 0.0014450 secs] [Times: user=0.00 sys=0.00, real=0.00 secs] 
4.891: [GC (Allocation Failure) 4.891: [DefNew: 959K->63K(960K), 0.0013925 secs] 384292K->383708K(524224K), 0.0014435 secs] [Times: user=0.00 sys=0.02, real=0.00 secs] 
4.894: [GC (Allocation Failure) 4.894: [DefNew: 959K->63K(960K), 0.0015198 secs] 384620K->384059K(524224K), 0.0015707 secs] [Times: user=0.00 sys=0.00, real=0.00 secs] 
4.897: [GC (Allocation Failure) 4.897: [DefNew: 959K->64K(960K), 0.0015919 secs] 384981K->384364K(524224K), 0.0016515 secs] [Times: user=0.00 sys=0.00, real=0.00 secs] 
4.901: [GC (Allocation Failure) 4.901: [DefNew: 960K->63K(960K), 0.0014314 secs] 385291K->384677K(524224K), 0.0014797 secs] [Times: user=0.00 sys=0.00, real=0.00 secs] 
4.904: [GC (Allocation Failure) 4.904: [DefNew: 959K->63K(960K), 0.0014763 secs] 385595K->385004K(524224K), 0.0015356 secs] [Times: user=0.00 sys=0.00, real=0.00 secs] 
4.907: [GC (Allocation Failure) 4.907: [DefNew: 959K->64K(960K), 0.0016172 secs] 385930K->385308K(524224K), 0.0016753 secs] [Times: user=0.02 sys=0.00, real=0.00 secs] 
4.911: [GC (Allocation Failure) 4.911: [DefNew: 960K->64K(960K), 0.0018615 secs] 386209K->385677K(524224K), 0.0019189 secs] [Times: user=0.00 sys=0.00, real=0.00 secs] 
4.914: [GC (Allocation Failure) 4.914: [DefNew: 960K->64K(960K), 0.0014363 secs] 386594K->385961K(524224K), 0.0014813 secs] [Times: user=0.00 sys=0.00, real=0.00 secs] 
4.918: [GC (Allocation Failure) 4.918: [DefNew: 960K->63K(960K), 0.0018592 secs] 386881K->386256K(524224K), 0.0019385 secs] [Times: user=0.00 sys=0.00, real=0.00 secs] 
4.922: [GC (Allocation Failure) 4.922: [DefNew: 959K->64K(960K), 0.0020246 secs] 387161K->386608K(524224K), 0.0021046 secs] [Times: user=0.02 sys=0.00, real=0.00 secs] 
4.925: [GC (Allocation Failure) 4.925: [DefNew: 960K->63K(960K), 0.0020646 secs] 387511K->386949K(524224K), 0.0021345 secs] [Times: user=0.00 sys=0.00, real=0.00 secs] 
4.930: [GC (Allocation Failure) 4.930: [DefNew: 959K->63K(960K), 0.0020238 secs] 387848K->387281K(524224K), 0.0021005 secs] [Times: user=0.00 sys=0.00, real=0.00 secs] 
4.933: [GC (Allocation Failure) 4.933: [DefNew: 959K->63K(960K), 0.0014190 secs] 388184K->387596K(524224K), 0.0014665 secs] [Times: user=0.00 sys=0.00, real=0.00 secs] 
4.937: [GC (Allocation Failure) 4.937: [DefNew: 959K->64K(960K), 0.0017625 secs] 388495K->387908K(524224K), 0.0018264 secs] [Times: user=0.00 sys=0.00, real=0.00 secs] 
4.940: [GC (Allocation Failure) 4.940: [DefNew: 960K->64K(960K), 0.0018211 secs] 388805K->388248K(524224K), 0.0018777 secs] [Times: user=0.00 sys=0.00, real=0.00 secs] 
4.944: [GC (Allocation Failure) 4.944: [DefNew: 960K->63K(960K), 0.0016459 secs] 389144K->388597K(524224K), 0.0016965 secs] [Times: user=0.00 sys=0.00, real=0.00 secs] 
4.948: [GC (Allocation Failure) 4.948: [DefNew: 959K->64K(960K), 0.0020457 secs] 389496K->388919K(524224K), 0.0021167 secs] [Times: user=0.00 sys=0.00, real=0.00 secs] 
4.951: [GC (Allocation Failure) 4.951: [DefNew: 960K->63K(960K), 0.0015836 secs] 389825K->389253K(524224K), 0.0016342 secs] [Times: user=0.00 sys=0.00, real=0.00 secs] 
4.955: [GC (Allocation Failure) 4.955: [DefNew: 959K->63K(960K), 0.0015390 secs] 390169K->389516K(524224K), 0.0015964 secs] [Times: user=0.00 sys=0.00, real=0.00 secs] 
4.957: [GC (Allocation Failure) 4.957: [DefNew: 959K->63K(960K), 0.0011898 secs] 390435K->389780K(524224K), 0.0012253 secs] [Times: user=0.00 sys=0.00, real=0.00 secs] 
4.960: [GC (Allocation Failure) 4.960: [DefNew: 959K->63K(960K), 0.0014178 secs] 390696K->390083K(524224K), 0.0014669 secs] [Times: user=0.00 sys=0.00, real=0.00 secs] 
4.964: [GC (Allocation Failure) 4.964: [DefNew: 959K->63K(960K), 0.0017082 secs] 391008K->390360K(524224K), 0.0017561 secs] [Times: user=0.00 sys=0.00, real=0.00 secs] 
4.967: [GC (Allocation Failure) 4.967: [DefNew: 959K->64K(960K), 0.0013064 secs] 391278K->390683K(524224K), 0.0013438 secs] [Times: user=0.00 sys=0.00, real=0.00 secs] 
4.970: [GC (Allocation Failure) 4.970: [DefNew: 960K->64K(960K), 0.0020427 secs] 391602K->391006K(524224K), 0.0021024 secs] [Times: user=0.00 sys=0.00, real=0.00 secs] 
4.973: [GC (Allocation Failure) 4.973: [DefNew: 960K->63K(960K), 0.0012868 secs] 391945K->391279K(524224K), 0.0013314 secs] [Times: user=0.00 sys=0.00, real=0.00 secs] 
4.977: [GC (Allocation Failure) 4.977: [DefNew: 959K->64K(960K), 0.0014522 secs] 392202K->391603K(524224K), 0.0014979 secs] [Times: user=0.00 sys=0.00, real=0.00 secs] 
4.980: [GC (Allocation Failure) 4.980: [DefNew: 960K->63K(960K), 0.0018316 secs] 392525K->391918K(524224K), 0.0018845 secs] [Times: user=0.00 sys=0.00, real=0.00 secs] 
4.983: [GC (Allocation Failure) 4.983: [DefNew: 959K->64K(960K), 0.0012830 secs] 392853K->392205K(524224K), 0.0013291 secs] [Times: user=0.00 sys=0.00, real=0.00 secs] 
4.987: [GC (Allocation Failure) 4.987: [DefNew: 960K->64K(960K), 0.0014507 secs] 393119K->392563K(524224K), 0.0014982 secs] [Times: user=0.00 sys=0.00, real=0.00 secs] 
4.990: [GC (Allocation Failure) 4.990: [DefNew: 960K->63K(960K), 0.0018094 secs] 393489K->392875K(524224K), 0.0018717 secs] [Times: user=0.00 sys=0.00, real=0.00 secs] 
4.993: [GC (Allocation Failure) 4.993: [DefNew: 959K->63K(960K), 0.0013102 secs] 393803K->393176K(524224K), 0.0013499 secs] [Times: user=0.00 sys=0.00, real=0.00 secs] 
4.997: [GC (Allocation Failure) 4.997: [DefNew: 959K->64K(960K), 0.0013763 secs] 394101K->393491K(524224K), 0.0014216 secs] [Times: user=0.00 sys=0.00, real=0.00 secs] 
4.999: [GC (Allocation Failure) 5.000: [DefNew: 960K->64K(960K), 0.0012003 secs] 394432K->393757K(524224K), 0.0012328 secs] [Times: user=0.00 sys=0.00, real=0.00 secs] 
5.003: [GC (Allocation Failure) 5.003: [DefNew: 960K->64K(960K), 0.0016576 secs] 394664K->394106K(524224K), 0.0017293 secs] [Times: user=0.00 sys=0.00, real=0.00 secs] 
5.007: [GC (Allocation Failure) 5.007: [DefNew: 960K->64K(960K), 0.0014227 secs] 395023K->394419K(524224K), 0.0014665 secs] [Times: user=0.00 sys=0.00, real=0.00 secs] 
5.009: [GC (Allocation Failure) 5.010: [DefNew: 960K->63K(960K), 0.0013733 secs] 395340K->394736K(524224K), 0.0014076 secs] [Times: user=0.00 sys=0.00, real=0.00 secs] 
5.013: [GC (Allocation Failure) 5.013: [DefNew: 959K->63K(960K), 0.0017033 secs] 395645K->395100K(524224K), 0.0017633 secs] [Times: user=0.00 sys=0.00, real=0.00 secs] 
5.016: [GC (Allocation Failure) 5.016: [DefNew: 959K->63K(960K), 0.0014507 secs] 396019K->395409K(524224K), 0.0014914 secs] [Times: user=0.02 sys=0.00, real=0.00 secs] 
5.020: [GC (Allocation Failure) 5.020: [DefNew: 959K->64K(960K), 0.0017259 secs] 396345K->395697K(524224K), 0.0017795 secs] [Times: user=0.00 sys=0.00, real=0.00 secs] 
5.024: [GC (Allocation Failure) 5.024: [DefNew: 960K->64K(960K), 0.0019366 secs] 396604K->396055K(524224K), 0.0020012 secs] [Times: user=0.00 sys=0.00, real=0.00 secs] 
5.027: [GC (Allocation Failure) 5.027: [DefNew: 960K->63K(960K), 0.0013272 secs] 396988K->396338K(524224K), 0.0013665 secs] [Times: user=0.00 sys=0.00, real=0.00 secs] 
5.030: [GC (Allocation Failure) 5.030: [DefNew: 959K->64K(960K), 0.0012294 secs] 397275K->396620K(524224K), 0.0012649 secs] [Times: user=0.00 sys=0.00, real=0.00 secs] 
5.034: [GC (Allocation Failure) 5.034: [DefNew: 960K->63K(960K), 0.0014869 secs] 397535K->396968K(524224K), 0.0015420 secs] [Times: user=0.00 sys=0.00, real=0.00 secs] 
5.036: [GC (Allocation Failure) 5.036: [DefNew: 959K->63K(960K), 0.0016474 secs] 397887K->397298K(524224K), 0.0017021 secs] [Times: user=0.00 sys=0.00, real=0.00 secs] 
5.040: [GC (Allocation Failure) 5.040: [DefNew: 959K->64K(960K), 0.0013397 secs] 398231K->397585K(524224K), 0.0013770 secs] [Times: user=0.00 sys=0.00, real=0.00 secs] 
5.043: [GC (Allocation Failure) 5.043: [DefNew: 960K->64K(960K), 0.0015356 secs] 398522K->397865K(524224K), 0.0015862 secs] [Times: user=0.00 sys=0.00, real=0.00 secs] 
5.046: [GC (Allocation Failure) 5.046: [DefNew: 960K->64K(960K), 0.0017018 secs] 398774K->398222K(524224K), 0.0017535 secs] [Times: user=0.00 sys=0.00, real=0.00 secs] 
5.050: [GC (Allocation Failure) 5.050: [DefNew: 960K->63K(960K), 0.0014529 secs] 399150K->398520K(524224K), 0.0015205 secs] [Times: user=0.00 sys=0.00, real=0.00 secs] 
5.053: [GC (Allocation Failure) 5.053: [DefNew: 959K->64K(960K), 0.0015745 secs] 399440K->398848K(524224K), 0.0016293 secs] [Times: user=0.00 sys=0.00, real=0.00 secs] 
5.057: [GC (Allocation Failure) 5.057: [DefNew: 960K->63K(960K), 0.0013514 secs] 399781K->399140K(524224K), 0.0014057 secs] [Times: user=0.00 sys=0.00, real=0.00 secs] 
5.060: [GC (Allocation Failure) 5.060: [DefNew: 959K->64K(960K), 0.0013019 secs] 400071K->399438K(524224K), 0.0013419 secs] [Times: user=0.00 sys=0.00, real=0.00 secs] 
5.063: [GC (Allocation Failure) 5.063: [DefNew: 960K->63K(960K), 0.0012928 secs] 400369K->399725K(524224K), 0.0013521 secs] [Times: user=0.02 sys=0.00, real=0.00 secs] 
5.066: [GC (Allocation Failure) 5.066: [DefNew: 959K->64K(960K), 0.0014692 secs] 400635K->400084K(524224K), 0.0015217 secs] [Times: user=0.00 sys=0.00, real=0.00 secs] 
5.069: [GC (Allocation Failure) 5.069: [DefNew: 960K->63K(960K), 0.0014084 secs] 401013K->400381K(524224K), 0.0014544 secs] [Times: user=0.00 sys=0.00, real=0.00 secs] 
5.072: [GC (Allocation Failure) 5.072: [DefNew: 959K->64K(960K), 0.0015149 secs] 401299K->400710K(524224K), 0.0015783 secs] [Times: user=0.00 sys=0.00, real=0.00 secs] 
5.076: [GC (Allocation Failure) 5.076: [DefNew: 960K->63K(960K), 0.0014344 secs] 401635K->401025K(524224K), 0.0014854 secs] [Times: user=0.00 sys=0.00, real=0.00 secs] 
5.078: [GC (Allocation Failure) 5.078: [DefNew: 959K->63K(960K), 0.0013374 secs] 401965K->401297K(524224K), 0.0013903 secs] [Times: user=0.02 sys=0.00, real=0.00 secs] 
5.082: [GC (Allocation Failure) 5.082: [DefNew: 959K->63K(960K), 0.0020956 secs] 402209K->401651K(524224K), 0.0021696 secs] [Times: user=0.00 sys=0.00, real=0.00 secs] 
5.086: [GC (Allocation Failure) 5.086: [DefNew: 959K->64K(960K), 0.0016931 secs] 402565K->401999K(524224K), 0.0017592 secs] [Times: user=0.00 sys=0.00, real=0.00 secs] 
5.089: [GC (Allocation Failure) 5.089: [DefNew: 960K->63K(960K), 0.0016077 secs] 402920K->402313K(524224K), 0.0016625 secs] [Times: user=0.00 sys=0.00, real=0.00 secs] 
5.093: [GC (Allocation Failure) 5.093: [DefNew: 959K->64K(960K), 0.0015787 secs] 403243K->402627K(524224K), 0.0016395 secs] [Times: user=0.00 sys=0.00, real=0.00 secs] 
5.096: [GC (Allocation Failure) 5.096: [DefNew: 960K->63K(960K), 0.0019359 secs] 403534K->402991K(524224K), 0.0019944 secs] [Times: user=0.00 sys=0.00, real=0.00 secs] 
5.100: [GC (Allocation Failure) 5.100: [DefNew: 959K->63K(960K), 0.0014322 secs] 403924K->403278K(524224K), 0.0014718 secs] [Times: user=0.00 sys=0.00, real=0.00 secs] 
5.103: [GC (Allocation Failure) 5.103: [DefNew: 959K->63K(960K), 0.0013359 secs] 404212K->403561K(524224K), 0.0013827 secs] [Times: user=0.00 sys=0.00, real=0.00 secs] 
5.106: [GC (Allocation Failure) 5.106: [DefNew: 959K->64K(960K), 0.0012309 secs] 404502K->403838K(524224K), 0.0012664 secs] [Times: user=0.00 sys=0.00, real=0.00 secs] 
5.109: [GC (Allocation Failure) 5.109: [DefNew: 960K->63K(960K), 0.0012577 secs] 404766K->404138K(524224K), 0.0012974 secs] [Times: user=0.00 sys=0.00, real=0.00 secs] 
5.112: [GC (Allocation Failure) 5.112: [DefNew: 959K->63K(960K), 0.0017618 secs] 405047K->404493K(524224K), 0.0018196 secs] [Times: user=0.00 sys=0.00, real=0.00 secs] 
5.116: [GC (Allocation Failure) 5.116: [DefNew: 959K->64K(960K), 0.0015341 secs] 405406K->404854K(524224K), 0.0015775 secs] [Times: user=0.00 sys=0.00, real=0.00 secs] 
5.119: [GC (Allocation Failure) 5.119: [DefNew: 960K->64K(960K), 0.0013397 secs] 405794K->405123K(524224K), 0.0013759 secs] [Times: user=0.00 sys=0.00, real=0.00 secs] 
5.122: [GC (Allocation Failure) 5.122: [DefNew: 960K->63K(960K), 0.0016221 secs] 406048K->405439K(524224K), 0.0016727 secs] [Times: user=0.00 sys=0.00, real=0.00 secs] 
5.125: [GC (Allocation Failure) 5.125: [DefNew: 959K->63K(960K), 0.0013076 secs] 406374K->405725K(524224K), 0.0013472 secs] [Times: user=0.00 sys=0.00, real=0.00 secs] 
5.129: [GC (Allocation Failure) 5.129: [DefNew: 959K->63K(960K), 0.0017897 secs] 406655K->406022K(524224K), 0.0018517 secs] [Times: user=0.00 sys=0.00, real=0.00 secs] 
5.132: [GC (Allocation Failure) 5.132: [DefNew: 959K->63K(960K), 0.0015454 secs] 406961K->406296K(524224K), 0.0016028 secs] [Times: user=0.00 sys=0.00, real=0.00 secs] 
5.135: [GC (Allocation Failure) 5.135: [DefNew: 959K->64K(960K), 0.0012253 secs] 407232K->406574K(524224K), 0.0012615 secs] [Times: user=0.00 sys=0.00, real=0.00 secs] 
5.139: [GC (Allocation Failure) 5.139: [DefNew: 960K->63K(960K), 0.0013695 secs] 407491K->406899K(524224K), 0.0014122 secs] [Times: user=0.00 sys=0.00, real=0.00 secs] 
5.141: [GC (Allocation Failure) 5.141: [DefNew: 959K->64K(960K), 0.0014654 secs] 407837K->407171K(524224K), 0.0015043 secs] [Times: user=0.02 sys=0.00, real=0.00 secs] 
5.145: [GC (Allocation Failure) 5.145: [DefNew: 960K->63K(960K), 0.0018728 secs] 408096K->407492K(524224K), 0.0019347 secs] [Times: user=0.00 sys=0.00, real=0.00 secs] 
5.148: [GC (Allocation Failure) 5.148: [DefNew: 959K->63K(960K), 0.0016251 secs] 408396K->407862K(524224K), 0.0016776 secs] [Times: user=0.00 sys=0.00, real=0.00 secs] 
5.152: [GC (Allocation Failure) 5.152: [DefNew: 959K->64K(960K), 0.0016349 secs] 408786K->408152K(524224K), 0.0016836 secs] [Times: user=0.00 sys=0.00, real=0.00 secs] 
5.155: [GC (Allocation Failure) 5.155: [DefNew: 960K->63K(960K), 0.0016519 secs] 409064K->408488K(524224K), 0.0017052 secs] [Times: user=0.00 sys=0.00, real=0.00 secs] 
5.158: [GC (Allocation Failure) 5.158: [DefNew: 959K->63K(960K), 0.0014050 secs] 409414K->408785K(524224K), 0.0014643 secs] [Times: user=0.00 sys=0.00, real=0.00 secs] 
5.162: [GC (Allocation Failure) 5.162: [DefNew: 959K->63K(960K), 0.0015326 secs] 409712K->409087K(524224K), 0.0015915 secs] [Times: user=0.00 sys=0.00, real=0.00 secs] 
5.164: [GC (Allocation Failure) 5.164: [DefNew: 959K->64K(960K), 0.0013982 secs] 410022K->409371K(524224K), 0.0014405 secs] [Times: user=0.00 sys=0.00, real=0.00 secs] 
5.168: [GC (Allocation Failure) 5.168: [DefNew: 960K->64K(960K), 0.0012977 secs] 410298K->409677K(524224K), 0.0013385 secs] [Times: user=0.00 sys=0.00, real=0.00 secs] 
5.171: [GC (Allocation Failure) 5.171: [DefNew: 960K->64K(960K), 0.0014174 secs] 410601K->409995K(524224K), 0.0014729 secs] [Times: user=0.00 sys=0.00, real=0.00 secs] 
5.174: [GC (Allocation Failure) 5.174: [DefNew: 960K->63K(960K), 0.0014620 secs] 410926K->410287K(524224K), 0.0015024 secs] [Times: user=0.00 sys=0.00, real=0.00 secs] 
5.177: [GC (Allocation Failure) 5.177: [DefNew: 959K->63K(960K), 0.0016066 secs] 411212K->410596K(524224K), 0.0016538 secs] [Times: user=0.00 sys=0.00, real=0.00 secs] 
5.181: [GC (Allocation Failure) 5.181: [DefNew: 959K->64K(960K), 0.0016795 secs] 411531K->410883K(524224K), 0.0017286 secs] [Times: user=0.00 sys=0.00, real=0.00 secs] 
5.184: [GC (Allocation Failure) 5.184: [DefNew: 960K->64K(960K), 0.0014171 secs] 411801K->411221K(524224K), 0.0014548 secs] [Times: user=0.00 sys=0.00, real=0.00 secs] 
5.187: [GC (Allocation Failure) 5.187: [DefNew: 960K->63K(960K), 0.0014986 secs] 412136K->411554K(524224K), 0.0015386 secs] [Times: user=0.00 sys=0.02, real=0.00 secs] 
5.190: [GC (Allocation Failure) 5.190: [DefNew: 959K->64K(960K), 0.0021851 secs] 412467K->411887K(524224K), 0.0022413 secs] [Times: user=0.00 sys=0.00, real=0.00 secs] 
5.195: [GC (Allocation Failure) 5.195: [DefNew: 960K->63K(960K), 0.0018279 secs] 412795K->412277K(524224K), 0.0018800 secs] [Times: user=0.00 sys=0.00, real=0.00 secs] 
5.198: [GC (Allocation Failure) 5.198: [DefNew: 959K->63K(960K), 0.0016682 secs] 413192K->412598K(524224K), 0.0017180 secs] [Times: user=0.00 sys=0.00, real=0.00 secs] 
5.202: [GC (Allocation Failure) 5.202: [DefNew: 959K->64K(960K), 0.0017373 secs] 413511K->412935K(524224K), 0.0017837 secs] [Times: user=0.00 sys=0.00, real=0.00 secs] 
5.205: [GC (Allocation Failure) 5.205: [DefNew: 960K->63K(960K), 0.0016312 secs] 413857K->413245K(524224K), 0.0016863 secs] [Times: user=0.00 sys=0.00, real=0.00 secs] 
5.209: [GC (Allocation Failure) 5.209: [DefNew: 959K->63K(960K), 0.0017977 secs] 414149K->413611K(524224K), 0.0018456 secs] [Times: user=0.00 sys=0.00, real=0.00 secs] 
5.213: [GC (Allocation Failure) 5.213: [DefNew: 959K->64K(960K), 0.0020027 secs] 414513K->413951K(524224K), 0.0020552 secs] [Times: user=0.00 sys=0.00, real=0.00 secs] 
5.216: [GC (Allocation Failure) 5.217: [DefNew: 960K->64K(960K), 0.0013982 secs] 414869K->414235K(524224K), 0.0014492 secs] [Times: user=0.00 sys=0.00, real=0.00 secs] 
5.219: [GC (Allocation Failure) 5.219: [DefNew: 960K->64K(960K), 0.0019483 secs] 415150K->414533K(524224K), 0.0020216 secs] [Times: user=0.01 sys=0.00, real=0.00 secs] 
5.224: [GC (Allocation Failure) 5.224: [DefNew: 960K->64K(960K), 0.0019117 secs] 415436K->414914K(524224K), 0.0019763 secs] [Times: user=0.00 sys=0.00, real=0.00 secs] 
5.227: [GC (Allocation Failure) 5.227: [DefNew: 960K->63K(960K), 0.0014280 secs] 415841K->415184K(524224K), 0.0014658 secs] [Times: user=0.00 sys=0.00, real=0.00 secs] 
5.230: [GC (Allocation Failure) 5.230: [DefNew: 959K->63K(960K), 0.0014118 secs] 416091K->415506K(524224K), 0.0014688 secs] [Times: user=0.00 sys=0.00, real=0.00 secs] 
5.234: [GC (Allocation Failure) 5.234: [DefNew: 959K->63K(960K), 0.0015806 secs] 416418K->415855K(524224K), 0.0016338 secs] [Times: user=0.00 sys=0.00, real=0.00 secs] 
5.236: [GC (Allocation Failure) 5.236: [DefNew: 959K->63K(960K), 0.0015877 secs] 416783K->416144K(524224K), 0.0016455 secs] [Times: user=0.00 sys=0.00, real=0.00 secs] 
5.240: [GC (Allocation Failure) 5.240: [DefNew: 959K->63K(960K), 0.0016527 secs] 417045K->416524K(524224K), 0.0017161 secs] [Times: user=0.00 sys=0.00, real=0.00 secs] 
5.243: [GC (Allocation Failure) 5.243: [DefNew: 959K->63K(960K), 0.0015141 secs] 417435K->416831K(524224K), 0.0015719 secs] [Times: user=0.00 sys=0.00, real=0.00 secs] 
5.246: [GC (Allocation Failure) 5.246: [DefNew: 959K->63K(960K), 0.0015375 secs] 417758K->417113K(524224K), 0.0015934 secs] [Times: user=0.00 sys=0.00, real=0.00 secs] 
5.250: [GC (Allocation Failure) 5.250: [DefNew: 959K->63K(960K), 0.0013068 secs] 418035K->417404K(524224K), 0.0013506 secs] [Times: user=0.00 sys=0.00, real=0.00 secs] 
5.252: [GC (Allocation Failure) 5.252: [DefNew: 959K->63K(960K), 0.0018256 secs] 418321K->417736K(524224K), 0.0018864 secs] [Times: user=0.00 sys=0.00, real=0.00 secs] 
5.256: [GC (Allocation Failure) 5.256: [DefNew: 959K->64K(960K), 0.0016632 secs] 418641K->418106K(524224K), 0.0017150 secs] [Times: user=0.00 sys=0.00, real=0.00 secs] 
5.259: [GC (Allocation Failure) 5.259: [DefNew: 960K->63K(960K), 0.0014246 secs] 419035K->418396K(524224K), 0.0014745 secs] [Times: user=0.00 sys=0.00, real=0.00 secs] 
5.263: [GC (Allocation Failure) 5.263: [DefNew: 959K->64K(960K), 0.0015821 secs] 419300K->418743K(524224K), 0.0016387 secs] [Times: user=0.00 sys=0.00, real=0.00 secs] 
5.266: [GC (Allocation Failure) 5.266: [DefNew: 960K->64K(960K), 0.0015050 secs] 419652K->419068K(524224K), 0.0015537 secs] [Times: user=0.02 sys=0.00, real=0.00 secs] 
5.269: [GC (Allocation Failure) 5.269: [DefNew: 960K->64K(960K), 0.0015843 secs] 419989K->419363K(524224K), 0.0016364 secs] [Times: user=0.00 sys=0.00, real=0.00 secs] 
5.273: [GC (Allocation Failure) 5.273: [DefNew: 960K->63K(960K), 0.0017569 secs] 420285K->419678K(524224K), 0.0018158 secs] [Times: user=0.00 sys=0.00, real=0.00 secs] 
5.276: [GC (Allocation Failure) 5.276: [DefNew: 959K->63K(960K), 0.0021254 secs] 420585K->420038K(524224K), 0.0021900 secs] [Times: user=0.00 sys=0.00, real=0.00 secs] 
5.280: [GC (Allocation Failure) 5.280: [DefNew: 959K->64K(960K), 0.0023576 secs] 420938K->420490K(524224K), 0.0024233 secs] [Times: user=0.02 sys=0.00, real=0.00 secs] 
5.285: [GC (Allocation Failure) 5.285: [DefNew: 960K->63K(960K), 0.0026903 secs] 421392K->420946K(524224K), 0.0027514 secs] [Times: user=0.00 sys=0.00, real=0.00 secs] 
5.289: [GC (Allocation Failure) 5.289: [DefNew: 959K->63K(960K), 0.0024762 secs] 421846K->421364K(524224K), 0.0025438 secs] [Times: user=0.00 sys=0.00, real=0.00 secs] 
5.294: [GC (Allocation Failure) 5.294: [DefNew: 959K->63K(960K), 0.0026706 secs] 422264K->421751K(524224K), 0.0027273 secs] [Times: user=0.00 sys=0.00, real=0.00 secs] 
5.298: [GC (Allocation Failure) 5.298: [DefNew: 959K->63K(960K), 0.0021718 secs] 422649K->422107K(524224K), 0.0022307 secs] [Times: user=0.02 sys=0.00, real=0.00 secs] 
5.307: [GC (Allocation Failure) 5.307: [DefNew: 959K->64K(960K), 0.0021613 secs] 423005K->422462K(524224K), 0.0022255 secs] [Times: user=0.00 sys=0.00, real=0.00 secs] 
5.310: [GC (Allocation Failure) 5.310: [DefNew: 960K->63K(960K), 0.0025959 secs] 423361K->422813K(524224K), 0.0026487 secs] [Times: user=0.00 sys=0.00, real=0.00 secs] 
5.316: [GC (Allocation Failure) 5.316: [DefNew: 959K->63K(960K), 0.0021515 secs] 423714K->423199K(524224K), 0.0022164 secs] [Times: user=0.00 sys=0.00, real=0.00 secs] 
5.320: [GC (Allocation Failure) 5.320: [DefNew: 959K->64K(960K), 0.0025136 secs] 424115K->423665K(524224K), 0.0025664 secs] [Times: user=0.00 sys=0.00, real=0.00 secs] 
5.323: [GC (Allocation Failure) 5.323: [DefNew: 960K->64K(960K), 0.0027333 secs] 424566K->424032K(524224K), 0.0027854 secs] [Times: user=0.00 sys=0.00, real=0.00 secs] 
5.328: [GC (Allocation Failure) 5.328: [DefNew: 960K->64K(960K), 0.0027850 secs] 424937K->424419K(524224K), 0.0028432 secs] [Times: user=0.02 sys=0.00, real=0.00 secs] 
5.332: [GC (Allocation Failure) 5.332: [DefNew: 960K->63K(960K), 0.0021817 secs] 425321K->424765K(524224K), 0.0022432 secs] [Times: user=0.00 sys=0.00, real=0.00 secs] 
5.337: [GC (Allocation Failure) 5.337: [DefNew: 959K->63K(960K), 0.0021752 secs] 425664K->425161K(524224K), 0.0022266 secs] [Times: user=0.00 sys=0.00, real=0.00 secs] 
5.341: [GC (Allocation Failure) 5.341: [DefNew: 959K->64K(960K), 0.0018758 secs] 426060K->425513K(524224K), 0.0019298 secs] [Times: user=0.00 sys=0.00, real=0.00 secs] 
5.344: [GC (Allocation Failure) 5.344: [DefNew: 960K->64K(960K), 0.0016731 secs] 426422K->425785K(524224K), 0.0017218 secs] [Times: user=0.02 sys=0.00, real=0.00 secs] 
5.349: [GC (Allocation Failure) 5.349: [DefNew: 960K->63K(960K), 0.0022742 secs] 426687K->426212K(524224K), 0.0023414 secs] [Times: user=0.00 sys=0.00, real=0.00 secs] 
5.353: [GC (Allocation Failure) 5.353: [DefNew: 959K->64K(960K), 0.0024471 secs] 427112K->426572K(524224K), 0.0025090 secs] [Times: user=0.00 sys=0.00, real=0.00 secs] 
5.357: [GC (Allocation Failure) 5.357: [DefNew: 960K->63K(960K), 0.0015677 secs] 427480K->426835K(524224K), 0.0016111 secs] [Times: user=0.00 sys=0.00, real=0.00 secs] 
5.360: [GC (Allocation Failure) 5.360: [DefNew: 959K->64K(960K), 0.0020722 secs] 427736K->427230K(524224K), 0.0021386 secs] [Times: user=0.01 sys=0.00, real=0.00 secs] 
5.364: [GC (Allocation Failure) 5.365: [DefNew: 960K->63K(960K), 0.0018165 secs] 428143K->427516K(524224K), 0.0018777 secs] [Times: user=0.00 sys=0.00, real=0.00 secs] 
5.368: [GC (Allocation Failure) 5.368: [DefNew: 959K->64K(960K), 0.0018664 secs] 428421K->427850K(524224K), 0.0019268 secs] [Times: user=0.00 sys=0.00, real=0.00 secs] 
5.372: [GC (Allocation Failure) 5.372: [DefNew: 960K->63K(960K), 0.0020722 secs] 428751K->428207K(524224K), 0.0021265 secs] [Times: user=0.00 sys=0.00, real=0.00 secs] 
5.376: [GC (Allocation Failure) 5.376: [DefNew: 959K->63K(960K), 0.0018165 secs] 429111K->428544K(524224K), 0.0018815 secs] [Times: user=0.02 sys=0.00, real=0.00 secs] 
5.379: [GC (Allocation Failure) 5.379: [DefNew: 959K->63K(960K), 0.0020571 secs] 429445K->428917K(524224K), 0.0021209 secs] [Times: user=0.00 sys=0.00, real=0.00 secs] 
5.384: [GC (Allocation Failure) 5.384: [DefNew: 959K->63K(960K), 0.0020673 secs] 429818K->429276K(524224K), 0.0021239 secs] [Times: user=0.00 sys=0.00, real=0.00 secs] 
5.387: [GC (Allocation Failure) 5.388: [DefNew: 959K->63K(960K), 0.0020812 secs] 430177K->429620K(524224K), 0.0021379 secs] [Times: user=0.00 sys=0.00, real=0.00 secs] 
5.391: [GC (Allocation Failure) 5.391: [DefNew: 959K->63K(960K), 0.0020926 secs] 430521K->429966K(524224K), 0.0021450 secs] [Times: user=0.01 sys=0.00, real=0.00 secs] 
5.396: [GC (Allocation Failure) 5.396: [DefNew: 959K->63K(960K), 0.0018014 secs] 430867K->430348K(524224K), 0.0018509 secs] [Times: user=0.00 sys=0.00, real=0.00 secs] 
5.399: [GC (Allocation Failure) 5.399: [DefNew: 959K->64K(960K), 0.0017739 secs] 431252K->430673K(524224K), 0.0018316 secs] [Times: user=0.00 sys=0.00, real=0.00 secs] 
5.403: [GC (Allocation Failure) 5.403: [DefNew: 960K->63K(960K), 0.0015855 secs] 431577K->431004K(524224K), 0.0016323 secs] [Times: user=0.00 sys=0.00, real=0.00 secs] 
5.405: [GC (Allocation Failure) 5.405: [DefNew: 959K->64K(960K), 0.0021700 secs] 431901K->431367K(524224K), 0.0022319 secs] [Times: user=0.00 sys=0.00, real=0.00 secs] 
5.410: [GC (Allocation Failure) 5.410: [DefNew: 960K->63K(960K), 0.0016655 secs] 432268K->431674K(524224K), 0.0017120 secs] [Times: user=0.00 sys=0.00, real=0.00 secs] 
5.413: [GC (Allocation Failure) 5.418: [DefNew: 959K->63K(960K), 0.0020446 secs] 432584K->432049K(524224K), 0.0072541 secs] [Times: user=0.00 sys=0.00, real=0.01 secs] 
5.422: [GC (Allocation Failure) 5.422: [DefNew: 959K->63K(960K), 0.0020646 secs] 432951K->432371K(524224K), 0.0021231 secs] [Times: user=0.02 sys=0.00, real=0.00 secs] 
5.426: [GC (Allocation Failure) 5.426: [DefNew: 959K->63K(960K), 0.0021367 secs] 433270K->432754K(524224K), 0.0021915 secs] [Times: user=0.00 sys=0.00, real=0.00 secs] 
5.430: [GC (Allocation Failure) 5.430: [DefNew: 959K->64K(960K), 0.0018577 secs] 433657K->433096K(524224K), 0.0019113 secs] [Times: user=0.00 sys=0.00, real=0.00 secs] 
5.434: [GC (Allocation Failure) 5.434: [DefNew: 960K->64K(960K), 0.0019921 secs] 433994K->433451K(524224K), 0.0020427 secs] [Times: user=0.00 sys=0.00, real=0.00 secs] 
5.438: [GC (Allocation Failure) 5.438: [DefNew: 960K->63K(960K), 0.0017138 secs] 434349K->433814K(524224K), 0.0017641 secs] [Times: user=0.02 sys=0.00, real=0.00 secs] 
5.441: [GC (Allocation Failure) 5.441: [DefNew: 959K->64K(960K), 0.0019143 secs] 434722K->434119K(524224K), 0.0019706 secs] [Times: user=0.00 sys=0.00, real=0.00 secs] 
5.445: [GC (Allocation Failure) 5.445: [DefNew: 960K->63K(960K), 0.0016455 secs] 435020K->434458K(524224K), 0.0016882 secs] [Times: user=0.00 sys=0.00, real=0.00 secs] 
5.448: [GC (Allocation Failure) 5.448: [DefNew: 959K->64K(960K), 0.0019887 secs] 435360K->434792K(524224K), 0.0020435 secs] [Times: user=0.00 sys=0.00, real=0.00 secs] 
5.452: [GC (Allocation Failure) 5.452: [DefNew: 960K->63K(960K), 0.0020574 secs] 435693K->435128K(524224K), 0.0021148 secs] [Times: user=0.00 sys=0.00, real=0.00 secs] 
5.456: [GC (Allocation Failure) 5.456: [DefNew: 959K->64K(960K), 0.0021647 secs] 436033K->435487K(524224K), 0.0022296 secs] [Times: user=0.00 sys=0.00, real=0.00 secs] 
5.460: [GC (Allocation Failure) 5.460: [DefNew: 960K->64K(960K), 0.0021020 secs] 436388K->435857K(524224K), 0.0021718 secs] [Times: user=0.00 sys=0.00, real=0.00 secs] 
5.465: [GC (Allocation Failure) 5.465: [DefNew: 960K->64K(960K), 0.0020839 secs] 436760K->436233K(524224K), 0.0021462 secs] [Times: user=0.00 sys=0.00, real=0.00 secs] 
5.469: [GC (Allocation Failure) 5.469: [DefNew: 960K->63K(960K), 0.0021031 secs] 437135K->436569K(524224K), 0.0021696 secs] [Times: user=0.02 sys=0.00, real=0.00 secs] 
5.473: [GC (Allocation Failure) 5.473: [DefNew: 959K->64K(960K), 0.0022243 secs] 437473K->436968K(524224K), 0.0022976 secs] [Times: user=0.00 sys=0.00, real=0.00 secs] 
5.477: [GC (Allocation Failure) 5.477: [DefNew: 960K->63K(960K), 0.0017920 secs] 437872K->437313K(524224K), 0.0018513 secs] [Times: user=0.00 sys=0.00, real=0.00 secs] 
5.481: [GC (Allocation Failure) 5.481: [DefNew: 959K->64K(960K), 0.0015073 secs] 438228K->437589K(524224K), 0.0015707 secs] [Times: user=0.00 sys=0.00, real=0.00 secs] 
5.484: [GC (Allocation Failure) 5.484: [DefNew: 960K->64K(960K), 0.0015322 secs] 438503K->437931K(524224K), 0.0015858 secs] [Times: user=0.00 sys=0.02, real=0.00 secs] 
5.487: [GC (Allocation Failure) 5.487: [DefNew: 960K->64K(960K), 0.0013827 secs] 438860K->438213K(524224K), 0.0014307 secs] [Times: user=0.00 sys=0.00, real=0.00 secs] 
5.490: [GC (Allocation Failure) 5.490: [DefNew: 960K->63K(960K), 0.0016455 secs] 439137K->438529K(524224K), 0.0017104 secs] [Times: user=0.00 sys=0.00, real=0.00 secs] 
5.494: [GC (Allocation Failure) 5.494: [DefNew: 959K->64K(960K), 0.0013144 secs] 439460K->438813K(524224K), 0.0013650 secs] [Times: user=0.00 sys=0.00, real=0.00 secs] 
5.497: [GC (Allocation Failure) 5.497: [DefNew: 960K->64K(960K), 0.0014322 secs] 439738K->439122K(524224K), 0.0014865 secs] [Times: user=0.00 sys=0.00, real=0.00 secs] 
5.500: [GC (Allocation Failure) 5.500: [DefNew: 960K->63K(960K), 0.0013287 secs] 440051K->439411K(524224K), 0.0013978 secs] [Times: user=0.00 sys=0.01, real=0.00 secs] 
5.503: [GC (Allocation Failure) 5.503: [DefNew: 959K->64K(960K), 0.0017187 secs] 440324K->439745K(524224K), 0.0017773 secs] [Times: user=0.00 sys=0.00, real=0.00 secs] 
5.507: [GC (Allocation Failure) 5.507: [DefNew: 960K->63K(960K), 0.0014646 secs] 440669K->440052K(524224K), 0.0015186 secs] [Times: user=0.00 sys=0.00, real=0.00 secs] 
5.510: [GC (Allocation Failure) 5.510: [DefNew: 959K->64K(960K), 0.0018913 secs] 440968K->440371K(524224K), 0.0019495 secs] [Times: user=0.00 sys=0.00, real=0.00 secs] 
5.513: [GC (Allocation Failure) 5.513: [DefNew: 960K->64K(960K), 0.0015420 secs] 441290K->440693K(524224K), 0.0015892 secs] [Times: user=0.00 sys=0.00, real=0.00 secs] 
5.517: [GC (Allocation Failure) 5.517: [DefNew: 960K->63K(960K), 0.0016961 secs] 441597K->441071K(524224K), 0.0017701 secs] [Times: user=0.02 sys=0.00, real=0.00 secs] 
5.520: [GC (Allocation Failure) 5.520: [DefNew: 959K->63K(960K), 0.0020729 secs] 441978K->441412K(524224K), 0.0021386 secs] [Times: user=0.00 sys=0.00, real=0.00 secs] 
5.524: [GC (Allocation Failure) 5.524: [DefNew: 959K->64K(960K), 0.0016810 secs] 442324K->441726K(524224K), 0.0017331 secs] [Times: user=0.00 sys=0.00, real=0.00 secs] 
5.528: [GC (Allocation Failure) 5.528: [DefNew: 960K->64K(960K), 0.0019087 secs] 442642K->442046K(524224K), 0.0019619 secs] [Times: user=0.00 sys=0.00, real=0.00 secs] 
5.531: [GC (Allocation Failure) 5.531: [DefNew: 960K->64K(960K), 0.0014880 secs] 442969K->442345K(524224K), 0.0015394 secs] [Times: user=0.02 sys=0.00, real=0.00 secs] 
5.535: [GC (Allocation Failure) 5.535: [DefNew: 960K->63K(960K), 0.0018377 secs] 443263K->442682K(524224K), 0.0019091 secs] [Times: user=0.00 sys=0.00, real=0.00 secs] 
5.538: [GC (Allocation Failure) 5.538: [DefNew: 959K->63K(960K), 0.0013283 secs] 443614K->442972K(524224K), 0.0013718 secs] [Times: user=0.00 sys=0.00, real=0.00 secs] 
5.541: [GC (Allocation Failure) 5.541: [DefNew: 959K->63K(960K), 0.0014412 secs] 443888K->443308K(524224K), 0.0014820 secs] [Times: user=0.00 sys=0.00, real=0.00 secs] 
5.545: [GC (Allocation Failure) 5.545: [DefNew: 959K->63K(960K), 0.0013499 secs] 444242K->443590K(524224K), 0.0013857 secs] [Times: user=0.00 sys=0.00, real=0.00 secs] 
5.547: [GC (Allocation Failure) 5.547: [DefNew: 959K->63K(960K), 0.0012483 secs] 444523K->443869K(524224K), 0.0012864 secs] [Times: user=0.01 sys=0.00, real=0.00 secs] 
5.551: [GC (Allocation Failure) 5.551: [DefNew: 959K->63K(960K), 0.0014797 secs] 444795K->444180K(524224K), 0.0015303 secs] [Times: user=0.00 sys=0.00, real=0.00 secs] 
5.555: [GC (Allocation Failure) 5.555: [DefNew: 959K->63K(960K), 0.0013793 secs] 445110K->444481K(524224K), 0.0014231 secs] [Times: user=0.00 sys=0.00, real=0.00 secs] 
5.557: [GC (Allocation Failure) 5.558: [DefNew: 959K->63K(960K), 0.0013804 secs] 445407K->444800K(524224K), 0.0014205 secs] [Times: user=0.00 sys=0.00, real=0.00 secs] 
5.561: [GC (Allocation Failure) 5.561: [DefNew: 959K->64K(960K), 0.0014091 secs] 445729K->445096K(524224K), 0.0014548 secs] [Times: user=0.00 sys=0.00, real=0.00 secs] 
5.563: [GC (Allocation Failure) 5.564: [DefNew: 960K->63K(960K), 0.0012917 secs] 446026K->445381K(524224K), 0.0013374 secs] [Times: user=0.02 sys=0.00, real=0.00 secs] 
5.567: [GC (Allocation Failure) 5.567: [DefNew: 959K->63K(960K), 0.0020635 secs] 446286K->445777K(524224K), 0.0021231 secs] [Times: user=0.00 sys=0.00, real=0.00 secs] 
5.571: [GC (Allocation Failure) 5.571: [DefNew: 959K->63K(960K), 0.0019442 secs] 446702K->446087K(524224K), 0.0019970 secs] [Times: user=0.00 sys=0.00, real=0.00 secs] 
5.574: [GC (Allocation Failure) 5.574: [DefNew: 959K->63K(960K), 0.0015719 secs] 447021K->446368K(524224K), 0.0016187 secs] [Times: user=0.00 sys=0.00, real=0.00 secs] 
5.577: [GC (Allocation Failure) 5.577: [DefNew: 959K->63K(960K), 0.0013370 secs] 447299K->446676K(524224K), 0.0013748 secs] [Times: user=0.00 sys=0.00, real=0.00 secs] 
5.581: [GC (Allocation Failure) 5.581: [DefNew: 959K->63K(960K), 0.0018396 secs] 447597K->446988K(524224K), 0.0018992 secs] [Times: user=0.00 sys=0.00, real=0.00 secs] 
5.584: [GC (Allocation Failure) 5.584: [DefNew: 959K->63K(960K), 0.0014718 secs] 447909K->447317K(524224K), 0.0015111 secs] [Times: user=0.00 sys=0.00, real=0.00 secs] 
5.587: [GC (Allocation Failure) 5.588: [DefNew: 959K->63K(960K), 0.0019226 secs] 448238K->447637K(524224K), 0.0019721 secs] [Times: user=0.00 sys=0.00, real=0.00 secs] 
5.591: [GC (Allocation Failure) 5.591: [DefNew: 959K->63K(960K), 0.0019302 secs] 448537K->448037K(524224K), 0.0019925 secs] [Times: user=0.00 sys=0.00, real=0.00 secs] 
5.595: [GC (Allocation Failure) 5.595: [DefNew: 959K->63K(960K), 0.0027348 secs] 448938K->448459K(524224K), 0.0027975 secs] [Times: user=0.01 sys=0.00, real=0.00 secs] 
5.600: [GC (Allocation Failure) 5.600: [DefNew: 959K->63K(960K), 0.0020280 secs] 449383K->448730K(524224K), 0.0020895 secs] [Times: user=0.00 sys=0.00, real=0.00 secs] 
5.603: [GC (Allocation Failure) 5.603: [DefNew: 959K->63K(960K), 0.0012207 secs] 449658K->449003K(524224K), 0.0012589 secs] [Times: user=0.00 sys=0.00, real=0.00 secs] 
5.606: [GC (Allocation Failure) 5.606: [DefNew: 959K->64K(960K), 0.0013627 secs] 449915K->449333K(524224K), 0.0014054 secs] [Times: user=0.00 sys=0.00, real=0.00 secs] 
5.609: [GC (Allocation Failure) 5.609: [DefNew: 960K->64K(960K), 0.0013072 secs] 450267K->449614K(524224K), 0.0013563 secs] [Times: user=0.00 sys=0.00, real=0.00 secs] 
5.612: [GC (Allocation Failure) 5.612: [DefNew: 960K->63K(960K), 0.0013982 secs] 450522K->449964K(524224K), 0.0014427 secs] [Times: user=0.00 sys=0.00, real=0.00 secs] 
5.616: [GC (Allocation Failure) 5.616: [DefNew: 959K->63K(960K), 0.0016515 secs] 450899K->450257K(524224K), 0.0017101 secs] [Times: user=0.00 sys=0.00, real=0.00 secs] 
5.619: [GC (Allocation Failure) 5.619: [DefNew: 959K->63K(960K), 0.0012566 secs] 451192K->450536K(524224K), 0.0012921 secs] [Times: user=0.00 sys=0.00, real=0.00 secs] 
5.622: [GC (Allocation Failure) 5.622: [DefNew: 959K->63K(960K), 0.0012460 secs] 451470K->450823K(524224K), 0.0012891 secs] [Times: user=0.00 sys=0.00, real=0.00 secs] 
5.626: [GC (Allocation Failure) 5.626: [DefNew: 959K->64K(960K), 0.0013102 secs] 451746K->451137K(524224K), 0.0013514 secs] [Times: user=0.02 sys=0.00, real=0.00 secs] 
5.628: [GC (Allocation Failure) 5.628: [DefNew: 960K->64K(960K), 0.0012453 secs] 452069K->451430K(524224K), 0.0012789 secs] [Times: user=0.00 sys=0.00, real=0.00 secs] 
5.632: [GC (Allocation Failure) 5.632: [DefNew: 960K->63K(960K), 0.0017271 secs] 452359K->451728K(524224K), 0.0017844 secs] [Times: user=0.00 sys=0.00, real=0.00 secs] 
5.635: [GC (Allocation Failure) 5.635: [DefNew: 959K->63K(960K), 0.0015352 secs] 452658K->452028K(524224K), 0.0015802 secs] [Times: user=0.00 sys=0.00, real=0.00 secs] 
5.638: [GC (Allocation Failure) 5.638: [DefNew: 959K->63K(960K), 0.0012324 secs] 452964K->452316K(524224K), 0.0012709 secs] [Times: user=0.00 sys=0.00, real=0.00 secs] 
5.642: [GC (Allocation Failure) 5.642: [DefNew: 959K->64K(960K), 0.0012823 secs] 453248K->452601K(524224K), 0.0013212 secs] [Times: user=0.02 sys=0.00, real=0.00 secs] 
5.644: [GC (Allocation Failure) 5.644: [DefNew: 960K->64K(960K), 0.0016534 secs] 453516K->452944K(524224K), 0.0017146 secs] [Times: user=0.00 sys=0.00, real=0.00 secs] 
5.648: [GC (Allocation Failure) 5.648: [DefNew: 960K->63K(960K), 0.0015190 secs] 453856K->453295K(524224K), 0.0015685 secs] [Times: user=0.00 sys=0.00, real=0.00 secs] 
5.652: [GC (Allocation Failure) 5.652: [DefNew: 959K->63K(960K), 0.0014035 secs] 454228K->453579K(524224K), 0.0014518 secs] [Times: user=0.00 sys=0.00, real=0.00 secs] 
5.654: [GC (Allocation Failure) 5.654: [DefNew: 959K->63K(960K), 0.0014612 secs] 454503K->453891K(524224K), 0.0015096 secs] [Times: user=0.00 sys=0.00, real=0.00 secs] 
5.658: [GC (Allocation Failure) 5.658: [DefNew: 959K->63K(960K), 0.0017950 secs] 454811K->454221K(524224K), 0.0018637 secs] [Times: user=0.00 sys=0.00, real=0.00 secs] 
5.661: [GC (Allocation Failure) 5.661: [DefNew: 959K->64K(960K), 0.0014624 secs] 455147K->454518K(524224K), 0.0015084 secs] [Times: user=0.00 sys=0.00, real=0.00 secs] 
5.664: [GC (Allocation Failure) 5.664: [DefNew: 960K->64K(960K), 0.0014307 secs] 455443K->454834K(524224K), 0.0014873 secs] [Times: user=0.00 sys=0.00, real=0.00 secs] 
5.668: [GC (Allocation Failure) 5.668: [DefNew: 960K->63K(960K), 0.0014469 secs] 455765K->455131K(524224K), 0.0014964 secs] [Times: user=0.00 sys=0.00, real=0.00 secs] 
5.670: [GC (Allocation Failure) 5.670: [DefNew: 959K->63K(960K), 0.0014276 secs] 456059K->455432K(524224K), 0.0014790 secs] [Times: user=0.00 sys=0.00, real=0.00 secs] 
5.674: [GC (Allocation Failure) 5.674: [DefNew: 959K->63K(960K), 0.0017697 secs] 456361K->455740K(524224K), 0.0018324 secs] [Times: user=0.00 sys=0.00, real=0.00 secs] 
5.678: [GC (Allocation Failure) 5.678: [DefNew: 959K->64K(960K), 0.0014643 secs] 456668K->456038K(524224K), 0.0015175 secs] [Times: user=0.00 sys=0.00, real=0.00 secs] 
5.680: [GC (Allocation Failure) 5.680: [DefNew: 960K->63K(960K), 0.0013434 secs] 456970K->456325K(524224K), 0.0013929 secs] [Times: user=0.00 sys=0.00, real=0.00 secs] 
5.684: [GC (Allocation Failure) 5.684: [DefNew: 959K->63K(960K), 0.0014510 secs] 457245K->456650K(524224K), 0.0015016 secs] [Times: user=0.00 sys=0.00, real=0.00 secs] 
5.686: [GC (Allocation Failure) 5.686: [DefNew: 959K->63K(960K), 0.0017010 secs] 457579K->456939K(524224K), 0.0017561 secs] [Times: user=0.00 sys=0.00, real=0.00 secs] 
5.690: [GC (Allocation Failure) 5.690: [DefNew: 959K->63K(960K), 0.0014711 secs] 457856K->457264K(524224K), 0.0015247 secs] [Times: user=0.00 sys=0.00, real=0.00 secs] 
5.694: [GC (Allocation Failure) 5.694: [DefNew: 959K->64K(960K), 0.0016168 secs] 458193K->457556K(524224K), 0.0016708 secs] [Times: user=0.00 sys=0.00, real=0.00 secs] 
5.696: [GC (Allocation Failure) 5.696: [DefNew: 960K->63K(960K), 0.0013310 secs] 458485K->457848K(524224K), 0.0013763 secs] [Times: user=0.00 sys=0.00, real=0.00 secs] 
5.700: [GC (Allocation Failure) 5.700: [DefNew: 959K->63K(960K), 0.0013989 secs] 458770K->458164K(524224K), 0.0014597 secs] [Times: user=0.00 sys=0.00, real=0.00 secs] 
5.703: [GC (Allocation Failure) 5.703: [DefNew: 959K->63K(960K), 0.0013740 secs] 459100K->458456K(524224K), 0.0014159 secs] [Times: user=0.00 sys=0.02, real=0.00 secs] 
5.706: [GC (Allocation Failure) 5.706: [DefNew: 959K->63K(960K), 0.0013113 secs] 459383K->458760K(524224K), 0.0013657 secs] [Times: user=0.00 sys=0.00, real=0.00 secs] 
5.709: [GC (Allocation Failure) 5.709: [DefNew: 959K->63K(960K), 0.0014450 secs] 459684K->459084K(524224K), 0.0014933 secs] [Times: user=0.00 sys=0.00, real=0.00 secs] 
5.712: [GC (Allocation Failure) 5.712: [DefNew: 959K->63K(960K), 0.0019646 secs] 460006K->459397K(524224K), 0.0020185 secs] [Times: user=0.00 sys=0.00, real=0.00 secs] 
5.716: [GC (Allocation Failure) 5.716: [DefNew: 959K->63K(960K), 0.0014767 secs] 460314K->459723K(524224K), 0.0015164 secs] [Times: user=0.00 sys=0.00, real=0.00 secs] 
5.719: [GC (Allocation Failure) 5.719: [DefNew: 959K->63K(960K), 0.0016115 secs] 460649K->460031K(524224K), 0.0016538 secs] [Times: user=0.02 sys=0.00, real=0.00 secs] 
5.722: [GC (Allocation Failure) 5.722: [DefNew: 959K->63K(960K), 0.0016534 secs] 460953K->460347K(524224K), 0.0017093 secs] [Times: user=0.00 sys=0.00, real=0.00 secs] 
5.726: [GC (Allocation Failure) 5.726: [DefNew: 959K->63K(960K), 0.0023195 secs] 461253K->460798K(524224K), 0.0023950 secs] [Times: user=0.00 sys=0.00, real=0.00 secs] 
5.730: [GC (Allocation Failure) 5.730: [DefNew: 959K->64K(960K), 0.0024184 secs] 461698K->461193K(524224K), 0.0024834 secs] [Times: user=0.00 sys=0.00, real=0.00 secs] 
5.734: [GC (Allocation Failure) 5.734: [DefNew: 960K->63K(960K), 0.0021945 secs] 462094K->461583K(524224K), 0.0022474 secs] [Times: user=0.02 sys=0.00, real=0.00 secs] 
5.738: [GC (Allocation Failure) 5.738: [DefNew: 959K->63K(960K), 0.0020895 secs] 462480K->461925K(524224K), 0.0021477 secs] [Times: user=0.00 sys=0.00, real=0.00 secs] 
5.742: [GC (Allocation Failure) 5.742: [DefNew: 959K->63K(960K), 0.0016961 secs] 462830K->462307K(524224K), 0.0017444 secs] [Times: user=0.00 sys=0.00, real=0.00 secs] 
5.746: [GC (Allocation Failure) 5.746: [DefNew: 959K->63K(960K), 0.0020933 secs] 463209K->462669K(524224K), 0.0021499 secs] [Times: user=0.00 sys=0.00, real=0.00 secs] 
5.791: [GC (Allocation Failure) 5.791: [DefNew: 959K->63K(960K), 0.0234323 secs] 471770K->471152K(524224K), 0.0234973 secs] [Times: user=0.03 sys=0.00, real=0.02 secs] 
5.817: [GC (Allocation Failure) 5.817: [DefNew: 959K->63K(960K), 0.0016878 secs] 472066K->471440K(524224K), 0.0017323 secs] [Times: user=0.00 sys=0.00, real=0.00 secs] 
5.820: [GC (Allocation Failure) 5.820: [DefNew: 959K->63K(960K), 0.0015696 secs] 472349K->471756K(524224K), 0.0016093 secs] [Times: user=0.00 sys=0.00, real=0.00 secs] 
5.823: [GC (Allocation Failure) 5.823: [DefNew: 959K->64K(960K), 0.0017727 secs] 472687K->472018K(524224K), 0.0018279 secs] [Times: user=0.00 sys=0.00, real=0.00 secs] 
5.827: [GC (Allocation Failure) 5.827: [DefNew: 960K->63K(960K), 0.0013321 secs] 472958K->472293K(524224K), 0.0013831 secs] [Times: user=0.00 sys=0.00, real=0.00 secs] 
5.830: [GC (Allocation Failure) 5.830: [DefNew: 959K->64K(960K), 0.0012271 secs] 473221K->472582K(524224K), 0.0012634 secs] [Times: user=0.00 sys=0.00, real=0.00 secs] 
5.833: [GC (Allocation Failure) 5.833: [DefNew: 960K->63K(960K), 0.0014824 secs] 473495K->472910K(524224K), 0.0015439 secs] [Times: user=0.00 sys=0.00, real=0.00 secs] 
5.837: [GC (Allocation Failure) 5.837: [DefNew: 959K->64K(960K), 0.0015568 secs] 473825K->473227K(524224K), 0.0016085 secs] [Times: user=0.00 sys=0.00, real=0.00 secs] 
5.839: [GC (Allocation Failure) 5.839: [DefNew: 960K->63K(960K), 0.0012513 secs] 474170K->473499K(524224K), 0.0012940 secs] [Times: user=0.00 sys=0.00, real=0.00 secs] 
5.843: [GC (Allocation Failure) 5.843: [DefNew: 959K->63K(960K), 0.0012713 secs] 474424K->473803K(524224K), 0.0013242 secs] [Times: user=0.00 sys=0.00, real=0.00 secs] 
5.845: [GC (Allocation Failure) 5.845: [DefNew: 959K->63K(960K), 0.0015855 secs] 474731K->474118K(524224K), 0.0016512 secs] [Times: user=0.00 sys=0.00, real=0.00 secs] 
5.849: [GC (Allocation Failure) 5.849: [DefNew: 959K->64K(960K), 0.0014473 secs] 475036K->474434K(524224K), 0.0014975 secs] [Times: user=0.00 sys=0.00, real=0.00 secs] 
5.853: [GC (Allocation Failure) 5.853: [DefNew: 960K->63K(960K), 0.0013446 secs] 475359K->474735K(524224K), 0.0013929 secs] [Times: user=0.00 sys=0.00, real=0.00 secs] 
5.855: [GC (Allocation Failure) 5.855: [DefNew: 959K->63K(960K), 0.0012834 secs] 475674K->475011K(524224K), 0.0013370 secs] [Times: user=0.00 sys=0.00, real=0.00 secs] 
5.859: [GC (Allocation Failure) 5.859: [DefNew: 959K->63K(960K), 0.0012641 secs] 475960K->475272K(524224K), 0.0013106 secs] [Times: user=0.00 sys=0.00, real=0.00 secs] 
5.862: [GC (Allocation Failure) 5.862: [DefNew: 959K->63K(960K), 0.0013329 secs] 476208K->475559K(524224K), 0.0013967 secs] [Times: user=0.00 sys=0.00, real=0.00 secs] 
5.865: [GC (Allocation Failure) 5.865: [DefNew: 959K->63K(960K), 0.0013276 secs] 476493K->475840K(524224K), 0.0013831 secs] [Times: user=0.00 sys=0.00, real=0.00 secs] 
5.868: [GC (Allocation Failure) 5.868: [DefNew: 959K->63K(960K), 0.0012294 secs] 476780K->476113K(524224K), 0.0012804 secs] [Times: user=0.00 sys=0.00, real=0.00 secs] 
5.872: [GC (Allocation Failure) 5.872: [DefNew: 959K->63K(960K), 0.0012796 secs] 477049K->476400K(524224K), 0.0013381 secs] [Times: user=0.00 sys=0.00, real=0.00 secs] 
5.874: [GC (Allocation Failure) 5.874: [DefNew: 959K->63K(960K), 0.0014114 secs] 477342K->476667K(524224K), 0.0014654 secs] [Times: user=0.00 sys=0.00, real=0.00 secs] 
5.878: [GC (Allocation Failure) 5.878: [DefNew: 959K->64K(960K), 0.0014601 secs] 477603K->476962K(524224K), 0.0015115 secs] [Times: user=0.00 sys=0.00, real=0.00 secs] 
5.881: [GC (Allocation Failure) 5.881: [DefNew: 960K->63K(960K), 0.0017305 secs] 477889K->477263K(524224K), 0.0017920 secs] [Times: user=0.00 sys=0.00, real=0.00 secs] 
5.884: [GC (Allocation Failure) 5.884: [DefNew: 959K->63K(960K), 0.0013619 secs] 478203K->477539K(524224K), 0.0014125 secs] [Times: user=0.00 sys=0.00, real=0.00 secs] 
5.888: [GC (Allocation Failure) 5.888: [DefNew: 959K->63K(960K), 0.0015443 secs] 478477K->477821K(524224K), 0.0015896 secs] [Times: user=0.00 sys=0.00, real=0.00 secs] 
5.890: [GC (Allocation Failure) 5.890: [DefNew: 959K->63K(960K), 0.0014677 secs] 478766K->478084K(524224K), 0.0015156 secs] [Times: user=0.00 sys=0.00, real=0.00 secs] 
5.894: [GC (Allocation Failure) 5.894: [DefNew: 959K->64K(960K), 0.0013963 secs] 479004K->478400K(524224K), 0.0014563 secs] [Times: user=0.00 sys=0.00, real=0.00 secs] 
5.897: [GC (Allocation Failure) 5.897: [DefNew: 960K->64K(960K), 0.0013106 secs] 479350K->478657K(524224K), 0.0013574 secs] [Times: user=0.00 sys=0.00, real=0.00 secs] 
5.900: [GC (Allocation Failure) 5.900: [DefNew: 960K->64K(960K), 0.0012075 secs] 479587K->478943K(524224K), 0.0012449 secs] [Times: user=0.00 sys=0.00, real=0.00 secs] 
5.903: [GC (Allocation Failure) 5.903: [DefNew: 960K->63K(960K), 0.0011633 secs] 479890K->479206K(524224K), 0.0012007 secs] [Times: user=0.00 sys=0.00, real=0.00 secs] 
5.906: [GC (Allocation Failure) 5.906: [DefNew: 959K->63K(960K), 0.0011414 secs] 480147K->479474K(524224K), 0.0011784 secs] [Times: user=0.00 sys=0.00, real=0.00 secs] 
5.908: [GC (Allocation Failure) 5.908: [DefNew: 959K->63K(960K), 0.0012547 secs] 480403K->479765K(524224K), 0.0013095 secs] [Times: user=0.00 sys=0.00, real=0.00 secs] 
5.911: [GC (Allocation Failure) 5.911: [DefNew: 959K->64K(960K), 0.0014352 secs] 480688K->480069K(524224K), 0.0014846 secs] [Times: user=0.00 sys=0.00, real=0.00 secs] 
5.915: [GC (Allocation Failure) 5.915: [DefNew: 960K->64K(960K), 0.0013763 secs] 481015K->480327K(524224K), 0.0014216 secs] [Times: user=0.00 sys=0.00, real=0.00 secs] 
5.917: [GC (Allocation Failure) 5.917: [DefNew: 960K->64K(960K), 0.0013045 secs] 481279K->480580K(524224K), 0.0013468 secs] [Times: user=0.00 sys=0.00, real=0.00 secs] 
5.921: [GC (Allocation Failure) 5.921: [DefNew: 960K->63K(960K), 0.0013336 secs] 481517K->480859K(524224K), 0.0013782 secs] [Times: user=0.00 sys=0.00, real=0.00 secs] 
5.924: [GC (Allocation Failure) 5.924: [DefNew: 959K->63K(960K), 0.0012007 secs] 481811K->481110K(524224K), 0.0012366 secs] [Times: user=0.00 sys=0.00, real=0.00 secs] 
5.927: [GC (Allocation Failure) 5.927: [DefNew: 959K->64K(960K), 0.0013634 secs] 482040K->481402K(524224K), 0.0014144 secs] [Times: user=0.00 sys=0.00, real=0.00 secs] 
5.930: [GC (Allocation Failure) 5.930: [DefNew: 960K->63K(960K), 0.0016935 secs] 482322K->481712K(524224K), 0.0017550 secs] [Times: user=0.00 sys=0.00, real=0.00 secs] 
5.933: [GC (Allocation Failure) 5.933: [DefNew: 959K->64K(960K), 0.0013767 secs] 482634K->482026K(524224K), 0.0014288 secs] [Times: user=0.00 sys=0.00, real=0.00 secs] 
5.936: [GC (Allocation Failure) 5.936: [DefNew: 960K->64K(960K), 0.0012339 secs] 482969K->482289K(524224K), 0.0012706 secs] [Times: user=0.00 sys=0.00, real=0.00 secs] 
5.940: [GC (Allocation Failure) 5.940: [DefNew: 960K->64K(960K), 0.0011796 secs] 483233K->482551K(524224K), 0.0012143 secs] [Times: user=0.00 sys=0.00, real=0.00 secs] 
5.942: [GC (Allocation Failure) 5.942: [DefNew: 960K->63K(960K), 0.0013782 secs] 483500K->482809K(524224K), 0.0014242 secs] [Times: user=0.00 sys=0.00, real=0.00 secs] 
5.945: [GC (Allocation Failure) 5.945: [DefNew: 959K->63K(960K), 0.0013921 secs] 483753K->483078K(524224K), 0.0014378 secs] [Times: user=0.00 sys=0.00, real=0.00 secs] 
5.949: [GC (Allocation Failure) 5.949: [DefNew: 959K->64K(960K), 0.0016055 secs] 484016K->483352K(524224K), 0.0016546 secs] [Times: user=0.00 sys=0.00, real=0.00 secs] 
5.952: [GC (Allocation Failure) 5.952: [DefNew: 960K->64K(960K), 0.0012872 secs] 484298K->483619K(524224K), 0.0013363 secs] [Times: user=0.00 sys=0.00, real=0.00 secs] 
5.955: [GC (Allocation Failure) 5.955: [DefNew: 960K->63K(960K), 0.0012460 secs] 484565K->483882K(524224K), 0.0012928 secs] [Times: user=0.00 sys=0.00, real=0.00 secs] 
5.958: [GC (Allocation Failure) 5.958: [DefNew: 959K->64K(960K), 0.0011796 secs] 484828K->484139K(524224K), 0.0012162 secs] [Times: user=0.00 sys=0.00, real=0.00 secs] 
5.961: [GC (Allocation Failure) 5.961: [DefNew: 960K->64K(960K), 0.0012041 secs] 485086K->484399K(524224K), 0.0012426 secs] [Times: user=0.00 sys=0.00, real=0.00 secs] 
5.964: [GC (Allocation Failure) 5.964: [DefNew: 960K->63K(960K), 0.0011331 secs] 485348K->484656K(524224K), 0.0011815 secs] [Times: user=0.00 sys=0.00, real=0.00 secs] 
5.966: [GC (Allocation Failure) 5.967: [DefNew: 959K->64K(960K), 0.0011252 secs] 485600K->484920K(524224K), 0.0011618 secs] [Times: user=0.00 sys=0.00, real=0.00 secs] 
5.969: [GC (Allocation Failure) 5.969: [DefNew: 960K->64K(960K), 0.0011165 secs] 485869K->485179K(524224K), 0.0011497 secs] [Times: user=0.00 sys=0.00, real=0.00 secs] 
5.972: [GC (Allocation Failure) 5.972: [DefNew: 960K->63K(960K), 0.0015190 secs] 486119K->485448K(524224K), 0.0015938 secs] [Times: user=0.00 sys=0.00, real=0.00 secs] 
5.975: [GC (Allocation Failure) 5.975: [DefNew: 959K->64K(960K), 0.0014805 secs] 486385K->485736K(524224K), 0.0015292 secs] [Times: user=0.00 sys=0.00, real=0.00 secs] 
5.978: [GC (Allocation Failure) 5.978: [DefNew: 960K->63K(960K), 0.0011641 secs] 486684K->485994K(524224K), 0.0012079 secs] [Times: user=0.00 sys=0.00, real=0.00 secs] 
5.981: [GC (Allocation Failure) 5.981: [DefNew: 959K->64K(960K), 0.0017282 secs] 486926K->486281K(524224K), 0.0017969 secs] [Times: user=0.00 sys=0.00, real=0.00 secs] 
5.985: [GC (Allocation Failure) 5.985: [DefNew: 960K->63K(960K), 0.0016459 secs] 487217K->486559K(524224K), 0.0016953 secs] [Times: user=0.02 sys=0.00, real=0.00 secs] 
5.987: [GC (Allocation Failure) 5.987: [DefNew: 959K->63K(960K), 0.0013850 secs] 487509K->486811K(524224K), 0.0014276 secs] [Times: user=0.00 sys=0.00, real=0.00 secs] 
5.991: [GC (Allocation Failure) 5.991: [DefNew: 959K->63K(960K), 0.0012974 secs] 487755K->487076K(524224K), 0.0013427 secs] [Times: user=0.00 sys=0.00, real=0.00 secs] 
5.994: [GC (Allocation Failure) 5.994: [DefNew: 959K->63K(960K), 0.0016697 secs] 488014K->487358K(524224K), 0.0017206 secs] [Times: user=0.00 sys=0.00, real=0.00 secs] 
5.997: [GC (Allocation Failure) 5.997: [DefNew: 959K->64K(960K), 0.0011950 secs] 488304K->487617K(524224K), 0.0012305 secs] [Times: user=0.00 sys=0.00, real=0.00 secs] 
6.000: [GC (Allocation Failure) 6.000: [DefNew: 960K->64K(960K), 0.0011256 secs] 488567K->487875K(524224K), 0.0011596 secs] [Times: user=0.00 sys=0.00, real=0.00 secs] 
6.003: [GC (Allocation Failure) 6.003: [DefNew: 960K->64K(960K), 0.0015149 secs] 488824K->488135K(524224K), 0.0015655 secs] [Times: user=0.00 sys=0.00, real=0.00 secs] 
6.005: [GC (Allocation Failure) 6.005: [DefNew: 960K->64K(960K), 0.0015628 secs] 489062K->488428K(524224K), 0.0016240 secs] [Times: user=0.00 sys=0.00, real=0.00 secs] 
6.009: [GC (Allocation Failure) 6.009: [DefNew: 960K->64K(960K), 0.0013125 secs] 489361K->488730K(524224K), 0.0013608 secs] [Times: user=0.00 sys=0.00, real=0.00 secs] 
6.011: [GC (Allocation Failure) 6.011: [DefNew: 960K->63K(960K), 0.0014941 secs] 489646K->489056K(524224K), 0.0015360 secs] [Times: user=0.00 sys=0.00, real=0.00 secs] 
6.015: [GC (Allocation Failure) 6.015: [DefNew: 959K->63K(960K), 0.0013162 secs] 490004K->489324K(524224K), 0.0013585 secs] [Times: user=0.00 sys=0.00, real=0.00 secs] 
6.018: [GC (Allocation Failure) 6.018: [DefNew: 959K->64K(960K), 0.0013623 secs] 490250K->489624K(524224K), 0.0014159 secs] [Times: user=0.00 sys=0.00, real=0.00 secs] 
6.021: [GC (Allocation Failure) 6.021: [DefNew: 960K->64K(960K), 0.0014239 secs] 490561K->489899K(524224K), 0.0014711 secs] [Times: user=0.00 sys=0.00, real=0.00 secs] 
6.024: [GC (Allocation Failure) 6.024: [DefNew: 960K->63K(960K), 0.0013125 secs] 490838K->490175K(524224K), 0.0013570 secs] [Times: user=0.00 sys=0.00, real=0.00 secs] 
6.028: [GC (Allocation Failure) 6.028: [DefNew: 959K->64K(960K), 0.0014975 secs] 491100K->490480K(524224K), 0.0015609 secs] [Times: user=0.00 sys=0.00, real=0.00 secs] 
6.030: [GC (Allocation Failure) 6.030: [DefNew: 960K->63K(960K), 0.0015530 secs] 491413K->490765K(524224K), 0.0016066 secs] [Times: user=0.00 sys=0.00, real=0.00 secs] 
6.034: [GC (Allocation Failure) 6.034: [DefNew: 959K->63K(960K), 0.0015549 secs] 491685K->491073K(524224K), 0.0016236 secs] [Times: user=0.00 sys=0.00, real=0.00 secs] 
6.037: [GC (Allocation Failure) 6.037: [DefNew: 959K->63K(960K), 0.0016217 secs] 491994K->491380K(524224K), 0.0016806 secs] [Times: user=0.00 sys=0.00, real=0.00 secs] 
6.040: [GC (Allocation Failure) 6.040: [DefNew: 959K->63K(960K), 0.0015500 secs] 492319K->491659K(524224K), 0.0015991 secs] [Times: user=0.00 sys=0.00, real=0.00 secs] 
6.043: [GC (Allocation Failure) 6.043: [DefNew: 959K->64K(960K), 0.0015269 secs] 492583K->491958K(524224K), 0.0015817 secs] [Times: user=0.00 sys=0.00, real=0.00 secs] 
6.046: [GC (Allocation Failure) 6.046: [DefNew: 960K->63K(960K), 0.0017244 secs] 492885K->492253K(524224K), 0.0017765 secs] [Times: user=0.00 sys=0.00, real=0.00 secs] 
6.050: [GC (Allocation Failure) 6.050: [DefNew: 959K->63K(960K), 0.0017482 secs] 493170K->492572K(524224K), 0.0018162 secs] [Times: user=0.00 sys=0.00, real=0.00 secs] 
6.054: [GC (Allocation Failure) 6.054: [DefNew: 959K->63K(960K), 0.0014103 secs] 493507K->492858K(524224K), 0.0014643 secs] [Times: user=0.00 sys=0.00, real=0.00 secs] 
6.056: [GC (Allocation Failure) 6.056: [DefNew: 959K->63K(960K), 0.0013257 secs] 493793K->493154K(524224K), 0.0013770 secs] [Times: user=0.00 sys=0.00, real=0.00 secs] 
6.060: [GC (Allocation Failure) 6.060: [DefNew: 959K->63K(960K), 0.0013079 secs] 494093K->493429K(524224K), 0.0013585 secs] [Times: user=0.00 sys=0.00, real=0.00 secs] 
6.063: [GC (Allocation Failure) 6.063: [DefNew: 959K->63K(960K), 0.0016198 secs] 494368K->493710K(524224K), 0.0016776 secs] [Times: user=0.00 sys=0.01, real=0.00 secs] 
6.066: [GC (Allocation Failure) 6.066: [DefNew: 959K->63K(960K), 0.0012245 secs] 494662K->493962K(524224K), 0.0012694 secs] [Times: user=0.00 sys=0.00, real=0.00 secs] 
6.069: [GC (Allocation Failure) 6.069: [DefNew: 959K->63K(960K), 0.0013397 secs] 494888K->494265K(524224K), 0.0013955 secs] [Times: user=0.00 sys=0.00, real=0.00 secs] 
6.073: [GC (Allocation Failure) 6.073: [DefNew: 959K->64K(960K), 0.0012649 secs] 495208K->494534K(524224K), 0.0013095 secs] [Times: user=0.00 sys=0.00, real=0.00 secs] 
6.075: [GC (Allocation Failure) 6.075: [DefNew: 960K->63K(960K), 0.0012215 secs] 495479K->494803K(524224K), 0.0012664 secs] [Times: user=0.00 sys=0.00, real=0.00 secs] 
6.079: [GC (Allocation Failure) 6.079: [DefNew: 959K->63K(960K), 0.0011947 secs] 495748K->495067K(524224K), 0.0012392 secs] [Times: user=0.02 sys=0.00, real=0.00 secs] 
6.081: [GC (Allocation Failure) 6.082: [DefNew: 959K->63K(960K), 0.0015032 secs] 495988K->495382K(524224K), 0.0015526 secs] [Times: user=0.00 sys=0.00, real=0.00 secs] 
6.085: [GC (Allocation Failure) 6.085: [DefNew: 959K->63K(960K), 0.0013597 secs] 496316K->495668K(524224K), 0.0014065 secs] [Times: user=0.00 sys=0.00, real=0.00 secs] 
6.088: [GC (Allocation Failure) 6.088: [DefNew: 959K->63K(960K), 0.0012539 secs] 496617K->495929K(524224K), 0.0012936 secs] [Times: user=0.00 sys=0.00, real=0.00 secs] 
6.091: [GC (Allocation Failure) 6.091: [DefNew: 959K->64K(960K), 0.0016429 secs] 496857K->496221K(524224K), 0.0017002 secs] [Times: user=0.00 sys=0.00, real=0.00 secs] 
6.095: [GC (Allocation Failure) 6.095: [DefNew: 960K->63K(960K), 0.0017142 secs] 497159K->496491K(524224K), 0.0017690 secs] [Times: user=0.02 sys=0.00, real=0.00 secs] 
6.099: [GC (Allocation Failure) 6.099: [DefNew: 959K->63K(960K), 0.0012604 secs] 497424K->496780K(524224K), 0.0013015 secs] [Times: user=0.00 sys=0.00, real=0.00 secs] 
6.101: [GC (Allocation Failure) 6.101: [DefNew: 959K->64K(960K), 0.0012513 secs] 497723K->497050K(524224K), 0.0012959 secs] [Times: user=0.00 sys=0.00, real=0.00 secs] 
6.105: [GC (Allocation Failure) 6.105: [DefNew: 960K->63K(960K), 0.0012664 secs] 497996K->497314K(524224K), 0.0013128 secs] [Times: user=0.00 sys=0.00, real=0.00 secs] 
6.108: [GC (Allocation Failure) 6.108: [DefNew: 959K->63K(960K), 0.0011833 secs] 498253K->497587K(524224K), 0.0012196 secs] [Times: user=0.00 sys=0.00, real=0.00 secs] 
6.110: [GC (Allocation Failure) 6.110: [DefNew: 959K->64K(960K), 0.0015919 secs] 498528K->497863K(524224K), 0.0016345 secs] [Times: user=0.01 sys=0.00, real=0.00 secs] 
6.114: [GC (Allocation Failure) 6.114: [DefNew: 960K->63K(960K), 0.0017203 secs] 498793K->498153K(524224K), 0.0017739 secs] [Times: user=0.00 sys=0.00, real=0.00 secs] 
6.118: [GC (Allocation Failure) 6.118: [DefNew: 959K->63K(960K), 0.0016549 secs] 499098K->498419K(524224K), 0.0017040 secs] [Times: user=0.00 sys=0.00, real=0.00 secs] 
6.121: [GC (Allocation Failure) 6.121: [DefNew: 959K->63K(960K), 0.0014639 secs] 499366K->498678K(524224K), 0.0015122 secs] [Times: user=0.00 sys=0.00, real=0.00 secs] 
6.124: [GC (Allocation Failure) 6.124: [DefNew: 959K->64K(960K), 0.0012166 secs] 499625K->498942K(524224K), 0.0012551 secs] [Times: user=0.00 sys=0.00, real=0.00 secs] 
6.128: [GC (Allocation Failure) 6.128: [DefNew: 960K->63K(960K), 0.0016402 secs] 499884K->499209K(524224K), 0.0017021 secs] [Times: user=0.00 sys=0.00, real=0.00 secs] 
6.131: [GC (Allocation Failure) 6.131: [DefNew: 959K->63K(960K), 0.0018256 secs] 500125K->499534K(524224K), 0.0018966 secs] [Times: user=0.00 sys=0.00, real=0.00 secs] 
6.135: [GC (Allocation Failure) 6.135: [DefNew: 959K->63K(960K), 0.0018335 secs] 500444K->499881K(524224K), 0.0019317 secs] [Times: user=0.00 sys=0.00, real=0.00 secs] 
6.138: [GC (Allocation Failure) 6.138: [DefNew: 959K->63K(960K), 0.0017459 secs] 500811K->500175K(524224K), 0.0018218 secs] [Times: user=0.00 sys=0.00, real=0.00 secs] 
6.142: [GC (Allocation Failure) 6.142: [DefNew: 959K->63K(960K), 0.0012128 secs] 501120K->500436K(524224K), 0.0012536 secs] [Times: user=0.00 sys=0.00, real=0.00 secs] 
6.145: [GC (Allocation Failure) 6.146: [DefNew: 959K->64K(960K), 0.0017546 secs] 501361K->500741K(524224K), 0.0018116 secs] [Times: user=0.00 sys=0.00, real=0.00 secs] 
6.149: [GC (Allocation Failure) 6.149: [DefNew: 960K->64K(960K), 0.0015798 secs] 501687K->501001K(524224K), 0.0016289 secs] [Times: user=0.00 sys=0.00, real=0.00 secs] 
6.152: [GC (Allocation Failure) 6.152: [DefNew: 960K->64K(960K), 0.0012438 secs] 501947K->501267K(524224K), 0.0012910 secs] [Times: user=0.00 sys=0.00, real=0.00 secs] 
6.155: [GC (Allocation Failure) 6.155: [DefNew: 960K->64K(960K), 0.0013295 secs] 502215K->501521K(524224K), 0.0013736 secs] [Times: user=0.00 sys=0.00, real=0.00 secs] 
6.158: [GC (Allocation Failure) 6.158: [DefNew: 960K->63K(960K), 0.0016897 secs] 502454K->501833K(524224K), 0.0017573 secs] [Times: user=0.00 sys=0.00, real=0.00 secs] 
6.162: [GC (Allocation Failure) 6.162: [DefNew: 959K->63K(960K), 0.0012615 secs] 502777K->502101K(524224K), 0.0013034 secs] [Times: user=0.00 sys=0.00, real=0.00 secs] 
6.165: [GC (Allocation Failure) 6.166: [DefNew: 959K->64K(960K), 0.0012037 secs] 503043K->502367K(524224K), 0.0012449 secs] [Times: user=0.00 sys=0.00, real=0.00 secs] 
6.168: [GC (Allocation Failure) 6.168: [DefNew: 960K->64K(960K), 0.0011645 secs] 503313K->502625K(524224K), 0.0011981 secs] [Times: user=0.00 sys=0.00, real=0.00 secs] 
6.171: [GC (Allocation Failure) 6.171: [DefNew: 960K->64K(960K), 0.0011777 secs] 503571K->502889K(524224K), 0.0012166 secs] [Times: user=0.00 sys=0.00, real=0.00 secs] 
6.174: [GC (Allocation Failure) 6.174: [DefNew: 960K->63K(960K), 0.0011656 secs] 503833K->503156K(524224K), 0.0012037 secs] [Times: user=0.00 sys=0.00, real=0.00 secs] 
6.176: [GC (Allocation Failure) 6.176: [DefNew: 959K->64K(960K), 0.0013117 secs] 504086K->503455K(524224K), 0.0013684 secs] [Times: user=0.00 sys=0.00, real=0.00 secs] 
6.179: [GC (Allocation Failure) 6.179: [DefNew: 960K->64K(960K), 0.0013993 secs] 504380K->503753K(524224K), 0.0014661 secs] [Times: user=0.00 sys=0.00, real=0.00 secs] 
6.182: [GC (Allocation Failure) 6.182: [DefNew: 960K->63K(960K), 0.0013831 secs] 504678K->504055K(524224K), 0.0014273 secs] [Times: user=0.00 sys=0.00, real=0.00 secs] 
6.185: [GC (Allocation Failure) 6.185: [DefNew: 959K->63K(960K), 0.0012830 secs] 504993K->504331K(524224K), 0.0013215 secs] [Times: user=0.00 sys=0.00, real=0.00 secs] 
6.189: [GC (Allocation Failure) 6.189: [DefNew: 959K->64K(960K), 0.0015001 secs] 505276K->504598K(524224K), 0.0015432 secs] [Times: user=0.02 sys=0.00, real=0.00 secs] 
6.191: [GC (Allocation Failure) 6.191: [DefNew: 960K->64K(960K), 0.0013412 secs] 505537K->504870K(524224K), 0.0013861 secs] [Times: user=0.00 sys=0.00, real=0.00 secs] 
6.195: [GC (Allocation Failure) 6.195: [DefNew: 960K->63K(960K), 0.0016062 secs] 505807K->505148K(524224K), 0.0016632 secs] [Times: user=0.00 sys=0.00, real=0.00 secs] 
6.198: [GC (Allocation Failure) 6.198: [DefNew: 959K->64K(960K), 0.0018449 secs] 506062K->505492K(524224K), 0.0019124 secs] [Times: user=0.00 sys=0.00, real=0.00 secs] 
6.201: [GC (Allocation Failure) 6.201: [DefNew: 960K->63K(960K), 0.0019219 secs] 506403K->505817K(524224K), 0.0019759 secs] [Times: user=0.00 sys=0.00, real=0.00 secs] 
6.205: [GC (Allocation Failure) 6.205: [DefNew: 959K->63K(960K), 0.0015836 secs] 506735K->506133K(524224K), 0.0016345 secs] [Times: user=0.00 sys=0.00, real=0.00 secs] 
6.208: [GC (Allocation Failure) 6.208: [DefNew: 959K->63K(960K), 0.0017448 secs] 507056K->506433K(524224K), 0.0017999 secs] [Times: user=0.00 sys=0.00, real=0.00 secs] 
6.212: [GC (Allocation Failure) 6.212: [DefNew: 959K->63K(960K), 0.0016489 secs] 507362K->506729K(524224K), 0.0017108 secs] [Times: user=0.00 sys=0.00, real=0.00 secs] 
6.216: [GC (Allocation Failure) 6.216: [DefNew: 959K->64K(960K), 0.0014964 secs] 507649K->507045K(524224K), 0.0015534 secs] [Times: user=0.00 sys=0.00, real=0.00 secs] 
6.218: [GC (Allocation Failure) 6.218: [DefNew: 960K->63K(960K), 0.0013314 secs] 507995K->507294K(524224K), 0.0013755 secs] [Times: user=0.00 sys=0.00, real=0.00 secs] 
6.222: [GC (Allocation Failure) 6.222: [DefNew: 959K->63K(960K), 0.0018826 secs] 508213K->507623K(524224K), 0.0019483 secs] [Times: user=0.00 sys=0.00, real=0.00 secs] 
6.226: [GC (Allocation Failure) 6.226: [DefNew: 959K->63K(960K), 0.0015417 secs] 508535K->507964K(524224K), 0.0015983 secs] [Times: user=0.00 sys=0.00, real=0.00 secs] 
6.228: [GC (Allocation Failure) 6.228: [DefNew: 959K->63K(960K), 0.0014140 secs] 508902K->508248K(524224K), 0.0014609 secs] [Times: user=0.00 sys=0.00, real=0.00 secs] 
6.232: [GC (Allocation Failure) 6.232: [DefNew: 959K->64K(960K), 0.0013404 secs] 509187K->508530K(524224K), 0.0014054 secs] [Times: user=0.00 sys=0.00, real=0.00 secs] 
6.235: [GC (Allocation Failure) 6.235: [DefNew: 960K->63K(960K), 0.0014865 secs] 509467K->508811K(524224K), 0.0015405 secs] [Times: user=0.01 sys=0.00, real=0.00 secs] 
6.238: [GC (Allocation Failure) 6.238: [DefNew: 959K->63K(960K), 0.0012256 secs] 509756K->509072K(524224K), 0.0012702 secs] [Times: user=0.00 sys=0.00, real=0.00 secs] 
6.241: [GC (Allocation Failure) 6.241: [DefNew: 959K->64K(960K), 0.0014522 secs] 510003K->509359K(524224K), 0.0015145 secs] [Times: user=0.00 sys=0.00, real=0.00 secs] 
6.244: [GC (Allocation Failure) 6.244: [DefNew: 960K->63K(960K), 0.0015666 secs] 510291K->509646K(524224K), 0.0016202 secs] [Times: user=0.00 sys=0.00, real=0.00 secs] 
6.247: [GC (Allocation Failure) 6.247: [DefNew: 959K->63K(960K), 0.0014129 secs] 510570K->509950K(524224K), 0.0014661 secs] [Times: user=0.00 sys=0.00, real=0.00 secs] 
6.251: [GC (Allocation Failure) 6.251: [DefNew: 959K->63K(960K), 0.0014027 secs] 510897K->510207K(524224K), 0.0014533 secs] [Times: user=0.02 sys=0.00, real=0.00 secs] 
6.253: [GC (Allocation Failure) 6.253: [DefNew: 959K->63K(960K), 0.0013449 secs] 511133K->510514K(524224K), 0.0013967 secs] [Times: user=0.00 sys=0.00, real=0.00 secs] 
6.257: [GC (Allocation Failure) 6.257: [DefNew: 959K->63K(960K), 0.0015934 secs] 511426K->510843K(524224K), 0.0016546 secs] [Times: user=0.00 sys=0.00, real=0.00 secs] 
6.260: [GC (Allocation Failure) 6.260: [DefNew: 959K->63K(960K), 0.0017063 secs] 511763K->511158K(524224K), 0.0017693 secs] [Times: user=0.00 sys=0.00, real=0.00 secs] 
6.263: [GC (Allocation Failure) 6.263: [DefNew: 959K->63K(960K), 0.0013782 secs] 512088K->511452K(524224K), 0.0014216 secs] [Times: user=0.00 sys=0.00, real=0.00 secs] 
6.267: [GC (Allocation Failure) 6.267: [DefNew: 959K->63K(960K), 0.0015122 secs] 512393K->511725K(524224K), 0.0015794 secs] [Times: user=0.02 sys=0.00, real=0.00 secs] 
6.269: [GC (Allocation Failure) 6.269: [DefNew: 959K->63K(960K), 0.0012211 secs] 512670K->511994K(524224K), 0.0012589 secs] [Times: user=0.00 sys=0.00, real=0.00 secs] 
6.273: [GC (Allocation Failure) 6.273: [DefNew: 959K->64K(960K), 0.0011528 secs] 512937K->512259K(524224K), 0.0011920 secs] [Times: user=0.00 sys=0.00, real=0.00 secs] 
6.276: [GC (Allocation Failure) 6.276: [DefNew: 960K->64K(960K), 0.0011871 secs] 513200K->512528K(524224K), 0.0012245 secs] [Times: user=0.00 sys=0.00, real=0.00 secs] 
6.278: [GC (Allocation Failure) 6.278: [DefNew: 960K->63K(960K), 0.0011278 secs] 513476K->512786K(524224K), 0.0011603 secs] [Times: user=0.00 sys=0.00, real=0.00 secs] 
6.281: [GC (Allocation Failure) 6.281: [DefNew: 959K->63K(960K), 0.0014522 secs] 513708K->513089K(524224K), 0.0015024 secs] [Times: user=0.00 sys=0.00, real=0.00 secs] 
6.284: [GC (Allocation Failure) 6.284: [DefNew: 959K->63K(960K), 0.0014359 secs] 514012K->513401K(524224K), 0.0014869 secs] [Times: user=0.00 sys=0.00, real=0.00 secs] 
6.287: [GC (Allocation Failure) 6.287: [DefNew: 959K->63K(960K), 0.0013363 secs] 514332K->513688K(524224K), 0.0013725 secs] [Times: user=0.00 sys=0.00, real=0.00 secs] 
6.290: [GC (Allocation Failure) 6.290: [DefNew: 959K->63K(960K), 0.0013351 secs] 514631K->513969K(524224K), 0.0013736 secs] [Times: user=0.00 sys=0.00, real=0.00 secs] 
6.294: [GC (Allocation Failure) 6.294: [DefNew: 959K->64K(960K), 0.0017610 secs] 514907K->514245K(524224K), 0.0018131 secs] [Times: user=0.00 sys=0.00, real=0.00 secs] 
6.297: [GC (Allocation Failure) 6.297: [DefNew: 960K->64K(960K), 0.0013638 secs] 515175K->514535K(524224K), 0.0014046 secs] [Times: user=0.02 sys=0.00, real=0.00 secs] 
6.300: [GC (Allocation Failure) 6.300: [DefNew: 960K->63K(960K), 0.0018664 secs] 515453K->514852K(524224K), 0.0019234 secs] [Times: user=0.00 sys=0.00, real=0.00 secs] 
6.304: [GC (Allocation Failure) 6.304: [DefNew: 959K->63K(960K), 0.0019072 secs] 515767K->515175K(524224K), 0.0019570 secs] [Times: user=0.00 sys=0.00, real=0.00 secs] 
6.308: [GC (Allocation Failure) 6.308: [DefNew: 959K->64K(960K), 0.0019151 secs] 516090K->515501K(524224K), 0.0019800 secs] [Times: user=0.00 sys=0.00, real=0.00 secs] 
6.311: [GC (Allocation Failure) 6.311: [DefNew: 960K->63K(960K), 0.0018562 secs] 516418K->515825K(524224K), 0.0019177 secs] [Times: user=0.00 sys=0.00, real=0.00 secs] 
6.315: [GC (Allocation Failure) 6.315: [DefNew: 959K->63K(960K), 0.0019540 secs] 516739K->516158K(524224K), 0.0020193 secs] [Times: user=0.00 sys=0.00, real=0.00 secs] 
6.319: [GC (Allocation Failure) 6.319: [DefNew: 959K->63K(960K), 0.0018705 secs] 517087K->516453K(524224K), 0.0019272 secs] [Times: user=0.00 sys=0.00, real=0.00 secs] 
6.322: [GC (Allocation Failure) 6.322: [DefNew: 959K->63K(960K), 0.0013495 secs] 517385K->516747K(524224K), 0.0013986 secs] [Times: user=0.00 sys=0.00, real=0.00 secs] 
6.325: [GC (Allocation Failure) 6.325: [DefNew: 959K->63K(960K), 0.0014341 secs] 517678K->517031K(524224K), 0.0014982 secs] [Times: user=0.00 sys=0.00, real=0.00 secs] 
6.328: [GC (Allocation Failure) 6.329: [DefNew: 959K->64K(960K), 0.0017792 secs] 517950K->517348K(524224K), 0.0018437 secs] [Times: user=0.02 sys=0.00, real=0.00 secs] 
6.332: [GC (Allocation Failure) 6.332: [DefNew: 960K->63K(960K), 0.0017101 secs] 518266K->517661K(524224K), 0.0017765 secs] [Times: user=0.00 sys=0.00, real=0.00 secs] 
6.336: [GC (Allocation Failure) 6.336: [DefNew: 959K->63K(960K), 0.0014125 secs] 518588K->517959K(524224K), 0.0014560 secs] [Times: user=0.00 sys=0.00, real=0.00 secs] 
6.339: [GC (Allocation Failure) 6.339: [DefNew: 959K->63K(960K), 0.0016546 secs] 518894K->518262K(524224K), 0.0016984 secs] [Times: user=0.00 sys=0.00, real=0.00 secs] 
6.343: [GC (Allocation Failure) 6.343: [DefNew: 959K->63K(960K), 0.0012747 secs] 519205K->518540K(524224K), 0.0013178 secs] [Times: user=0.00 sys=0.00, real=0.00 secs] 
6.346: [GC (Allocation Failure) 6.346: [DefNew: 959K->63K(960K), 0.0013842 secs] 519478K->518819K(524224K), 0.0014386 secs] [Times: user=0.00 sys=0.00, real=0.00 secs] 
6.349: [GC (Allocation Failure) 6.350: [DefNew: 959K->64K(960K), 0.0014031 secs] 519740K->519130K(524224K), 0.0014450 secs] [Times: user=0.00 sys=0.00, real=0.00 secs] 
6.352: [GC (Allocation Failure) 6.352: [DefNew: 960K->63K(960K), 0.0014673 secs] 520060K->519422K(524224K), 0.0015179 secs] [Times: user=0.00 sys=0.00, real=0.00 secs] 
6.356: [GC (Allocation Failure) 6.356: [DefNew: 959K->64K(960K), 0.0017172 secs] 520348K->519723K(524224K), 0.0017690 secs] [Times: user=0.00 sys=0.00, real=0.00 secs] 
6.359: [GC (Allocation Failure) 6.359: [DefNew: 960K->64K(960K), 0.0012404 secs] 520667K->519987K(524224K), 0.0012762 secs] [Times: user=0.00 sys=0.00, real=0.00 secs] 
6.362: [GC (Allocation Failure) 6.362: [DefNew: 960K->63K(960K), 0.0015398 secs] 520913K->520286K(524224K), 0.0015923 secs] [Times: user=0.00 sys=0.00, real=0.00 secs] 
6.366: [GC (Allocation Failure) 6.366: [DefNew: 959K->64K(960K), 0.0016859 secs] 521231K->520546K(524224K), 0.0017403 secs] [Times: user=0.00 sys=0.00, real=0.00 secs] 
6.369: [GC (Allocation Failure) 6.369: [DefNew: 960K->63K(960K), 0.0013491 secs] 521474K->520849K(524224K), 0.0013967 secs] [Times: user=0.00 sys=0.00, real=0.00 secs] 
6.372: [GC (Allocation Failure) 6.372: [DefNew: 959K->63K(960K), 0.0013434 secs] 521784K->521133K(524224K), 0.0013861 secs] [Times: user=0.00 sys=0.00, real=0.00 secs] 
6.376: [GC (Allocation Failure) 6.376: [DefNew: 959K->64K(960K), 0.0014680 secs] 522056K->521455K(524224K), 0.0015164 secs] [Times: user=0.02 sys=0.00, real=0.00 secs] 
6.378: [GC (Allocation Failure) 6.378: [DefNew: 960K->63K(960K), 0.0014797 secs] 522387K->521746K(524224K), 0.0015420 secs] [Times: user=0.00 sys=0.00, real=0.00 secs] 
6.382: [GC (Allocation Failure) 6.382: [DefNew: 959K->64K(960K), 0.0013691 secs] 522681K->522039K(524224K), 0.0014318 secs] [Times: user=0.00 sys=0.00, real=0.00 secs] 
6.385: [GC (Allocation Failure) 6.385: [DefNew: 960K->63K(960K), 0.0015315 secs] 522948K->522408K(524224K), 0.0015741 secs] [Times: user=0.00 sys=0.00, real=0.00 secs] 
6.388: [GC (Allocation Failure) 6.388: [DefNew: 959K->63K(960K), 0.0014680 secs] 523331K->522718K(524224K), 0.0015065 secs] [Times: user=0.00 sys=0.00, real=0.00 secs] 
6.391: [GC (Allocation Failure) 6.391: [DefNew: 959K->63K(960K), 0.0012811 secs] 523667K->522970K(524224K), 0.0013227 secs] [Times: user=0.01 sys=0.00, real=0.00 secs] 
6.394: [GC (Allocation Failure) 6.394: [DefNew: 959K->63K(960K), 0.0012154 secs] 523909K->523237K(524224K), 0.0012562 secs] [Times: user=0.00 sys=0.00, real=0.00 secs] 
6.397: [GC (Allocation Failure) 6.397: [DefNew: 959K->63K(960K), 0.0015062 secs]6.399: [Tenured: 523458K->523522K(523648K), 0.4390061 secs] 524171K->523522K(524608K), [Metaspace: 3470K->3470K(1056768K)], 0.4411281 secs] [Times: user=0.41 sys=0.00, real=0.44 secs] 
6.840: [GC (Allocation Failure) 6.840: [DefNew: 896K->63K(960K), 0.0009927 secs] 524459K->523815K(614336K), 0.0010489 secs] [Times: user=0.00 sys=0.00, real=0.00 secs] 
6.842: [GC (Allocation Failure) 6.842: [DefNew: 959K->63K(960K), 0.0012830 secs] 524761K->524076K(614336K), 0.0013559 secs] [Times: user=0.00 sys=0.00, real=0.00 secs] 
6.846: [GC (Allocation Failure) 6.846: [DefNew: 959K->63K(960K), 0.0017263 secs] 524983K->524427K(614336K), 0.0017860 secs] [Times: user=0.00 sys=0.00, real=0.00 secs] 
6.850: [GC (Allocation Failure) 6.850: [DefNew: 959K->64K(960K), 0.0016765 secs] 525348K->524740K(614336K), 0.0017308 secs] [Times: user=0.00 sys=0.00, real=0.00 secs] 
6.853: [GC (Allocation Failure) 6.853: [DefNew: 960K->64K(960K), 0.0013763 secs] 525678K->525018K(614336K), 0.0014231 secs] [Times: user=0.00 sys=0.00, real=0.00 secs] 
6.856: [GC (Allocation Failure) 6.856: [DefNew: 960K->64K(960K), 0.0012479 secs] 525961K->525285K(614336K), 0.0012845 secs] [Times: user=0.00 sys=0.00, real=0.00 secs] 
6.860: [GC (Allocation Failure) 6.860: [DefNew: 960K->64K(960K), 0.0014926 secs] 526222K->525558K(614336K), 0.0015428 secs] [Times: user=0.02 sys=0.00, real=0.00 secs] 
6.862: [GC (Allocation Failure) 6.862: [DefNew: 960K->63K(960K), 0.0017331 secs] 526472K->525877K(614336K), 0.0017795 secs] [Times: user=0.00 sys=0.00, real=0.00 secs] 
6.866: [GC (Allocation Failure) 6.867: [DefNew: 959K->63K(960K), 0.0013944 secs] 526810K->526166K(614336K), 0.0014484 secs] [Times: user=0.00 sys=0.00, real=0.00 secs] 
6.869: [GC (Allocation Failure) 6.869: [DefNew: 959K->63K(960K), 0.0013053 secs] 527094K->526468K(614336K), 0.0013442 secs] [Times: user=0.00 sys=0.00, real=0.00 secs] 
6.872: [GC (Allocation Failure) 6.872: [DefNew: 959K->63K(960K), 0.0012589 secs] 527413K->526736K(614336K), 0.0012974 secs] [Times: user=0.00 sys=0.00, real=0.00 secs] 
6.876: [GC (Allocation Failure) 6.876: [DefNew: 959K->63K(960K), 0.0018422 secs] 527655K->527064K(614336K), 0.0018973 secs] [Times: user=0.02 sys=0.00, real=0.00 secs] 
6.879: [GC (Allocation Failure) 6.879: [DefNew: 959K->63K(960K), 0.0019589 secs] 527996K->527366K(614336K), 0.0020125 secs] [Times: user=0.00 sys=0.00, real=0.00 secs] 
6.883: [GC (Allocation Failure) 6.883: [DefNew: 959K->63K(960K), 0.0012645 secs] 528310K->527630K(614336K), 0.0013076 secs] [Times: user=0.00 sys=0.00, real=0.00 secs] 
6.887: [GC (Allocation Failure) 6.887: [DefNew: 959K->63K(960K), 0.0018702 secs] 528547K->527947K(614336K), 0.0019340 secs] [Times: user=0.00 sys=0.00, real=0.00 secs] 
6.890: [GC (Allocation Failure) 6.890: [DefNew: 959K->64K(960K), 0.0013091 secs] 528887K->528221K(614336K), 0.0013529 secs] [Times: user=0.00 sys=0.00, real=0.00 secs] 
6.894: [GC (Allocation Failure) 6.894: [DefNew: 960K->63K(960K), 0.0018192 secs] 529156K->528525K(614336K), 0.0018728 secs] [Times: user=0.00 sys=0.00, real=0.00 secs] 
6.897: [GC (Allocation Failure) 6.897: [DefNew: 959K->64K(960K), 0.0012264 secs] 529472K->528788K(614336K), 0.0012657 secs] [Times: user=0.00 sys=0.00, real=0.00 secs] 
6.900: [GC (Allocation Failure) 6.900: [DefNew: 960K->63K(960K), 0.0013385 secs] 529715K->529097K(614336K), 0.0013835 secs] [Times: user=0.00 sys=0.00, real=0.00 secs] 
6.904: [GC (Allocation Failure) 6.904: [DefNew: 959K->63K(960K), 0.0015492 secs] 530032K->529374K(614336K), 0.0015960 secs] [Times: user=0.00 sys=0.00, real=0.00 secs] 
6.906: [GC (Allocation Failure) 6.906: [DefNew: 959K->64K(960K), 0.0011743 secs] 530322K->529636K(614336K), 0.0012109 secs] [Times: user=0.00 sys=0.00, real=0.00 secs] 
6.909: [GC (Allocation Failure) 6.909: [DefNew: 960K->63K(960K), 0.0016413 secs] 530547K->529974K(614336K), 0.0016987 secs] [Times: user=0.00 sys=0.00, real=0.00 secs] 
6.913: [GC (Allocation Failure) 6.913: [DefNew: 959K->64K(960K), 0.0017909 secs] 530911K->530254K(614336K), 0.0018501 secs] [Times: user=0.00 sys=0.00, real=0.00 secs] 
6.916: [GC (Allocation Failure) 6.916: [DefNew: 960K->63K(960K), 0.0012962 secs] 531181K->530551K(614336K), 0.0013344 secs] [Times: user=0.00 sys=0.00, real=0.00 secs] 
6.920: [GC (Allocation Failure) 6.920: [DefNew: 959K->63K(960K), 0.0015647 secs] 531494K->530816K(614336K), 0.0016153 secs] [Times: user=0.00 sys=0.00, real=0.00 secs] 
6.923: [GC (Allocation Failure) 6.923: [DefNew: 959K->64K(960K), 0.0015258 secs] 531752K->531102K(614336K), 0.0015756 secs] [Times: user=0.02 sys=0.00, real=0.00 secs] 
6.926: [GC (Allocation Failure) 6.926: [DefNew: 960K->63K(960K), 0.0015424 secs] 532051K->531357K(614336K), 0.0015941 secs] [Times: user=0.00 sys=0.00, real=0.00 secs] 
6.929: [GC (Allocation Failure) 6.929: [DefNew: 959K->64K(960K), 0.0016991 secs] 532291K->531636K(614336K), 0.0017512 secs] [Times: user=0.00 sys=0.00, real=0.00 secs] 
6.933: [GC (Allocation Failure) 6.933: [DefNew: 960K->63K(960K), 0.0013752 secs] 532556K->531947K(614336K), 0.0014174 secs] [Times: user=0.00 sys=0.00, real=0.00 secs] 
6.936: [GC (Allocation Failure) 6.936: [DefNew: 959K->63K(960K), 0.0015651 secs] 532860K->532272K(614336K), 0.0016066 secs] [Times: user=0.00 sys=0.00, real=0.00 secs] 
6.939: [GC (Allocation Failure) 6.939: [DefNew: 959K->63K(960K), 0.0014650 secs] 533213K->532545K(614336K), 0.0015133 secs] [Times: user=0.00 sys=0.00, real=0.00 secs] 
6.942: [GC (Allocation Failure) 6.942: [DefNew: 959K->63K(960K), 0.0012237 secs] 533478K->532831K(614336K), 0.0012675 secs] [Times: user=0.00 sys=0.00, real=0.00 secs] 
6.945: [GC (Allocation Failure) 6.945: [DefNew: 959K->64K(960K), 0.0016066 secs] 533753K->533143K(614336K), 0.0016531 secs] [Times: user=0.00 sys=0.00, real=0.00 secs] 
6.949: [GC (Allocation Failure) 6.949: [DefNew: 960K->63K(960K), 0.0017278 secs] 534084K->533419K(614336K), 0.0017844 secs] [Times: user=0.00 sys=0.00, real=0.00 secs] 
6.952: [GC (Allocation Failure) 6.952: [DefNew: 959K->64K(960K), 0.0023104 secs] 534324K->533775K(614336K), 0.0023754 secs] [Times: user=0.02 sys=0.00, real=0.00 secs] 
6.957: [GC (Allocation Failure) 6.957: [DefNew: 960K->63K(960K), 0.0018067 secs] 534685K->534086K(614336K), 0.0018630 secs] [Times: user=0.00 sys=0.00, real=0.00 secs] 
6.960: [GC (Allocation Failure) 6.960: [DefNew: 959K->63K(960K), 0.0016636 secs] 534998K->534424K(614336K), 0.0017150 secs] [Times: user=0.00 sys=0.00, real=0.00 secs] 
6.964: [GC (Allocation Failure) 6.964: [DefNew: 959K->63K(960K), 0.0024086 secs] 535330K->534756K(614336K), 0.0024660 secs] [Times: user=0.00 sys=0.00, real=0.00 secs] 
6.969: [GC (Allocation Failure) 6.969: [DefNew: 959K->63K(960K), 0.0022149 secs] 535664K->535082K(614336K), 0.0022761 secs] [Times: user=0.00 sys=0.00, real=0.00 secs] 
6.972: [GC (Allocation Failure) 6.972: [DefNew: 959K->64K(960K), 0.0020680 secs] 535985K->535442K(614336K), 0.0021231 secs] [Times: user=0.00 sys=0.00, real=0.00 secs] 
6.977: [GC (Allocation Failure) 6.977: [DefNew: 960K->63K(960K), 0.0021511 secs] 536345K->535792K(614336K), 0.0022206 secs] [Times: user=0.00 sys=0.00, real=0.00 secs] 
6.980: [GC (Allocation Failure) 6.980: [DefNew: 959K->63K(960K), 0.0020990 secs] 536701K->536089K(614336K), 0.0021511 secs] [Times: user=0.00 sys=0.00, real=0.00 secs] 
6.985: [GC (Allocation Failure) 6.985: [DefNew: 959K->63K(960K), 0.0018483 secs] 537010K->536378K(614336K), 0.0019117 secs] [Times: user=0.02 sys=0.00, real=0.00 secs] 
6.989: [GC (Allocation Failure) 6.989: [DefNew: 959K->63K(960K), 0.0022323 secs] 537278K->536738K(614336K), 0.0022987 secs] [Times: user=0.00 sys=0.00, real=0.00 secs] 
6.993: [GC (Allocation Failure) 6.993: [DefNew: 959K->63K(960K), 0.0018619 secs] 537638K->537085K(614336K), 0.0019121 secs] [Times: user=0.00 sys=0.00, real=0.00 secs] 
6.997: [GC (Allocation Failure) 6.997: [DefNew: 959K->63K(960K), 0.0014341 secs] 537999K->537372K(614336K), 0.0014771 secs] [Times: user=0.00 sys=0.00, real=0.00 secs] 
6.999: [GC (Allocation Failure) 6.999: [DefNew: 959K->63K(960K), 0.0013038 secs] 538294K->537638K(614336K), 0.0013476 secs] [Times: user=0.00 sys=0.00, real=0.00 secs] 
7.003: [GC (Allocation Failure) 7.003: [DefNew: 959K->63K(960K), 0.0013559 secs] 538557K->537944K(614336K), 0.0014072 secs] [Times: user=0.00 sys=0.00, real=0.00 secs] 
7.006: [GC (Allocation Failure) 7.006: [DefNew: 959K->63K(960K), 0.0013816 secs] 538867K->538229K(614336K), 0.0014307 secs] [Times: user=0.00 sys=0.00, real=0.00 secs] 
7.009: [GC (Allocation Failure) 7.009: [DefNew: 959K->63K(960K), 0.0013853 secs] 539171K->538490K(614336K), 0.0014442 secs] [Times: user=0.00 sys=0.00, real=0.00 secs] 
7.012: [GC (Allocation Failure) 7.012: [DefNew: 959K->64K(960K), 0.0017516 secs] 539401K->538815K(614336K), 0.0018252 secs] [Times: user=0.00 sys=0.00, real=0.00 secs] 
7.015: [GC (Allocation Failure) 7.015: [DefNew: 960K->63K(960K), 0.0017478 secs] 539727K->539146K(614336K), 0.0018079 secs] [Times: user=0.01 sys=0.00, real=0.00 secs] 
7.019: [GC (Allocation Failure) 7.019: [DefNew: 959K->63K(960K), 0.0019680 secs] 540057K->539492K(614336K), 0.0020284 secs] [Times: user=0.00 sys=0.00, real=0.00 secs] 
7.023: [GC (Allocation Failure) 7.023: [DefNew: 959K->63K(960K), 0.0018675 secs] 540423K->539788K(614336K), 0.0019219 secs] [Times: user=0.00 sys=0.00, real=0.00 secs] 
7.026: [GC (Allocation Failure) 7.026: [DefNew: 959K->63K(960K), 0.0014741 secs] 540710K->540099K(614336K), 0.0015239 secs] [Times: user=0.00 sys=0.00, real=0.00 secs] 
7.030: [GC (Allocation Failure) 7.030: [DefNew: 959K->63K(960K), 0.0013869 secs] 541030K->540388K(614336K), 0.0014371 secs] [Times: user=0.00 sys=0.00, real=0.00 secs] 
7.033: [GC (Allocation Failure) 7.033: [DefNew: 959K->64K(960K), 0.0015288 secs] 541318K->540684K(614336K), 0.0015911 secs] [Times: user=0.00 sys=0.00, real=0.00 secs] 
7.036: [GC (Allocation Failure) 7.036: [DefNew: 960K->64K(960K), 0.0015704 secs] 541614K->540977K(614336K), 0.0016270 secs] [Times: user=0.00 sys=0.00, real=0.00 secs] 
7.039: [GC (Allocation Failure) 7.039: [DefNew: 960K->63K(960K), 0.0018097 secs] 541903K->541280K(614336K), 0.0018815 secs] [Times: user=0.00 sys=0.00, real=0.00 secs] 
7.043: [GC (Allocation Failure) 7.043: [DefNew: 959K->63K(960K), 0.0019831 secs] 542187K->541641K(614336K), 0.0020593 secs] [Times: user=0.00 sys=0.00, real=0.00 secs] 
7.046: [GC (Allocation Failure) 7.046: [DefNew: 959K->63K(960K), 0.0013899 secs] 542584K->541913K(614336K), 0.0014382 secs] [Times: user=0.00 sys=0.00, real=0.00 secs] 
7.050: [GC (Allocation Failure) 7.050: [DefNew: 959K->63K(960K), 0.0016814 secs] 542853K->542191K(614336K), 0.0017403 secs] [Times: user=0.00 sys=0.00, real=0.00 secs] 
7.053: [GC (Allocation Failure) 7.053: [DefNew: 959K->63K(960K), 0.0016693 secs] 543127K->542474K(614336K), 0.0017316 secs] [Times: user=0.00 sys=0.00, real=0.00 secs] 
7.057: [GC (Allocation Failure) 7.057: [DefNew: 959K->63K(960K), 0.0012808 secs] 543413K->542742K(614336K), 0.0013223 secs] [Times: user=0.00 sys=0.00, real=0.00 secs] 
7.060: [GC (Allocation Failure) 7.060: [DefNew: 959K->64K(960K), 0.0013491 secs] 543688K->543005K(614336K), 0.0013910 secs] [Times: user=0.00 sys=0.00, real=0.00 secs] 
7.063: [GC (Allocation Failure) 7.063: [DefNew: 960K->64K(960K), 0.0013355 secs] 543931K->543307K(614336K), 0.0013831 secs] [Times: user=0.02 sys=0.00, real=0.00 secs] 
7.066: [GC (Allocation Failure) 7.067: [DefNew: 960K->63K(960K), 0.0017565 secs] 544220K->543642K(614336K), 0.0018116 secs] [Times: user=0.00 sys=0.00, real=0.00 secs] 
7.070: [GC (Allocation Failure) 7.070: [DefNew: 959K->63K(960K), 0.0016043 secs] 544566K->543946K(614336K), 0.0016455 secs] [Times: user=0.00 sys=0.00, real=0.00 secs] 
7.073: [GC (Allocation Failure) 7.073: [DefNew: 959K->64K(960K), 0.0013612 secs] 544893K->544209K(614336K), 0.0014091 secs] [Times: user=0.00 sys=0.00, real=0.00 secs] 
7.077: [GC (Allocation Failure) 7.077: [DefNew: 960K->64K(960K), 0.0012317 secs] 545148K->544484K(614336K), 0.0012766 secs] [Times: user=0.00 sys=0.00, real=0.00 secs] 
7.080: [GC (Allocation Failure) 7.080: [DefNew: 960K->63K(960K), 0.0014461 secs] 545422K->544756K(614336K), 0.0014914 secs] [Times: user=0.00 sys=0.00, real=0.00 secs] 
7.083: [GC (Allocation Failure) 7.083: [DefNew: 959K->63K(960K), 0.0012876 secs] 545689K->545062K(614336K), 0.0013340 secs] [Times: user=0.00 sys=0.00, real=0.00 secs] 
7.086: [GC (Allocation Failure) 7.087: [DefNew: 959K->64K(960K), 0.0012819 secs] 546004K->545330K(614336K), 0.0013219 secs] [Times: user=0.00 sys=0.00, real=0.00 secs] 
7.089: [GC (Allocation Failure) 7.089: [DefNew: 960K->64K(960K), 0.0012449 secs] 546271K->545603K(614336K), 0.0012800 secs] [Times: user=0.00 sys=0.00, real=0.00 secs] 
7.093: [GC (Allocation Failure) 7.093: [DefNew: 960K->63K(960K), 0.0012675 secs] 546546K->545869K(614336K), 0.0013064 secs] [Times: user=0.00 sys=0.00, real=0.00 secs] 
7.096: [GC (Allocation Failure) 7.096: [DefNew: 959K->63K(960K), 0.0018384 secs] 546804K->546157K(614336K), 0.0018955 secs] [Times: user=0.00 sys=0.00, real=0.00 secs] 
7.099: [GC (Allocation Failure) 7.099: [DefNew: 959K->63K(960K), 0.0015583 secs] 547102K->546423K(614336K), 0.0016002 secs] [Times: user=0.00 sys=0.00, real=0.00 secs] 
7.103: [GC (Allocation Failure) 7.103: [DefNew: 959K->64K(960K), 0.0012796 secs] 547357K->546702K(614336K), 0.0013234 secs] [Times: user=0.00 sys=0.00, real=0.00 secs] 
7.106: [GC (Allocation Failure) 7.106: [DefNew: 960K->63K(960K), 0.0016651 secs] 547639K->546983K(614336K), 0.0017169 secs] [Times: user=0.00 sys=0.00, real=0.00 secs] 
7.109: [GC (Allocation Failure) 7.109: [DefNew: 959K->63K(960K), 0.0014979 secs] 547924K->547252K(614336K), 0.0015398 secs] [Times: user=0.00 sys=0.00, real=0.00 secs] 
7.113: [GC (Allocation Failure) 7.113: [DefNew: 959K->63K(960K), 0.0013117 secs] 548178K->547545K(614336K), 0.0013544 secs] [Times: user=0.00 sys=0.00, real=0.00 secs] 
7.116: [GC (Allocation Failure) 7.116: [DefNew: 959K->63K(960K), 0.0016376 secs] 548462K->547893K(614336K), 0.0017010 secs] [Times: user=0.00 sys=0.00, real=0.00 secs] 
7.119: [GC (Allocation Failure) 7.119: [DefNew: 959K->64K(960K), 0.0016644 secs] 548833K->548161K(614336K), 0.0017135 secs] [Times: user=0.00 sys=0.00, real=0.00 secs] 
7.123: [GC (Allocation Failure) 7.123: [DefNew: 960K->63K(960K), 0.0018600 secs] 549079K->548480K(614336K), 0.0019249 secs] [Times: user=0.00 sys=0.00, real=0.00 secs] 
7.126: [GC (Allocation Failure) 7.126: [DefNew: 959K->63K(960K), 0.0013653 secs] 549419K->548760K(614336K), 0.0014012 secs] [Times: user=0.01 sys=0.00, real=0.00 secs] 
7.129: [GC (Allocation Failure) 7.129: [DefNew: 959K->63K(960K), 0.0016527 secs] 549700K->549038K(614336K), 0.0016987 secs] [Times: user=0.00 sys=0.00, real=0.00 secs] 
7.133: [GC (Allocation Failure) 7.133: [DefNew: 959K->64K(960K), 0.0017973 secs] 549967K->549330K(614336K), 0.0018592 secs] [Times: user=0.00 sys=0.00, real=0.00 secs] 
7.136: [GC (Allocation Failure) 7.136: [DefNew: 960K->63K(960K), 0.0018388 secs] 550262K->549624K(614336K), 0.0018958 secs] [Times: user=0.00 sys=0.00, real=0.00 secs] 
7.140: [GC (Allocation Failure) 7.140: [DefNew: 959K->63K(960K), 0.0012366 secs] 550567K->549880K(614336K), 0.0012808 secs] [Times: user=0.00 sys=0.00, real=0.00 secs] 
7.149: [GC (Allocation Failure) 7.149: [DefNew: 959K->64K(960K), 0.0014495 secs] 550785K->550175K(614336K), 0.0014990 secs] [Times: user=0.00 sys=0.00, real=0.00 secs] 
7.152: [GC (Allocation Failure) 7.152: [DefNew: 960K->63K(960K), 0.0027329 secs] 551078K->551027K(614336K), 0.0027809 secs] [Times: user=0.00 sys=0.00, real=0.00 secs] 
7.157: [GC (Allocation Failure) 7.157: [DefNew: 959K->64K(960K), 0.0017573 secs] 551924K->551295K(614336K), 0.0018063 secs] [Times: user=0.02 sys=0.00, real=0.00 secs] 
7.160: [GC (Allocation Failure) 7.160: [DefNew: 960K->64K(960K), 0.0011180 secs] 552192K->551628K(614336K), 0.0011535 secs] [Times: user=0.00 sys=0.00, real=0.00 secs] 
7.163: [GC (Allocation Failure) 7.163: [DefNew: 960K->63K(960K), 0.0011218 secs] 552526K->551972K(614336K), 0.0011599 secs] [Times: user=0.00 sys=0.00, real=0.00 secs] 
7.165: [GC (Allocation Failure) 7.165: [DefNew: 959K->63K(960K), 0.0010266 secs] 552868K->552254K(614336K), 0.0010720 secs] [Times: user=0.00 sys=0.00, real=0.00 secs] 
7.168: [GC (Allocation Failure) 7.168: [DefNew: 959K->63K(960K), 0.0011928 secs] 553151K->552511K(614336K), 0.0012351 secs] [Times: user=0.00 sys=0.00, real=0.00 secs] 
7.170: [GC (Allocation Failure) 7.170: [DefNew: 959K->63K(960K), 0.0010644 secs] 553408K->552826K(614336K), 0.0011082 secs] [Times: user=0.00 sys=0.00, real=0.00 secs] 
7.173: [GC (Allocation Failure) 7.173: [DefNew: 959K->64K(960K), 0.0012000 secs] 553722K->553082K(614336K), 0.0012521 secs] [Times: user=0.00 sys=0.00, real=0.00 secs] 
7.177: [GC (Allocation Failure) 7.177: [DefNew: 960K->63K(960K), 0.0008949 secs] 553978K->553336K(614336K), 0.0009338 secs] [Times: user=0.00 sys=0.00, real=0.00 secs] 
7.179: [GC (Allocation Failure) 7.179: [DefNew: 959K->63K(960K), 0.0010421 secs] 554232K->553601K(614336K), 0.0011093 secs] [Times: user=0.00 sys=0.00, real=0.00 secs] 
7.182: [GC (Allocation Failure) 7.182: [DefNew: 959K->63K(960K), 0.0009855 secs] 554497K->553829K(614336K), 0.0010516 secs] [Times: user=0.00 sys=0.00, real=0.00 secs] 
7.184: [GC (Allocation Failure) 7.184: [DefNew: 959K->63K(960K), 0.0008922 secs] 554726K->554074K(614336K), 0.0009338 secs] [Times: user=0.00 sys=0.00, real=0.00 secs] 
7.187: [GC (Allocation Failure) 7.187: [DefNew: 959K->63K(960K), 0.0008439 secs] 554970K->554279K(614336K), 0.0008956 secs] [Times: user=0.00 sys=0.00, real=0.00 secs] 
7.189: [GC (Allocation Failure) 7.189: [DefNew: 959K->63K(960K), 0.0008707 secs] 555176K->554514K(614336K), 0.0009183 secs] [Times: user=0.02 sys=0.00, real=0.00 secs] 
7.192: [GC (Allocation Failure) 7.192: [DefNew: 959K->64K(960K), 0.0008760 secs] 555411K->554726K(614336K), 0.0009285 secs] [Times: user=0.00 sys=0.00, real=0.00 secs] 
7.195: [GC (Allocation Failure) 7.195: [DefNew: 960K->63K(960K), 0.0009715 secs] 555622K->555018K(614336K), 0.0010187 secs] [Times: user=0.00 sys=0.00, real=0.00 secs] 
7.197: [GC (Allocation Failure) 7.197: [DefNew: 959K->63K(960K), 0.0009474 secs] 555914K->555240K(614336K), 0.0009961 secs] [Times: user=0.00 sys=0.00, real=0.00 secs] 
7.200: [GC (Allocation Failure) 7.200: [DefNew: 959K->63K(960K), 0.0009613 secs] 556136K->555496K(614336K), 0.0010146 secs] [Times: user=0.00 sys=0.00, real=0.00 secs] 
7.202: [GC (Allocation Failure) 7.202: [DefNew: 959K->63K(960K), 0.0009878 secs] 556392K->555751K(614336K), 0.0010493 secs] [Times: user=0.00 sys=0.00, real=0.00 secs] 
7.205: [GC (Allocation Failure) 7.205: [DefNew: 959K->64K(960K), 0.0009519 secs] 556647K->555982K(614336K), 0.0010123 secs] [Times: user=0.00 sys=0.00, real=0.00 secs] 
7.207: [GC (Allocation Failure) 7.207: [DefNew: 960K->63K(960K), 0.0011645 secs] 556878K->556315K(614336K), 0.0012283 secs] [Times: user=0.00 sys=0.00, real=0.00 secs] 
7.211: [GC (Allocation Failure) 7.211: [DefNew: 959K->63K(960K), 0.0010112 secs] 557212K->556535K(614336K), 0.0010667 secs] [Times: user=0.00 sys=0.00, real=0.00 secs] 
7.214: [GC (Allocation Failure) 7.214: [DefNew: 959K->63K(960K), 0.0009081 secs] 557432K->556773K(614336K), 0.0009757 secs] [Times: user=0.00 sys=0.00, real=0.00 secs] 
7.216: [GC (Allocation Failure) 7.216: [DefNew: 959K->63K(960K), 0.0007869 secs] 557669K->557004K(614336K), 0.0008261 secs] [Times: user=0.00 sys=0.00, real=0.00 secs] 
7.219: [GC (Allocation Failure) 7.219: [DefNew: 959K->64K(960K), 0.0008960 secs] 557901K->557271K(614336K), 0.0009470 secs] [Times: user=0.00 sys=0.00, real=0.00 secs] 
7.221: [GC (Allocation Failure) 7.221: [DefNew: 960K->64K(960K), 0.0013838 secs] 558168K->557631K(614336K), 0.0014552 secs] [Times: user=0.00 sys=0.00, real=0.00 secs] 
7.224: [GC (Allocation Failure) 7.224: [DefNew: 960K->63K(960K), 0.0011006 secs] 558528K->557879K(614336K), 0.0011550 secs] [Times: user=0.00 sys=0.00, real=0.00 secs] 
7.227: [GC (Allocation Failure) 7.227: [DefNew: 959K->63K(960K), 0.0008632 secs] 558775K->558086K(614336K), 0.0009122 secs] [Times: user=0.00 sys=0.00, real=0.00 secs] 
7.230: [GC (Allocation Failure) 7.230: [DefNew: 959K->64K(960K), 0.0009092 secs] 558983K->558290K(614336K), 0.0009557 secs] [Times: user=0.00 sys=0.00, real=0.00 secs] 
7.232: [GC (Allocation Failure) 7.232: [DefNew: 960K->63K(960K), 0.0012860 secs] 559186K->558569K(614336K), 0.0013483 secs] [Times: user=0.00 sys=0.00, real=0.00 secs] 
7.235: [GC (Allocation Failure) 7.235: [DefNew: 959K->63K(960K), 0.0013389 secs] 559465K->558892K(614336K), 0.0013899 secs] [Times: user=0.03 sys=0.00, real=0.00 secs] 
7.239: [GC (Allocation Failure) 7.239: [DefNew: 959K->63K(960K), 0.0008775 secs] 559789K->559133K(614336K), 0.0009338 secs] [Times: user=0.00 sys=0.00, real=0.00 secs] 
7.241: [GC (Allocation Failure) 7.241: [DefNew: 959K->63K(960K), 0.0012494 secs] 560030K->559396K(614336K), 0.0013087 secs] [Times: user=0.00 sys=0.00, real=0.00 secs] 
7.244: [GC (Allocation Failure) 7.244: [DefNew: 959K->63K(960K), 0.0015092 secs] 560293K->559709K(614336K), 0.0015832 secs] [Times: user=0.00 sys=0.00, real=0.00 secs] 
7.248: [GC (Allocation Failure) 7.248: [DefNew: 959K->63K(960K), 0.0016432 secs] 560619K->560281K(614336K), 0.0017176 secs] [Times: user=0.00 sys=0.00, real=0.00 secs] 
7.251: [GC (Allocation Failure) 7.251: [DefNew: 959K->64K(960K), 0.0013491 secs] 561236K->560531K(614336K), 0.0014016 secs] [Times: user=0.00 sys=0.00, real=0.00 secs] 
7.255: [GC (Allocation Failure) 7.255: [DefNew: 960K->64K(960K), 0.0008688 secs] 561491K->560776K(614336K), 0.0009168 secs] [Times: user=0.00 sys=0.00, real=0.00 secs] 
7.257: [GC (Allocation Failure) 7.257: [DefNew: 960K->64K(960K), 0.0007680 secs] 561741K->561012K(614336K), 0.0007982 secs] [Times: user=0.00 sys=0.00, real=0.00 secs] 
7.260: [GC (Allocation Failure) 7.260: [DefNew: 960K->63K(960K), 0.0007903 secs] 561974K->561251K(614336K), 0.0008239 secs] [Times: user=0.00 sys=0.00, real=0.00 secs] 
7.263: [GC (Allocation Failure) 7.263: [DefNew: 959K->63K(960K), 0.0009636 secs] 562191K->561528K(614336K), 0.0010161 secs] [Times: user=0.00 sys=0.00, real=0.00 secs] 
7.265: [GC (Allocation Failure) 7.265: [DefNew: 959K->63K(960K), 0.0011611 secs] 562466K->561808K(614336K), 0.0012064 secs] [Times: user=0.00 sys=0.00, real=0.00 secs] 
7.269: [GC (Allocation Failure) 7.269: [DefNew: 959K->63K(960K), 0.0009372 secs] 562758K->562064K(614336K), 0.0009881 secs] [Times: user=0.00 sys=0.00, real=0.00 secs] 
7.272: [GC (Allocation Failure) 7.272: [DefNew: 959K->63K(960K), 0.0009613 secs] 563021K->562312K(614336K), 0.0010104 secs] [Times: user=0.00 sys=0.00, real=0.00 secs] 
7.274: [GC (Allocation Failure) 7.274: [DefNew: 959K->64K(960K), 0.0008582 secs] 563273K->562551K(614336K), 0.0008926 secs] [Times: user=0.00 sys=0.00, real=0.00 secs] 
7.277: [GC (Allocation Failure) 7.277: [DefNew: 960K->64K(960K), 0.0008420 secs] 563509K->562792K(614336K), 0.0008790 secs] [Times: user=0.00 sys=0.00, real=0.00 secs] 
7.280: [GC (Allocation Failure) 7.280: [DefNew: 960K->64K(960K), 0.0011022 secs] 563749K->563038K(614336K), 0.0011463 secs] [Times: user=0.00 sys=0.00, real=0.00 secs] 
7.282: [GC (Allocation Failure) 7.282: [DefNew: 960K->63K(960K), 0.0008681 secs] 563983K->563301K(614336K), 0.0009149 secs] [Times: user=0.00 sys=0.00, real=0.00 secs] 
7.285: [GC (Allocation Failure) 7.285: [DefNew: 959K->63K(960K), 0.0010331 secs] 564234K->563624K(614336K), 0.0010746 secs] [Times: user=0.00 sys=0.00, real=0.00 secs] 
7.288: [GC (Allocation Failure) 7.288: [DefNew: 959K->64K(960K), 0.0009440 secs] 564578K->563873K(614336K), 0.0009881 secs] [Times: user=0.00 sys=0.00, real=0.00 secs] 
7.290: [GC (Allocation Failure) 7.290: [DefNew: 960K->63K(960K), 0.0007982 secs] 564836K->564110K(614336K), 0.0008307 secs] [Times: user=0.00 sys=0.00, real=0.00 secs] 
7.293: [GC (Allocation Failure) 7.293: [DefNew: 959K->63K(960K), 0.0008628 secs] 565073K->564353K(614336K), 0.0008990 secs] [Times: user=0.00 sys=0.00, real=0.00 secs] 
7.296: [GC (Allocation Failure) 7.296: [DefNew: 959K->64K(960K), 0.0014484 secs] 565305K->564601K(614336K), 0.0015013 secs] [Times: user=0.00 sys=0.00, real=0.00 secs] 
7.299: [GC (Allocation Failure) 7.299: [DefNew: 960K->63K(960K), 0.0010501 secs] 565544K->564865K(614336K), 0.0011044 secs] [Times: user=0.00 sys=0.00, real=0.00 secs] 
7.302: [GC (Allocation Failure) 7.302: [DefNew: 959K->63K(960K), 0.0013076 secs] 565798K->565152K(614336K), 0.0013736 secs] [Times: user=0.00 sys=0.00, real=0.00 secs] 
7.305: [GC (Allocation Failure) 7.305: [DefNew: 959K->63K(960K), 0.0013816 secs] 566091K->565430K(614336K), 0.0014424 secs] [Times: user=0.00 sys=0.00, real=0.00 secs] 
7.308: [GC (Allocation Failure) 7.308: [DefNew: 959K->64K(960K), 0.0014518 secs] 566356K->565728K(614336K), 0.0015145 secs] [Times: user=0.00 sys=0.00, real=0.00 secs] 
7.311: [GC (Allocation Failure) 7.311: [DefNew: 960K->64K(960K), 0.0009979 secs] 566678K->565989K(614336K), 0.0010444 secs] [Times: user=0.00 sys=0.00, real=0.00 secs] 
7.314: [GC (Allocation Failure) 7.314: [DefNew: 960K->63K(960K), 0.0011996 secs] 566942K->566249K(614336K), 0.0012596 secs] [Times: user=0.00 sys=0.00, real=0.00 secs] 
7.317: [GC (Allocation Failure) 7.317: [DefNew: 959K->63K(960K), 0.0008496 secs] 567214K->566482K(614336K), 0.0008930 secs] [Times: user=0.00 sys=0.00, real=0.00 secs] 
7.320: [GC (Allocation Failure) 7.320: [DefNew: 959K->63K(960K), 0.0011059 secs] 567443K->566726K(614336K), 0.0011588 secs] [Times: user=0.00 sys=0.00, real=0.00 secs] 
7.323: [GC (Allocation Failure) 7.323: [DefNew: 959K->63K(960K), 0.0011135 secs] 567651K->567018K(614336K), 0.0011667 secs] [Times: user=0.00 sys=0.00, real=0.00 secs] 
7.325: [GC (Allocation Failure) 7.325: [DefNew: 959K->64K(960K), 0.0014042 secs] 567965K->567283K(614336K), 0.0014760 secs] [Times: user=0.00 sys=0.00, real=0.00 secs] 
7.328: [GC (Allocation Failure) 7.328: [DefNew: 960K->63K(960K), 0.0012441 secs] 568214K->567564K(614336K), 0.0012917 secs] [Times: user=0.00 sys=0.00, real=0.00 secs] 
7.332: [GC (Allocation Failure) 7.332: [DefNew: 959K->64K(960K), 0.0011894 secs] 568516K->567820K(614336K), 0.0012388 secs] [Times: user=0.00 sys=0.00, real=0.00 secs] 
7.334: [GC (Allocation Failure) 7.334: [DefNew: 960K->63K(960K), 0.0009760 secs] 568781K->568064K(614336K), 0.0010104 secs] [Times: user=0.00 sys=0.00, real=0.00 secs] 
7.337: [GC (Allocation Failure) 7.337: [DefNew: 959K->63K(960K), 0.0009428 secs] 568998K->568346K(614336K), 0.0009825 secs] [Times: user=0.00 sys=0.00, real=0.00 secs] 
7.340: [GC (Allocation Failure) 7.340: [DefNew: 959K->63K(960K), 0.0009893 secs] 569303K->568591K(614336K), 0.0010350 secs] [Times: user=0.00 sys=0.00, real=0.00 secs] 
7.342: [GC (Allocation Failure) 7.342: [DefNew: 959K->63K(960K), 0.0010334 secs] 569519K->568884K(614336K), 0.0010791 secs] [Times: user=0.00 sys=0.00, real=0.00 secs] 
7.345: [GC (Allocation Failure) 7.345: [DefNew: 959K->63K(960K), 0.0015885 secs] 569835K->569140K(614336K), 0.0016534 secs] [Times: user=0.00 sys=0.00, real=0.00 secs] 
7.349: [GC (Allocation Failure) 7.349: [DefNew: 959K->64K(960K), 0.0009296 secs] 570070K->569427K(614336K), 0.0009760 secs] [Times: user=0.00 sys=0.00, real=0.00 secs] 
7.351: [GC (Allocation Failure) 7.351: [DefNew: 960K->63K(960K), 0.0007620 secs] 570392K->569672K(614336K), 0.0007941 secs] [Times: user=0.00 sys=0.00, real=0.00 secs] 
7.354: [GC (Allocation Failure) 7.354: [DefNew: 959K->63K(960K), 0.0009455 secs] 570607K->569945K(614336K), 0.0009908 secs] [Times: user=0.00 sys=0.00, real=0.00 secs] 
7.357: [GC (Allocation Failure) 7.357: [DefNew: 959K->63K(960K), 0.0008650 secs] 570896K->570214K(614336K), 0.0009013 secs] [Times: user=0.00 sys=0.00, real=0.00 secs] 
7.359: [GC (Allocation Failure) 7.359: [DefNew: 959K->64K(960K), 0.0008775 secs] 571155K->570483K(614336K), 0.0009081 secs] [Times: user=0.00 sys=0.00, real=0.00 secs] 
7.362: [GC (Allocation Failure) 7.362: [DefNew: 960K->63K(960K), 0.0011237 secs] 571435K->570737K(614336K), 0.0011777 secs] [Times: user=0.00 sys=0.00, real=0.00 secs] 
7.365: [GC (Allocation Failure) 7.365: [DefNew: 959K->63K(960K), 0.0013204 secs] 571691K->570986K(614336K), 0.0013827 secs] [Times: user=0.00 sys=0.00, real=0.00 secs] 
7.368: [GC (Allocation Failure) 7.368: [DefNew: 959K->63K(960K), 0.0009470 secs] 571946K->571226K(614336K), 0.0009828 secs] [Times: user=0.00 sys=0.00, real=0.00 secs] 
7.371: [GC (Allocation Failure) 7.371: [DefNew: 959K->63K(960K), 0.0009866 secs] 572161K->571505K(614336K), 0.0010463 secs] [Times: user=0.00 sys=0.00, real=0.00 secs] 
7.374: [GC (Allocation Failure) 7.374: [DefNew: 959K->63K(960K), 0.0012324 secs] 572451K->571765K(614336K), 0.0012800 secs] [Times: user=0.00 sys=0.00, real=0.00 secs] 
7.376: [GC (Allocation Failure) 7.376: [DefNew: 959K->63K(960K), 0.0013230 secs] 572695K->572057K(614336K), 0.0013876 secs] [Times: user=0.01 sys=0.00, real=0.00 secs] 
7.380: [GC (Allocation Failure) 7.380: [DefNew: 959K->63K(960K), 0.0012181 secs] 572987K->572346K(614336K), 0.0012736 secs] [Times: user=0.00 sys=0.00, real=0.00 secs] 
7.382: [GC (Allocation Failure) 7.382: [DefNew: 959K->63K(960K), 0.0013533 secs] 573274K->572629K(614336K), 0.0014118 secs] [Times: user=0.00 sys=0.00, real=0.00 secs] 
7.386: [GC (Allocation Failure) 7.386: [DefNew: 959K->64K(960K), 0.0013196 secs] 573567K->572900K(614336K), 0.0013816 secs] [Times: user=0.00 sys=0.00, real=0.00 secs] 
7.389: [GC (Allocation Failure) 7.389: [DefNew: 960K->64K(960K), 0.0010202 secs] 573848K->573158K(614336K), 0.0010735 secs] [Times: user=0.00 sys=0.00, real=0.00 secs] 
7.392: [GC (Allocation Failure) 7.392: [DefNew: 960K->64K(960K), 0.0009368 secs] 574120K->573397K(614336K), 0.0009896 secs] [Times: user=0.00 sys=0.00, real=0.00 secs] 
7.394: [GC (Allocation Failure) 7.394: [DefNew: 960K->64K(960K), 0.0010044 secs] 574338K->573667K(614336K), 0.0010557 secs] [Times: user=0.00 sys=0.00, real=0.00 secs] 
7.397: [GC (Allocation Failure) 7.397: [DefNew: 960K->64K(960K), 0.0009821 secs] 574614K->573927K(614336K), 0.0010304 secs] [Times: user=0.00 sys=0.00, real=0.00 secs] 
7.399: [GC (Allocation Failure) 7.399: [DefNew: 960K->63K(960K), 0.0009334 secs] 574879K->574190K(614336K), 0.0009738 secs] [Times: user=0.00 sys=0.00, real=0.00 secs] 
7.402: [GC (Allocation Failure) 7.402: [DefNew: 959K->64K(960K), 0.0009617 secs] 575141K->574446K(614336K), 0.0010085 secs] [Times: user=0.00 sys=0.00, real=0.00 secs] 
7.405: [GC (Allocation Failure) 7.405: [DefNew: 960K->63K(960K), 0.0010636 secs] 575380K->574731K(614336K), 0.0011180 secs] [Times: user=0.00 sys=0.00, real=0.00 secs] 
7.407: [GC (Allocation Failure) 7.408: [DefNew: 959K->63K(960K), 0.0013264 secs] 575686K->574979K(614336K), 0.0014495 secs] [Times: user=0.02 sys=0.00, real=0.00 secs] 
7.411: [GC (Allocation Failure) 7.411: [DefNew: 959K->63K(960K), 0.0010180 secs] 575930K->575233K(614336K), 0.0010716 secs] [Times: user=0.00 sys=0.00, real=0.00 secs] 
7.414: [GC (Allocation Failure) 7.414: [DefNew: 959K->63K(960K), 0.0010074 secs] 576177K->575498K(614336K), 0.0010614 secs] [Times: user=0.00 sys=0.00, real=0.00 secs] 
7.416: [GC (Allocation Failure) 7.416: [DefNew: 959K->64K(960K), 0.0007986 secs] 576456K->575742K(614336K), 0.0008499 secs] [Times: user=0.00 sys=0.00, real=0.00 secs] 
7.419: [GC (Allocation Failure) 7.419: [DefNew: 960K->63K(960K), 0.0009587 secs] 576685K->576007K(614336K), 0.0010085 secs] [Times: user=0.00 sys=0.00, real=0.00 secs] 
7.422: [GC (Allocation Failure) 7.422: [DefNew: 959K->63K(960K), 0.0009949 secs] 576960K->576257K(614336K), 0.0010448 secs] [Times: user=0.00 sys=0.02, real=0.00 secs] 
7.425: [GC (Allocation Failure) 7.425: [DefNew: 959K->63K(960K), 0.0015670 secs] 577198K->576532K(614336K), 0.0016466 secs] [Times: user=0.00 sys=0.00, real=0.00 secs] 
7.429: [GC (Allocation Failure) 7.429: [DefNew: 959K->63K(960K), 0.0012819 secs] 577455K->576832K(614336K), 0.0013419 secs] [Times: user=0.00 sys=0.00, real=0.00 secs] 
7.432: [GC (Allocation Failure) 7.432: [DefNew: 959K->63K(960K), 0.0010644 secs] 577790K->577073K(614336K), 0.0011131 secs] [Times: user=0.00 sys=0.00, real=0.00 secs] 
7.434: [GC (Allocation Failure) 7.434: [DefNew: 959K->63K(960K), 0.0008277 secs] 578036K->577310K(614336K), 0.0008624 secs] [Times: user=0.00 sys=0.00, real=0.00 secs] 
7.437: [GC (Allocation Failure) 7.437: [DefNew: 959K->63K(960K), 0.0012052 secs] 578234K->577607K(614336K), 0.0012502 secs] [Times: user=0.00 sys=0.00, real=0.00 secs] 
7.441: [GC (Allocation Failure) 7.441: [DefNew: 959K->63K(960K), 0.0010587 secs] 578547K->577883K(614336K), 0.0011105 secs] [Times: user=0.00 sys=0.00, real=0.00 secs] 
7.443: [GC (Allocation Failure) 7.443: [DefNew: 959K->64K(960K), 0.0009776 secs] 578825K->578152K(614336K), 0.0010180 secs] [Times: user=0.00 sys=0.00, real=0.00 secs] 
7.446: [GC (Allocation Failure) 7.446: [DefNew: 960K->63K(960K), 0.0012271 secs] 579097K->578426K(614336K), 0.0012989 secs] [Times: user=0.00 sys=0.00, real=0.00 secs] 
7.450: [GC (Allocation Failure) 7.450: [DefNew: 959K->63K(960K), 0.0015201 secs] 579350K->578722K(614336K), 0.0016009 secs] [Times: user=0.00 sys=0.00, real=0.00 secs] 
7.453: [GC (Allocation Failure) 7.453: [DefNew: 959K->63K(960K), 0.0016353 secs] 579650K->579025K(614336K), 0.0017101 secs] [Times: user=0.01 sys=0.00, real=0.00 secs] 
7.457: [GC (Allocation Failure) 7.457: [DefNew: 959K->64K(960K), 0.0013438 secs] 579958K->579308K(614336K), 0.0013982 secs] [Times: user=0.00 sys=0.00, real=0.00 secs] 
7.460: [GC (Allocation Failure) 7.460: [DefNew: 960K->63K(960K), 0.0012891 secs] 580261K->579559K(614336K), 0.0013423 secs] [Times: user=0.00 sys=0.00, real=0.00 secs] 
7.463: [GC (Allocation Failure) 7.463: [DefNew: 959K->64K(960K), 0.0010655 secs] 580504K->579819K(614336K), 0.0011146 secs] [Times: user=0.00 sys=0.00, real=0.00 secs] 
7.466: [GC (Allocation Failure) 7.466: [DefNew: 960K->63K(960K), 0.0010440 secs] 580748K->580109K(614336K), 0.0010848 secs] [Times: user=0.00 sys=0.00, real=0.00 secs] 
7.469: [GC (Allocation Failure) 7.469: [DefNew: 959K->64K(960K), 0.0012241 secs] 581040K->580403K(614336K), 0.0012774 secs] [Times: user=0.00 sys=0.00, real=0.00 secs] 
7.472: [GC (Allocation Failure) 7.472: [DefNew: 960K->63K(960K), 0.0015492 secs] 581324K->580719K(614336K), 0.0016194 secs] [Times: user=0.00 sys=0.00, real=0.00 secs] 
7.476: [GC (Allocation Failure) 7.476: [DefNew: 959K->64K(960K), 0.0013491 secs] 581657K->580992K(614336K), 0.0013974 secs] [Times: user=0.00 sys=0.00, real=0.00 secs] 
7.479: [GC (Allocation Failure) 7.479: [DefNew: 960K->64K(960K), 0.0008488 secs] 581956K->581227K(614336K), 0.0008903 secs] [Times: user=0.00 sys=0.00, real=0.00 secs] 
7.482: [GC (Allocation Failure) 7.482: [DefNew: 960K->63K(960K), 0.0008654 secs] 582178K->581487K(614336K), 0.0009164 secs] [Times: user=0.00 sys=0.00, real=0.00 secs] 
7.485: [GC (Allocation Failure) 7.485: [DefNew: 959K->64K(960K), 0.0009647 secs] 582412K->581797K(614336K), 0.0010021 secs] [Times: user=0.00 sys=0.00, real=0.00 secs] 
7.487: [GC (Allocation Failure) 7.487: [DefNew: 960K->63K(960K), 0.0010402 secs] 582743K->582057K(614336K), 0.0010893 secs] [Times: user=0.00 sys=0.00, real=0.00 secs] 
7.490: [GC (Allocation Failure) 7.490: [DefNew: 959K->64K(960K), 0.0008979 secs] 583014K->582298K(614336K), 0.0009421 secs] [Times: user=0.00 sys=0.00, real=0.00 secs] 
7.493: [GC (Allocation Failure) 7.493: [DefNew: 960K->63K(960K), 0.0009292 secs] 583226K->582591K(614336K), 0.0009832 secs] [Times: user=0.00 sys=0.00, real=0.00 secs] 
7.495: [GC (Allocation Failure) 7.495: [DefNew: 959K->64K(960K), 0.0009171 secs] 583549K->582836K(614336K), 0.0009511 secs] [Times: user=0.00 sys=0.00, real=0.00 secs] 
7.498: [GC (Allocation Failure) 7.498: [DefNew: 960K->64K(960K), 0.0009670 secs] 583781K->583104K(614336K), 0.0010074 secs] [Times: user=0.00 sys=0.00, real=0.00 secs] 
7.501: [GC (Allocation Failure) 7.501: [DefNew: 960K->63K(960K), 0.0012400 secs] 584058K->583363K(614336K), 0.0012917 secs] [Times: user=0.02 sys=0.00, real=0.00 secs] 
7.503: [GC (Allocation Failure) 7.503: [DefNew: 959K->64K(960K), 0.0008915 secs] 584325K->583602K(614336K), 0.0009277 secs] [Times: user=0.00 sys=0.00, real=0.00 secs] 
7.506: [GC (Allocation Failure) 7.506: [DefNew: 960K->64K(960K), 0.0010183 secs] 584551K->583856K(614336K), 0.0010727 secs] [Times: user=0.00 sys=0.00, real=0.00 secs] 
7.510: [GC (Allocation Failure) 7.510: [DefNew: 960K->64K(960K), 0.0008363 secs] 584815K->584105K(614336K), 0.0008760 secs] [Times: user=0.00 sys=0.00, real=0.00 secs] 
7.512: [GC (Allocation Failure) 7.512: [DefNew: 960K->63K(960K), 0.0010810 secs] 585065K->584339K(614336K), 0.0011411 secs] [Times: user=0.00 sys=0.00, real=0.00 secs] 
7.515: [GC (Allocation Failure) 7.515: [DefNew: 959K->63K(960K), 0.0008465 secs] 585298K->584582K(614336K), 0.0008862 secs] [Times: user=0.00 sys=0.00, real=0.00 secs] 
7.518: [GC (Allocation Failure) 7.518: [DefNew: 959K->63K(960K), 0.0011845 secs] 585518K->584863K(614336K), 0.0012313 secs] [Times: user=0.00 sys=0.00, real=0.00 secs] 
7.520: [GC (Allocation Failure) 7.520: [DefNew: 959K->63K(960K), 0.0010482 secs] 585804K->585139K(614336K), 0.0010874 secs] [Times: user=0.00 sys=0.00, real=0.00 secs] 
7.523: [GC (Allocation Failure) 7.523: [DefNew: 959K->64K(960K), 0.0009995 secs] 586078K->585411K(614336K), 0.0010414 secs] [Times: user=0.00 sys=0.00, real=0.00 secs] 
7.527: [GC (Allocation Failure) 7.527: [DefNew: 960K->64K(960K), 0.0010402 secs] 586343K->585696K(614336K), 0.0010889 secs] [Times: user=0.00 sys=0.00, real=0.00 secs] 
7.529: [GC (Allocation Failure) 7.529: [DefNew: 960K->63K(960K), 0.0009334 secs] 586658K->585938K(614336K), 0.0009696 secs] [Times: user=0.00 sys=0.00, real=0.00 secs] 
7.532: [GC (Allocation Failure) 7.532: [DefNew: 959K->64K(960K), 0.0013079 secs] 586864K->586234K(614336K), 0.0013880 secs] [Times: user=0.02 sys=0.00, real=0.00 secs] 
7.535: [GC (Allocation Failure) 7.535: [DefNew: 960K->64K(960K), 0.0011082 secs] 587172K->586512K(614336K), 0.0011637 secs] [Times: user=0.00 sys=0.00, real=0.00 secs] 
7.537: [GC (Allocation Failure) 7.537: [DefNew: 960K->64K(960K), 0.0012275 secs] 587473K->586753K(614336K), 0.0012740 secs] [Times: user=0.00 sys=0.00, real=0.00 secs] 
7.541: [GC (Allocation Failure) 7.541: [DefNew: 960K->64K(960K), 0.0012385 secs] 587702K->587010K(614336K), 0.0012906 secs] [Times: user=0.00 sys=0.00, real=0.00 secs] 
7.544: [GC (Allocation Failure) 7.544: [DefNew: 960K->63K(960K), 0.0012498 secs] 587941K->587309K(614336K), 0.0013098 secs] [Times: user=0.00 sys=0.00, real=0.00 secs] 
7.547: [GC (Allocation Failure) 7.547: [DefNew: 959K->63K(960K), 0.0008575 secs] 588271K->587544K(614336K), 0.0009017 secs] [Times: user=0.00 sys=0.00, real=0.00 secs] 
7.550: [GC (Allocation Failure) 7.550: [DefNew: 959K->63K(960K), 0.0007597 secs] 588503K->587782K(614336K), 0.0007997 secs] [Times: user=0.00 sys=0.00, real=0.00 secs] 
7.553: [GC (Allocation Failure) 7.553: [DefNew: 959K->63K(960K), 0.0011592 secs] 588733K->588038K(614336K), 0.0012154 secs] [Times: user=0.00 sys=0.00, real=0.00 secs] 
7.555: [GC (Allocation Failure) 7.555: [DefNew: 959K->63K(960K), 0.0010701 secs] 588961K->588339K(614336K), 0.0011108 secs] [Times: user=0.00 sys=0.00, real=0.00 secs] 
7.558: [GC (Allocation Failure) 7.558: [DefNew: 959K->63K(960K), 0.0011486 secs] 589273K->588614K(614336K), 0.0011875 secs] [Times: user=0.00 sys=0.00, real=0.00 secs] 
7.562: [GC (Allocation Failure) 7.562: [DefNew: 959K->63K(960K), 0.0013227 secs] 589555K->588889K(614336K), 0.0013774 secs] [Times: user=0.00 sys=0.00, real=0.00 secs] 
7.564: [GC (Allocation Failure) 7.564: [DefNew: 959K->63K(960K), 0.0009583 secs] 589849K->589126K(614336K), 0.0009945 secs] [Times: user=0.00 sys=0.00, real=0.00 secs] 
7.567: [GC (Allocation Failure) 7.567: [DefNew: 959K->63K(960K), 0.0009251 secs] 590090K->589365K(614336K), 0.0009636 secs] [Times: user=0.00 sys=0.00, real=0.00 secs] 
7.570: [GC (Allocation Failure) 7.570: [DefNew: 959K->63K(960K), 0.0012758 secs] 590302K->589638K(614336K), 0.0013347 secs] [Times: user=0.00 sys=0.00, real=0.00 secs] 
7.573: [GC (Allocation Failure) 7.573: [DefNew: 959K->64K(960K), 0.0009530 secs] 590577K->589911K(614336K), 0.0009991 secs] [Times: user=0.00 sys=0.00, real=0.00 secs] 
7.576: [GC (Allocation Failure) 7.576: [DefNew: 960K->64K(960K), 0.0009281 secs] 590851K->590183K(614336K), 0.0009810 secs] [Times: user=0.00 sys=0.00, real=0.00 secs] 
7.579: [GC (Allocation Failure) 7.579: [DefNew: 960K->63K(960K), 0.0008979 secs] 591121K->590462K(614336K), 0.0009390 secs] [Times: user=0.02 sys=0.00, real=0.00 secs] 
7.581: [GC (Allocation Failure) 7.581: [DefNew: 959K->64K(960K), 0.0010852 secs] 591422K->590703K(614336K), 0.0011429 secs] [Times: user=0.00 sys=0.00, real=0.00 secs] 
7.584: [GC (Allocation Failure) 7.584: [DefNew: 960K->63K(960K), 0.0008669 secs] 591653K->590966K(614336K), 0.0009183 secs] [Times: user=0.00 sys=0.00, real=0.00 secs] 
7.588: [GC (Allocation Failure) 7.588: [DefNew: 959K->63K(960K), 0.0010572 secs] 591898K->591259K(614336K), 0.0011059 secs] [Times: user=0.00 sys=0.00, real=0.00 secs] 
7.590: [GC (Allocation Failure) 7.590: [DefNew: 959K->63K(960K), 0.0009855 secs] 592210K->591513K(614336K), 0.0010285 secs] [Times: user=0.00 sys=0.00, real=0.00 secs] 
7.593: [GC (Allocation Failure) 7.593: [DefNew: 959K->63K(960K), 0.0010047 secs] 592468K->591758K(614336K), 0.0010591 secs] [Times: user=0.00 sys=0.00, real=0.00 secs] 
7.596: [GC (Allocation Failure) 7.596: [DefNew: 959K->63K(960K), 0.0009836 secs] 592712K->592005K(614336K), 0.0010519 secs] [Times: user=0.00 sys=0.00, real=0.00 secs] 
7.598: [GC (Allocation Failure) 7.598: [DefNew: 959K->63K(960K), 0.0009609 secs] 592946K->592273K(614336K), 0.0010055 secs] [Times: user=0.00 sys=0.00, real=0.00 secs] 
7.601: [GC (Allocation Failure) 7.601: [DefNew: 959K->63K(960K), 0.0011448 secs] 593212K->592546K(614336K), 0.0011966 secs] [Times: user=0.00 sys=0.00, real=0.00 secs] 
7.604: [GC (Allocation Failure) 7.604: [DefNew: 959K->64K(960K), 0.0010436 secs] 593503K->592789K(614336K), 0.0010946 secs] [Times: user=0.00 sys=0.00, real=0.00 secs] 
7.606: [GC (Allocation Failure) 7.606: [DefNew: 960K->64K(960K), 0.0009043 secs] 593745K->593038K(614336K), 0.0009523 secs] [Times: user=0.00 sys=0.00, real=0.00 secs] 
7.609: [GC (Allocation Failure) 7.609: [DefNew: 960K->63K(960K), 0.0009500 secs] 593989K->593290K(614336K), 0.0010074 secs] [Times: user=0.00 sys=0.00, real=0.00 secs] 
7.612: [GC (Allocation Failure) 7.612: [DefNew: 959K->63K(960K), 0.0012619 secs] 594226K->593570K(614336K), 0.0013196 secs] [Times: user=0.00 sys=0.00, real=0.00 secs] 
7.615: [GC (Allocation Failure) 7.615: [DefNew: 959K->64K(960K), 0.0014103 secs] 594499K->593857K(614336K), 0.0014786 secs] [Times: user=0.00 sys=0.00, real=0.00 secs] 
7.618: [GC (Allocation Failure) 7.618: [DefNew: 960K->64K(960K), 0.0012339 secs] 594777K->594162K(614336K), 0.0013095 secs] [Times: user=0.00 sys=0.00, real=0.00 secs] 
7.622: [GC (Allocation Failure) 7.622: [DefNew: 960K->63K(960K), 0.0010531 secs] 595119K->594411K(614336K), 0.0011082 secs] [Times: user=0.00 sys=0.00, real=0.00 secs] 
7.624: [GC (Allocation Failure) 7.624: [DefNew: 959K->64K(960K), 0.0012207 secs] 595353K->594674K(614336K), 0.0012785 secs] [Times: user=0.00 sys=0.00, real=0.00 secs] 
7.628: [GC (Allocation Failure) 7.628: [DefNew: 960K->64K(960K), 0.0010451 secs] 595616K->594947K(614336K), 0.0011040 secs] [Times: user=0.00 sys=0.00, real=0.00 secs] 
7.630: [GC (Allocation Failure) 7.630: [DefNew: 960K->64K(960K), 0.0011811 secs] 595884K->595222K(614336K), 0.0012320 secs] [Times: user=0.00 sys=0.00, real=0.00 secs] 
7.634: [GC (Allocation Failure) 7.634: [DefNew: 960K->63K(960K), 0.0012524 secs] 596172K->595486K(614336K), 0.0013064 secs] [Times: user=0.00 sys=0.00, real=0.00 secs] 
7.637: [GC (Allocation Failure) 7.637: [DefNew: 959K->64K(960K), 0.0010391 secs] 596407K->595787K(614336K), 0.0010905 secs] [Times: user=0.00 sys=0.00, real=0.00 secs] 
7.639: [GC (Allocation Failure) 7.639: [DefNew: 960K->64K(960K), 0.0008884 secs] 596746K->596024K(614336K), 0.0009221 secs] [Times: user=0.00 sys=0.00, real=0.00 secs] 
7.642: [GC (Allocation Failure) 7.642: [DefNew: 960K->63K(960K), 0.0011169 secs] 596974K->596286K(614336K), 0.0011697 secs] [Times: user=0.00 sys=0.00, real=0.00 secs] 
7.645: [GC (Allocation Failure) 7.645: [DefNew: 959K->63K(960K), 0.0011497 secs] 597243K->596535K(614336K), 0.0012113 secs] [Times: user=0.00 sys=0.00, real=0.00 secs] 
7.648: [GC (Allocation Failure) 7.648: [DefNew: 959K->63K(960K), 0.0009851 secs] 597476K->596806K(614336K), 0.0010357 secs] [Times: user=0.00 sys=0.00, real=0.00 secs] 
7.651: [GC (Allocation Failure) 7.651: [DefNew: 959K->64K(960K), 0.0010636 secs] 597767K->597051K(614336K), 0.0011063 secs] [Times: user=0.00 sys=0.00, real=0.00 secs] 
7.654: [GC (Allocation Failure) 7.654: [DefNew: 960K->63K(960K), 0.0009002 secs] 598007K->597303K(614336K), 0.0009390 secs] [Times: user=0.00 sys=0.00, real=0.00 secs] 
7.657: [GC (Allocation Failure) 7.657: [DefNew: 959K->63K(960K), 0.0012343 secs] 598263K->597539K(614336K), 0.0012970 secs] [Times: user=0.02 sys=0.00, real=0.00 secs] 
7.659: [GC (Allocation Failure) 7.659: [DefNew: 959K->64K(960K), 0.0014046 secs] 598478K->597817K(614336K), 0.0014639 secs] [Times: user=0.00 sys=0.00, real=0.00 secs] 
7.663: [GC (Allocation Failure) 7.663: [DefNew: 960K->63K(960K), 0.0009991 secs] 598769K->598069K(614336K), 0.0010368 secs] [Times: user=0.00 sys=0.00, real=0.00 secs] 
7.665: [GC (Allocation Failure) 7.665: [DefNew: 959K->64K(960K), 0.0014412 secs] 599000K->598361K(614336K), 0.0014911 secs] [Times: user=0.00 sys=0.00, real=0.00 secs] 
7.668: [GC (Allocation Failure) 7.668: [DefNew: 960K->63K(960K), 0.0010383 secs] 599316K->598614K(614336K), 0.0010795 secs] [Times: user=0.00 sys=0.00, real=0.00 secs] 
7.671: [GC (Allocation Failure) 7.671: [DefNew: 959K->63K(960K), 0.0011369 secs] 599572K->598856K(614336K), 0.0011811 secs] [Times: user=0.00 sys=0.00, real=0.00 secs] 
7.673: [GC (Allocation Failure) 7.673: [DefNew: 959K->63K(960K), 0.0012086 secs] 599791K->599134K(614336K), 0.0012626 secs] [Times: user=0.00 sys=0.00, real=0.00 secs] 
7.677: [GC (Allocation Failure) 7.677: [DefNew: 959K->63K(960K), 0.0009137 secs] 600086K->599382K(614336K), 0.0009534 secs] [Times: user=0.00 sys=0.00, real=0.00 secs] 
7.680: [GC (Allocation Failure) 7.680: [DefNew: 959K->63K(960K), 0.0010995 secs] 600316K->599667K(614336K), 0.0011622 secs] [Times: user=0.00 sys=0.00, real=0.00 secs] 
7.682: [GC (Allocation Failure) 7.682: [DefNew: 959K->64K(960K), 0.0008896 secs] 600626K->599908K(614336K), 0.0009285 secs] [Times: user=0.00 sys=0.00, real=0.00 secs] 
7.685: [GC (Allocation Failure) 7.685: [DefNew: 960K->63K(960K), 0.0008624 secs] 600863K->600159K(614336K), 0.0008983 secs] [Times: user=0.00 sys=0.00, real=0.00 secs] 
7.688: [GC (Allocation Failure) 7.688: [DefNew: 959K->63K(960K), 0.0009020 secs] 601115K->600407K(614336K), 0.0009428 secs] [Times: user=0.01 sys=0.00, real=0.00 secs] 
7.691: [GC (Allocation Failure) 7.691: [DefNew: 959K->63K(960K), 0.0012305 secs] 601349K->600676K(614336K), 0.0012838 secs] [Times: user=0.00 sys=0.00, real=0.00 secs] 
7.694: [GC (Allocation Failure) 7.694: [DefNew: 959K->64K(960K), 0.0010417 secs] 601633K->600917K(614336K), 0.0010897 secs] [Times: user=0.00 sys=0.00, real=0.00 secs] 
7.697: [GC (Allocation Failure) 7.697: [DefNew: 960K->63K(960K), 0.0010667 secs] 601864K->601185K(614336K), 0.0011259 secs] [Times: user=0.00 sys=0.00, real=0.00 secs] 
7.700: [GC (Allocation Failure) 7.700: [DefNew: 959K->63K(960K), 0.0009058 secs] 602147K->601421K(614336K), 0.0009496 secs] [Times: user=0.00 sys=0.00, real=0.00 secs] 
7.702: [GC (Allocation Failure) 7.702: [DefNew: 959K->64K(960K), 0.0009545 secs] 602357K->601709K(614336K), 0.0010059 secs] [Times: user=0.00 sys=0.00, real=0.00 secs] 
7.705: [GC (Allocation Failure) 7.705: [DefNew: 960K->64K(960K), 0.0010644 secs] 602656K->601974K(614336K), 0.0011192 secs] [Times: user=0.00 sys=0.00, real=0.00 secs] 
7.708: [GC (Allocation Failure) 7.708: [DefNew: 960K->64K(960K), 0.0009534 secs] 602916K->602243K(614336K), 0.0009942 secs] [Times: user=0.00 sys=0.00, real=0.00 secs] 
7.711: [GC (Allocation Failure) 7.712: [DefNew: 960K->64K(960K), 0.0009870 secs] 603201K->602486K(614336K), 0.0010346 secs] [Times: user=0.00 sys=0.00, real=0.00 secs] 
7.715: [GC (Allocation Failure) 7.715: [DefNew: 960K->64K(960K), 0.0009987 secs] 603435K->602747K(614336K), 0.0010467 secs] [Times: user=0.00 sys=0.00, real=0.00 secs] 
7.717: [GC (Allocation Failure) 7.717: [DefNew: 960K->64K(960K), 0.0008922 secs] 603707K->602985K(614336K), 0.0009262 secs] [Times: user=0.00 sys=0.00, real=0.00 secs] 
7.720: [GC (Allocation Failure) 7.720: [DefNew: 960K->63K(960K), 0.0010791 secs] 603931K->603250K(614336K), 0.0011346 secs] [Times: user=0.02 sys=0.00, real=0.00 secs] 
7.724: [GC (Allocation Failure) 7.724: [DefNew: 959K->63K(960K), 0.0009912 secs] 604199K->603510K(614336K), 0.0010436 secs] [Times: user=0.00 sys=0.00, real=0.00 secs] 
7.726: [GC (Allocation Failure) 7.726: [DefNew: 959K->64K(960K), 0.0009341 secs] 604456K->603775K(614336K), 0.0009723 secs] [Times: user=0.00 sys=0.00, real=0.00 secs] 
7.729: [GC (Allocation Failure) 7.729: [DefNew: 960K->63K(960K), 0.0010198 secs] 604731K->604019K(614336K), 0.0010584 secs] [Times: user=0.00 sys=0.00, real=0.00 secs] 
7.732: [GC (Allocation Failure) 7.732: [DefNew: 959K->63K(960K), 0.0010149 secs] 604955K->604296K(614336K), 0.0010625 secs] [Times: user=0.00 sys=0.00, real=0.00 secs] 
7.734: [GC (Allocation Failure) 7.734: [DefNew: 959K->63K(960K), 0.0009421 secs] 605258K->604535K(614336K), 0.0009791 secs] [Times: user=0.00 sys=0.00, real=0.00 secs] 
7.737: [GC (Allocation Failure) 7.737: [DefNew: 959K->64K(960K), 0.0011312 secs] 605472K->604811K(614336K), 0.0011894 secs] [Times: user=0.00 sys=0.00, real=0.00 secs] 
7.740: [GC (Allocation Failure) 7.740: [DefNew: 960K->64K(960K), 0.0012589 secs] 605763K->605068K(614336K), 0.0013151 secs] [Times: user=0.00 sys=0.00, real=0.00 secs] 
7.742: [GC (Allocation Failure) 7.742: [DefNew: 960K->64K(960K), 0.0015277 secs] 605996K->605360K(614336K), 0.0016032 secs] [Times: user=0.00 sys=0.00, real=0.00 secs] 
7.746: [GC (Allocation Failure) 7.746: [DefNew: 960K->63K(960K), 0.0014914 secs] 606283K->605666K(614336K), 0.0015571 secs] [Times: user=0.00 sys=0.00, real=0.00 secs] 
7.750: [GC (Allocation Failure) 7.750: [DefNew: 959K->63K(960K), 0.0012860 secs] 606592K->605975K(614336K), 0.0013582 secs] [Times: user=0.00 sys=0.00, real=0.00 secs] 
7.752: [GC (Allocation Failure) 7.752: [DefNew: 959K->63K(960K), 0.0009802 secs] 606918K->606238K(614336K), 0.0010229 secs] [Times: user=0.00 sys=0.00, real=0.00 secs] 
7.755: [GC (Allocation Failure) 7.755: [DefNew: 959K->63K(960K), 0.0014178 secs] 607160K->606540K(614336K), 0.0014794 secs] [Times: user=0.00 sys=0.00, real=0.00 secs] 
7.759: [GC (Allocation Failure) 7.759: [DefNew: 959K->64K(960K), 0.0012653 secs] 607471K->606828K(614336K), 0.0013227 secs] [Times: user=0.00 sys=0.00, real=0.00 secs] 
7.761: [GC (Allocation Failure) 7.761: [DefNew: 960K->63K(960K), 0.0015749 secs] 607752K->607130K(614336K), 0.0016327 secs] [Times: user=0.00 sys=0.00, real=0.00 secs] 
7.765: [GC (Allocation Failure) 7.765: [DefNew: 959K->63K(960K), 0.0011225 secs] 608071K->607403K(614336K), 0.0011735 secs] [Times: user=0.00 sys=0.00, real=0.00 secs] 
7.768: [GC (Allocation Failure) 7.768: [DefNew: 959K->63K(960K), 0.0012438 secs] 608360K->607652K(614336K), 0.0013030 secs] [Times: user=0.00 sys=0.00, real=0.00 secs] 
7.771: [GC (Allocation Failure) 7.771: [DefNew: 959K->63K(960K), 0.0010855 secs] 608606K->607903K(614336K), 0.0011392 secs] [Times: user=0.00 sys=0.00, real=0.00 secs] 
7.774: [GC (Allocation Failure) 7.774: [DefNew: 959K->63K(960K), 0.0010489 secs] 608856K->608156K(614336K), 0.0011025 secs] [Times: user=0.00 sys=0.00, real=0.00 secs] 
7.778: [GC (Allocation Failure) 7.778: [DefNew: 959K->63K(960K), 0.0009912 secs] 609090K->608438K(614336K), 0.0010380 secs] [Times: user=0.00 sys=0.00, real=0.00 secs] 
7.780: [GC (Allocation Failure) 7.780: [DefNew: 959K->63K(960K), 0.0009523 secs] 609378K->608706K(614336K), 0.0009979 secs] [Times: user=0.00 sys=0.00, real=0.00 secs] 
7.783: [GC (Allocation Failure) 7.783: [DefNew: 959K->64K(960K), 0.0016051 secs] 609643K->608981K(614336K), 0.0016704 secs] [Times: user=0.00 sys=0.00, real=0.00 secs] 
7.785: [GC (Allocation Failure) 7.785: [DefNew: 960K->63K(960K), 0.0009440 secs] 609931K->609233K(614336K), 0.0009885 secs] [Times: user=0.00 sys=0.00, real=0.00 secs] 
7.789: [GC (Allocation Failure) 7.789: [DefNew: 959K->63K(960K), 0.0010689 secs] 610167K->609510K(614336K), 0.0011207 secs] [Times: user=0.00 sys=0.00, real=0.00 secs] 
7.792: [GC (Allocation Failure) 7.792: [DefNew: 959K->64K(960K), 0.0010138 secs] 610467K->609752K(614336K), 0.0010591 secs] [Times: user=0.00 sys=0.00, real=0.00 secs] 
7.794: [GC (Allocation Failure) 7.794: [DefNew: 960K->64K(960K), 0.0010346 secs] 610679K->610040K(614336K), 0.0010844 secs] [Times: user=0.00 sys=0.00, real=0.00 secs] 
7.797: [GC (Allocation Failure) 7.797: [DefNew: 960K->64K(960K), 0.0011550 secs] 610977K->610320K(614336K), 0.0012083 secs] [Times: user=0.00 sys=0.00, real=0.00 secs] 
7.801: [GC (Allocation Failure) 7.801: [DefNew: 960K->63K(960K), 0.0012196 secs] 611270K->610575K(614336K), 0.0012838 secs] [Times: user=0.00 sys=0.00, real=0.00 secs] 
7.803: [GC (Allocation Failure) 7.803: [DefNew: 959K->64K(960K), 0.0013661 secs] 611514K->610848K(614336K), 0.0014333 secs] [Times: user=0.00 sys=0.00, real=0.00 secs] 
7.807: [GC (Allocation Failure) 7.807: [DefNew: 960K->63K(960K), 0.0012762 secs] 611782K->611130K(614336K), 0.0013351 secs] [Times: user=0.00 sys=0.00, real=0.00 secs] 
7.810: [GC (Allocation Failure) 7.810: [DefNew: 959K->63K(960K), 0.0012030 secs] 612079K->611386K(614336K), 0.0012743 secs] [Times: user=0.00 sys=0.00, real=0.00 secs] 
7.813: [GC (Allocation Failure) 7.813: [DefNew: 959K->63K(960K), 0.0009424 secs] 612326K->611653K(614336K), 0.0009881 secs] [Times: user=0.00 sys=0.00, real=0.00 secs] 
7.816: [GC (Allocation Failure) 7.816: [DefNew: 959K->63K(960K), 0.0012011 secs] 612588K->611938K(614336K), 0.0012555 secs] [Times: user=0.00 sys=0.00, real=0.00 secs] 
7.820: [GC (Allocation Failure) 7.820: [DefNew: 959K->63K(960K), 0.0009375 secs] 612892K->612184K(614336K), 0.0009817 secs] [Times: user=0.00 sys=0.00, real=0.00 secs] 
7.822: [GC (Allocation Failure) 7.822: [DefNew: 959K->64K(960K), 0.0010334 secs] 613133K->612443K(614336K), 0.0010859 secs] [Times: user=0.00 sys=0.00, real=0.00 secs] 
7.825: [GC (Allocation Failure) 7.825: [DefNew: 960K->63K(960K), 0.0010821 secs] 613378K->612722K(614336K), 0.0011377 secs] [Times: user=0.00 sys=0.00, real=0.00 secs] 
7.828: [GC (Allocation Failure) 7.828: [DefNew: 959K->64K(960K), 0.0013208 secs] 613658K->613000K(614336K), 0.0013770 secs] [Times: user=0.00 sys=0.00, real=0.00 secs] 
7.830: [GC (Allocation Failure) 7.830: [DefNew: 960K->63K(960K), 0.0011645 secs] 613958K->613247K(614336K), 0.0012203 secs] [Times: user=0.00 sys=0.00, real=0.00 secs] 
7.834: [GC (Allocation Failure) 7.834: [DefNew: 959K->959K(960K), 0.0000147 secs]7.834: [Tenured: 613239K->100621K(613376K), 0.1458626 secs] 614199K->100621K(614336K), [Metaspace: 3473K->3473K(1056768K)], 0.1459502 secs] [Times: user=0.14 sys=0.00, real=0.15 secs] 
7.982: [GC (Allocation Failure) 7.982: [DefNew: 896K->64K(960K), 0.0007219 secs] 101552K->100919K(614336K), 0.0007729 secs] [Times: user=0.00 sys=0.00, real=0.00 secs] 
7.984: [GC (Allocation Failure) 7.984: [DefNew: 960K->63K(960K), 0.0007374 secs] 101882K->101155K(614336K), 0.0007801 secs] [Times: user=0.00 sys=0.00, real=0.00 secs] 
7.987: [GC (Allocation Failure) 7.987: [DefNew: 959K->63K(960K), 0.0007812 secs] 102102K->101416K(614336K), 0.0008205 secs] [Times: user=0.00 sys=0.00, real=0.00 secs] 
7.990: [GC (Allocation Failure) 7.990: [DefNew: 959K->63K(960K), 0.0008968 secs] 102366K->101675K(614336K), 0.0009485 secs] [Times: user=0.00 sys=0.00, real=0.00 secs] 
7.992: [GC (Allocation Failure) 7.992: [DefNew: 959K->63K(960K), 0.0009813 secs] 102607K->101982K(614336K), 0.0010395 secs] [Times: user=0.00 sys=0.00, real=0.00 secs] 
7.995: [GC (Allocation Failure) 7.995: [DefNew: 959K->63K(960K), 0.0008379 secs] 102939K->102229K(614336K), 0.0008794 secs] [Times: user=0.00 sys=0.00, real=0.00 secs] 
7.998: [GC (Allocation Failure) 7.998: [DefNew: 959K->63K(960K), 0.0008809 secs] 103159K->102522K(614336K), 0.0009315 secs] [Times: user=0.00 sys=0.00, real=0.00 secs] 
8.000: [GC (Allocation Failure) 8.000: [DefNew: 959K->63K(960K), 0.0009304 secs] 103470K->102789K(614336K), 0.0009802 secs] [Times: user=0.00 sys=0.00, real=0.00 secs] 
8.003: [GC (Allocation Failure) 8.003: [DefNew: 959K->63K(960K), 0.0008514 secs] 103715K->103092K(614336K), 0.0009058 secs] [Times: user=0.00 sys=0.00, real=0.00 secs] 
8.005: [GC (Allocation Failure) 8.005: [DefNew: 959K->63K(960K), 0.0008333 secs] 104033K->103359K(614336K), 0.0008794 secs] [Times: user=0.00 sys=0.00, real=0.00 secs] 
8.008: [GC (Allocation Failure) 8.008: [DefNew: 959K->64K(960K), 0.0007657 secs] 104317K->103612K(614336K), 0.0008107 secs] [Times: user=0.00 sys=0.00, real=0.00 secs] 
8.011: [GC (Allocation Failure) 8.011: [DefNew: 960K->63K(960K), 0.0010376 secs] 104559K->103877K(614336K), 0.0010995 secs] [Times: user=0.00 sys=0.00, real=0.00 secs] 
8.013: [GC (Allocation Failure) 8.013: [DefNew: 959K->63K(960K), 0.0007416 secs] 104825K->104138K(614336K), 0.0007801 secs] [Times: user=0.00 sys=0.00, real=0.00 secs] 
8.016: [GC (Allocation Failure) 8.016: [DefNew: 959K->63K(960K), 0.0007646 secs] 105083K->104397K(614336K), 0.0008088 secs] [Times: user=0.00 sys=0.00, real=0.00 secs] 
8.020: [GC (Allocation Failure) 8.020: [DefNew: 959K->64K(960K), 0.0009681 secs] 105345K->104653K(614336K), 0.0010304 secs] [Times: user=0.00 sys=0.00, real=0.00 secs] 
8.022: [GC (Allocation Failure) 8.022: [DefNew: 960K->63K(960K), 0.0007884 secs] 105603K->104917K(614336K), 0.0008514 secs] [Times: user=0.00 sys=0.00, real=0.00 secs] 
8.025: [GC (Allocation Failure) 8.025: [DefNew: 959K->63K(960K), 0.0007638 secs] 105874K->105162K(614336K), 0.0008065 secs] [Times: user=0.00 sys=0.00, real=0.00 secs] 
8.028: [GC (Allocation Failure) 8.028: [DefNew: 959K->63K(960K), 0.0008413 secs] 106109K->105423K(614336K), 0.0008907 secs] [Times: user=0.00 sys=0.00, real=0.00 secs] 
8.031: [GC (Allocation Failure) 8.031: [DefNew: 959K->64K(960K), 0.0006914 secs] 106383K->105668K(614336K), 0.0007257 secs] [Times: user=0.00 sys=0.00, real=0.00 secs] 
8.033: [GC (Allocation Failure) 8.033: [DefNew: 960K->63K(960K), 0.0007767 secs] 106616K->105934K(614336K), 0.0008129 secs] [Times: user=0.00 sys=0.00, real=0.00 secs] 
8.037: [GC (Allocation Failure) 8.037: [DefNew: 959K->64K(960K), 0.0009281 secs] 106876K->106303K(614336K), 0.0009726 secs] [Times: user=0.00 sys=0.00, real=0.00 secs] 
8.039: [GC (Allocation Failure) 8.039: [DefNew: 960K->64K(960K), 0.0009647 secs] 107256K->106647K(614336K), 0.0009987 secs] [Times: user=0.00 sys=0.00, real=0.00 secs] 
8.042: [GC (Allocation Failure) 8.042: [DefNew: 960K->63K(960K), 0.0009915 secs] 107583K->107106K(614336K), 0.0010232 secs] [Times: user=0.00 sys=0.00, real=0.00 secs] 
8.045: [GC (Allocation Failure) 8.045: [DefNew: 959K->63K(960K), 0.0009681 secs] 108049K->107537K(614336K), 0.0009972 secs] [Times: user=0.00 sys=0.00, real=0.00 secs] 
8.048: [GC (Allocation Failure) 8.048: [DefNew: 959K->63K(960K), 0.0009881 secs] 108503K->107777K(614336K), 0.0010248 secs] [Times: user=0.02 sys=0.00, real=0.00 secs] 
8.051: [GC (Allocation Failure) 8.051: [DefNew: 959K->64K(960K), 0.0007718 secs] 108719K->108040K(614336K), 0.0008352 secs] [Times: user=0.00 sys=0.00, real=0.00 secs] 
8.054: [GC (Allocation Failure) 8.054: [DefNew: 960K->63K(960K), 0.0008107 secs] 108991K->108383K(614336K), 0.0008541 secs] [Times: user=0.00 sys=0.00, real=0.00 secs] 
8.057: [GC (Allocation Failure) 8.057: [DefNew: 959K->64K(960K), 0.0008024 secs] 109339K->108682K(614336K), 0.0008295 secs] [Times: user=0.00 sys=0.00, real=0.00 secs] 
8.060: [GC (Allocation Failure) 8.060: [DefNew: 960K->64K(960K), 0.0008435 secs] 109636K->109028K(614336K), 0.0008715 secs] [Times: user=0.00 sys=0.00, real=0.00 secs] 
8.064: [GC (Allocation Failure) 8.064: [DefNew: 960K->63K(960K), 0.0009345 secs] 109983K->109388K(614336K), 0.0009636 secs] [Times: user=0.02 sys=0.00, real=0.00 secs] 
8.066: [GC (Allocation Failure) 8.066: [DefNew: 959K->64K(960K), 0.0008156 secs] 110351K->109625K(614336K), 0.0008450 secs] [Times: user=0.00 sys=0.00, real=0.00 secs] 
8.070: [GC (Allocation Failure) 8.070: [DefNew: 960K->63K(960K), 0.0009455 secs] 110573K->109979K(614336K), 0.0009912 secs] [Times: user=0.00 sys=0.00, real=0.00 secs] 
8.072: [GC (Allocation Failure) 8.072: [DefNew: 959K->64K(960K), 0.0009221 secs] 110933K->110294K(614336K), 0.0009613 secs] [Times: user=0.00 sys=0.00, real=0.00 secs] 
8.074: [GC (Allocation Failure) 8.074: [DefNew: 960K->63K(960K), 0.0008718 secs] 111244K->110557K(614336K), 0.0009202 secs] [Times: user=0.00 sys=0.00, real=0.00 secs] 
8.078: [GC (Allocation Failure) 8.078: [DefNew: 959K->63K(960K), 0.0008465 secs] 111504K->110959K(614336K), 0.0008779 secs] [Times: user=0.00 sys=0.00, real=0.00 secs] 
8.082: [GC (Allocation Failure) 8.082: [DefNew: 959K->63K(960K), 0.0009942 secs] 111923K->111191K(614336K), 0.0010433 secs] [Times: user=0.00 sys=0.00, real=0.00 secs] 
8.086: [GC (Allocation Failure) 8.086: [DefNew: 959K->63K(960K), 0.0006706 secs] 112152K->111434K(614336K), 0.0007072 secs] [Times: user=0.00 sys=0.00, real=0.00 secs] 
8.088: [GC (Allocation Failure) 8.088: [DefNew: 959K->63K(960K), 0.0006747 secs] 112386K->111728K(614336K), 0.0007099 secs] [Times: user=0.00 sys=0.00, real=0.00 secs] 
8.091: [GC (Allocation Failure) 8.091: [DefNew: 959K->63K(960K), 0.0008654 secs] 112675K->112120K(614336K), 0.0008994 secs] [Times: user=0.00 sys=0.00, real=0.00 secs] 
8.093: [GC (Allocation Failure) 8.093: [DefNew: 959K->63K(960K), 0.0008873 secs] 113073K->112439K(614336K), 0.0009149 secs] [Times: user=0.00 sys=0.00, real=0.00 secs] 
8.096: [GC (Allocation Failure) 8.096: [DefNew: 959K->63K(960K), 0.0008496 secs] 113396K->112687K(614336K), 0.0008956 secs] [Times: user=0.00 sys=0.00, real=0.00 secs] 
8.099: [GC (Allocation Failure) 8.099: [DefNew: 959K->64K(960K), 0.0008042 secs] 113622K->112975K(614336K), 0.0008518 secs] [Times: user=0.00 sys=0.00, real=0.00 secs] 
8.103: [GC (Allocation Failure) 8.103: [DefNew: 960K->63K(960K), 0.0008937 secs] 113937K->113218K(614336K), 0.0009492 secs] [Times: user=0.00 sys=0.00, real=0.00 secs] 
8.106: [GC (Allocation Failure) 8.106: [DefNew: 959K->63K(960K), 0.0008212 secs] 114180K->113459K(614336K), 0.0008851 secs] [Times: user=0.00 sys=0.00, real=0.00 secs] 
8.110: [GC (Allocation Failure) 8.110: [DefNew: 959K->63K(960K), 0.0007559 secs] 114416K->113703K(614336K), 0.0008137 secs] [Times: user=0.02 sys=0.00, real=0.00 secs] 
8.114: [GC (Allocation Failure) 8.114: [DefNew: 959K->63K(960K), 0.0007937 secs] 114639K->113986K(614336K), 0.0008575 secs] [Times: user=0.00 sys=0.00, real=0.00 secs] 
8.116: [GC (Allocation Failure) 8.116: [DefNew: 959K->63K(960K), 0.0009364 secs] 114934K->114248K(614336K), 0.0009964 secs] [Times: user=0.00 sys=0.00, real=0.00 secs] 
8.120: [GC (Allocation Failure) 8.120: [DefNew: 959K->64K(960K), 0.0007876 secs] 115194K->114513K(614336K), 0.0008480 secs] [Times: user=0.00 sys=0.00, real=0.00 secs] 
8.124: [GC (Allocation Failure) 8.124: [DefNew: 960K->64K(960K), 0.0010255 secs] 115472K->114762K(614336K), 0.0010912 secs] [Times: user=0.00 sys=0.00, real=0.00 secs] 
8.126: [GC (Allocation Failure) 8.126: [DefNew: 960K->63K(960K), 0.0008329 secs] 115717K->115009K(614336K), 0.0008922 secs] [Times: user=0.02 sys=0.00, real=0.00 secs] 
8.130: [GC (Allocation Failure) 8.130: [DefNew: 959K->63K(960K), 0.0008027 secs] 115964K->115252K(614336K), 0.0008560 secs] [Times: user=0.00 sys=0.00, real=0.00 secs] 
8.133: [GC (Allocation Failure) 8.133: [DefNew: 959K->64K(960K), 0.0008756 secs] 116203K->115507K(614336K), 0.0009239 secs] [Times: user=0.00 sys=0.00, real=0.00 secs] 
8.136: [GC (Allocation Failure) 8.136: [DefNew: 960K->64K(960K), 0.0008560 secs] 116470K->115752K(614336K), 0.0009153 secs] [Times: user=0.00 sys=0.00, real=0.00 secs] 
8.140: [GC (Allocation Failure) 8.140: [DefNew: 960K->64K(960K), 0.0009364 secs] 116696K->116027K(614336K), 0.0009976 secs] [Times: user=0.00 sys=0.00, real=0.00 secs] 
8.145: [GC (Allocation Failure) 8.145: [DefNew: 960K->63K(960K), 0.0009292 secs] 116963K->116304K(614336K), 0.0009949 secs] [Times: user=0.00 sys=0.00, real=0.00 secs] 
8.147: [GC (Allocation Failure) 8.147: [DefNew: 959K->63K(960K), 0.0011562 secs] 117247K->116580K(614336K), 0.0012449 secs] [Times: user=0.00 sys=0.00, real=0.00 secs] 
8.151: [GC (Allocation Failure) 8.151: [DefNew: 959K->63K(960K), 0.0009360 secs] 117510K->116869K(614336K), 0.0009964 secs] [Times: user=0.00 sys=0.00, real=0.00 secs] 
8.155: [GC (Allocation Failure) 8.155: [DefNew: 959K->63K(960K), 0.0010100 secs] 117827K->117118K(614336K), 0.0010780 secs] [Times: user=0.00 sys=0.00, real=0.00 secs] 
8.158: [GC (Allocation Failure) 8.158: [DefNew: 959K->63K(960K), 0.0010531 secs] 118055K->117394K(614336K), 0.0011161 secs] [Times: user=0.00 sys=0.00, real=0.00 secs] 
8.161: [GC (Allocation Failure) 8.161: [DefNew: 959K->63K(960K), 0.0008673 secs] 118347K->117654K(614336K), 0.0009255 secs] [Times: user=0.00 sys=0.00, real=0.00 secs] 
8.164: [GC (Allocation Failure) 8.164: [DefNew: 959K->63K(960K), 0.0009485 secs] 118599K->117921K(614336K), 0.0009987 secs] [Times: user=0.00 sys=0.00, real=0.00 secs] 
8.168: [GC (Allocation Failure) 8.168: [DefNew: 959K->64K(960K), 0.0008239 secs] 118879K->118162K(614336K), 0.0008843 secs] [Times: user=0.00 sys=0.00, real=0.00 secs] 
8.172: [GC (Allocation Failure) 8.172: [DefNew: 960K->64K(960K), 0.0009677 secs] 119104K->118452K(614336K), 0.0010304 secs] [Times: user=0.00 sys=0.00, real=0.00 secs] 
8.175: [GC (Allocation Failure) 8.175: [DefNew: 960K->63K(960K), 0.0011312 secs] 119404K->118714K(614336K), 0.0012018 secs] [Times: user=0.00 sys=0.00, real=0.00 secs] 
8.178: [GC (Allocation Failure) 8.178: [DefNew: 959K->64K(960K), 0.0007959 secs] 119671K->118951K(614336K), 0.0008582 secs] [Times: user=0.00 sys=0.00, real=0.00 secs] 
8.181: [GC (Allocation Failure) 8.181: [DefNew: 960K->63K(960K), 0.0008473 secs] 119892K->119229K(614336K), 0.0009096 secs] [Times: user=0.00 sys=0.00, real=0.00 secs] 
8.185: [GC (Allocation Failure) 8.185: [DefNew: 959K->64K(960K), 0.0007767 secs] 120180K->119481K(614336K), 0.0008311 secs] [Times: user=0.00 sys=0.00, real=0.00 secs] 
8.188: [GC (Allocation Failure) 8.188: [DefNew: 960K->64K(960K), 0.0010618 secs] 120432K->119735K(614336K), 0.0011505 secs] [Times: user=0.02 sys=0.00, real=0.00 secs] 
8.191: [GC (Allocation Failure) 8.191: [DefNew: 960K->63K(960K), 0.0009753 secs] 120673K->120015K(614336K), 0.0010425 secs] [Times: user=0.00 sys=0.00, real=0.00 secs] 
8.195: [GC (Allocation Failure) 8.195: [DefNew: 959K->63K(960K), 0.0009606 secs] 120974K->120259K(614336K), 0.0010274 secs] [Times: user=0.00 sys=0.00, real=0.00 secs] 
8.197: [GC (Allocation Failure) 8.197: [DefNew: 959K->63K(960K), 0.0007820 secs] 121203K->120522K(614336K), 0.0008175 secs] [Times: user=0.00 sys=0.00, real=0.00 secs] 
8.201: [GC (Allocation Failure) 8.201: [DefNew: 959K->63K(960K), 0.0009545 secs] 121464K->120789K(614336K), 0.0009964 secs] [Times: user=0.00 sys=0.00, real=0.00 secs] 
8.203: [GC (Allocation Failure) 8.204: [DefNew: 959K->63K(960K), 0.0008454 secs] 121739K->121046K(614336K), 0.0009020 secs] [Times: user=0.00 sys=0.00, real=0.00 secs] 
8.208: [GC (Allocation Failure) 8.208: [DefNew: 959K->64K(960K), 0.0008175 secs] 122002K->121294K(614336K), 0.0008707 secs] [Times: user=0.00 sys=0.00, real=0.00 secs] 
8.212: [GC (Allocation Failure) 8.212: [DefNew: 960K->63K(960K), 0.0009402 secs] 122246K->121548K(614336K), 0.0010319 secs] [Times: user=0.00 sys=0.00, real=0.00 secs] 
8.216: [GC (Allocation Failure) 8.216: [DefNew: 959K->64K(960K), 0.0008073 secs] 122494K->121819K(614336K), 0.0008692 secs] [Times: user=0.00 sys=0.00, real=0.00 secs] 
8.218: [GC (Allocation Failure) 8.218: [DefNew: 960K->63K(960K), 0.0008039 secs] 122783K->122060K(614336K), 0.0008609 secs] [Times: user=0.00 sys=0.00, real=0.00 secs] 
8.222: [GC (Allocation Failure) 8.222: [DefNew: 959K->63K(960K), 0.0007684 secs] 122999K->122337K(614336K), 0.0008156 secs] [Times: user=0.00 sys=0.00, real=0.00 secs] 
8.225: [GC (Allocation Failure) 8.225: [DefNew: 959K->64K(960K), 0.0009643 secs] 123266K->122635K(614336K), 0.0010195 secs] [Times: user=0.00 sys=0.00, real=0.00 secs] 
8.229: [GC (Allocation Failure) 8.229: [DefNew: 960K->64K(960K), 0.0008941 secs] 123590K->122878K(614336K), 0.0009470 secs] [Times: user=0.00 sys=0.00, real=0.00 secs] 
8.233: [GC (Allocation Failure) 8.233: [DefNew: 960K->63K(960K), 0.0007367 secs] 123839K->123117K(614336K), 0.0008099 secs] [Times: user=0.00 sys=0.00, real=0.00 secs] 
8.237: [GC (Allocation Failure) 8.237: [DefNew: 959K->63K(960K), 0.0008016 secs] 124075K->123357K(614336K), 0.0008522 secs] [Times: user=0.00 sys=0.00, real=0.00 secs] 
8.240: [GC (Allocation Failure) 8.240: [DefNew: 959K->64K(960K), 0.0008065 secs] 124319K->123593K(614336K), 0.0008609 secs] [Times: user=0.00 sys=0.00, real=0.00 secs] 
8.243: [GC (Allocation Failure) 8.243: [DefNew: 960K->63K(960K), 0.0008058 secs] 124546K->123844K(614336K), 0.0008624 secs] [Times: user=0.00 sys=0.00, real=0.00 secs] 
8.248: [GC (Allocation Failure) 8.248: [DefNew: 959K->64K(960K), 0.0008246 secs] 124778K->124130K(614336K), 0.0008858 secs] [Times: user=0.00 sys=0.00, real=0.00 secs] 
8.251: [GC (Allocation Failure) 8.251: [DefNew: 960K->63K(960K), 0.0009258 secs] 125088K->124373K(614336K), 0.0009930 secs] [Times: user=0.02 sys=0.00, real=0.00 secs] 
8.254: [GC (Allocation Failure) 8.254: [DefNew: 959K->64K(960K), 0.0008348 secs] 125301K->124674K(614336K), 0.0009047 secs] [Times: user=0.00 sys=0.00, real=0.00 secs] 
8.258: [GC (Allocation Failure) 8.258: [DefNew: 960K->63K(960K), 0.0010727 secs] 125620K->124937K(614336K), 0.0011207 secs] [Times: user=0.00 sys=0.00, real=0.00 secs] 
8.261: [GC (Allocation Failure) 8.261: [DefNew: 959K->64K(960K), 0.0007034 secs] 125900K->125175K(614336K), 0.0007340 secs] [Times: user=0.00 sys=0.00, real=0.00 secs] 
8.264: [GC (Allocation Failure) 8.264: [DefNew: 960K->63K(960K), 0.0007333 secs] 126133K->125423K(614336K), 0.0007737 secs] [Times: user=0.00 sys=0.00, real=0.00 secs] 
8.267: [GC (Allocation Failure) 8.267: [DefNew: 959K->64K(960K), 0.0009100 secs] 126370K->125692K(614336K), 0.0009651 secs] [Times: user=0.00 sys=0.00, real=0.00 secs] 
8.270: [GC (Allocation Failure) 8.270: [DefNew: 960K->64K(960K), 0.0009689 secs] 126652K->125934K(614336K), 0.0010285 secs] [Times: user=0.00 sys=0.00, real=0.00 secs] 
8.273: [GC (Allocation Failure) 8.273: [DefNew: 960K->63K(960K), 0.0008039 secs] 126886K->126182K(614336K), 0.0008601 secs] [Times: user=0.00 sys=0.00, real=0.00 secs] 
8.277: [GC (Allocation Failure) 8.277: [DefNew: 959K->63K(960K), 0.0007986 secs] 127140K->126421K(614336K), 0.0008560 secs] [Times: user=0.00 sys=0.00, real=0.00 secs] 
8.280: [GC (Allocation Failure) 8.280: [DefNew: 959K->63K(960K), 0.0007854 secs] 127377K->126678K(614336K), 0.0008428 secs] [Times: user=0.00 sys=0.00, real=0.00 secs] 
8.284: [GC (Allocation Failure) 8.284: [DefNew: 959K->63K(960K), 0.0009455 secs] 127614K->126955K(614336K), 0.0010134 secs] [Times: user=0.00 sys=0.00, real=0.00 secs] 
8.287: [GC (Allocation Failure) 8.287: [DefNew: 959K->63K(960K), 0.0008178 secs] 127907K->127211K(614336K), 0.0008745 secs] [Times: user=0.00 sys=0.00, real=0.00 secs] 
8.290: [GC (Allocation Failure) 8.290: [DefNew: 959K->63K(960K), 0.0008212 secs] 128166K->127465K(614336K), 0.0008801 secs] [Times: user=0.00 sys=0.00, real=0.00 secs] 
8.294: [GC (Allocation Failure) 8.294: [DefNew: 959K->63K(960K), 0.0008288 secs] 128424K->127706K(614336K), 0.0008937 secs] [Times: user=0.00 sys=0.00, real=0.00 secs] 
8.298: [GC (Allocation Failure) 8.298: [DefNew: 959K->63K(960K), 0.0008333 secs] 128650K->127971K(614336K), 0.0008896 secs] [Times: user=0.01 sys=0.00, real=0.00 secs] 
8.301: [GC (Allocation Failure) 8.301: [DefNew: 959K->64K(960K), 0.0008650 secs] 128933K->128214K(614336K), 0.0009202 secs] [Times: user=0.00 sys=0.00, real=0.00 secs] 
8.305: [GC (Allocation Failure) 8.305: [DefNew: 960K->64K(960K), 0.0010738 secs] 129137K->128511K(614336K), 0.0011278 secs] [Times: user=0.00 sys=0.00, real=0.00 secs] 
8.309: [GC (Allocation Failure) 8.309: [DefNew: 960K->63K(960K), 0.0009221 secs] 129469K->128764K(614336K), 0.0009783 secs] [Times: user=0.00 sys=0.00, real=0.00 secs] 
8.311: [GC (Allocation Failure) 8.311: [DefNew: 959K->63K(960K), 0.0007438 secs] 129729K->129005K(614336K), 0.0007854 secs] [Times: user=0.00 sys=0.00, real=0.00 secs] 
8.315: [GC (Allocation Failure) 8.315: [DefNew: 959K->64K(960K), 0.0007744 secs] 129947K->129286K(614336K), 0.0008220 secs] [Times: user=0.00 sys=0.00, real=0.00 secs] 
8.320: [GC (Allocation Failure) 8.320: [DefNew: 960K->64K(960K), 0.0009579 secs] 130234K->129545K(614336K), 0.0010580 secs] [Times: user=0.00 sys=0.00, real=0.00 secs] 
8.322: [GC (Allocation Failure) 8.322: [DefNew: 960K->63K(960K), 0.0008435 secs] 130488K->129813K(614336K), 0.0009085 secs] [Times: user=0.00 sys=0.00, real=0.00 secs] 
8.326: [GC (Allocation Failure) 8.326: [DefNew: 959K->63K(960K), 0.0008817 secs] 130756K->130081K(614336K), 0.0009360 secs] [Times: user=0.00 sys=0.00, real=0.00 secs] 
8.330: [GC (Allocation Failure) 8.330: [DefNew: 959K->63K(960K), 0.0010081 secs] 131039K->130322K(614336K), 0.0011029 secs] [Times: user=0.00 sys=0.00, real=0.00 secs] 
8.332: [GC (Allocation Failure) 8.332: [DefNew: 959K->63K(960K), 0.0008039 secs] 131280K->130571K(614336K), 0.0008635 secs] [Times: user=0.00 sys=0.00, real=0.00 secs] 
8.336: [GC (Allocation Failure) 8.336: [DefNew: 959K->63K(960K), 0.0008480 secs] 131528K->130815K(614336K), 0.0009054 secs] [Times: user=0.00 sys=0.00, real=0.00 secs] 
8.340: [GC (Allocation Failure) 8.340: [DefNew: 959K->64K(960K), 0.0008190 secs] 131770K->131062K(614336K), 0.0008737 secs] [Times: user=0.00 sys=0.00, real=0.00 secs] 
8.342: [GC (Allocation Failure) 8.342: [DefNew: 960K->63K(960K), 0.0008450 secs] 132016K->131315K(614336K), 0.0009088 secs] [Times: user=0.00 sys=0.00, real=0.00 secs] 
8.346: [GC (Allocation Failure) 8.346: [DefNew: 959K->64K(960K), 0.0010274 secs] 132257K->131585K(614336K), 0.0010840 secs] [Times: user=0.00 sys=0.00, real=0.00 secs] 
8.350: [GC (Allocation Failure) 8.350: [DefNew: 960K->64K(960K), 0.0008960 secs] 132529K->131859K(614336K), 0.0009526 secs] [Times: user=0.00 sys=0.00, real=0.00 secs] 
8.353: [GC (Allocation Failure) 8.353: [DefNew: 960K->64K(960K), 0.0008458 secs] 132809K->132113K(614336K), 0.0009051 secs] [Times: user=0.00 sys=0.00, real=0.00 secs] 
8.357: [GC (Allocation Failure) 8.357: [DefNew: 960K->63K(960K), 0.0008628 secs] 133051K->132395K(614336K), 0.0009179 secs] [Times: user=0.00 sys=0.00, real=0.00 secs] 
8.360: [GC (Allocation Failure) 8.360: [DefNew: 959K->64K(960K), 0.0008639 secs] 133352K->132638K(614336K), 0.0009160 secs] [Times: user=0.02 sys=0.00, real=0.00 secs] 
8.363: [GC (Allocation Failure) 8.363: [DefNew: 960K->64K(960K), 0.0009051 secs] 133586K->132903K(614336K), 0.0009813 secs] [Times: user=0.00 sys=0.00, real=0.00 secs] 
8.368: [GC (Allocation Failure) 8.368: [DefNew: 960K->63K(960K), 0.0009458 secs] 133848K->133168K(614336K), 0.0010025 secs] [Times: user=0.00 sys=0.00, real=0.00 secs] 
8.372: [GC (Allocation Failure) 8.372: [DefNew: 959K->63K(960K), 0.0008144 secs] 134128K->133411K(614336K), 0.0008730 secs] [Times: user=0.00 sys=0.00, real=0.00 secs] 
8.375: [GC (Allocation Failure) 8.375: [DefNew: 959K->64K(960K), 0.0007823 secs] 134360K->133673K(614336K), 0.0008435 secs] [Times: user=0.00 sys=0.00, real=0.00 secs] 
8.380: [GC (Allocation Failure) 8.380: [DefNew: 960K->63K(960K), 0.0010950 secs] 134613K->133944K(614336K), 0.0011713 secs] [Times: user=0.00 sys=0.00, real=0.00 secs] 
8.385: [GC (Allocation Failure) 8.385: [DefNew: 959K->63K(960K), 0.0009232 secs] 134882K->134220K(614336K), 0.0009912 secs] [Times: user=0.00 sys=0.00, real=0.00 secs] 
8.387: [GC (Allocation Failure) 8.387: [DefNew: 959K->63K(960K), 0.0010689 secs] 135176K->134469K(614336K), 0.0011377 secs] [Times: user=0.00 sys=0.00, real=0.00 secs] 
8.391: [GC (Allocation Failure) 8.391: [DefNew: 959K->63K(960K), 0.0008133 secs] 135420K->134732K(614336K), 0.0008654 secs] [Times: user=0.00 sys=0.00, real=0.00 secs] 
8.395: [GC (Allocation Failure) 8.395: [DefNew: 959K->64K(960K), 0.0008397 secs] 135670K->135009K(614336K), 0.0008858 secs] [Times: user=0.00 sys=0.00, real=0.00 secs] 
8.397: [GC (Allocation Failure) 8.397: [DefNew: 960K->63K(960K), 0.0008171 secs] 135965K->135261K(614336K), 0.0008598 secs] [Times: user=0.00 sys=0.00, real=0.00 secs] 
8.401: [GC (Allocation Failure) 8.401: [DefNew: 959K->64K(960K), 0.0009390 secs] 136211K->135513K(614336K), 0.0009957 secs] [Times: user=0.00 sys=0.00, real=0.00 secs] 
8.406: [GC (Allocation Failure) 8.406: [DefNew: 960K->63K(960K), 0.0009224 secs] 136442K->135808K(614336K), 0.0009757 secs] [Times: user=0.00 sys=0.00, real=0.00 secs] 
8.409: [GC (Allocation Failure) 8.409: [DefNew: 959K->63K(960K), 0.0010704 secs] 136760K->136064K(614336K), 0.0011433 secs] [Times: user=0.00 sys=0.00, real=0.00 secs] 
8.412: [GC (Allocation Failure) 8.412: [DefNew: 959K->64K(960K), 0.0007782 secs] 137019K->136314K(614336K), 0.0008345 secs] [Times: user=0.00 sys=0.00, real=0.00 secs] 
8.416: [GC (Allocation Failure) 8.416: [DefNew: 960K->63K(960K), 0.0007680 secs] 137276K->136561K(614336K), 0.0008277 secs] [Times: user=0.00 sys=0.00, real=0.00 secs] 
8.420: [GC (Allocation Failure) 8.420: [DefNew: 959K->64K(960K), 0.0009455 secs] 137509K->136820K(614336K), 0.0010214 secs] [Times: user=0.00 sys=0.00, real=0.00 secs] 
8.423: [GC (Allocation Failure) 8.423: [DefNew: 960K->63K(960K), 0.0009557 secs] 137766K->137087K(614336K), 0.0010300 secs] [Times: user=0.02 sys=0.00, real=0.00 secs] 
8.426: [GC (Allocation Failure) 8.426: [DefNew: 959K->63K(960K), 0.0009013 secs] 138021K->137370K(614336K), 0.0009583 secs] [Times: user=0.00 sys=0.00, real=0.00 secs] 
8.429: [GC (Allocation Failure) 8.429: [DefNew: 959K->63K(960K), 0.0010127 secs] 138317K->137631K(614336K), 0.0010840 secs] [Times: user=0.00 sys=0.00, real=0.00 secs] 
8.433: [GC (Allocation Failure) 8.433: [DefNew: 959K->63K(960K), 0.0008507 secs] 138583K->137877K(614336K), 0.0009058 secs] [Times: user=0.00 sys=0.00, real=0.00 secs] 
8.437: [GC (Allocation Failure) 8.437: [DefNew: 959K->63K(960K), 0.0009564 secs] 138823K->138147K(614336K), 0.0010153 secs] [Times: user=0.00 sys=0.00, real=0.00 secs] 
8.439: [GC (Allocation Failure) 8.439: [DefNew: 959K->64K(960K), 0.0009896 secs] 139094K->138410K(614336K), 0.0010482 secs] [Times: user=0.00 sys=0.00, real=0.00 secs] 
8.443: [GC (Allocation Failure) 8.443: [DefNew: 960K->63K(960K), 0.0010655 secs] 139354K->138682K(614336K), 0.0011369 secs] [Times: user=0.00 sys=0.00, real=0.00 secs] 
8.447: [GC (Allocation Failure) 8.447: [DefNew: 959K->64K(960K), 0.0008530 secs] 139631K->138954K(614336K), 0.0009190 secs] [Times: user=0.00 sys=0.00, real=0.00 secs] 
8.450: [GC (Allocation Failure) 8.450: [DefNew: 960K->63K(960K), 0.0007627 secs] 139908K->139204K(614336K), 0.0008061 secs] [Times: user=0.00 sys=0.00, real=0.00 secs] 
8.453: [GC (Allocation Failure) 8.453: [DefNew: 959K->64K(960K), 0.0007941 secs] 140136K->139506K(614336K), 0.0008401 secs] [Times: user=0.00 sys=0.00, real=0.00 secs] 
8.457: [GC (Allocation Failure) 8.457: [DefNew: 960K->63K(960K), 0.0010263 secs] 140449K->139771K(614336K), 0.0011003 secs] [Times: user=0.00 sys=0.00, real=0.00 secs] 
8.460: [GC (Allocation Failure) 8.460: [DefNew: 959K->64K(960K), 0.0011033 secs] 140721K->140034K(614336K), 0.0011743 secs] [Times: user=0.00 sys=0.00, real=0.00 secs] 
8.464: [GC (Allocation Failure) 8.464: [DefNew: 960K->63K(960K), 0.0009266 secs] 140983K->140289K(614336K), 0.0009825 secs] [Times: user=0.00 sys=0.00, real=0.00 secs] 
8.467: [GC (Allocation Failure) 8.467: [DefNew: 959K->64K(960K), 0.0009723 secs] 141250K->140535K(614336K), 0.0010482 secs] [Times: user=0.00 sys=0.00, real=0.00 secs] 
8.470: [GC (Allocation Failure) 8.470: [DefNew: 960K->63K(960K), 0.0010527 secs] 141497K->140777K(614336K), 0.0011071 secs] [Times: user=0.02 sys=0.00, real=0.00 secs] 
8.473: [GC (Allocation Failure) 8.473: [DefNew: 959K->63K(960K), 0.0008107 secs] 141731K->141026K(614336K), 0.0008677 secs] [Times: user=0.00 sys=0.00, real=0.00 secs] 
8.476: [GC (Allocation Failure) 8.476: [DefNew: 959K->63K(960K), 0.0008295 secs] 141970K->141296K(614336K), 0.0008771 secs] [Times: user=0.00 sys=0.00, real=0.00 secs] 
8.479: [GC (Allocation Failure) 8.479: [DefNew: 959K->63K(960K), 0.0008409 secs] 142257K->141535K(614336K), 0.0008971 secs] [Times: user=0.00 sys=0.00, real=0.00 secs] 
8.483: [GC (Allocation Failure) 8.483: [DefNew: 959K->63K(960K), 0.0009462 secs] 142494K->141784K(614336K), 0.0010195 secs] [Times: user=0.00 sys=0.00, real=0.00 secs] 
8.487: [GC (Allocation Failure) 8.487: [DefNew: 959K->63K(960K), 0.0010146 secs] 142726K->142048K(614336K), 0.0010806 secs] [Times: user=0.00 sys=0.00, real=0.00 secs] 
8.490: [GC (Allocation Failure) 8.490: [DefNew: 959K->64K(960K), 0.0009032 secs] 143001K->142300K(614336K), 0.0009757 secs] [Times: user=0.00 sys=0.00, real=0.00 secs] 
8.493: [GC (Allocation Failure) 8.493: [DefNew: 960K->63K(960K), 0.0008533 secs] 143254K->142553K(614336K), 0.0009107 secs] [Times: user=0.00 sys=0.00, real=0.00 secs] 
8.497: [GC (Allocation Failure) 8.497: [DefNew: 959K->64K(960K), 0.0007929 secs] 143511K->142795K(614336K), 0.0008518 secs] [Times: user=0.00 sys=0.00, real=0.00 secs] 
8.500: [GC (Allocation Failure) 8.500: [DefNew: 960K->64K(960K), 0.0010002 secs] 143747K->143053K(614336K), 0.0010652 secs] [Times: user=0.00 sys=0.00, real=0.00 secs] 
8.503: [GC (Allocation Failure) 8.503: [DefNew: 960K->63K(960K), 0.0009122 secs] 144010K->143300K(614336K), 0.0009749 secs] [Times: user=0.00 sys=0.00, real=0.00 secs] 
8.508: [GC (Allocation Failure) 8.508: [DefNew: 959K->63K(960K), 0.0012717 secs] 144252K->143552K(614336K), 0.0013574 secs] [Times: user=0.00 sys=0.00, real=0.00 secs] 
8.510: [GC (Allocation Failure) 8.510: [DefNew: 959K->63K(960K), 0.0008246 secs] 144508K->143797K(614336K), 0.0008620 secs] [Times: user=0.00 sys=0.00, real=0.00 secs] 
8.514: [GC (Allocation Failure) 8.514: [DefNew: 959K->63K(960K), 0.0007812 secs] 144753K->144048K(614336K), 0.0008386 secs] [Times: user=0.00 sys=0.00, real=0.00 secs] 
8.518: [GC (Allocation Failure) 8.518: [DefNew: 959K->64K(960K), 0.0008024 secs] 145003K->144301K(614336K), 0.0008590 secs] [Times: user=0.00 sys=0.00, real=0.00 secs] 
8.520: [GC (Allocation Failure) 8.520: [DefNew: 960K->64K(960K), 0.0013121 secs] 145243K->144563K(614336K), 0.0013925 secs] [Times: user=0.00 sys=0.00, real=0.00 secs] 
8.524: [GC (Allocation Failure) 8.524: [DefNew: 960K->64K(960K), 0.0008496 secs] 145514K->144809K(614336K), 0.0009036 secs] [Times: user=0.00 sys=0.00, real=0.00 secs] 
8.528: [GC (Allocation Failure) 8.528: [DefNew: 960K->64K(960K), 0.0007571 secs] 145764K->145054K(614336K), 0.0008178 secs] [Times: user=0.00 sys=0.00, real=0.00 secs] 
8.531: [GC (Allocation Failure) 8.531: [DefNew: 960K->64K(960K), 0.0008458 secs] 146012K->145297K(614336K), 0.0008998 secs] [Times: user=0.00 sys=0.00, real=0.00 secs] 
8.534: [GC (Allocation Failure) 8.534: [DefNew: 960K->64K(960K), 0.0009315 secs] 146233K->145573K(614336K), 0.0009791 secs] [Times: user=0.00 sys=0.00, real=0.00 secs] 
8.538: [GC (Allocation Failure) 8.538: [DefNew: 960K->63K(960K), 0.0008307 secs] 146533K->145811K(614336K), 0.0008903 secs] [Times: user=0.00 sys=0.00, real=0.00 secs] 
8.541: [GC (Allocation Failure) 8.542: [DefNew: 959K->64K(960K), 0.0008801 secs] 146769K->146060K(614336K), 0.0009447 secs] [Times: user=0.00 sys=0.00, real=0.00 secs] 
8.545: [GC (Allocation Failure) 8.545: [DefNew: 960K->63K(960K), 0.0008484 secs] 147018K->146304K(614336K), 0.0009051 secs] [Times: user=0.00 sys=0.00, real=0.00 secs] 
8.550: [GC (Allocation Failure) 8.550: [DefNew: 959K->63K(960K), 0.0007552 secs] 147258K->146557K(614336K), 0.0008129 secs] [Times: user=0.00 sys=0.00, real=0.00 secs] 
8.552: [GC (Allocation Failure) 8.552: [DefNew: 959K->64K(960K), 0.0008216 secs] 147502K->146822K(614336K), 0.0009002 secs] [Times: user=0.00 sys=0.00, real=0.00 secs] 
8.555: [GC (Allocation Failure) 8.555: [DefNew: 960K->63K(960K), 0.0009470 secs] 147759K->147098K(614336K), 0.0010044 secs] [Times: user=0.00 sys=0.00, real=0.00 secs] 
8.559: [GC (Allocation Failure) 8.559: [DefNew: 959K->63K(960K), 0.0008450 secs] 148055K->147339K(614336K), 0.0009013 secs] [Times: user=0.00 sys=0.00, real=0.00 secs] 
8.562: [GC (Allocation Failure) 8.562: [DefNew: 959K->63K(960K), 0.0008069 secs] 148291K->147592K(614336K), 0.0008665 secs] [Times: user=0.00 sys=0.00, real=0.00 secs] 
8.566: [GC (Allocation Failure) 8.566: [DefNew: 959K->63K(960K), 0.0008662 secs] 148549K->147837K(614336K), 0.0009213 secs] [Times: user=0.00 sys=0.00, real=0.00 secs] 
8.570: [GC (Allocation Failure) 8.570: [DefNew: 959K->63K(960K), 0.0012313 secs] 148791K->148089K(614336K), 0.0013170 secs] [Times: user=0.00 sys=0.00, real=0.00 secs] 
8.573: [GC (Allocation Failure) 8.573: [DefNew: 959K->63K(960K), 0.0008601 secs] 149030K->148358K(614336K), 0.0009085 secs] [Times: user=0.00 sys=0.00, real=0.00 secs] 
8.576: [GC (Allocation Failure) 8.576: [DefNew: 959K->64K(960K), 0.0009081 secs] 149312K->148613K(614336K), 0.0009628 secs] [Times: user=0.00 sys=0.00, real=0.00 secs] 
8.580: [GC (Allocation Failure) 8.580: [DefNew: 960K->64K(960K), 0.0010776 secs] 149562K->148869K(614336K), 0.0011441 secs] [Times: user=0.00 sys=0.00, real=0.00 secs] 
8.583: [GC (Allocation Failure) 8.583: [DefNew: 960K->63K(960K), 0.0008295 secs] 149810K->149153K(614336K), 0.0008877 secs] [Times: user=0.00 sys=0.00, real=0.00 secs] 
8.586: [GC (Allocation Failure) 8.586: [DefNew: 959K->63K(960K), 0.0009383 secs] 150078K->149444K(614336K), 0.0009847 secs] [Times: user=0.00 sys=0.00, real=0.00 secs] 
8.589: [GC (Allocation Failure) 8.589: [DefNew: 959K->63K(960K), 0.0010621 secs] 150374K->149732K(614336K), 0.0011124 secs] [Times: user=0.00 sys=0.00, real=0.00 secs] 
8.591: [GC (Allocation Failure) 8.591: [DefNew: 959K->64K(960K), 0.0007907 secs] 150694K->149971K(614336K), 0.0008345 secs] [Times: user=0.00 sys=0.00, real=0.00 secs] 
8.594: [GC (Allocation Failure) 8.594: [DefNew: 960K->64K(960K), 0.0009266 secs] 150919K->150231K(614336K), 0.0010210 secs] [Times: user=0.00 sys=0.00, real=0.00 secs] 
8.597: [GC (Allocation Failure) 8.597: [DefNew: 960K->64K(960K), 0.0009825 secs] 151163K->150518K(614336K), 0.0010489 secs] [Times: user=0.00 sys=0.00, real=0.00 secs] 
8.600: [GC (Allocation Failure) 8.600: [DefNew: 960K->64K(960K), 0.0009923 secs] 151473K->150765K(614336K), 0.0010523 secs] [Times: user=0.00 sys=0.00, real=0.00 secs] 
8.604: [GC (Allocation Failure) 8.604: [DefNew: 960K->63K(960K), 0.0009666 secs] 151700K->151063K(614336K), 0.0010282 secs] [Times: user=0.00 sys=0.00, real=0.00 secs] 
8.608: [GC (Allocation Failure) 8.608: [DefNew: 959K->63K(960K), 0.0009693 secs] 152014K->151312K(614336K), 0.0010236 secs] [Times: user=0.00 sys=0.00, real=0.00 secs] 
8.611: [GC (Allocation Failure) 8.611: [DefNew: 959K->63K(960K), 0.0009696 secs] 152272K->151549K(614336K), 0.0010383 secs] [Times: user=0.00 sys=0.00, real=0.00 secs] 
8.615: [GC (Allocation Failure) 8.615: [DefNew: 959K->64K(960K), 0.0009451 secs] 152500K->151808K(614336K), 0.0010017 secs] [Times: user=0.00 sys=0.00, real=0.00 secs] 
8.620: [GC (Allocation Failure) 8.620: [DefNew: 960K->63K(960K), 0.0010852 secs] 152758K->152066K(614336K), 0.0011709 secs] [Times: user=0.00 sys=0.00, real=0.00 secs] 
8.622: [GC (Allocation Failure) 8.622: [DefNew: 959K->63K(960K), 0.0007948 secs] 153005K->152340K(614336K), 0.0008401 secs] [Times: user=0.00 sys=0.00, real=0.00 secs] 
8.626: [GC (Allocation Failure) 8.626: [DefNew: 959K->63K(960K), 0.0011981 secs] 153287K->152607K(614336K), 0.0012664 secs] [Times: user=0.02 sys=0.00, real=0.00 secs] 
8.629: [GC (Allocation Failure) 8.629: [DefNew: 959K->63K(960K), 0.0010995 secs] 153524K->152922K(614336K), 0.0011512 secs] [Times: user=0.00 sys=0.00, real=0.00 secs] 
8.632: [GC (Allocation Failure) 8.632: [DefNew: 959K->64K(960K), 0.0009881 secs] 153866K->153191K(614336K), 0.0010429 secs] [Times: user=0.00 sys=0.00, real=0.00 secs] 
8.636: [GC (Allocation Failure) 8.636: [DefNew: 960K->63K(960K), 0.0009496 secs] 154148K->153436K(614336K), 0.0010134 secs] [Times: user=0.00 sys=0.00, real=0.00 secs] 
8.641: [GC (Allocation Failure) 8.641: [DefNew: 959K->63K(960K), 0.0008722 secs] 154391K->153685K(614336K), 0.0009304 secs] [Times: user=0.00 sys=0.00, real=0.00 secs] 
8.644: [GC (Allocation Failure) 8.644: [DefNew: 959K->63K(960K), 0.0010731 secs] 154635K->153944K(614336K), 0.0011558 secs] [Times: user=0.00 sys=0.00, real=0.00 secs] 
8.648: [GC (Allocation Failure) 8.648: [DefNew: 959K->63K(960K), 0.0010202 secs] 154869K->154241K(614336K), 0.0010712 secs] [Times: user=0.00 sys=0.00, real=0.00 secs] 
8.651: [GC (Allocation Failure) 8.651: [DefNew: 959K->64K(960K), 0.0013155 secs] 155167K->154533K(614336K), 0.0013804 secs] [Times: user=0.00 sys=0.00, real=0.00 secs] 
8.653: [GC (Allocation Failure) 8.653: [DefNew: 960K->63K(960K), 0.0008998 secs] 155470K->154818K(614336K), 0.0009390 secs] [Times: user=0.00 sys=0.00, real=0.00 secs] 
8.657: [GC (Allocation Failure) 8.657: [DefNew: 959K->63K(960K), 0.0010251 secs] 155769K->155075K(614336K), 0.0010991 secs] [Times: user=0.02 sys=0.00, real=0.00 secs] 
8.661: [GC (Allocation Failure) 8.661: [DefNew: 959K->63K(960K), 0.0009904 secs] 156034K->155321K(614336K), 0.0010546 secs] [Times: user=0.00 sys=0.00, real=0.00 secs] 
8.663: [GC (Allocation Failure) 8.663: [DefNew: 959K->63K(960K), 0.0008488 secs] 156277K->155566K(614336K), 0.0008998 secs] [Times: user=0.00 sys=0.00, real=0.00 secs] 
8.667: [GC (Allocation Failure) 8.667: [DefNew: 959K->63K(960K), 0.0008431 secs] 156520K->155818K(614336K), 0.0009077 secs] [Times: user=0.00 sys=0.00, real=0.00 secs] 
8.671: [GC (Allocation Failure) 8.671: [DefNew: 959K->63K(960K), 0.0008586 secs] 156777K->156061K(614336K), 0.0009137 secs] [Times: user=0.00 sys=0.00, real=0.00 secs] 
8.674: [GC (Allocation Failure) 8.674: [DefNew: 959K->64K(960K), 0.0010183 secs] 157013K->156322K(614336K), 0.0010901 secs] [Times: user=0.00 sys=0.00, real=0.00 secs] 
8.678: [GC (Allocation Failure) 8.678: [DefNew: 960K->64K(960K), 0.0010040 secs] 157271K->156580K(614336K), 0.0010531 secs] [Times: user=0.00 sys=0.00, real=0.00 secs] 
8.682: [GC (Allocation Failure) 8.682: [DefNew: 960K->63K(960K), 0.0008560 secs] 157537K->156825K(614336K), 0.0009179 secs] [Times: user=0.00 sys=0.00, real=0.00 secs] 
8.685: [GC (Allocation Failure) 8.685: [DefNew: 959K->63K(960K), 0.0007344 secs] 157780K->157075K(614336K), 0.0007831 secs] [Times: user=0.00 sys=0.00, real=0.00 secs] 
8.689: [GC (Allocation Failure) 8.689: [DefNew: 959K->63K(960K), 0.0008307 secs] 158021K->157341K(614336K), 0.0008851 secs] [Times: user=0.01 sys=0.00, real=0.00 secs] 
8.692: [GC (Allocation Failure) 8.692: [DefNew: 959K->64K(960K), 0.0009217 secs] 158297K->157586K(614336K), 0.0009802 secs] [Times: user=0.00 sys=0.00, real=0.00 secs] 
8.694: [GC (Allocation Failure) 8.694: [DefNew: 960K->63K(960K), 0.0008239 secs] 158522K->157865K(614336K), 0.0008696 secs] [Times: user=0.00 sys=0.00, real=0.00 secs] 
8.698: [GC (Allocation Failure) 8.698: [DefNew: 959K->63K(960K), 0.0009855 secs] 158817K->158112K(614336K), 0.0010504 secs] [Times: user=0.00 sys=0.00, real=0.00 secs] 
8.701: [GC (Allocation Failure) 8.702: [DefNew: 959K->63K(960K), 0.0008703 secs] 159064K->158368K(614336K), 0.0009300 secs] [Times: user=0.00 sys=0.00, real=0.00 secs] 
8.705: [GC (Allocation Failure) 8.705: [DefNew: 959K->64K(960K), 0.0010727 secs] 159308K->158649K(614336K), 0.0011550 secs] [Times: user=0.00 sys=0.00, real=0.00 secs] 
8.709: [GC (Allocation Failure) 8.709: [DefNew: 960K->64K(960K), 0.0008669 secs] 159602K->158902K(614336K), 0.0009255 secs] [Times: user=0.00 sys=0.00, real=0.00 secs] 
8.712: [GC (Allocation Failure) 8.712: [DefNew: 960K->63K(960K), 0.0008643 secs] 159848K->159166K(614336K), 0.0009054 secs] [Times: user=0.00 sys=0.00, real=0.00 secs] 
8.715: [GC (Allocation Failure) 8.715: [DefNew: 959K->63K(960K), 0.0009341 secs] 160124K->159407K(614336K), 0.0009968 secs] [Times: user=0.00 sys=0.00, real=0.00 secs] 
8.719: [GC (Allocation Failure) 8.719: [DefNew: 959K->63K(960K), 0.0008073 secs] 160360K->159659K(614336K), 0.0008692 secs] [Times: user=0.00 sys=0.00, real=0.00 secs] 
8.722: [GC (Allocation Failure) 8.722: [DefNew: 959K->63K(960K), 0.0008288 secs] 160608K->159914K(614336K), 0.0008775 secs] [Times: user=0.00 sys=0.00, real=0.00 secs] 
8.725: [GC (Allocation Failure) 8.725: [DefNew: 959K->64K(960K), 0.0007657 secs] 160869K->160167K(614336K), 0.0008092 secs] [Times: user=0.00 sys=0.00, real=0.00 secs] 
8.729: [GC (Allocation Failure) 8.729: [DefNew: 960K->63K(960K), 0.0008801 secs] 161117K->160421K(614336K), 0.0009394 secs] [Times: user=0.00 sys=0.00, real=0.00 secs] 
8.733: [GC (Allocation Failure) 8.733: [DefNew: 959K->63K(960K), 0.0009145 secs] 161351K->160719K(614336K), 0.0009617 secs] [Times: user=0.00 sys=0.00, real=0.00 secs] 
8.736: [GC (Allocation Failure) 8.736: [DefNew: 959K->64K(960K), 0.0008877 secs] 161675K->160961K(614336K), 0.0009440 secs] [Times: user=0.00 sys=0.00, real=0.00 secs] 
8.740: [GC (Allocation Failure) 8.740: [DefNew: 960K->64K(960K), 0.0010667 secs] 161881K->161273K(614336K), 0.0011437 secs] [Times: user=0.00 sys=0.00, real=0.00 secs] 
8.743: [GC (Allocation Failure) 8.743: [DefNew: 960K->63K(960K), 0.0010112 secs] 162226K->161524K(614336K), 0.0010667 secs] [Times: user=0.00 sys=0.00, real=0.00 secs] 
8.746: [GC (Allocation Failure) 8.746: [DefNew: 959K->63K(960K), 0.0011044 secs] 162482K->161768K(614336K), 0.0011796 secs] [Times: user=0.00 sys=0.00, real=0.00 secs] 
8.749: [GC (Allocation Failure) 8.749: [DefNew: 959K->64K(960K), 0.0008571 secs] 162693K->162066K(614336K), 0.0009013 secs] [Times: user=0.00 sys=0.00, real=0.00 secs] 
8.753: [GC (Allocation Failure) 8.753: [DefNew: 960K->64K(960K), 0.0009066 secs] 163026K->162312K(614336K), 0.0009666 secs] [Times: user=0.00 sys=0.00, real=0.00 secs] 
8.756: [GC (Allocation Failure) 8.756: [DefNew: 960K->63K(960K), 0.0010440 secs] 163264K->162564K(614336K), 0.0011214 secs] [Times: user=0.00 sys=0.00, real=0.00 secs] 
8.761: [GC (Allocation Failure) 8.761: [DefNew: 959K->64K(960K), 0.0008258 secs] 163511K->162826K(614336K), 0.0008896 secs] [Times: user=0.00 sys=0.00, real=0.00 secs] 
8.764: [GC (Allocation Failure) 8.764: [DefNew: 960K->63K(960K), 0.0012139 secs] 163772K->163096K(614336K), 0.0012845 secs] [Times: user=0.00 sys=0.00, real=0.00 secs] 
8.767: [GC (Allocation Failure) 8.768: [DefNew: 959K->64K(960K), 0.0008968 secs] 164055K->163335K(614336K), 0.0009507 secs] [Times: user=0.00 sys=0.00, real=0.00 secs] 
8.772: [GC (Allocation Failure) 8.772: [DefNew: 960K->63K(960K), 0.0008779 secs] 164273K->163609K(614336K), 0.0009345 secs] [Times: user=0.00 sys=0.00, real=0.00 secs] 
8.775: [GC (Allocation Failure) 8.775: [DefNew: 959K->63K(960K), 0.0007993 secs] 164568K->163852K(614336K), 0.0008431 secs] [Times: user=0.00 sys=0.00, real=0.00 secs] 
8.778: [GC (Allocation Failure) 8.778: [DefNew: 959K->64K(960K), 0.0008356 secs] 164813K->164094K(614336K), 0.0008915 secs] [Times: user=0.00 sys=0.00, real=0.00 secs] 
8.781: [GC (Allocation Failure) 8.781: [DefNew: 960K->63K(960K), 0.0008911 secs] 165037K->164366K(614336K), 0.0009406 secs] [Times: user=0.00 sys=0.00, real=0.00 secs] 
8.784: [GC (Allocation Failure) 8.784: [DefNew: 959K->63K(960K), 0.0010633 secs] 165314K->164627K(614336K), 0.0011305 secs] [Times: user=0.00 sys=0.00, real=0.00 secs] 
8.787: [GC (Allocation Failure) 8.787: [DefNew: 959K->63K(960K), 0.0009730 secs] 165567K->164908K(614336K), 0.0010285 secs] [Times: user=0.00 sys=0.00, real=0.00 secs] 
8.791: [GC (Allocation Failure) 8.791: [DefNew: 959K->64K(960K), 0.0009115 secs] 165854K->165169K(614336K), 0.0009726 secs] [Times: user=0.00 sys=0.00, real=0.00 secs] 
8.795: [GC (Allocation Failure) 8.795: [DefNew: 960K->63K(960K), 0.0008401 secs] 166125K->165418K(614336K), 0.0008964 secs] [Times: user=0.00 sys=0.00, real=0.00 secs] 
8.798: [GC (Allocation Failure) 8.798: [DefNew: 959K->63K(960K), 0.0008922 secs] 166368K->165676K(614336K), 0.0009504 secs] [Times: user=0.02 sys=0.00, real=0.00 secs] 
8.803: [GC (Allocation Failure) 8.803: [DefNew: 959K->63K(960K), 0.0014197 secs] 166626K->165938K(614336K), 0.0015077 secs] [Times: user=0.00 sys=0.00, real=0.00 secs] 
8.807: [GC (Allocation Failure) 8.807: [DefNew: 959K->63K(960K), 0.0011501 secs] 166884K->166196K(614336K), 0.0012007 secs] [Times: user=0.00 sys=0.00, real=0.00 secs] 
8.809: [GC (Allocation Failure) 8.809: [DefNew: 959K->63K(960K), 0.0009262 secs] 167142K->166460K(614336K), 0.0009757 secs] [Times: user=0.00 sys=0.00, real=0.00 secs] 
8.813: [GC (Allocation Failure) 8.813: [DefNew: 959K->64K(960K), 0.0009474 secs] 167403K->166729K(614336K), 0.0009896 secs] [Times: user=0.01 sys=0.00, real=0.00 secs] 
8.817: [GC (Allocation Failure) 8.817: [DefNew: 960K->63K(960K), 0.0010032 secs] 167659K->167021K(614336K), 0.0010572 secs] [Times: user=0.00 sys=0.00, real=0.00 secs] 
8.820: [GC (Allocation Failure) 8.820: [DefNew: 959K->63K(960K), 0.0009451 secs] 167963K->167295K(614336K), 0.0010025 secs] [Times: user=0.00 sys=0.00, real=0.00 secs] 
8.824: [GC (Allocation Failure) 8.824: [DefNew: 959K->64K(960K), 0.0010995 secs] 168236K->167572K(614336K), 0.0011762 secs] [Times: user=0.00 sys=0.00, real=0.00 secs] 
8.828: [GC (Allocation Failure) 8.828: [DefNew: 960K->64K(960K), 0.0009292 secs] 168532K->167815K(614336K), 0.0009991 secs] [Times: user=0.00 sys=0.00, real=0.00 secs] 
8.830: [GC (Allocation Failure) 8.830: [DefNew: 960K->64K(960K), 0.0009066 secs] 168774K->168061K(614336K), 0.0009791 secs] [Times: user=0.00 sys=0.00, real=0.00 secs] 
8.835: [GC (Allocation Failure) 8.835: [DefNew: 960K->64K(960K), 0.0009726 secs] 169003K->168330K(614336K), 0.0010372 secs] [Times: user=0.00 sys=0.00, real=0.00 secs] 
8.840: [GC (Allocation Failure) 8.840: [DefNew: 960K->64K(960K), 0.0008541 secs] 169291K->168572K(614336K), 0.0009100 secs] [Times: user=0.00 sys=0.00, real=0.00 secs] 
8.842: [GC (Allocation Failure) 8.842: [DefNew: 960K->64K(960K), 0.0009421 secs] 169520K->168835K(614336K), 0.0010010 secs] [Times: user=0.00 sys=0.00, real=0.00 secs] 
8.846: [GC (Allocation Failure) 8.846: [DefNew: 960K->63K(960K), 0.0010142 secs] 169789K->169084K(614336K), 0.0010727 secs] [Times: user=0.00 sys=0.00, real=0.00 secs] 
8.850: [GC (Allocation Failure) 8.850: [DefNew: 959K->63K(960K), 0.0008269 secs] 170043K->169329K(614336K), 0.0008915 secs] [Times: user=0.00 sys=0.00, real=0.00 secs] 
8.852: [GC (Allocation Failure) 8.852: [DefNew: 959K->64K(960K), 0.0008537 secs] 170276K->169582K(614336K), 0.0009013 secs] [Times: user=0.00 sys=0.00, real=0.00 secs] 
8.857: [GC (Allocation Failure) 8.857: [DefNew: 960K->63K(960K), 0.0008681 secs] 170519K->169856K(614336K), 0.0009296 secs] [Times: user=0.00 sys=0.00, real=0.00 secs] 
8.861: [GC (Allocation Failure) 8.861: [DefNew: 959K->64K(960K), 0.0009810 secs] 170795K->170133K(614336K), 0.0010406 secs] [Times: user=0.00 sys=0.00, real=0.00 secs] 
8.863: [GC (Allocation Failure) 8.863: [DefNew: 960K->64K(960K), 0.0008937 secs] 171084K->170386K(614336K), 0.0009504 secs] [Times: user=0.00 sys=0.00, real=0.00 secs] 
8.867: [GC (Allocation Failure) 8.867: [DefNew: 960K->63K(960K), 0.0010999 secs] 171334K->170644K(614336K), 0.0011705 secs] [Times: user=0.00 sys=0.00, real=0.00 secs] 
8.871: [GC (Allocation Failure) 8.871: [DefNew: 959K->64K(960K), 0.0009077 secs] 171601K->170903K(614336K), 0.0009776 secs] [Times: user=0.00 sys=0.00, real=0.00 secs] 
8.874: [GC (Allocation Failure) 8.874: [DefNew: 960K->64K(960K), 0.0008956 secs] 171864K->171141K(614336K), 0.0009538 secs] [Times: user=0.00 sys=0.00, real=0.00 secs] 
8.878: [GC (Allocation Failure) 8.878: [DefNew: 960K->64K(960K), 0.0009598 secs] 172080K->171420K(614336K), 0.0010214 secs] [Times: user=0.00 sys=0.00, real=0.00 secs] 
8.882: [GC (Allocation Failure) 8.882: [DefNew: 960K->64K(960K), 0.0008779 secs] 172378K->171667K(614336K), 0.0009368 secs] [Times: user=0.00 sys=0.00, real=0.00 secs] 
8.885: [GC (Allocation Failure) 8.885: [DefNew: 960K->64K(960K), 0.0010478 secs] 172611K->171938K(614336K), 0.0011180 secs] [Times: user=0.00 sys=0.00, real=0.00 secs] 
8.889: [GC (Allocation Failure) 8.889: [DefNew: 960K->64K(960K), 0.0011365 secs] 172886K->172195K(614336K), 0.0011962 secs] [Times: user=0.00 sys=0.00, real=0.00 secs] 
8.893: [GC (Allocation Failure) 8.893: [DefNew: 960K->63K(960K), 0.0010489 secs] 173152K->172445K(614336K), 0.0011225 secs] [Times: user=0.00 sys=0.00, real=0.00 secs] 
8.896: [GC (Allocation Failure) 8.896: [DefNew: 959K->64K(960K), 0.0008715 secs] 173407K->172684K(614336K), 0.0009255 secs] [Times: user=0.00 sys=0.00, real=0.00 secs] 
8.899: [GC (Allocation Failure) 8.899: [DefNew: 960K->63K(960K), 0.0009330 secs] 173635K->172940K(614336K), 0.0009968 secs] [Times: user=0.00 sys=0.00, real=0.00 secs] 
8.903: [GC (Allocation Failure) 8.903: [DefNew: 959K->63K(960K), 0.0009228 secs] 173892K->173194K(614336K), 0.0009772 secs] [Times: user=0.00 sys=0.00, real=0.00 secs] 
8.906: [GC (Allocation Failure) 8.906: [DefNew: 959K->64K(960K), 0.0009137 secs] 174156K->173437K(614336K), 0.0009708 secs] [Times: user=0.00 sys=0.00, real=0.00 secs] 
8.910: [GC (Allocation Failure) 8.910: [DefNew: 960K->63K(960K), 0.0008590 secs] 174377K->173706K(614336K), 0.0009070 secs] [Times: user=0.00 sys=0.00, real=0.00 secs] 
8.915: [GC (Allocation Failure) 8.915: [DefNew: 959K->64K(960K), 0.0011218 secs] 174661K->173956K(614336K), 0.0011758 secs] [Times: user=0.00 sys=0.00, real=0.00 secs] 
8.917: [GC (Allocation Failure) 8.917: [DefNew: 960K->63K(960K), 0.0007759 secs] 174905K->174212K(614336K), 0.0008209 secs] [Times: user=0.00 sys=0.00, real=0.00 secs] 
8.921: [GC (Allocation Failure) 8.921: [DefNew: 959K->64K(960K), 0.0009421 secs] 175146K->174496K(614336K), 0.0009987 secs] [Times: user=0.00 sys=0.00, real=0.00 secs] 
8.925: [GC (Allocation Failure) 8.925: [DefNew: 960K->64K(960K), 0.0009296 secs] 175445K->174758K(614336K), 0.0009806 secs] [Times: user=0.00 sys=0.00, real=0.00 secs] 
8.928: [GC (Allocation Failure) 8.928: [DefNew: 960K->63K(960K), 0.0008473 secs] 175707K->175017K(614336K), 0.0009066 secs] [Times: user=0.00 sys=0.00, real=0.00 secs] 
8.932: [GC (Allocation Failure) 8.932: [DefNew: 959K->63K(960K), 0.0011784 secs] 175960K->175280K(614336K), 0.0012691 secs] [Times: user=0.00 sys=0.00, real=0.00 secs] 
8.937: [GC (Allocation Failure) 8.937: [DefNew: 959K->63K(960K), 0.0008473 secs] 176235K->175530K(614336K), 0.0009005 secs] [Times: user=0.00 sys=0.00, real=0.00 secs] 
8.940: [GC (Allocation Failure) 8.940: [DefNew: 959K->63K(960K), 0.0011864 secs] 176471K->175810K(614336K), 0.0012657 secs] [Times: user=0.00 sys=0.00, real=0.00 secs] 
8.944: [GC (Allocation Failure) 8.944: [DefNew: 959K->64K(960K), 0.0011354 secs] 176763K->176060K(614336K), 0.0011947 secs] [Times: user=0.00 sys=0.00, real=0.00 secs] 
8.948: [GC (Allocation Failure) 8.948: [DefNew: 960K->64K(960K), 0.0009070 secs] 177003K->176328K(614336K), 0.0009723 secs] [Times: user=0.00 sys=0.00, real=0.00 secs] 
8.950: [GC (Allocation Failure) 8.950: [DefNew: 960K->64K(960K), 0.0009681 secs] 177283K->176576K(614336K), 0.0010266 secs] [Times: user=0.00 sys=0.00, real=0.00 secs] 
8.953: [GC (Allocation Failure) 8.953: [DefNew: 960K->64K(960K), 0.0007242 secs] 177533K->176821K(614336K), 0.0007665 secs] [Times: user=0.00 sys=0.00, real=0.00 secs] 
8.957: [GC (Allocation Failure) 8.957: [DefNew: 960K->63K(960K), 0.0009704 secs] 177757K->177101K(614336K), 0.0010304 secs] [Times: user=0.00 sys=0.00, real=0.00 secs] 
8.958: [GC (Allocation Failure) 8.958: [DefNew: 959K->63K(960K), 0.0011822 secs] 178055K->177351K(614336K), 0.0012320 secs] [Times: user=0.00 sys=0.00, real=0.00 secs] 
8.963: [GC (Allocation Failure) 8.963: [DefNew: 959K->63K(960K), 0.0011660 secs] 178291K->177629K(614336K), 0.0012219 secs] [Times: user=0.00 sys=0.00, real=0.00 secs] 
8.966: [GC (Allocation Failure) 8.966: [DefNew: 959K->63K(960K), 0.0011184 secs] 178582K->177881K(614336K), 0.0011656 secs] [Times: user=0.00 sys=0.00, real=0.00 secs] 
8.969: [GC (Allocation Failure) 8.969: [DefNew: 959K->63K(960K), 0.0009372 secs] 178835K->178127K(614336K), 0.0009862 secs] [Times: user=0.00 sys=0.00, real=0.00 secs] 
8.973: [GC (Allocation Failure) 8.973: [DefNew: 959K->63K(960K), 0.0010655 secs] 179069K->178394K(614336K), 0.0011195 secs] [Times: user=0.00 sys=0.00, real=0.00 secs] 
8.976: [GC (Allocation Failure) 8.976: [DefNew: 959K->63K(960K), 0.0009964 secs] 179320K->178689K(614336K), 0.0010516 secs] [Times: user=0.00 sys=0.00, real=0.00 secs] 
8.978: [GC (Allocation Failure) 8.978: [DefNew: 959K->63K(960K), 0.0008424 secs] 179652K->178927K(614336K), 0.0008771 secs] [Times: user=0.00 sys=0.00, real=0.00 secs] 
8.981: [GC (Allocation Failure) 8.981: [DefNew: 959K->63K(960K), 0.0012766 secs] 179858K->179218K(614336K), 0.0013457 secs] [Times: user=0.00 sys=0.00, real=0.00 secs] 
8.984: [GC (Allocation Failure) 8.984: [DefNew: 959K->64K(960K), 0.0008699 secs] 180165K->179477K(614336K), 0.0009115 secs] [Times: user=0.00 sys=0.00, real=0.00 secs] 
8.987: [GC (Allocation Failure) 8.987: [DefNew: 960K->63K(960K), 0.0011290 secs] 180408K->179764K(614336K), 0.0011943 secs] [Times: user=0.00 sys=0.00, real=0.00 secs] 
8.991: [GC (Allocation Failure) 8.991: [DefNew: 959K->63K(960K), 0.0012619 secs] 180683K->180068K(614336K), 0.0013351 secs] [Times: user=0.00 sys=0.00, real=0.00 secs] 
8.993: [GC (Allocation Failure) 8.993: [DefNew: 959K->64K(960K), 0.0009356 secs] 181017K->180329K(614336K), 0.0009825 secs] [Times: user=0.00 sys=0.00, real=0.00 secs] 
8.996: [GC (Allocation Failure) 8.996: [DefNew: 960K->63K(960K), 0.0009681 secs] 181277K->180589K(614336K), 0.0010157 secs] [Times: user=0.00 sys=0.00, real=0.00 secs] 
8.999: [GC (Allocation Failure) 8.999: [DefNew: 959K->64K(960K), 0.0008582 secs] 181525K->180866K(614336K), 0.0008979 secs] [Times: user=0.00 sys=0.00, real=0.00 secs] 
9.001: [GC (Allocation Failure) 9.001: [DefNew: 960K->63K(960K), 0.0008609 secs] 181825K->181106K(614336K), 0.0009009 secs] [Times: user=0.02 sys=0.00, real=0.00 secs] 
9.005: [GC (Allocation Failure) 9.005: [DefNew: 959K->63K(960K), 0.0009285 secs] 182045K->181384K(614336K), 0.0009745 secs] [Times: user=0.00 sys=0.00, real=0.00 secs] 
9.008: [GC (Allocation Failure) 9.008: [DefNew: 959K->63K(960K), 0.0008866 secs] 182342K->181626K(614336K), 0.0009296 secs] [Times: user=0.00 sys=0.00, real=0.00 secs] 
9.010: [GC (Allocation Failure) 9.010: [DefNew: 959K->63K(960K), 0.0009002 secs] 182570K->181885K(614336K), 0.0009462 secs] [Times: user=0.00 sys=0.00, real=0.00 secs] 
9.013: [GC (Allocation Failure) 9.013: [DefNew: 959K->63K(960K), 0.0013963 secs] 182807K->182181K(614336K), 0.0014526 secs] [Times: user=0.00 sys=0.00, real=0.00 secs] 
9.017: [GC (Allocation Failure) 9.017: [DefNew: 959K->64K(960K), 0.0011890 secs] 183129K->182446K(614336K), 0.0012373 secs] [Times: user=0.02 sys=0.00, real=0.00 secs] 
9.019: [GC (Allocation Failure) 9.019: [DefNew: 960K->64K(960K), 0.0013121 secs] 183372K->182744K(614336K), 0.0013721 secs] [Times: user=0.00 sys=0.00, real=0.00 secs] 
9.023: [GC (Allocation Failure) 9.023: [DefNew: 960K->63K(960K), 0.0013412 secs] 183661K->183061K(614336K), 0.0013963 secs] [Times: user=0.00 sys=0.00, real=0.00 secs] 
9.027: [GC (Allocation Failure) 9.027: [DefNew: 959K->63K(960K), 0.0012649 secs] 183979K->183389K(614336K), 0.0013166 secs] [Times: user=0.00 sys=0.00, real=0.00 secs] 
9.030: [GC (Allocation Failure) 9.030: [DefNew: 959K->63K(960K), 0.0011282 secs] 184320K->183676K(614336K), 0.0011826 secs] [Times: user=0.00 sys=0.00, real=0.00 secs] 
9.033: [GC (Allocation Failure) 9.033: [DefNew: 959K->64K(960K), 0.0013865 secs] 184598K->183979K(614336K), 0.0014420 secs] [Times: user=0.00 sys=0.00, real=0.00 secs] 
9.036: [GC (Allocation Failure) 9.036: [DefNew: 960K->63K(960K), 0.0012275 secs] 184923K->184245K(614336K), 0.0012789 secs] [Times: user=0.00 sys=0.00, real=0.00 secs] 
9.040: [GC (Allocation Failure) 9.040: [DefNew: 959K->64K(960K), 0.0014156 secs] 185184K->184527K(614336K), 0.0014741 secs] [Times: user=0.00 sys=0.00, real=0.00 secs] 
9.044: [GC (Allocation Failure) 9.044: [DefNew: 960K->64K(960K), 0.0012056 secs] 185469K->184796K(614336K), 0.0012645 secs] [Times: user=0.00 sys=0.00, real=0.00 secs] 
9.046: [GC (Allocation Failure) 9.046: [DefNew: 960K->64K(960K), 0.0008843 secs] 185736K->185072K(614336K), 0.0009202 secs] [Times: user=0.00 sys=0.00, real=0.00 secs] 
9.050: [GC (Allocation Failure) 9.050: [DefNew: 960K->63K(960K), 0.0008175 secs] 186028K->185320K(614336K), 0.0008575 secs] [Times: user=0.00 sys=0.00, real=0.00 secs] 
9.053: [GC (Allocation Failure) 9.053: [DefNew: 959K->63K(960K), 0.0012509 secs] 186243K->185623K(614336K), 0.0013351 secs] [Times: user=0.00 sys=0.00, real=0.00 secs] 
9.055: [GC (Allocation Failure) 9.055: [DefNew: 959K->63K(960K), 0.0010655 secs] 186536K->185945K(614336K), 0.0011105 secs] [Times: user=0.00 sys=0.00, real=0.00 secs] 
9.058: [GC (Allocation Failure) 9.058: [DefNew: 959K->63K(960K), 0.0008537 secs] 186903K->186187K(614336K), 0.0008922 secs] [Times: user=0.00 sys=0.00, real=0.00 secs] 
9.062: [GC (Allocation Failure) 9.062: [DefNew: 959K->64K(960K), 0.0013189 secs] 187115K->186483K(614336K), 0.0013899 secs] [Times: user=0.00 sys=0.00, real=0.00 secs] 
9.064: [GC (Allocation Failure) 9.064: [DefNew: 960K->63K(960K), 0.0014567 secs] 187422K->186755K(614336K), 0.0015243 secs] [Times: user=0.00 sys=0.00, real=0.00 secs] 
9.069: [GC (Allocation Failure) 9.069: [DefNew: 959K->63K(960K), 0.0014242 secs] 187684K->187046K(614336K), 0.0014880 secs] [Times: user=0.00 sys=0.00, real=0.00 secs] 
9.073: [GC (Allocation Failure) 9.073: [DefNew: 959K->64K(960K), 0.0009039 secs] 188006K->187290K(614336K), 0.0009451 secs] [Times: user=0.00 sys=0.00, real=0.00 secs] 
9.075: [GC (Allocation Failure) 9.075: [DefNew: 960K->63K(960K), 0.0009443 secs] 188250K->187535K(614336K), 0.0009938 secs] [Times: user=0.00 sys=0.00, real=0.00 secs] 
9.079: [GC (Allocation Failure) 9.079: [DefNew: 959K->63K(960K), 0.0009126 secs] 188476K->187806K(614336K), 0.0009708 secs] [Times: user=0.02 sys=0.00, real=0.00 secs] 
9.082: [GC (Allocation Failure) 9.082: [DefNew: 959K->63K(960K), 0.0008511 secs] 188764K->188054K(614336K), 0.0008941 secs] [Times: user=0.00 sys=0.00, real=0.00 secs] 
9.084: [GC (Allocation Failure) 9.084: [DefNew: 959K->63K(960K), 0.0010931 secs] 188986K->188340K(614336K), 0.0011407 secs] [Times: user=0.00 sys=0.00, real=0.00 secs] 
9.088: [GC (Allocation Failure) 9.088: [DefNew: 959K->63K(960K), 0.0008084 secs] 189296K->188582K(614336K), 0.0008552 secs] [Times: user=0.00 sys=0.00, real=0.00 secs] 
9.091: [GC (Allocation Failure) 9.091: [DefNew: 959K->63K(960K), 0.0010240 secs] 189517K->188876K(614336K), 0.0010791 secs] [Times: user=0.00 sys=0.00, real=0.00 secs] 
9.093: [GC (Allocation Failure) 9.093: [DefNew: 959K->63K(960K), 0.0009277 secs] 189805K->189164K(614336K), 0.0009753 secs] [Times: user=0.00 sys=0.00, real=0.00 secs] 
9.096: [GC (Allocation Failure) 9.096: [DefNew: 959K->63K(960K), 0.0009904 secs] 190124K->189416K(614336K), 0.0010591 secs] [Times: user=0.00 sys=0.00, real=0.00 secs] 
9.098: [GC (Allocation Failure) 9.098: [DefNew: 959K->64K(960K), 0.0013619 secs] 190345K->189709K(614336K), 0.0014318 secs] [Times: user=0.00 sys=0.00, real=0.00 secs] 
9.102: [GC (Allocation Failure) 9.102: [DefNew: 960K->64K(960K), 0.0009847 secs] 190671K->189951K(614336K), 0.0010421 secs] [Times: user=0.00 sys=0.00, real=0.00 secs] 
9.105: [GC (Allocation Failure) 9.105: [DefNew: 960K->64K(960K), 0.0013215 secs] 190893K->190218K(614336K), 0.0013850 secs] [Times: user=0.00 sys=0.00, real=0.00 secs] 
9.107: [GC (Allocation Failure) 9.107: [DefNew: 960K->63K(960K), 0.0011890 secs] 191171K->190469K(614336K), 0.0012551 secs] [Times: user=0.00 sys=0.00, real=0.00 secs] 
9.111: [GC (Allocation Failure) 9.111: [DefNew: 959K->63K(960K), 0.0014571 secs] 191387K->190779K(614336K), 0.0015345 secs] [Times: user=0.00 sys=0.00, real=0.00 secs] 
9.115: [GC (Allocation Failure) 9.115: [DefNew: 959K->64K(960K), 0.0009632 secs] 191737K->191025K(614336K), 0.0010323 secs] [Times: user=0.00 sys=0.00, real=0.00 secs] 
9.117: [GC (Allocation Failure) 9.117: [DefNew: 960K->63K(960K), 0.0007416 secs] 191986K->191269K(614336K), 0.0007759 secs] [Times: user=0.00 sys=0.00, real=0.00 secs] 
9.119: [GC (Allocation Failure) 9.119: [DefNew: 959K->64K(960K), 0.0008277 secs] 192200K->191561K(614336K), 0.0008647 secs] [Times: user=0.00 sys=0.00, real=0.00 secs] 
9.122: [GC (Allocation Failure) 9.122: [DefNew: 960K->64K(960K), 0.0008065 secs] 192521K->191799K(614336K), 0.0008454 secs] [Times: user=0.00 sys=0.00, real=0.00 secs] 
9.125: [GC (Allocation Failure) 9.125: [DefNew: 960K->63K(960K), 0.0013347 secs] 192724K->192103K(614336K), 0.0013937 secs] [Times: user=0.00 sys=0.00, real=0.00 secs] 
9.129: [GC (Allocation Failure) 9.129: [DefNew: 959K->63K(960K), 0.0008801 secs] 193056K->192359K(614336K), 0.0009288 secs] [Times: user=0.00 sys=0.00, real=0.00 secs] 
9.132: [GC (Allocation Failure) 9.132: [DefNew: 959K->64K(960K), 0.0008794 secs] 193314K->192609K(614336K), 0.0009568 secs] [Times: user=0.00 sys=0.00, real=0.00 secs] 
9.135: [GC (Allocation Failure) 9.135: [DefNew: 960K->63K(960K), 0.0011867 secs] 193548K->192879K(614336K), 0.0012464 secs] [Times: user=0.00 sys=0.00, real=0.00 secs] 
9.139: [GC (Allocation Failure) 9.139: [DefNew: 959K->63K(960K), 0.0013393 secs] 193796K->193191K(614336K), 0.0013940 secs] [Times: user=0.00 sys=0.00, real=0.00 secs] 
9.142: [GC (Allocation Failure) 9.142: [DefNew: 959K->63K(960K), 0.0009828 secs] 194142K->193443K(614336K), 0.0010236 secs] [Times: user=0.00 sys=0.00, real=0.00 secs] 
9.144: [GC (Allocation Failure) 9.144: [DefNew: 959K->63K(960K), 0.0012796 secs] 194381K->193717K(614336K), 0.0013351 secs] [Times: user=0.00 sys=0.00, real=0.00 secs] 
9.148: [GC (Allocation Failure) 9.148: [DefNew: 959K->63K(960K), 0.0009881 secs] 194637K->194024K(614336K), 0.0010266 secs] [Times: user=0.00 sys=0.00, real=0.00 secs] 
9.151: [GC (Allocation Failure) 9.151: [DefNew: 959K->63K(960K), 0.0009625 secs] 194961K->194302K(614336K), 0.0010078 secs] [Times: user=0.00 sys=0.00, real=0.00 secs] 
9.153: [GC (Allocation Failure) 9.153: [DefNew: 959K->63K(960K), 0.0009338 secs] 195233K->194590K(614336K), 0.0009708 secs] [Times: user=0.00 sys=0.00, real=0.00 secs] 
9.156: [GC (Allocation Failure) 9.156: [DefNew: 959K->63K(960K), 0.0013064 secs] 195524K->194880K(614336K), 0.0013555 secs] [Times: user=0.00 sys=0.00, real=0.00 secs] 
9.159: [GC (Allocation Failure) 9.159: [DefNew: 959K->63K(960K), 0.0012928 secs] 195803K->195176K(614336K), 0.0013438 secs] [Times: user=0.00 sys=0.00, real=0.00 secs] 
9.163: [GC (Allocation Failure) 9.163: [DefNew: 959K->64K(960K), 0.0013314 secs] 196092K->195496K(614336K), 0.0013819 secs] [Times: user=0.00 sys=0.00, real=0.00 secs] 
9.167: [GC (Allocation Failure) 9.167: [DefNew: 960K->63K(960K), 0.0010587 secs] 196450K->195746K(614336K), 0.0011071 secs] [Times: user=0.00 sys=0.00, real=0.00 secs] 
9.169: [GC (Allocation Failure) 9.169: [DefNew: 959K->63K(960K), 0.0010146 secs] 196688K->196018K(614336K), 0.0010606 secs] [Times: user=0.00 sys=0.00, real=0.00 secs] 
9.172: [GC (Allocation Failure) 9.172: [DefNew: 959K->63K(960K), 0.0011471 secs] 196961K->196282K(614336K), 0.0011916 secs] [Times: user=0.00 sys=0.00, real=0.00 secs] 
9.175: [GC (Allocation Failure) 9.175: [DefNew: 959K->64K(960K), 0.0010055 secs] 197207K->196581K(614336K), 0.0010489 secs] [Times: user=0.00 sys=0.00, real=0.00 secs] 
9.177: [GC (Allocation Failure) 9.177: [DefNew: 960K->64K(960K), 0.0009806 secs] 197541K->196824K(614336K), 0.0010255 secs] [Times: user=0.00 sys=0.00, real=0.00 secs] 
9.180: [GC (Allocation Failure) 9.180: [DefNew: 960K->63K(960K), 0.0008828 secs] 197769K->197089K(614336K), 0.0009236 secs] [Times: user=0.00 sys=0.00, real=0.00 secs] 
9.183: [GC (Allocation Failure) 9.183: [DefNew: 959K->63K(960K), 0.0008386 secs] 198046K->197333K(614336K), 0.0008903 secs] [Times: user=0.00 sys=0.00, real=0.00 secs] 
9.186: [GC (Allocation Failure) 9.186: [DefNew: 959K->63K(960K), 0.0008492 secs] 198272K->197610K(614336K), 0.0008979 secs] [Times: user=0.00 sys=0.00, real=0.00 secs] 
9.189: [GC (Allocation Failure) 9.189: [DefNew: 959K->63K(960K), 0.0012392 secs] 198554K->197882K(614336K), 0.0013049 secs] [Times: user=0.01 sys=0.00, real=0.00 secs] 
9.192: [GC (Allocation Failure) 9.192: [DefNew: 959K->64K(960K), 0.0012366 secs] 198805K->198184K(614336K), 0.0013000 secs] [Times: user=0.00 sys=0.00, real=0.00 secs] 
9.195: [GC (Allocation Failure) 9.196: [DefNew: 960K->63K(960K), 0.0012766 secs] 199133K->198448K(614336K), 0.0013427 secs] [Times: user=0.00 sys=0.00, real=0.00 secs] 
9.199: [GC (Allocation Failure) 9.199: [DefNew: 959K->63K(960K), 0.0012955 secs] 199395K->198713K(614336K), 0.0013616 secs] [Times: user=0.00 sys=0.00, real=0.00 secs] 
9.203: [GC (Allocation Failure) 9.203: [DefNew: 959K->64K(960K), 0.0011037 secs] 199660K->198975K(614336K), 0.0011528 secs] [Times: user=0.00 sys=0.00, real=0.00 secs] 
9.206: [GC (Allocation Failure) 9.206: [DefNew: 960K->64K(960K), 0.0013831 secs] 199896K->199283K(614336K), 0.0014386 secs] [Times: user=0.00 sys=0.00, real=0.00 secs] 
9.210: [GC (Allocation Failure) 9.210: [DefNew: 960K->63K(960K), 0.0014873 secs] 200206K->199583K(614336K), 0.0015439 secs] [Times: user=0.00 sys=0.00, real=0.00 secs] 
9.213: [GC (Allocation Failure) 9.213: [DefNew: 959K->64K(960K), 0.0012513 secs] 200543K->199831K(614336K), 0.0013076 secs] [Times: user=0.00 sys=0.00, real=0.00 secs] 
9.216: [GC (Allocation Failure) 9.216: [DefNew: 960K->64K(960K), 0.0009153 secs] 200769K->200114K(614336K), 0.0009609 secs] [Times: user=0.00 sys=0.00, real=0.00 secs] 
9.219: [GC (Allocation Failure) 9.219: [DefNew: 960K->64K(960K), 0.0012438 secs] 201064K->200374K(614336K), 0.0013340 secs] [Times: user=0.01 sys=0.00, real=0.00 secs] 
9.222: [GC (Allocation Failure) 9.222: [DefNew: 960K->64K(960K), 0.0012713 secs] 201287K->200698K(614336K), 0.0013223 secs] [Times: user=0.00 sys=0.00, real=0.00 secs] 
9.225: [GC (Allocation Failure) 9.225: [DefNew: 960K->63K(960K), 0.0008764 secs] 201655K->200940K(614336K), 0.0009164 secs] [Times: user=0.00 sys=0.00, real=0.00 secs] 
9.229: [GC (Allocation Failure) 9.229: [DefNew: 959K->63K(960K), 0.0008401 secs] 201878K->201218K(614336K), 0.0008847 secs] [Times: user=0.00 sys=0.00, real=0.00 secs] 
9.231: [GC (Allocation Failure) 9.231: [DefNew: 959K->63K(960K), 0.0009032 secs] 202176K->201462K(614336K), 0.0009474 secs] [Times: user=0.00 sys=0.00, real=0.00 secs] 
9.234: [GC (Allocation Failure) 9.234: [DefNew: 959K->63K(960K), 0.0008446 secs] 202416K->201709K(614336K), 0.0008968 secs] [Times: user=0.00 sys=0.00, real=0.00 secs] 
9.237: [GC (Allocation Failure) 9.237: [DefNew: 959K->63K(960K), 0.0010784 secs] 202663K->201959K(614336K), 0.0011320 secs] [Times: user=0.00 sys=0.00, real=0.00 secs] 
9.239: [GC (Allocation Failure) 9.239: [DefNew: 959K->63K(960K), 0.0008295 secs] 202913K->202210K(614336K), 0.0008673 secs] [Times: user=0.00 sys=0.00, real=0.00 secs] 
9.243: [GC (Allocation Failure) 9.243: [DefNew: 959K->64K(960K), 0.0013461 secs] 203140K->202499K(614336K), 0.0013982 secs] [Times: user=0.00 sys=0.00, real=0.00 secs] 
9.247: [GC (Allocation Failure) 9.247: [DefNew: 960K->64K(960K), 0.0011886 secs] 203456K->202754K(614336K), 0.0012483 secs] [Times: user=0.00 sys=0.00, real=0.00 secs] 
9.249: [GC (Allocation Failure) 9.249: [DefNew: 960K->63K(960K), 0.0008201 secs] 203712K->202996K(614336K), 0.0008594 secs] [Times: user=0.00 sys=0.00, real=0.00 secs] 
9.253: [GC (Allocation Failure) 9.253: [DefNew: 959K->64K(960K), 0.0007714 secs] 203957K->203241K(614336K), 0.0008152 secs] [Times: user=0.00 sys=0.00, real=0.00 secs] 
9.256: [GC (Allocation Failure) 9.256: [DefNew: 960K->64K(960K), 0.0007933 secs] 204184K->203506K(614336K), 0.0008431 secs] [Times: user=0.00 sys=0.00, real=0.00 secs] 
9.258: [GC (Allocation Failure) 9.258: [DefNew: 960K->63K(960K), 0.0013147 secs] 204445K->203785K(614336K), 0.0013838 secs] [Times: user=0.00 sys=0.00, real=0.00 secs] 
9.261: [GC (Allocation Failure) 9.261: [DefNew: 959K->63K(960K), 0.0013011 secs] 204726K->204055K(614336K), 0.0013676 secs] [Times: user=0.00 sys=0.00, real=0.00 secs] 
9.265: [GC (Allocation Failure) 9.265: [DefNew: 959K->63K(960K), 0.0014548 secs] 204981K->204348K(614336K), 0.0015024 secs] [Times: user=0.00 sys=0.00, real=0.00 secs] 
9.267: [GC (Allocation Failure) 9.267: [DefNew: 959K->63K(960K), 0.0011935 secs] 205307K->204594K(614336K), 0.0012404 secs] [Times: user=0.00 sys=0.00, real=0.00 secs] 
9.271: [GC (Allocation Failure) 9.271: [DefNew: 959K->63K(960K), 0.0010704 secs] 205537K->204863K(614336K), 0.0011335 secs] [Times: user=0.00 sys=0.00, real=0.00 secs] 
9.275: [GC (Allocation Failure) 9.275: [DefNew: 959K->63K(960K), 0.0011259 secs] 205814K->205118K(614336K), 0.0011848 secs] [Times: user=0.00 sys=0.00, real=0.00 secs] 
9.278: [GC (Allocation Failure) 9.278: [DefNew: 959K->63K(960K), 0.0008881 secs] 206073K->205364K(614336K), 0.0009307 secs] [Times: user=0.00 sys=0.00, real=0.00 secs] 
9.281: [GC (Allocation Failure) 9.281: [DefNew: 959K->63K(960K), 0.0009723 secs] 206304K->205639K(614336K), 0.0010195 secs] [Times: user=0.00 sys=0.00, real=0.00 secs] 
9.284: [GC (Allocation Failure) 9.284: [DefNew: 959K->63K(960K), 0.0014677 secs] 206573K->205922K(614336K), 0.0015220 secs] [Times: user=0.00 sys=0.00, real=0.00 secs] 
9.287: [GC (Allocation Failure) 9.287: [DefNew: 959K->63K(960K), 0.0009141 secs] 206876K->206168K(614336K), 0.0009719 secs] [Times: user=0.00 sys=0.00, real=0.00 secs] 
9.290: [GC (Allocation Failure) 9.290: [DefNew: 959K->63K(960K), 0.0009889 secs] 207102K->206458K(614336K), 0.0010414 secs] [Times: user=0.00 sys=0.00, real=0.00 secs] 
9.293: [GC (Allocation Failure) 9.293: [DefNew: 959K->64K(960K), 0.0008945 secs] 207413K->206710K(614336K), 0.0009485 secs] [Times: user=0.00 sys=0.00, real=0.00 secs] 
9.295: [GC (Allocation Failure) 9.295: [DefNew: 960K->63K(960K), 0.0007937 secs] 207664K->206965K(614336K), 0.0008431 secs] [Times: user=0.00 sys=0.00, real=0.00 secs] 
9.298: [GC (Allocation Failure) 9.298: [DefNew: 959K->63K(960K), 0.0010421 secs] 207897K->207261K(614336K), 0.0011018 secs] [Times: user=0.02 sys=0.00, real=0.00 secs] 
9.301: [GC (Allocation Failure) 9.301: [DefNew: 959K->63K(960K), 0.0010138 secs] 208191K->207550K(614336K), 0.0010716 secs] [Times: user=0.00 sys=0.00, real=0.00 secs] 
9.303: [GC (Allocation Failure) 9.303: [DefNew: 959K->63K(960K), 0.0013752 secs] 208468K->207861K(614336K), 0.0014273 secs] [Times: user=0.00 sys=0.00, real=0.00 secs] 
9.307: [GC (Allocation Failure) 9.307: [DefNew: 959K->63K(960K), 0.0010889 secs] 208816K->208111K(614336K), 0.0011388 secs] [Times: user=0.00 sys=0.00, real=0.00 secs] 
9.310: [GC (Allocation Failure) 9.310: [DefNew: 959K->64K(960K), 0.0010489 secs] 209040K->208403K(614336K), 0.0011048 secs] [Times: user=0.00 sys=0.00, real=0.00 secs] 
9.312: [GC (Allocation Failure) 9.312: [DefNew: 960K->63K(960K), 0.0010961 secs] 209315K->208724K(614336K), 0.0011373 secs] [Times: user=0.00 sys=0.00, real=0.00 secs] 
9.315: [GC (Allocation Failure) 9.315: [DefNew: 959K->63K(960K), 0.0010750 secs] 209678K->208977K(614336K), 0.0011184 secs] [Times: user=0.00 sys=0.00, real=0.00 secs] 
9.318: [GC (Allocation Failure) 9.318: [DefNew: 959K->64K(960K), 0.0007729 secs] 209934K->209226K(614336K), 0.0008099 secs] [Times: user=0.00 sys=0.00, real=0.00 secs] 
9.320: [GC (Allocation Failure) 9.320: [DefNew: 960K->64K(960K), 0.0007854 secs] 210181K->209476K(614336K), 0.0008295 secs] [Times: user=0.00 sys=0.00, real=0.00 secs] 
9.324: [GC (Allocation Failure) 9.324: [DefNew: 960K->63K(960K), 0.0013699 secs] 210404K->209770K(614336K), 0.0014329 secs] [Times: user=0.00 sys=0.00, real=0.00 secs] 
9.326: [GC (Allocation Failure) 9.326: [DefNew: 959K->63K(960K), 0.0011679 secs] 210689K->210077K(614336K), 0.0012192 secs] [Times: user=0.00 sys=0.00, real=0.00 secs] 
9.330: [GC (Allocation Failure) 9.330: [DefNew: 959K->63K(960K), 0.0016364 secs] 210993K->210402K(614336K), 0.0016972 secs] [Times: user=0.00 sys=0.00, real=0.00 secs] 
9.334: [GC (Allocation Failure) 9.334: [DefNew